[2025-10-06T15:36:23.212+0000] {processor.py:161} INFO - Started process (PID=199) to work on /opt/airflow/dags/supplychain_pipeline_dag.py
[2025-10-06T15:36:23.216+0000] {processor.py:830} INFO - Processing file /opt/airflow/dags/supplychain_pipeline_dag.py for tasks to queue
[2025-10-06T15:36:23.222+0000] {logging_mixin.py:188} INFO - [2025-10-06T15:36:23.221+0000] {dagbag.py:545} INFO - Filling up the DagBag from /opt/airflow/dags/supplychain_pipeline_dag.py
[2025-10-06T15:36:28.278+0000] {logging_mixin.py:188} INFO - [2025-10-06T15:36:28.278+0000] {config.py:75} INFO - Settings loaded (env=default)
[2025-10-06T15:36:28.600+0000] {processor.py:840} INFO - DAG(s) 'supplychain_pipeline_dag' retrieved from /opt/airflow/dags/supplychain_pipeline_dag.py
[2025-10-06T15:36:28.634+0000] {logging_mixin.py:188} INFO - [2025-10-06T15:36:28.633+0000] {dag.py:3096} INFO - Sync 1 DAGs
[2025-10-06T15:36:28.683+0000] {logging_mixin.py:188} INFO - [2025-10-06T15:36:28.683+0000] {dag.py:3954} INFO - Setting next_dagrun for supplychain_pipeline_dag to 2025-10-06 15:00:00+00:00, run_after=2025-10-06 15:30:00+00:00
[2025-10-06T15:36:28.732+0000] {processor.py:183} INFO - Processing /opt/airflow/dags/supplychain_pipeline_dag.py took 5.540 seconds
[2025-10-06T15:36:59.492+0000] {processor.py:161} INFO - Started process (PID=221) to work on /opt/airflow/dags/supplychain_pipeline_dag.py
[2025-10-06T15:36:59.494+0000] {processor.py:830} INFO - Processing file /opt/airflow/dags/supplychain_pipeline_dag.py for tasks to queue
[2025-10-06T15:36:59.500+0000] {logging_mixin.py:188} INFO - [2025-10-06T15:36:59.499+0000] {dagbag.py:545} INFO - Filling up the DagBag from /opt/airflow/dags/supplychain_pipeline_dag.py
[2025-10-06T15:37:04.679+0000] {logging_mixin.py:188} INFO - [2025-10-06T15:37:04.678+0000] {config.py:75} INFO - Settings loaded (env=default)
[2025-10-06T15:37:06.949+0000] {processor.py:840} INFO - DAG(s) 'supplychain_pipeline_dag' retrieved from /opt/airflow/dags/supplychain_pipeline_dag.py
[2025-10-06T15:37:07.526+0000] {logging_mixin.py:188} INFO - [2025-10-06T15:37:07.524+0000] {dag.py:3096} INFO - Sync 1 DAGs
[2025-10-06T15:37:07.589+0000] {logging_mixin.py:188} INFO - [2025-10-06T15:37:07.588+0000] {dag.py:3954} INFO - Setting next_dagrun for supplychain_pipeline_dag to 2025-10-06 15:00:00+00:00, run_after=2025-10-06 15:30:00+00:00
[2025-10-06T15:37:07.655+0000] {processor.py:183} INFO - Processing /opt/airflow/dags/supplychain_pipeline_dag.py took 5.626 seconds
[2025-10-06T15:37:39.653+0000] {processor.py:161} INFO - Started process (PID=243) to work on /opt/airflow/dags/supplychain_pipeline_dag.py
[2025-10-06T15:37:39.656+0000] {processor.py:830} INFO - Processing file /opt/airflow/dags/supplychain_pipeline_dag.py for tasks to queue
[2025-10-06T15:37:39.662+0000] {logging_mixin.py:188} INFO - [2025-10-06T15:37:39.661+0000] {dagbag.py:545} INFO - Filling up the DagBag from /opt/airflow/dags/supplychain_pipeline_dag.py
[2025-10-06T15:37:44.418+0000] {logging_mixin.py:188} INFO - [2025-10-06T15:37:44.417+0000] {config.py:75} INFO - Settings loaded (env=default)
[2025-10-06T15:37:44.645+0000] {processor.py:840} INFO - DAG(s) 'supplychain_pipeline_dag' retrieved from /opt/airflow/dags/supplychain_pipeline_dag.py
[2025-10-06T15:37:44.720+0000] {logging_mixin.py:188} INFO - [2025-10-06T15:37:44.719+0000] {dag.py:3096} INFO - Sync 1 DAGs
[2025-10-06T15:37:44.764+0000] {logging_mixin.py:188} INFO - [2025-10-06T15:37:44.764+0000] {dag.py:3954} INFO - Setting next_dagrun for supplychain_pipeline_dag to 2025-10-06 15:00:00+00:00, run_after=2025-10-06 15:30:00+00:00
[2025-10-06T15:37:44.814+0000] {processor.py:183} INFO - Processing /opt/airflow/dags/supplychain_pipeline_dag.py took 5.175 seconds
[2025-10-06T15:38:15.339+0000] {processor.py:161} INFO - Started process (PID=265) to work on /opt/airflow/dags/supplychain_pipeline_dag.py
[2025-10-06T15:38:15.344+0000] {processor.py:830} INFO - Processing file /opt/airflow/dags/supplychain_pipeline_dag.py for tasks to queue
[2025-10-06T15:38:15.352+0000] {logging_mixin.py:188} INFO - [2025-10-06T15:38:15.351+0000] {dagbag.py:545} INFO - Filling up the DagBag from /opt/airflow/dags/supplychain_pipeline_dag.py
[2025-10-06T15:38:20.185+0000] {logging_mixin.py:188} INFO - [2025-10-06T15:38:20.185+0000] {config.py:75} INFO - Settings loaded (env=default)
[2025-10-06T15:38:20.393+0000] {processor.py:840} INFO - DAG(s) 'supplychain_pipeline_dag' retrieved from /opt/airflow/dags/supplychain_pipeline_dag.py
[2025-10-06T15:38:20.465+0000] {logging_mixin.py:188} INFO - [2025-10-06T15:38:20.465+0000] {dag.py:3096} INFO - Sync 1 DAGs
[2025-10-06T15:38:20.510+0000] {logging_mixin.py:188} INFO - [2025-10-06T15:38:20.510+0000] {dag.py:3954} INFO - Setting next_dagrun for supplychain_pipeline_dag to 2025-10-06 15:00:00+00:00, run_after=2025-10-06 15:30:00+00:00
[2025-10-06T15:38:20.549+0000] {processor.py:183} INFO - Processing /opt/airflow/dags/supplychain_pipeline_dag.py took 5.234 seconds
[2025-10-06T15:38:51.189+0000] {processor.py:161} INFO - Started process (PID=287) to work on /opt/airflow/dags/supplychain_pipeline_dag.py
[2025-10-06T15:38:51.193+0000] {processor.py:830} INFO - Processing file /opt/airflow/dags/supplychain_pipeline_dag.py for tasks to queue
[2025-10-06T15:38:51.199+0000] {logging_mixin.py:188} INFO - [2025-10-06T15:38:51.198+0000] {dagbag.py:545} INFO - Filling up the DagBag from /opt/airflow/dags/supplychain_pipeline_dag.py
[2025-10-06T15:38:55.713+0000] {logging_mixin.py:188} INFO - [2025-10-06T15:38:55.712+0000] {config.py:75} INFO - Settings loaded (env=default)
[2025-10-06T15:38:55.979+0000] {processor.py:840} INFO - DAG(s) 'supplychain_pipeline_dag' retrieved from /opt/airflow/dags/supplychain_pipeline_dag.py
[2025-10-06T15:38:56.066+0000] {logging_mixin.py:188} INFO - [2025-10-06T15:38:56.065+0000] {dag.py:3096} INFO - Sync 1 DAGs
[2025-10-06T15:38:56.109+0000] {logging_mixin.py:188} INFO - [2025-10-06T15:38:56.108+0000] {dag.py:3954} INFO - Setting next_dagrun for supplychain_pipeline_dag to 2025-10-06 15:00:00+00:00, run_after=2025-10-06 15:30:00+00:00
[2025-10-06T15:38:56.150+0000] {processor.py:183} INFO - Processing /opt/airflow/dags/supplychain_pipeline_dag.py took 4.979 seconds
[2025-10-06T15:39:27.199+0000] {processor.py:161} INFO - Started process (PID=347) to work on /opt/airflow/dags/supplychain_pipeline_dag.py
[2025-10-06T15:39:27.202+0000] {processor.py:830} INFO - Processing file /opt/airflow/dags/supplychain_pipeline_dag.py for tasks to queue
[2025-10-06T15:39:27.208+0000] {logging_mixin.py:188} INFO - [2025-10-06T15:39:27.207+0000] {dagbag.py:545} INFO - Filling up the DagBag from /opt/airflow/dags/supplychain_pipeline_dag.py
[2025-10-06T15:39:31.476+0000] {logging_mixin.py:188} INFO - [2025-10-06T15:39:31.475+0000] {config.py:75} INFO - Settings loaded (env=default)
[2025-10-06T15:39:31.705+0000] {processor.py:840} INFO - DAG(s) 'supplychain_pipeline_dag' retrieved from /opt/airflow/dags/supplychain_pipeline_dag.py
[2025-10-06T15:39:31.794+0000] {logging_mixin.py:188} INFO - [2025-10-06T15:39:31.793+0000] {dag.py:3096} INFO - Sync 1 DAGs
[2025-10-06T15:39:31.854+0000] {logging_mixin.py:188} INFO - [2025-10-06T15:39:31.854+0000] {dag.py:3954} INFO - Setting next_dagrun for supplychain_pipeline_dag to 2025-10-06 15:30:00+00:00, run_after=2025-10-06 16:00:00+00:00
[2025-10-06T15:39:31.913+0000] {processor.py:183} INFO - Processing /opt/airflow/dags/supplychain_pipeline_dag.py took 4.729 seconds
[2025-10-06T15:40:02.810+0000] {processor.py:161} INFO - Started process (PID=537) to work on /opt/airflow/dags/supplychain_pipeline_dag.py
[2025-10-06T15:40:02.813+0000] {processor.py:830} INFO - Processing file /opt/airflow/dags/supplychain_pipeline_dag.py for tasks to queue
[2025-10-06T15:40:02.822+0000] {logging_mixin.py:188} INFO - [2025-10-06T15:40:02.820+0000] {dagbag.py:545} INFO - Filling up the DagBag from /opt/airflow/dags/supplychain_pipeline_dag.py
[2025-10-06T15:40:07.411+0000] {logging_mixin.py:188} INFO - [2025-10-06T15:40:07.410+0000] {config.py:75} INFO - Settings loaded (env=default)
[2025-10-06T15:40:07.635+0000] {processor.py:840} INFO - DAG(s) 'supplychain_pipeline_dag' retrieved from /opt/airflow/dags/supplychain_pipeline_dag.py
[2025-10-06T15:40:07.718+0000] {logging_mixin.py:188} INFO - [2025-10-06T15:40:07.717+0000] {dag.py:3096} INFO - Sync 1 DAGs
[2025-10-06T15:40:07.773+0000] {logging_mixin.py:188} INFO - [2025-10-06T15:40:07.773+0000] {dag.py:3954} INFO - Setting next_dagrun for supplychain_pipeline_dag to 2025-10-06 15:30:00+00:00, run_after=2025-10-06 16:00:00+00:00
[2025-10-06T15:40:07.824+0000] {processor.py:183} INFO - Processing /opt/airflow/dags/supplychain_pipeline_dag.py took 5.033 seconds
[2025-10-06T15:40:38.519+0000] {processor.py:161} INFO - Started process (PID=561) to work on /opt/airflow/dags/supplychain_pipeline_dag.py
[2025-10-06T15:40:38.523+0000] {processor.py:830} INFO - Processing file /opt/airflow/dags/supplychain_pipeline_dag.py for tasks to queue
[2025-10-06T15:40:38.528+0000] {logging_mixin.py:188} INFO - [2025-10-06T15:40:38.528+0000] {dagbag.py:545} INFO - Filling up the DagBag from /opt/airflow/dags/supplychain_pipeline_dag.py
[2025-10-06T15:40:43.400+0000] {logging_mixin.py:188} INFO - [2025-10-06T15:40:43.400+0000] {config.py:75} INFO - Settings loaded (env=default)
[2025-10-06T15:40:43.643+0000] {processor.py:840} INFO - DAG(s) 'supplychain_pipeline_dag' retrieved from /opt/airflow/dags/supplychain_pipeline_dag.py
[2025-10-06T15:40:43.724+0000] {logging_mixin.py:188} INFO - [2025-10-06T15:40:43.723+0000] {dag.py:3096} INFO - Sync 1 DAGs
[2025-10-06T15:40:43.778+0000] {logging_mixin.py:188} INFO - [2025-10-06T15:40:43.777+0000] {dag.py:3954} INFO - Setting next_dagrun for supplychain_pipeline_dag to 2025-10-06 15:30:00+00:00, run_after=2025-10-06 16:00:00+00:00
[2025-10-06T15:40:43.830+0000] {processor.py:183} INFO - Processing /opt/airflow/dags/supplychain_pipeline_dag.py took 5.328 seconds
[2025-10-06T15:41:14.263+0000] {processor.py:161} INFO - Started process (PID=615) to work on /opt/airflow/dags/supplychain_pipeline_dag.py
[2025-10-06T15:41:14.267+0000] {processor.py:830} INFO - Processing file /opt/airflow/dags/supplychain_pipeline_dag.py for tasks to queue
[2025-10-06T15:41:14.275+0000] {logging_mixin.py:188} INFO - [2025-10-06T15:41:14.274+0000] {dagbag.py:545} INFO - Filling up the DagBag from /opt/airflow/dags/supplychain_pipeline_dag.py
[2025-10-06T15:41:18.607+0000] {logging_mixin.py:188} INFO - [2025-10-06T15:41:18.607+0000] {config.py:75} INFO - Settings loaded (env=default)
[2025-10-06T15:41:18.825+0000] {processor.py:840} INFO - DAG(s) 'supplychain_pipeline_dag' retrieved from /opt/airflow/dags/supplychain_pipeline_dag.py
[2025-10-06T15:41:18.907+0000] {logging_mixin.py:188} INFO - [2025-10-06T15:41:18.906+0000] {dag.py:3096} INFO - Sync 1 DAGs
[2025-10-06T15:41:18.968+0000] {logging_mixin.py:188} INFO - [2025-10-06T15:41:18.967+0000] {dag.py:3954} INFO - Setting next_dagrun for supplychain_pipeline_dag to 2025-10-06 15:30:00+00:00, run_after=2025-10-06 16:00:00+00:00
[2025-10-06T15:41:19.017+0000] {processor.py:183} INFO - Processing /opt/airflow/dags/supplychain_pipeline_dag.py took 4.774 seconds
[2025-10-06T15:41:49.696+0000] {processor.py:161} INFO - Started process (PID=637) to work on /opt/airflow/dags/supplychain_pipeline_dag.py
[2025-10-06T15:41:49.699+0000] {processor.py:830} INFO - Processing file /opt/airflow/dags/supplychain_pipeline_dag.py for tasks to queue
[2025-10-06T15:41:49.703+0000] {logging_mixin.py:188} INFO - [2025-10-06T15:41:49.703+0000] {dagbag.py:545} INFO - Filling up the DagBag from /opt/airflow/dags/supplychain_pipeline_dag.py
[2025-10-06T15:41:54.189+0000] {logging_mixin.py:188} INFO - [2025-10-06T15:41:54.188+0000] {config.py:75} INFO - Settings loaded (env=default)
[2025-10-06T15:41:54.395+0000] {processor.py:840} INFO - DAG(s) 'supplychain_pipeline_dag' retrieved from /opt/airflow/dags/supplychain_pipeline_dag.py
[2025-10-06T15:41:54.472+0000] {logging_mixin.py:188} INFO - [2025-10-06T15:41:54.471+0000] {dag.py:3096} INFO - Sync 1 DAGs
[2025-10-06T15:41:54.521+0000] {logging_mixin.py:188} INFO - [2025-10-06T15:41:54.521+0000] {dag.py:3954} INFO - Setting next_dagrun for supplychain_pipeline_dag to 2025-10-06 15:30:00+00:00, run_after=2025-10-06 16:00:00+00:00
[2025-10-06T15:41:54.569+0000] {processor.py:183} INFO - Processing /opt/airflow/dags/supplychain_pipeline_dag.py took 4.885 seconds
[2025-10-06T15:42:24.929+0000] {processor.py:161} INFO - Started process (PID=659) to work on /opt/airflow/dags/supplychain_pipeline_dag.py
[2025-10-06T15:42:24.932+0000] {processor.py:830} INFO - Processing file /opt/airflow/dags/supplychain_pipeline_dag.py for tasks to queue
[2025-10-06T15:42:24.937+0000] {logging_mixin.py:188} INFO - [2025-10-06T15:42:24.936+0000] {dagbag.py:545} INFO - Filling up the DagBag from /opt/airflow/dags/supplychain_pipeline_dag.py
[2025-10-06T15:42:31.579+0000] {logging_mixin.py:188} INFO - [2025-10-06T15:42:31.578+0000] {config.py:75} INFO - Settings loaded (env=default)
[2025-10-06T15:42:31.779+0000] {processor.py:840} INFO - DAG(s) 'supplychain_pipeline_dag' retrieved from /opt/airflow/dags/supplychain_pipeline_dag.py
[2025-10-06T15:42:31.854+0000] {logging_mixin.py:188} INFO - [2025-10-06T15:42:31.853+0000] {dag.py:3096} INFO - Sync 1 DAGs
[2025-10-06T15:42:31.900+0000] {logging_mixin.py:188} INFO - [2025-10-06T15:42:31.900+0000] {dag.py:3954} INFO - Setting next_dagrun for supplychain_pipeline_dag to 2025-10-06 15:30:00+00:00, run_after=2025-10-06 16:00:00+00:00
[2025-10-06T15:42:31.951+0000] {processor.py:183} INFO - Processing /opt/airflow/dags/supplychain_pipeline_dag.py took 4.846 seconds
[2025-10-06T15:43:03.386+0000] {processor.py:161} INFO - Started process (PID=681) to work on /opt/airflow/dags/supplychain_pipeline_dag.py
[2025-10-06T15:43:03.389+0000] {processor.py:830} INFO - Processing file /opt/airflow/dags/supplychain_pipeline_dag.py for tasks to queue
[2025-10-06T15:43:03.394+0000] {logging_mixin.py:188} INFO - [2025-10-06T15:43:03.393+0000] {dagbag.py:545} INFO - Filling up the DagBag from /opt/airflow/dags/supplychain_pipeline_dag.py
[2025-10-06T15:43:07.798+0000] {logging_mixin.py:188} INFO - [2025-10-06T15:43:07.798+0000] {config.py:75} INFO - Settings loaded (env=default)
[2025-10-06T15:43:08.015+0000] {processor.py:840} INFO - DAG(s) 'supplychain_pipeline_dag' retrieved from /opt/airflow/dags/supplychain_pipeline_dag.py
[2025-10-06T15:43:08.093+0000] {logging_mixin.py:188} INFO - [2025-10-06T15:43:08.092+0000] {dag.py:3096} INFO - Sync 1 DAGs
[2025-10-06T15:43:08.137+0000] {logging_mixin.py:188} INFO - [2025-10-06T15:43:08.136+0000] {dag.py:3954} INFO - Setting next_dagrun for supplychain_pipeline_dag to 2025-10-06 15:30:00+00:00, run_after=2025-10-06 16:00:00+00:00
[2025-10-06T15:43:08.180+0000] {processor.py:183} INFO - Processing /opt/airflow/dags/supplychain_pipeline_dag.py took 4.807 seconds
[2025-10-06T15:43:38.934+0000] {processor.py:161} INFO - Started process (PID=703) to work on /opt/airflow/dags/supplychain_pipeline_dag.py
[2025-10-06T15:43:38.939+0000] {processor.py:830} INFO - Processing file /opt/airflow/dags/supplychain_pipeline_dag.py for tasks to queue
[2025-10-06T15:43:38.945+0000] {logging_mixin.py:188} INFO - [2025-10-06T15:43:38.944+0000] {dagbag.py:545} INFO - Filling up the DagBag from /opt/airflow/dags/supplychain_pipeline_dag.py
[2025-10-06T15:43:43.439+0000] {logging_mixin.py:188} INFO - [2025-10-06T15:43:43.439+0000] {config.py:75} INFO - Settings loaded (env=default)
[2025-10-06T15:43:43.657+0000] {processor.py:840} INFO - DAG(s) 'supplychain_pipeline_dag' retrieved from /opt/airflow/dags/supplychain_pipeline_dag.py
[2025-10-06T15:43:43.734+0000] {logging_mixin.py:188} INFO - [2025-10-06T15:43:43.733+0000] {dag.py:3096} INFO - Sync 1 DAGs
[2025-10-06T15:43:43.788+0000] {logging_mixin.py:188} INFO - [2025-10-06T15:43:43.788+0000] {dag.py:3954} INFO - Setting next_dagrun for supplychain_pipeline_dag to 2025-10-06 15:30:00+00:00, run_after=2025-10-06 16:00:00+00:00
[2025-10-06T15:43:43.829+0000] {processor.py:183} INFO - Processing /opt/airflow/dags/supplychain_pipeline_dag.py took 4.916 seconds
[2025-10-06T15:44:14.510+0000] {processor.py:161} INFO - Started process (PID=725) to work on /opt/airflow/dags/supplychain_pipeline_dag.py
[2025-10-06T15:44:14.513+0000] {processor.py:830} INFO - Processing file /opt/airflow/dags/supplychain_pipeline_dag.py for tasks to queue
[2025-10-06T15:44:14.520+0000] {logging_mixin.py:188} INFO - [2025-10-06T15:44:14.519+0000] {dagbag.py:545} INFO - Filling up the DagBag from /opt/airflow/dags/supplychain_pipeline_dag.py
[2025-10-06T15:44:19.358+0000] {logging_mixin.py:188} INFO - [2025-10-06T15:44:19.358+0000] {config.py:75} INFO - Settings loaded (env=default)
[2025-10-06T15:44:19.590+0000] {processor.py:840} INFO - DAG(s) 'supplychain_pipeline_dag' retrieved from /opt/airflow/dags/supplychain_pipeline_dag.py
[2025-10-06T15:44:19.685+0000] {logging_mixin.py:188} INFO - [2025-10-06T15:44:19.684+0000] {dag.py:3096} INFO - Sync 1 DAGs
[2025-10-06T15:44:19.734+0000] {logging_mixin.py:188} INFO - [2025-10-06T15:44:19.733+0000] {dag.py:3954} INFO - Setting next_dagrun for supplychain_pipeline_dag to 2025-10-06 15:30:00+00:00, run_after=2025-10-06 16:00:00+00:00
[2025-10-06T15:44:19.790+0000] {processor.py:183} INFO - Processing /opt/airflow/dags/supplychain_pipeline_dag.py took 5.296 seconds
[2025-10-06T15:44:50.161+0000] {processor.py:161} INFO - Started process (PID=747) to work on /opt/airflow/dags/supplychain_pipeline_dag.py
[2025-10-06T15:44:50.164+0000] {processor.py:830} INFO - Processing file /opt/airflow/dags/supplychain_pipeline_dag.py for tasks to queue
[2025-10-06T15:44:50.169+0000] {logging_mixin.py:188} INFO - [2025-10-06T15:44:50.169+0000] {dagbag.py:545} INFO - Filling up the DagBag from /opt/airflow/dags/supplychain_pipeline_dag.py
[2025-10-06T15:44:54.850+0000] {logging_mixin.py:188} INFO - [2025-10-06T15:44:54.849+0000] {config.py:75} INFO - Settings loaded (env=default)
[2025-10-06T15:44:55.169+0000] {processor.py:840} INFO - DAG(s) 'supplychain_pipeline_dag' retrieved from /opt/airflow/dags/supplychain_pipeline_dag.py
[2025-10-06T15:44:55.254+0000] {logging_mixin.py:188} INFO - [2025-10-06T15:44:55.254+0000] {dag.py:3096} INFO - Sync 1 DAGs
[2025-10-06T15:44:55.298+0000] {logging_mixin.py:188} INFO - [2025-10-06T15:44:55.298+0000] {dag.py:3954} INFO - Setting next_dagrun for supplychain_pipeline_dag to 2025-10-06 15:30:00+00:00, run_after=2025-10-06 16:00:00+00:00
[2025-10-06T15:44:55.351+0000] {processor.py:183} INFO - Processing /opt/airflow/dags/supplychain_pipeline_dag.py took 5.204 seconds
[2025-10-06T15:45:25.766+0000] {processor.py:161} INFO - Started process (PID=769) to work on /opt/airflow/dags/supplychain_pipeline_dag.py
[2025-10-06T15:45:25.769+0000] {processor.py:830} INFO - Processing file /opt/airflow/dags/supplychain_pipeline_dag.py for tasks to queue
[2025-10-06T15:45:25.774+0000] {logging_mixin.py:188} INFO - [2025-10-06T15:45:25.773+0000] {dagbag.py:545} INFO - Filling up the DagBag from /opt/airflow/dags/supplychain_pipeline_dag.py
[2025-10-06T15:45:30.281+0000] {logging_mixin.py:188} INFO - [2025-10-06T15:45:30.281+0000] {config.py:75} INFO - Settings loaded (env=default)
[2025-10-06T15:45:30.537+0000] {processor.py:840} INFO - DAG(s) 'supplychain_pipeline_dag' retrieved from /opt/airflow/dags/supplychain_pipeline_dag.py
[2025-10-06T15:45:30.631+0000] {logging_mixin.py:188} INFO - [2025-10-06T15:45:30.630+0000] {dag.py:3096} INFO - Sync 1 DAGs
[2025-10-06T15:45:30.683+0000] {logging_mixin.py:188} INFO - [2025-10-06T15:45:30.683+0000] {dag.py:3954} INFO - Setting next_dagrun for supplychain_pipeline_dag to 2025-10-06 15:30:00+00:00, run_after=2025-10-06 16:00:00+00:00
[2025-10-06T15:45:30.733+0000] {processor.py:183} INFO - Processing /opt/airflow/dags/supplychain_pipeline_dag.py took 4.981 seconds
[2025-10-06T15:46:01.467+0000] {processor.py:161} INFO - Started process (PID=791) to work on /opt/airflow/dags/supplychain_pipeline_dag.py
[2025-10-06T15:46:01.470+0000] {processor.py:830} INFO - Processing file /opt/airflow/dags/supplychain_pipeline_dag.py for tasks to queue
[2025-10-06T15:46:01.478+0000] {logging_mixin.py:188} INFO - [2025-10-06T15:46:01.476+0000] {dagbag.py:545} INFO - Filling up the DagBag from /opt/airflow/dags/supplychain_pipeline_dag.py
[2025-10-06T15:46:06.601+0000] {logging_mixin.py:188} INFO - [2025-10-06T15:46:06.601+0000] {config.py:75} INFO - Settings loaded (env=default)
[2025-10-06T15:46:06.863+0000] {processor.py:840} INFO - DAG(s) 'supplychain_pipeline_dag' retrieved from /opt/airflow/dags/supplychain_pipeline_dag.py
[2025-10-06T15:46:06.958+0000] {logging_mixin.py:188} INFO - [2025-10-06T15:46:06.956+0000] {dag.py:3096} INFO - Sync 1 DAGs
[2025-10-06T15:46:07.019+0000] {logging_mixin.py:188} INFO - [2025-10-06T15:46:07.019+0000] {dag.py:3954} INFO - Setting next_dagrun for supplychain_pipeline_dag to 2025-10-06 15:30:00+00:00, run_after=2025-10-06 16:00:00+00:00
[2025-10-06T15:46:07.073+0000] {processor.py:183} INFO - Processing /opt/airflow/dags/supplychain_pipeline_dag.py took 5.625 seconds
[2025-10-06T15:46:37.979+0000] {processor.py:161} INFO - Started process (PID=813) to work on /opt/airflow/dags/supplychain_pipeline_dag.py
[2025-10-06T15:46:37.982+0000] {processor.py:830} INFO - Processing file /opt/airflow/dags/supplychain_pipeline_dag.py for tasks to queue
[2025-10-06T15:46:37.992+0000] {logging_mixin.py:188} INFO - [2025-10-06T15:46:37.991+0000] {dagbag.py:545} INFO - Filling up the DagBag from /opt/airflow/dags/supplychain_pipeline_dag.py
[2025-10-06T15:46:42.898+0000] {logging_mixin.py:188} INFO - [2025-10-06T15:46:42.897+0000] {config.py:75} INFO - Settings loaded (env=default)
[2025-10-06T15:46:43.154+0000] {processor.py:840} INFO - DAG(s) 'supplychain_pipeline_dag' retrieved from /opt/airflow/dags/supplychain_pipeline_dag.py
[2025-10-06T15:46:43.249+0000] {logging_mixin.py:188} INFO - [2025-10-06T15:46:43.248+0000] {dag.py:3096} INFO - Sync 1 DAGs
[2025-10-06T15:46:43.309+0000] {logging_mixin.py:188} INFO - [2025-10-06T15:46:43.308+0000] {dag.py:3954} INFO - Setting next_dagrun for supplychain_pipeline_dag to 2025-10-06 15:30:00+00:00, run_after=2025-10-06 16:00:00+00:00
[2025-10-06T15:46:43.364+0000] {processor.py:183} INFO - Processing /opt/airflow/dags/supplychain_pipeline_dag.py took 5.406 seconds
[2025-10-06T15:47:13.725+0000] {processor.py:161} INFO - Started process (PID=835) to work on /opt/airflow/dags/supplychain_pipeline_dag.py
[2025-10-06T15:47:13.727+0000] {processor.py:830} INFO - Processing file /opt/airflow/dags/supplychain_pipeline_dag.py for tasks to queue
[2025-10-06T15:47:13.732+0000] {logging_mixin.py:188} INFO - [2025-10-06T15:47:13.731+0000] {dagbag.py:545} INFO - Filling up the DagBag from /opt/airflow/dags/supplychain_pipeline_dag.py
[2025-10-06T15:47:18.466+0000] {logging_mixin.py:188} INFO - [2025-10-06T15:47:18.465+0000] {config.py:75} INFO - Settings loaded (env=default)
[2025-10-06T15:47:19.003+0000] {processor.py:840} INFO - DAG(s) 'supplychain_pipeline_dag' retrieved from /opt/airflow/dags/supplychain_pipeline_dag.py
[2025-10-06T15:47:19.088+0000] {logging_mixin.py:188} INFO - [2025-10-06T15:47:19.086+0000] {dag.py:3096} INFO - Sync 1 DAGs
[2025-10-06T15:47:19.145+0000] {logging_mixin.py:188} INFO - [2025-10-06T15:47:19.144+0000] {dag.py:3954} INFO - Setting next_dagrun for supplychain_pipeline_dag to 2025-10-06 15:30:00+00:00, run_after=2025-10-06 16:00:00+00:00
[2025-10-06T15:47:21.227+0000] {processor.py:183} INFO - Processing /opt/airflow/dags/supplychain_pipeline_dag.py took 5.220 seconds
[2025-10-06T15:47:53.670+0000] {processor.py:161} INFO - Started process (PID=857) to work on /opt/airflow/dags/supplychain_pipeline_dag.py
[2025-10-06T15:47:53.673+0000] {processor.py:830} INFO - Processing file /opt/airflow/dags/supplychain_pipeline_dag.py for tasks to queue
[2025-10-06T15:47:53.680+0000] {logging_mixin.py:188} INFO - [2025-10-06T15:47:53.679+0000] {dagbag.py:545} INFO - Filling up the DagBag from /opt/airflow/dags/supplychain_pipeline_dag.py
[2025-10-06T15:47:58.923+0000] {logging_mixin.py:188} INFO - [2025-10-06T15:47:58.922+0000] {config.py:75} INFO - Settings loaded (env=default)
[2025-10-06T15:47:59.353+0000] {processor.py:840} INFO - DAG(s) 'supplychain_pipeline_dag' retrieved from /opt/airflow/dags/supplychain_pipeline_dag.py
[2025-10-06T15:47:59.466+0000] {logging_mixin.py:188} INFO - [2025-10-06T15:47:59.464+0000] {dag.py:3096} INFO - Sync 1 DAGs
[2025-10-06T15:47:59.526+0000] {logging_mixin.py:188} INFO - [2025-10-06T15:47:59.525+0000] {dag.py:3954} INFO - Setting next_dagrun for supplychain_pipeline_dag to 2025-10-06 15:30:00+00:00, run_after=2025-10-06 16:00:00+00:00
[2025-10-06T15:47:59.586+0000] {processor.py:183} INFO - Processing /opt/airflow/dags/supplychain_pipeline_dag.py took 5.934 seconds
[2025-10-06T15:48:30.340+0000] {processor.py:161} INFO - Started process (PID=879) to work on /opt/airflow/dags/supplychain_pipeline_dag.py
[2025-10-06T15:48:30.342+0000] {processor.py:830} INFO - Processing file /opt/airflow/dags/supplychain_pipeline_dag.py for tasks to queue
[2025-10-06T15:48:30.348+0000] {logging_mixin.py:188} INFO - [2025-10-06T15:48:30.348+0000] {dagbag.py:545} INFO - Filling up the DagBag from /opt/airflow/dags/supplychain_pipeline_dag.py
[2025-10-06T15:48:35.395+0000] {logging_mixin.py:188} INFO - [2025-10-06T15:48:35.394+0000] {config.py:75} INFO - Settings loaded (env=default)
[2025-10-06T15:48:35.688+0000] {processor.py:840} INFO - DAG(s) 'supplychain_pipeline_dag' retrieved from /opt/airflow/dags/supplychain_pipeline_dag.py
[2025-10-06T15:48:35.779+0000] {logging_mixin.py:188} INFO - [2025-10-06T15:48:35.778+0000] {dag.py:3096} INFO - Sync 1 DAGs
[2025-10-06T15:48:35.830+0000] {logging_mixin.py:188} INFO - [2025-10-06T15:48:35.829+0000] {dag.py:3954} INFO - Setting next_dagrun for supplychain_pipeline_dag to 2025-10-06 15:30:00+00:00, run_after=2025-10-06 16:00:00+00:00
[2025-10-06T15:48:35.886+0000] {processor.py:183} INFO - Processing /opt/airflow/dags/supplychain_pipeline_dag.py took 5.563 seconds
[2025-10-06T15:49:06.660+0000] {processor.py:161} INFO - Started process (PID=901) to work on /opt/airflow/dags/supplychain_pipeline_dag.py
[2025-10-06T15:49:06.663+0000] {processor.py:830} INFO - Processing file /opt/airflow/dags/supplychain_pipeline_dag.py for tasks to queue
[2025-10-06T15:49:06.668+0000] {logging_mixin.py:188} INFO - [2025-10-06T15:49:06.668+0000] {dagbag.py:545} INFO - Filling up the DagBag from /opt/airflow/dags/supplychain_pipeline_dag.py
[2025-10-06T15:49:11.916+0000] {logging_mixin.py:188} INFO - [2025-10-06T15:49:11.914+0000] {config.py:75} INFO - Settings loaded (env=default)
[2025-10-06T15:49:12.205+0000] {processor.py:840} INFO - DAG(s) 'supplychain_pipeline_dag' retrieved from /opt/airflow/dags/supplychain_pipeline_dag.py
[2025-10-06T15:49:12.305+0000] {logging_mixin.py:188} INFO - [2025-10-06T15:49:12.304+0000] {dag.py:3096} INFO - Sync 1 DAGs
[2025-10-06T15:49:12.364+0000] {logging_mixin.py:188} INFO - [2025-10-06T15:49:12.363+0000] {dag.py:3954} INFO - Setting next_dagrun for supplychain_pipeline_dag to 2025-10-06 15:30:00+00:00, run_after=2025-10-06 16:00:00+00:00
[2025-10-06T15:49:12.424+0000] {processor.py:183} INFO - Processing /opt/airflow/dags/supplychain_pipeline_dag.py took 5.786 seconds
[2025-10-06T15:49:43.021+0000] {processor.py:161} INFO - Started process (PID=987) to work on /opt/airflow/dags/supplychain_pipeline_dag.py
[2025-10-06T15:49:43.024+0000] {processor.py:830} INFO - Processing file /opt/airflow/dags/supplychain_pipeline_dag.py for tasks to queue
[2025-10-06T15:49:43.032+0000] {logging_mixin.py:188} INFO - [2025-10-06T15:49:43.031+0000] {dagbag.py:545} INFO - Filling up the DagBag from /opt/airflow/dags/supplychain_pipeline_dag.py
[2025-10-06T15:49:48.440+0000] {logging_mixin.py:188} INFO - [2025-10-06T15:49:48.439+0000] {config.py:75} INFO - Settings loaded (env=default)
[2025-10-06T15:49:48.693+0000] {processor.py:840} INFO - DAG(s) 'supplychain_pipeline_dag' retrieved from /opt/airflow/dags/supplychain_pipeline_dag.py
[2025-10-06T15:49:48.782+0000] {logging_mixin.py:188} INFO - [2025-10-06T15:49:48.781+0000] {dag.py:3096} INFO - Sync 1 DAGs
[2025-10-06T15:49:48.847+0000] {logging_mixin.py:188} INFO - [2025-10-06T15:49:48.846+0000] {dag.py:3954} INFO - Setting next_dagrun for supplychain_pipeline_dag to 2025-10-06 15:30:00+00:00, run_after=2025-10-06 16:00:00+00:00
[2025-10-06T15:49:48.902+0000] {processor.py:183} INFO - Processing /opt/airflow/dags/supplychain_pipeline_dag.py took 5.902 seconds
[2025-10-06T15:50:19.298+0000] {processor.py:161} INFO - Started process (PID=1049) to work on /opt/airflow/dags/supplychain_pipeline_dag.py
[2025-10-06T15:50:19.300+0000] {processor.py:830} INFO - Processing file /opt/airflow/dags/supplychain_pipeline_dag.py for tasks to queue
[2025-10-06T15:50:19.307+0000] {logging_mixin.py:188} INFO - [2025-10-06T15:50:19.305+0000] {dagbag.py:545} INFO - Filling up the DagBag from /opt/airflow/dags/supplychain_pipeline_dag.py
[2025-10-06T15:50:24.353+0000] {logging_mixin.py:188} INFO - [2025-10-06T15:50:24.353+0000] {config.py:75} INFO - Settings loaded (env=default)
[2025-10-06T15:50:24.577+0000] {processor.py:840} INFO - DAG(s) 'supplychain_pipeline_dag' retrieved from /opt/airflow/dags/supplychain_pipeline_dag.py
[2025-10-06T15:50:24.665+0000] {logging_mixin.py:188} INFO - [2025-10-06T15:50:24.664+0000] {dag.py:3096} INFO - Sync 1 DAGs
[2025-10-06T15:50:24.720+0000] {logging_mixin.py:188} INFO - [2025-10-06T15:50:24.719+0000] {dag.py:3954} INFO - Setting next_dagrun for supplychain_pipeline_dag to 2025-10-06 15:30:00+00:00, run_after=2025-10-06 16:00:00+00:00
[2025-10-06T15:50:24.775+0000] {processor.py:183} INFO - Processing /opt/airflow/dags/supplychain_pipeline_dag.py took 5.494 seconds
[2025-10-06T15:50:55.412+0000] {processor.py:161} INFO - Started process (PID=1087) to work on /opt/airflow/dags/supplychain_pipeline_dag.py
[2025-10-06T15:50:55.415+0000] {processor.py:830} INFO - Processing file /opt/airflow/dags/supplychain_pipeline_dag.py for tasks to queue
[2025-10-06T15:50:55.421+0000] {logging_mixin.py:188} INFO - [2025-10-06T15:50:55.420+0000] {dagbag.py:545} INFO - Filling up the DagBag from /opt/airflow/dags/supplychain_pipeline_dag.py
[2025-10-06T15:51:00.408+0000] {logging_mixin.py:188} INFO - [2025-10-06T15:51:00.407+0000] {config.py:75} INFO - Settings loaded (env=default)
[2025-10-06T15:51:00.669+0000] {processor.py:840} INFO - DAG(s) 'supplychain_pipeline_dag' retrieved from /opt/airflow/dags/supplychain_pipeline_dag.py
[2025-10-06T15:51:00.764+0000] {logging_mixin.py:188} INFO - [2025-10-06T15:51:00.764+0000] {dag.py:3096} INFO - Sync 1 DAGs
[2025-10-06T15:51:00.825+0000] {logging_mixin.py:188} INFO - [2025-10-06T15:51:00.825+0000] {dag.py:3954} INFO - Setting next_dagrun for supplychain_pipeline_dag to 2025-10-06 15:30:00+00:00, run_after=2025-10-06 16:00:00+00:00
[2025-10-06T15:51:00.881+0000] {processor.py:183} INFO - Processing /opt/airflow/dags/supplychain_pipeline_dag.py took 5.488 seconds
[2025-10-06T15:51:31.723+0000] {processor.py:161} INFO - Started process (PID=1109) to work on /opt/airflow/dags/supplychain_pipeline_dag.py
[2025-10-06T15:51:31.726+0000] {processor.py:830} INFO - Processing file /opt/airflow/dags/supplychain_pipeline_dag.py for tasks to queue
[2025-10-06T15:51:31.733+0000] {logging_mixin.py:188} INFO - [2025-10-06T15:51:31.731+0000] {dagbag.py:545} INFO - Filling up the DagBag from /opt/airflow/dags/supplychain_pipeline_dag.py
[2025-10-06T15:51:36.746+0000] {logging_mixin.py:188} INFO - [2025-10-06T15:51:36.745+0000] {config.py:75} INFO - Settings loaded (env=default)
[2025-10-06T15:51:36.997+0000] {processor.py:840} INFO - DAG(s) 'supplychain_pipeline_dag' retrieved from /opt/airflow/dags/supplychain_pipeline_dag.py
[2025-10-06T15:51:37.095+0000] {logging_mixin.py:188} INFO - [2025-10-06T15:51:37.094+0000] {dag.py:3096} INFO - Sync 1 DAGs
[2025-10-06T15:51:37.150+0000] {logging_mixin.py:188} INFO - [2025-10-06T15:51:37.150+0000] {dag.py:3954} INFO - Setting next_dagrun for supplychain_pipeline_dag to 2025-10-06 15:30:00+00:00, run_after=2025-10-06 16:00:00+00:00
[2025-10-06T15:51:37.208+0000] {processor.py:183} INFO - Processing /opt/airflow/dags/supplychain_pipeline_dag.py took 5.503 seconds
[2025-10-06T15:52:07.795+0000] {processor.py:161} INFO - Started process (PID=1131) to work on /opt/airflow/dags/supplychain_pipeline_dag.py
[2025-10-06T15:52:07.798+0000] {processor.py:830} INFO - Processing file /opt/airflow/dags/supplychain_pipeline_dag.py for tasks to queue
[2025-10-06T15:52:07.803+0000] {logging_mixin.py:188} INFO - [2025-10-06T15:52:07.802+0000] {dagbag.py:545} INFO - Filling up the DagBag from /opt/airflow/dags/supplychain_pipeline_dag.py
[2025-10-06T15:52:15.041+0000] {logging_mixin.py:188} INFO - [2025-10-06T15:52:15.040+0000] {config.py:75} INFO - Settings loaded (env=default)
[2025-10-06T15:52:15.318+0000] {processor.py:840} INFO - DAG(s) 'supplychain_pipeline_dag' retrieved from /opt/airflow/dags/supplychain_pipeline_dag.py
[2025-10-06T15:52:15.415+0000] {logging_mixin.py:188} INFO - [2025-10-06T15:52:15.414+0000] {dag.py:3096} INFO - Sync 1 DAGs
[2025-10-06T15:52:15.471+0000] {logging_mixin.py:188} INFO - [2025-10-06T15:52:15.471+0000] {dag.py:3954} INFO - Setting next_dagrun for supplychain_pipeline_dag to 2025-10-06 15:30:00+00:00, run_after=2025-10-06 16:00:00+00:00
[2025-10-06T15:52:15.529+0000] {processor.py:183} INFO - Processing /opt/airflow/dags/supplychain_pipeline_dag.py took 5.331 seconds
[2025-10-06T15:52:46.461+0000] {processor.py:161} INFO - Started process (PID=1153) to work on /opt/airflow/dags/supplychain_pipeline_dag.py
[2025-10-06T15:52:46.464+0000] {processor.py:830} INFO - Processing file /opt/airflow/dags/supplychain_pipeline_dag.py for tasks to queue
[2025-10-06T15:52:46.468+0000] {logging_mixin.py:188} INFO - [2025-10-06T15:52:46.467+0000] {dagbag.py:545} INFO - Filling up the DagBag from /opt/airflow/dags/supplychain_pipeline_dag.py
[2025-10-06T15:52:51.234+0000] {logging_mixin.py:188} INFO - [2025-10-06T15:52:51.234+0000] {config.py:75} INFO - Settings loaded (env=default)
[2025-10-06T15:52:51.482+0000] {processor.py:840} INFO - DAG(s) 'supplychain_pipeline_dag' retrieved from /opt/airflow/dags/supplychain_pipeline_dag.py
[2025-10-06T15:52:51.570+0000] {logging_mixin.py:188} INFO - [2025-10-06T15:52:51.569+0000] {dag.py:3096} INFO - Sync 1 DAGs
[2025-10-06T15:52:51.621+0000] {logging_mixin.py:188} INFO - [2025-10-06T15:52:51.620+0000] {dag.py:3954} INFO - Setting next_dagrun for supplychain_pipeline_dag to 2025-10-06 15:30:00+00:00, run_after=2025-10-06 16:00:00+00:00
[2025-10-06T15:52:51.671+0000] {processor.py:183} INFO - Processing /opt/airflow/dags/supplychain_pipeline_dag.py took 5.224 seconds
[2025-10-06T15:53:22.201+0000] {processor.py:161} INFO - Started process (PID=1175) to work on /opt/airflow/dags/supplychain_pipeline_dag.py
[2025-10-06T15:53:22.204+0000] {processor.py:830} INFO - Processing file /opt/airflow/dags/supplychain_pipeline_dag.py for tasks to queue
[2025-10-06T15:53:22.211+0000] {logging_mixin.py:188} INFO - [2025-10-06T15:53:22.210+0000] {dagbag.py:545} INFO - Filling up the DagBag from /opt/airflow/dags/supplychain_pipeline_dag.py
[2025-10-06T15:53:27.185+0000] {logging_mixin.py:188} INFO - [2025-10-06T15:53:27.185+0000] {config.py:75} INFO - Settings loaded (env=default)
[2025-10-06T15:53:27.441+0000] {processor.py:840} INFO - DAG(s) 'supplychain_pipeline_dag' retrieved from /opt/airflow/dags/supplychain_pipeline_dag.py
[2025-10-06T15:53:27.528+0000] {logging_mixin.py:188} INFO - [2025-10-06T15:53:27.527+0000] {dag.py:3096} INFO - Sync 1 DAGs
[2025-10-06T15:53:27.578+0000] {logging_mixin.py:188} INFO - [2025-10-06T15:53:27.578+0000] {dag.py:3954} INFO - Setting next_dagrun for supplychain_pipeline_dag to 2025-10-06 15:30:00+00:00, run_after=2025-10-06 16:00:00+00:00
[2025-10-06T15:53:27.633+0000] {processor.py:183} INFO - Processing /opt/airflow/dags/supplychain_pipeline_dag.py took 5.448 seconds
[2025-10-06T15:53:58.438+0000] {processor.py:161} INFO - Started process (PID=1197) to work on /opt/airflow/dags/supplychain_pipeline_dag.py
[2025-10-06T15:53:58.442+0000] {processor.py:830} INFO - Processing file /opt/airflow/dags/supplychain_pipeline_dag.py for tasks to queue
[2025-10-06T15:53:58.448+0000] {logging_mixin.py:188} INFO - [2025-10-06T15:53:58.447+0000] {dagbag.py:545} INFO - Filling up the DagBag from /opt/airflow/dags/supplychain_pipeline_dag.py
[2025-10-06T15:54:03.480+0000] {logging_mixin.py:188} INFO - [2025-10-06T15:54:03.480+0000] {config.py:75} INFO - Settings loaded (env=default)
[2025-10-06T15:54:03.756+0000] {processor.py:840} INFO - DAG(s) 'supplychain_pipeline_dag' retrieved from /opt/airflow/dags/supplychain_pipeline_dag.py
[2025-10-06T15:54:03.859+0000] {logging_mixin.py:188} INFO - [2025-10-06T15:54:03.858+0000] {dag.py:3096} INFO - Sync 1 DAGs
[2025-10-06T15:54:03.928+0000] {logging_mixin.py:188} INFO - [2025-10-06T15:54:03.928+0000] {dag.py:3954} INFO - Setting next_dagrun for supplychain_pipeline_dag to 2025-10-06 15:30:00+00:00, run_after=2025-10-06 16:00:00+00:00
[2025-10-06T15:54:03.985+0000] {processor.py:183} INFO - Processing /opt/airflow/dags/supplychain_pipeline_dag.py took 5.571 seconds
[2025-10-06T15:54:34.624+0000] {processor.py:161} INFO - Started process (PID=1219) to work on /opt/airflow/dags/supplychain_pipeline_dag.py
[2025-10-06T15:54:34.627+0000] {processor.py:830} INFO - Processing file /opt/airflow/dags/supplychain_pipeline_dag.py for tasks to queue
[2025-10-06T15:54:34.635+0000] {logging_mixin.py:188} INFO - [2025-10-06T15:54:34.634+0000] {dagbag.py:545} INFO - Filling up the DagBag from /opt/airflow/dags/supplychain_pipeline_dag.py
[2025-10-06T15:54:40.554+0000] {logging_mixin.py:188} INFO - [2025-10-06T15:54:40.553+0000] {config.py:75} INFO - Settings loaded (env=default)
[2025-10-06T15:54:40.889+0000] {processor.py:840} INFO - DAG(s) 'supplychain_pipeline_dag' retrieved from /opt/airflow/dags/supplychain_pipeline_dag.py
[2025-10-06T15:54:41.016+0000] {logging_mixin.py:188} INFO - [2025-10-06T15:54:41.015+0000] {dag.py:3096} INFO - Sync 1 DAGs
[2025-10-06T15:54:41.079+0000] {logging_mixin.py:188} INFO - [2025-10-06T15:54:41.078+0000] {dag.py:3954} INFO - Setting next_dagrun for supplychain_pipeline_dag to 2025-10-06 15:30:00+00:00, run_after=2025-10-06 16:00:00+00:00
[2025-10-06T15:54:41.131+0000] {processor.py:183} INFO - Processing /opt/airflow/dags/supplychain_pipeline_dag.py took 6.528 seconds
[2025-10-06T15:55:11.549+0000] {processor.py:161} INFO - Started process (PID=1241) to work on /opt/airflow/dags/supplychain_pipeline_dag.py
[2025-10-06T15:55:11.554+0000] {processor.py:830} INFO - Processing file /opt/airflow/dags/supplychain_pipeline_dag.py for tasks to queue
[2025-10-06T15:55:11.560+0000] {logging_mixin.py:188} INFO - [2025-10-06T15:55:11.559+0000] {dagbag.py:545} INFO - Filling up the DagBag from /opt/airflow/dags/supplychain_pipeline_dag.py
[2025-10-06T15:55:17.113+0000] {logging_mixin.py:188} INFO - [2025-10-06T15:55:17.112+0000] {config.py:75} INFO - Settings loaded (env=default)
[2025-10-06T15:55:17.436+0000] {processor.py:840} INFO - DAG(s) 'supplychain_pipeline_dag' retrieved from /opt/airflow/dags/supplychain_pipeline_dag.py
[2025-10-06T15:55:17.550+0000] {logging_mixin.py:188} INFO - [2025-10-06T15:55:17.549+0000] {dag.py:3096} INFO - Sync 1 DAGs
[2025-10-06T15:55:17.618+0000] {logging_mixin.py:188} INFO - [2025-10-06T15:55:17.618+0000] {dag.py:3954} INFO - Setting next_dagrun for supplychain_pipeline_dag to 2025-10-06 15:30:00+00:00, run_after=2025-10-06 16:00:00+00:00
[2025-10-06T15:55:17.680+0000] {processor.py:183} INFO - Processing /opt/airflow/dags/supplychain_pipeline_dag.py took 6.152 seconds
[2025-10-06T15:55:48.617+0000] {processor.py:161} INFO - Started process (PID=1263) to work on /opt/airflow/dags/supplychain_pipeline_dag.py
[2025-10-06T15:55:48.620+0000] {processor.py:830} INFO - Processing file /opt/airflow/dags/supplychain_pipeline_dag.py for tasks to queue
[2025-10-06T15:55:48.626+0000] {logging_mixin.py:188} INFO - [2025-10-06T15:55:48.625+0000] {dagbag.py:545} INFO - Filling up the DagBag from /opt/airflow/dags/supplychain_pipeline_dag.py
[2025-10-06T15:55:53.849+0000] {logging_mixin.py:188} INFO - [2025-10-06T15:55:53.849+0000] {config.py:75} INFO - Settings loaded (env=default)
[2025-10-06T15:55:54.179+0000] {processor.py:840} INFO - DAG(s) 'supplychain_pipeline_dag' retrieved from /opt/airflow/dags/supplychain_pipeline_dag.py
[2025-10-06T15:55:54.269+0000] {logging_mixin.py:188} INFO - [2025-10-06T15:55:54.268+0000] {dag.py:3096} INFO - Sync 1 DAGs
[2025-10-06T15:55:54.319+0000] {logging_mixin.py:188} INFO - [2025-10-06T15:55:54.319+0000] {dag.py:3954} INFO - Setting next_dagrun for supplychain_pipeline_dag to 2025-10-06 15:30:00+00:00, run_after=2025-10-06 16:00:00+00:00
[2025-10-06T15:55:54.369+0000] {processor.py:183} INFO - Processing /opt/airflow/dags/supplychain_pipeline_dag.py took 5.773 seconds
[2025-10-06T15:56:24.790+0000] {processor.py:161} INFO - Started process (PID=1285) to work on /opt/airflow/dags/supplychain_pipeline_dag.py
[2025-10-06T15:56:24.794+0000] {processor.py:830} INFO - Processing file /opt/airflow/dags/supplychain_pipeline_dag.py for tasks to queue
[2025-10-06T15:56:24.800+0000] {logging_mixin.py:188} INFO - [2025-10-06T15:56:24.799+0000] {dagbag.py:545} INFO - Filling up the DagBag from /opt/airflow/dags/supplychain_pipeline_dag.py
[2025-10-06T15:56:30.604+0000] {logging_mixin.py:188} INFO - [2025-10-06T15:56:30.602+0000] {config.py:75} INFO - Settings loaded (env=default)
[2025-10-06T15:56:30.879+0000] {processor.py:840} INFO - DAG(s) 'supplychain_pipeline_dag' retrieved from /opt/airflow/dags/supplychain_pipeline_dag.py
[2025-10-06T15:56:31.809+0000] {logging_mixin.py:188} INFO - [2025-10-06T15:56:31.808+0000] {dag.py:3096} INFO - Sync 1 DAGs
[2025-10-06T15:56:31.869+0000] {logging_mixin.py:188} INFO - [2025-10-06T15:56:31.869+0000] {dag.py:3954} INFO - Setting next_dagrun for supplychain_pipeline_dag to 2025-10-06 15:30:00+00:00, run_after=2025-10-06 16:00:00+00:00
[2025-10-06T15:56:31.942+0000] {processor.py:183} INFO - Processing /opt/airflow/dags/supplychain_pipeline_dag.py took 6.365 seconds
[2025-10-06T15:57:07.143+0000] {processor.py:161} INFO - Started process (PID=1307) to work on /opt/airflow/dags/supplychain_pipeline_dag.py
[2025-10-06T15:57:07.146+0000] {processor.py:830} INFO - Processing file /opt/airflow/dags/supplychain_pipeline_dag.py for tasks to queue
[2025-10-06T15:57:07.152+0000] {logging_mixin.py:188} INFO - [2025-10-06T15:57:07.151+0000] {dagbag.py:545} INFO - Filling up the DagBag from /opt/airflow/dags/supplychain_pipeline_dag.py
[2025-10-06T15:57:12.492+0000] {logging_mixin.py:188} INFO - [2025-10-06T15:57:12.491+0000] {config.py:75} INFO - Settings loaded (env=default)
[2025-10-06T15:57:12.763+0000] {processor.py:840} INFO - DAG(s) 'supplychain_pipeline_dag' retrieved from /opt/airflow/dags/supplychain_pipeline_dag.py
[2025-10-06T15:57:12.869+0000] {logging_mixin.py:188} INFO - [2025-10-06T15:57:12.868+0000] {dag.py:3096} INFO - Sync 1 DAGs
[2025-10-06T15:57:12.928+0000] {logging_mixin.py:188} INFO - [2025-10-06T15:57:12.928+0000] {dag.py:3954} INFO - Setting next_dagrun for supplychain_pipeline_dag to 2025-10-06 15:30:00+00:00, run_after=2025-10-06 16:00:00+00:00
[2025-10-06T15:57:12.974+0000] {processor.py:183} INFO - Processing /opt/airflow/dags/supplychain_pipeline_dag.py took 5.846 seconds
[2025-10-06T15:57:43.572+0000] {processor.py:161} INFO - Started process (PID=1329) to work on /opt/airflow/dags/supplychain_pipeline_dag.py
[2025-10-06T15:57:43.575+0000] {processor.py:830} INFO - Processing file /opt/airflow/dags/supplychain_pipeline_dag.py for tasks to queue
[2025-10-06T15:57:43.581+0000] {logging_mixin.py:188} INFO - [2025-10-06T15:57:43.579+0000] {dagbag.py:545} INFO - Filling up the DagBag from /opt/airflow/dags/supplychain_pipeline_dag.py
[2025-10-06T15:57:48.686+0000] {logging_mixin.py:188} INFO - [2025-10-06T15:57:48.685+0000] {config.py:75} INFO - Settings loaded (env=default)
[2025-10-06T15:57:48.967+0000] {processor.py:840} INFO - DAG(s) 'supplychain_pipeline_dag' retrieved from /opt/airflow/dags/supplychain_pipeline_dag.py
[2025-10-06T15:57:49.062+0000] {logging_mixin.py:188} INFO - [2025-10-06T15:57:49.061+0000] {dag.py:3096} INFO - Sync 1 DAGs
[2025-10-06T15:57:49.129+0000] {logging_mixin.py:188} INFO - [2025-10-06T15:57:49.128+0000] {dag.py:3954} INFO - Setting next_dagrun for supplychain_pipeline_dag to 2025-10-06 15:30:00+00:00, run_after=2025-10-06 16:00:00+00:00
[2025-10-06T15:57:49.186+0000] {processor.py:183} INFO - Processing /opt/airflow/dags/supplychain_pipeline_dag.py took 5.629 seconds
[2025-10-06T15:58:19.696+0000] {processor.py:161} INFO - Started process (PID=1351) to work on /opt/airflow/dags/supplychain_pipeline_dag.py
[2025-10-06T15:58:19.699+0000] {processor.py:830} INFO - Processing file /opt/airflow/dags/supplychain_pipeline_dag.py for tasks to queue
[2025-10-06T15:58:19.704+0000] {logging_mixin.py:188} INFO - [2025-10-06T15:58:19.703+0000] {dagbag.py:545} INFO - Filling up the DagBag from /opt/airflow/dags/supplychain_pipeline_dag.py
[2025-10-06T15:58:24.537+0000] {logging_mixin.py:188} INFO - [2025-10-06T15:58:24.536+0000] {config.py:75} INFO - Settings loaded (env=default)
[2025-10-06T15:58:24.771+0000] {processor.py:840} INFO - DAG(s) 'supplychain_pipeline_dag' retrieved from /opt/airflow/dags/supplychain_pipeline_dag.py
[2025-10-06T15:58:24.864+0000] {logging_mixin.py:188} INFO - [2025-10-06T15:58:24.863+0000] {dag.py:3096} INFO - Sync 1 DAGs
[2025-10-06T15:58:24.915+0000] {logging_mixin.py:188} INFO - [2025-10-06T15:58:24.915+0000] {dag.py:3954} INFO - Setting next_dagrun for supplychain_pipeline_dag to 2025-10-06 15:30:00+00:00, run_after=2025-10-06 16:00:00+00:00
[2025-10-06T15:58:24.970+0000] {processor.py:183} INFO - Processing /opt/airflow/dags/supplychain_pipeline_dag.py took 5.289 seconds
[2025-10-06T15:58:55.286+0000] {processor.py:161} INFO - Started process (PID=1373) to work on /opt/airflow/dags/supplychain_pipeline_dag.py
[2025-10-06T15:58:55.288+0000] {processor.py:830} INFO - Processing file /opt/airflow/dags/supplychain_pipeline_dag.py for tasks to queue
[2025-10-06T15:58:55.294+0000] {logging_mixin.py:188} INFO - [2025-10-06T15:58:55.293+0000] {dagbag.py:545} INFO - Filling up the DagBag from /opt/airflow/dags/supplychain_pipeline_dag.py
[2025-10-06T15:59:00.248+0000] {logging_mixin.py:188} INFO - [2025-10-06T15:59:00.248+0000] {config.py:75} INFO - Settings loaded (env=default)
[2025-10-06T15:59:00.503+0000] {processor.py:840} INFO - DAG(s) 'supplychain_pipeline_dag' retrieved from /opt/airflow/dags/supplychain_pipeline_dag.py
[2025-10-06T15:59:00.586+0000] {logging_mixin.py:188} INFO - [2025-10-06T15:59:00.586+0000] {dag.py:3096} INFO - Sync 1 DAGs
[2025-10-06T15:59:00.640+0000] {logging_mixin.py:188} INFO - [2025-10-06T15:59:00.640+0000] {dag.py:3954} INFO - Setting next_dagrun for supplychain_pipeline_dag to 2025-10-06 15:30:00+00:00, run_after=2025-10-06 16:00:00+00:00
[2025-10-06T15:59:00.696+0000] {processor.py:183} INFO - Processing /opt/airflow/dags/supplychain_pipeline_dag.py took 5.424 seconds
[2025-10-06T15:59:31.039+0000] {processor.py:161} INFO - Started process (PID=1395) to work on /opt/airflow/dags/supplychain_pipeline_dag.py
[2025-10-06T15:59:31.041+0000] {processor.py:830} INFO - Processing file /opt/airflow/dags/supplychain_pipeline_dag.py for tasks to queue
[2025-10-06T15:59:31.047+0000] {logging_mixin.py:188} INFO - [2025-10-06T15:59:31.046+0000] {dagbag.py:545} INFO - Filling up the DagBag from /opt/airflow/dags/supplychain_pipeline_dag.py
[2025-10-06T15:59:36.015+0000] {logging_mixin.py:188} INFO - [2025-10-06T15:59:36.015+0000] {config.py:75} INFO - Settings loaded (env=default)
[2025-10-06T15:59:36.238+0000] {processor.py:840} INFO - DAG(s) 'supplychain_pipeline_dag' retrieved from /opt/airflow/dags/supplychain_pipeline_dag.py
[2025-10-06T15:59:36.317+0000] {logging_mixin.py:188} INFO - [2025-10-06T15:59:36.315+0000] {dag.py:3096} INFO - Sync 1 DAGs
[2025-10-06T15:59:36.373+0000] {logging_mixin.py:188} INFO - [2025-10-06T15:59:36.373+0000] {dag.py:3954} INFO - Setting next_dagrun for supplychain_pipeline_dag to 2025-10-06 15:30:00+00:00, run_after=2025-10-06 16:00:00+00:00
[2025-10-06T15:59:36.428+0000] {processor.py:183} INFO - Processing /opt/airflow/dags/supplychain_pipeline_dag.py took 5.407 seconds
[2025-10-06T16:00:06.987+0000] {processor.py:161} INFO - Started process (PID=1436) to work on /opt/airflow/dags/supplychain_pipeline_dag.py
[2025-10-06T16:00:06.989+0000] {processor.py:830} INFO - Processing file /opt/airflow/dags/supplychain_pipeline_dag.py for tasks to queue
[2025-10-06T16:00:06.996+0000] {logging_mixin.py:188} INFO - [2025-10-06T16:00:06.995+0000] {dagbag.py:545} INFO - Filling up the DagBag from /opt/airflow/dags/supplychain_pipeline_dag.py
[2025-10-06T16:00:11.655+0000] {logging_mixin.py:188} INFO - [2025-10-06T16:00:11.654+0000] {config.py:75} INFO - Settings loaded (env=default)
[2025-10-06T16:00:11.880+0000] {processor.py:840} INFO - DAG(s) 'supplychain_pipeline_dag' retrieved from /opt/airflow/dags/supplychain_pipeline_dag.py
[2025-10-06T16:00:11.960+0000] {logging_mixin.py:188} INFO - [2025-10-06T16:00:11.959+0000] {dag.py:3096} INFO - Sync 1 DAGs
[2025-10-06T16:00:12.006+0000] {logging_mixin.py:188} INFO - [2025-10-06T16:00:12.005+0000] {dag.py:3954} INFO - Setting next_dagrun for supplychain_pipeline_dag to 2025-10-06 16:00:00+00:00, run_after=2025-10-06 16:30:00+00:00
[2025-10-06T16:00:12.055+0000] {processor.py:183} INFO - Processing /opt/airflow/dags/supplychain_pipeline_dag.py took 5.084 seconds
[2025-10-06T16:00:42.393+0000] {processor.py:161} INFO - Started process (PID=1526) to work on /opt/airflow/dags/supplychain_pipeline_dag.py
[2025-10-06T16:00:42.395+0000] {processor.py:830} INFO - Processing file /opt/airflow/dags/supplychain_pipeline_dag.py for tasks to queue
[2025-10-06T16:00:42.400+0000] {logging_mixin.py:188} INFO - [2025-10-06T16:00:42.399+0000] {dagbag.py:545} INFO - Filling up the DagBag from /opt/airflow/dags/supplychain_pipeline_dag.py
[2025-10-06T16:00:47.766+0000] {logging_mixin.py:188} INFO - [2025-10-06T16:00:47.765+0000] {config.py:75} INFO - Settings loaded (env=default)
[2025-10-06T16:00:48.013+0000] {processor.py:840} INFO - DAG(s) 'supplychain_pipeline_dag' retrieved from /opt/airflow/dags/supplychain_pipeline_dag.py
[2025-10-06T16:00:48.111+0000] {logging_mixin.py:188} INFO - [2025-10-06T16:00:48.110+0000] {dag.py:3096} INFO - Sync 1 DAGs
[2025-10-06T16:00:48.173+0000] {logging_mixin.py:188} INFO - [2025-10-06T16:00:48.173+0000] {dag.py:3954} INFO - Setting next_dagrun for supplychain_pipeline_dag to 2025-10-06 16:00:00+00:00, run_after=2025-10-06 16:30:00+00:00
[2025-10-06T16:00:48.233+0000] {processor.py:183} INFO - Processing /opt/airflow/dags/supplychain_pipeline_dag.py took 5.858 seconds
[2025-10-06T16:01:18.834+0000] {processor.py:161} INFO - Started process (PID=1565) to work on /opt/airflow/dags/supplychain_pipeline_dag.py
[2025-10-06T16:01:18.838+0000] {processor.py:830} INFO - Processing file /opt/airflow/dags/supplychain_pipeline_dag.py for tasks to queue
[2025-10-06T16:01:18.847+0000] {logging_mixin.py:188} INFO - [2025-10-06T16:01:18.846+0000] {dagbag.py:545} INFO - Filling up the DagBag from /opt/airflow/dags/supplychain_pipeline_dag.py
[2025-10-06T16:01:23.966+0000] {logging_mixin.py:188} INFO - [2025-10-06T16:01:23.966+0000] {config.py:75} INFO - Settings loaded (env=default)
[2025-10-06T16:01:24.320+0000] {processor.py:840} INFO - DAG(s) 'supplychain_pipeline_dag' retrieved from /opt/airflow/dags/supplychain_pipeline_dag.py
[2025-10-06T16:01:24.447+0000] {logging_mixin.py:188} INFO - [2025-10-06T16:01:24.445+0000] {dag.py:3096} INFO - Sync 1 DAGs
[2025-10-06T16:01:24.495+0000] {logging_mixin.py:188} INFO - [2025-10-06T16:01:24.494+0000] {dag.py:3954} INFO - Setting next_dagrun for supplychain_pipeline_dag to 2025-10-06 16:00:00+00:00, run_after=2025-10-06 16:30:00+00:00
[2025-10-06T16:01:24.547+0000] {processor.py:183} INFO - Processing /opt/airflow/dags/supplychain_pipeline_dag.py took 5.737 seconds
[2025-10-06T16:01:55.071+0000] {processor.py:161} INFO - Started process (PID=1603) to work on /opt/airflow/dags/supplychain_pipeline_dag.py
[2025-10-06T16:01:55.075+0000] {processor.py:830} INFO - Processing file /opt/airflow/dags/supplychain_pipeline_dag.py for tasks to queue
[2025-10-06T16:01:55.083+0000] {logging_mixin.py:188} INFO - [2025-10-06T16:01:55.081+0000] {dagbag.py:545} INFO - Filling up the DagBag from /opt/airflow/dags/supplychain_pipeline_dag.py
[2025-10-06T16:01:59.935+0000] {logging_mixin.py:188} INFO - [2025-10-06T16:01:59.935+0000] {config.py:75} INFO - Settings loaded (env=default)
[2025-10-06T16:02:00.175+0000] {processor.py:840} INFO - DAG(s) 'supplychain_pipeline_dag' retrieved from /opt/airflow/dags/supplychain_pipeline_dag.py
[2025-10-06T16:02:00.261+0000] {logging_mixin.py:188} INFO - [2025-10-06T16:02:00.260+0000] {dag.py:3096} INFO - Sync 1 DAGs
[2025-10-06T16:02:00.311+0000] {logging_mixin.py:188} INFO - [2025-10-06T16:02:00.310+0000] {dag.py:3954} INFO - Setting next_dagrun for supplychain_pipeline_dag to 2025-10-06 16:00:00+00:00, run_after=2025-10-06 16:30:00+00:00
[2025-10-06T16:02:00.364+0000] {processor.py:183} INFO - Processing /opt/airflow/dags/supplychain_pipeline_dag.py took 5.312 seconds
[2025-10-06T16:02:30.768+0000] {processor.py:161} INFO - Started process (PID=1625) to work on /opt/airflow/dags/supplychain_pipeline_dag.py
[2025-10-06T16:02:30.771+0000] {processor.py:830} INFO - Processing file /opt/airflow/dags/supplychain_pipeline_dag.py for tasks to queue
[2025-10-06T16:02:30.778+0000] {logging_mixin.py:188} INFO - [2025-10-06T16:02:30.777+0000] {dagbag.py:545} INFO - Filling up the DagBag from /opt/airflow/dags/supplychain_pipeline_dag.py
[2025-10-06T16:02:38.825+0000] {logging_mixin.py:188} INFO - [2025-10-06T16:02:38.824+0000] {config.py:75} INFO - Settings loaded (env=default)
[2025-10-06T16:02:39.058+0000] {processor.py:840} INFO - DAG(s) 'supplychain_pipeline_dag' retrieved from /opt/airflow/dags/supplychain_pipeline_dag.py
[2025-10-06T16:02:39.140+0000] {logging_mixin.py:188} INFO - [2025-10-06T16:02:39.139+0000] {dag.py:3096} INFO - Sync 1 DAGs
[2025-10-06T16:02:39.191+0000] {logging_mixin.py:188} INFO - [2025-10-06T16:02:39.191+0000] {dag.py:3954} INFO - Setting next_dagrun for supplychain_pipeline_dag to 2025-10-06 16:00:00+00:00, run_after=2025-10-06 16:30:00+00:00
[2025-10-06T16:02:39.249+0000] {processor.py:183} INFO - Processing /opt/airflow/dags/supplychain_pipeline_dag.py took 5.422 seconds
[2025-10-06T16:03:10.892+0000] {processor.py:161} INFO - Started process (PID=1647) to work on /opt/airflow/dags/supplychain_pipeline_dag.py
[2025-10-06T16:03:10.895+0000] {processor.py:830} INFO - Processing file /opt/airflow/dags/supplychain_pipeline_dag.py for tasks to queue
[2025-10-06T16:03:10.901+0000] {logging_mixin.py:188} INFO - [2025-10-06T16:03:10.900+0000] {dagbag.py:545} INFO - Filling up the DagBag from /opt/airflow/dags/supplychain_pipeline_dag.py
[2025-10-06T16:03:15.779+0000] {logging_mixin.py:188} INFO - [2025-10-06T16:03:15.779+0000] {config.py:75} INFO - Settings loaded (env=default)
[2025-10-06T16:03:16.019+0000] {processor.py:840} INFO - DAG(s) 'supplychain_pipeline_dag' retrieved from /opt/airflow/dags/supplychain_pipeline_dag.py
[2025-10-06T16:03:16.108+0000] {logging_mixin.py:188} INFO - [2025-10-06T16:03:16.107+0000] {dag.py:3096} INFO - Sync 1 DAGs
[2025-10-06T16:03:16.163+0000] {logging_mixin.py:188} INFO - [2025-10-06T16:03:16.162+0000] {dag.py:3954} INFO - Setting next_dagrun for supplychain_pipeline_dag to 2025-10-06 16:00:00+00:00, run_after=2025-10-06 16:30:00+00:00
[2025-10-06T16:03:16.215+0000] {processor.py:183} INFO - Processing /opt/airflow/dags/supplychain_pipeline_dag.py took 5.337 seconds
[2025-10-06T16:03:46.744+0000] {processor.py:161} INFO - Started process (PID=1669) to work on /opt/airflow/dags/supplychain_pipeline_dag.py
[2025-10-06T16:03:46.748+0000] {processor.py:830} INFO - Processing file /opt/airflow/dags/supplychain_pipeline_dag.py for tasks to queue
[2025-10-06T16:03:46.759+0000] {logging_mixin.py:188} INFO - [2025-10-06T16:03:46.757+0000] {dagbag.py:545} INFO - Filling up the DagBag from /opt/airflow/dags/supplychain_pipeline_dag.py
[2025-10-06T16:03:51.236+0000] {logging_mixin.py:188} INFO - [2025-10-06T16:03:51.236+0000] {config.py:75} INFO - Settings loaded (env=default)
[2025-10-06T16:03:51.444+0000] {processor.py:840} INFO - DAG(s) 'supplychain_pipeline_dag' retrieved from /opt/airflow/dags/supplychain_pipeline_dag.py
[2025-10-06T16:03:51.521+0000] {logging_mixin.py:188} INFO - [2025-10-06T16:03:51.520+0000] {dag.py:3096} INFO - Sync 1 DAGs
[2025-10-06T16:03:51.570+0000] {logging_mixin.py:188} INFO - [2025-10-06T16:03:51.570+0000] {dag.py:3954} INFO - Setting next_dagrun for supplychain_pipeline_dag to 2025-10-06 16:00:00+00:00, run_after=2025-10-06 16:30:00+00:00
[2025-10-06T16:03:51.616+0000] {processor.py:183} INFO - Processing /opt/airflow/dags/supplychain_pipeline_dag.py took 4.893 seconds
[2025-10-06T16:04:22.170+0000] {processor.py:161} INFO - Started process (PID=1691) to work on /opt/airflow/dags/supplychain_pipeline_dag.py
[2025-10-06T16:04:22.173+0000] {processor.py:830} INFO - Processing file /opt/airflow/dags/supplychain_pipeline_dag.py for tasks to queue
[2025-10-06T16:04:22.179+0000] {logging_mixin.py:188} INFO - [2025-10-06T16:04:22.178+0000] {dagbag.py:545} INFO - Filling up the DagBag from /opt/airflow/dags/supplychain_pipeline_dag.py
[2025-10-06T16:04:27.053+0000] {logging_mixin.py:188} INFO - [2025-10-06T16:04:27.053+0000] {config.py:75} INFO - Settings loaded (env=default)
[2025-10-06T16:04:27.271+0000] {processor.py:840} INFO - DAG(s) 'supplychain_pipeline_dag' retrieved from /opt/airflow/dags/supplychain_pipeline_dag.py
[2025-10-06T16:04:27.356+0000] {logging_mixin.py:188} INFO - [2025-10-06T16:04:27.355+0000] {dag.py:3096} INFO - Sync 1 DAGs
[2025-10-06T16:04:27.404+0000] {logging_mixin.py:188} INFO - [2025-10-06T16:04:27.403+0000] {dag.py:3954} INFO - Setting next_dagrun for supplychain_pipeline_dag to 2025-10-06 16:00:00+00:00, run_after=2025-10-06 16:30:00+00:00
[2025-10-06T16:04:27.452+0000] {processor.py:183} INFO - Processing /opt/airflow/dags/supplychain_pipeline_dag.py took 5.302 seconds
[2025-10-06T16:04:58.006+0000] {processor.py:161} INFO - Started process (PID=1713) to work on /opt/airflow/dags/supplychain_pipeline_dag.py
[2025-10-06T16:04:58.011+0000] {processor.py:830} INFO - Processing file /opt/airflow/dags/supplychain_pipeline_dag.py for tasks to queue
[2025-10-06T16:04:58.022+0000] {logging_mixin.py:188} INFO - [2025-10-06T16:04:58.021+0000] {dagbag.py:545} INFO - Filling up the DagBag from /opt/airflow/dags/supplychain_pipeline_dag.py
[2025-10-06T16:05:02.862+0000] {logging_mixin.py:188} INFO - [2025-10-06T16:05:02.862+0000] {config.py:75} INFO - Settings loaded (env=default)
[2025-10-06T16:05:03.111+0000] {processor.py:840} INFO - DAG(s) 'supplychain_pipeline_dag' retrieved from /opt/airflow/dags/supplychain_pipeline_dag.py
[2025-10-06T16:05:03.195+0000] {logging_mixin.py:188} INFO - [2025-10-06T16:05:03.195+0000] {dag.py:3096} INFO - Sync 1 DAGs
[2025-10-06T16:05:03.242+0000] {logging_mixin.py:188} INFO - [2025-10-06T16:05:03.241+0000] {dag.py:3954} INFO - Setting next_dagrun for supplychain_pipeline_dag to 2025-10-06 16:00:00+00:00, run_after=2025-10-06 16:30:00+00:00
[2025-10-06T16:05:03.285+0000] {processor.py:183} INFO - Processing /opt/airflow/dags/supplychain_pipeline_dag.py took 5.307 seconds
[2025-10-06T16:05:33.879+0000] {processor.py:161} INFO - Started process (PID=1735) to work on /opt/airflow/dags/supplychain_pipeline_dag.py
[2025-10-06T16:05:33.883+0000] {processor.py:830} INFO - Processing file /opt/airflow/dags/supplychain_pipeline_dag.py for tasks to queue
[2025-10-06T16:05:33.888+0000] {logging_mixin.py:188} INFO - [2025-10-06T16:05:33.888+0000] {dagbag.py:545} INFO - Filling up the DagBag from /opt/airflow/dags/supplychain_pipeline_dag.py
[2025-10-06T16:05:39.143+0000] {logging_mixin.py:188} INFO - [2025-10-06T16:05:39.142+0000] {config.py:75} INFO - Settings loaded (env=default)
[2025-10-06T16:05:39.387+0000] {processor.py:840} INFO - DAG(s) 'supplychain_pipeline_dag' retrieved from /opt/airflow/dags/supplychain_pipeline_dag.py
[2025-10-06T16:05:39.483+0000] {logging_mixin.py:188} INFO - [2025-10-06T16:05:39.482+0000] {dag.py:3096} INFO - Sync 1 DAGs
[2025-10-06T16:05:39.530+0000] {logging_mixin.py:188} INFO - [2025-10-06T16:05:39.529+0000] {dag.py:3954} INFO - Setting next_dagrun for supplychain_pipeline_dag to 2025-10-06 16:00:00+00:00, run_after=2025-10-06 16:30:00+00:00
[2025-10-06T16:05:39.580+0000] {processor.py:183} INFO - Processing /opt/airflow/dags/supplychain_pipeline_dag.py took 5.722 seconds
[2025-10-06T16:06:10.047+0000] {processor.py:161} INFO - Started process (PID=1757) to work on /opt/airflow/dags/supplychain_pipeline_dag.py
[2025-10-06T16:06:10.049+0000] {processor.py:830} INFO - Processing file /opt/airflow/dags/supplychain_pipeline_dag.py for tasks to queue
[2025-10-06T16:06:10.054+0000] {logging_mixin.py:188} INFO - [2025-10-06T16:06:10.053+0000] {dagbag.py:545} INFO - Filling up the DagBag from /opt/airflow/dags/supplychain_pipeline_dag.py
[2025-10-06T16:06:14.726+0000] {logging_mixin.py:188} INFO - [2025-10-06T16:06:14.726+0000] {config.py:75} INFO - Settings loaded (env=default)
[2025-10-06T16:06:14.984+0000] {processor.py:840} INFO - DAG(s) 'supplychain_pipeline_dag' retrieved from /opt/airflow/dags/supplychain_pipeline_dag.py
[2025-10-06T16:06:15.111+0000] {logging_mixin.py:188} INFO - [2025-10-06T16:06:15.108+0000] {dag.py:3096} INFO - Sync 1 DAGs
[2025-10-06T16:06:15.188+0000] {logging_mixin.py:188} INFO - [2025-10-06T16:06:15.187+0000] {dag.py:3954} INFO - Setting next_dagrun for supplychain_pipeline_dag to 2025-10-06 16:00:00+00:00, run_after=2025-10-06 16:30:00+00:00
[2025-10-06T16:06:15.260+0000] {processor.py:183} INFO - Processing /opt/airflow/dags/supplychain_pipeline_dag.py took 5.227 seconds
[2025-10-06T16:06:45.611+0000] {processor.py:161} INFO - Started process (PID=1779) to work on /opt/airflow/dags/supplychain_pipeline_dag.py
[2025-10-06T16:06:45.614+0000] {processor.py:830} INFO - Processing file /opt/airflow/dags/supplychain_pipeline_dag.py for tasks to queue
[2025-10-06T16:06:45.621+0000] {logging_mixin.py:188} INFO - [2025-10-06T16:06:45.620+0000] {dagbag.py:545} INFO - Filling up the DagBag from /opt/airflow/dags/supplychain_pipeline_dag.py
[2025-10-06T16:06:50.078+0000] {logging_mixin.py:188} INFO - [2025-10-06T16:06:50.077+0000] {config.py:75} INFO - Settings loaded (env=default)
[2025-10-06T16:06:50.298+0000] {processor.py:840} INFO - DAG(s) 'supplychain_pipeline_dag' retrieved from /opt/airflow/dags/supplychain_pipeline_dag.py
[2025-10-06T16:06:50.380+0000] {logging_mixin.py:188} INFO - [2025-10-06T16:06:50.380+0000] {dag.py:3096} INFO - Sync 1 DAGs
[2025-10-06T16:06:50.430+0000] {logging_mixin.py:188} INFO - [2025-10-06T16:06:50.429+0000] {dag.py:3954} INFO - Setting next_dagrun for supplychain_pipeline_dag to 2025-10-06 16:00:00+00:00, run_after=2025-10-06 16:30:00+00:00
[2025-10-06T16:06:50.480+0000] {processor.py:183} INFO - Processing /opt/airflow/dags/supplychain_pipeline_dag.py took 4.889 seconds
[2025-10-06T16:07:21.075+0000] {processor.py:161} INFO - Started process (PID=1801) to work on /opt/airflow/dags/supplychain_pipeline_dag.py
[2025-10-06T16:07:21.078+0000] {processor.py:830} INFO - Processing file /opt/airflow/dags/supplychain_pipeline_dag.py for tasks to queue
[2025-10-06T16:07:21.082+0000] {logging_mixin.py:188} INFO - [2025-10-06T16:07:21.082+0000] {dagbag.py:545} INFO - Filling up the DagBag from /opt/airflow/dags/supplychain_pipeline_dag.py
[2025-10-06T16:07:25.293+0000] {logging_mixin.py:188} INFO - [2025-10-06T16:07:25.293+0000] {config.py:75} INFO - Settings loaded (env=default)
[2025-10-06T16:07:25.502+0000] {processor.py:840} INFO - DAG(s) 'supplychain_pipeline_dag' retrieved from /opt/airflow/dags/supplychain_pipeline_dag.py
[2025-10-06T16:07:25.575+0000] {logging_mixin.py:188} INFO - [2025-10-06T16:07:25.575+0000] {dag.py:3096} INFO - Sync 1 DAGs
[2025-10-06T16:07:25.620+0000] {logging_mixin.py:188} INFO - [2025-10-06T16:07:25.620+0000] {dag.py:3954} INFO - Setting next_dagrun for supplychain_pipeline_dag to 2025-10-06 16:00:00+00:00, run_after=2025-10-06 16:30:00+00:00
[2025-10-06T16:07:25.674+0000] {processor.py:183} INFO - Processing /opt/airflow/dags/supplychain_pipeline_dag.py took 4.610 seconds
[2025-10-06T16:07:56.215+0000] {processor.py:161} INFO - Started process (PID=1823) to work on /opt/airflow/dags/supplychain_pipeline_dag.py
[2025-10-06T16:07:56.217+0000] {processor.py:830} INFO - Processing file /opt/airflow/dags/supplychain_pipeline_dag.py for tasks to queue
[2025-10-06T16:07:56.223+0000] {logging_mixin.py:188} INFO - [2025-10-06T16:07:56.222+0000] {dagbag.py:545} INFO - Filling up the DagBag from /opt/airflow/dags/supplychain_pipeline_dag.py
[2025-10-06T16:08:00.511+0000] {logging_mixin.py:188} INFO - [2025-10-06T16:08:00.511+0000] {config.py:75} INFO - Settings loaded (env=default)
[2025-10-06T16:08:00.765+0000] {processor.py:840} INFO - DAG(s) 'supplychain_pipeline_dag' retrieved from /opt/airflow/dags/supplychain_pipeline_dag.py
[2025-10-06T16:08:00.844+0000] {logging_mixin.py:188} INFO - [2025-10-06T16:08:00.843+0000] {dag.py:3096} INFO - Sync 1 DAGs
[2025-10-06T16:08:00.890+0000] {logging_mixin.py:188} INFO - [2025-10-06T16:08:00.890+0000] {dag.py:3954} INFO - Setting next_dagrun for supplychain_pipeline_dag to 2025-10-06 16:00:00+00:00, run_after=2025-10-06 16:30:00+00:00
[2025-10-06T16:08:00.939+0000] {processor.py:183} INFO - Processing /opt/airflow/dags/supplychain_pipeline_dag.py took 4.740 seconds
[2025-10-06T16:08:31.450+0000] {processor.py:161} INFO - Started process (PID=1845) to work on /opt/airflow/dags/supplychain_pipeline_dag.py
[2025-10-06T16:08:31.453+0000] {processor.py:830} INFO - Processing file /opt/airflow/dags/supplychain_pipeline_dag.py for tasks to queue
[2025-10-06T16:08:31.459+0000] {logging_mixin.py:188} INFO - [2025-10-06T16:08:31.458+0000] {dagbag.py:545} INFO - Filling up the DagBag from /opt/airflow/dags/supplychain_pipeline_dag.py
[2025-10-06T16:08:35.890+0000] {logging_mixin.py:188} INFO - [2025-10-06T16:08:35.889+0000] {config.py:75} INFO - Settings loaded (env=default)
[2025-10-06T16:08:36.078+0000] {processor.py:840} INFO - DAG(s) 'supplychain_pipeline_dag' retrieved from /opt/airflow/dags/supplychain_pipeline_dag.py
[2025-10-06T16:08:36.151+0000] {logging_mixin.py:188} INFO - [2025-10-06T16:08:36.150+0000] {dag.py:3096} INFO - Sync 1 DAGs
[2025-10-06T16:08:36.193+0000] {logging_mixin.py:188} INFO - [2025-10-06T16:08:36.193+0000] {dag.py:3954} INFO - Setting next_dagrun for supplychain_pipeline_dag to 2025-10-06 16:00:00+00:00, run_after=2025-10-06 16:30:00+00:00
[2025-10-06T16:08:36.240+0000] {processor.py:183} INFO - Processing /opt/airflow/dags/supplychain_pipeline_dag.py took 4.805 seconds
[2025-10-06T16:09:06.783+0000] {processor.py:161} INFO - Started process (PID=1867) to work on /opt/airflow/dags/supplychain_pipeline_dag.py
[2025-10-06T16:09:06.787+0000] {processor.py:830} INFO - Processing file /opt/airflow/dags/supplychain_pipeline_dag.py for tasks to queue
[2025-10-06T16:09:06.792+0000] {logging_mixin.py:188} INFO - [2025-10-06T16:09:06.792+0000] {dagbag.py:545} INFO - Filling up the DagBag from /opt/airflow/dags/supplychain_pipeline_dag.py
[2025-10-06T16:09:10.920+0000] {logging_mixin.py:188} INFO - [2025-10-06T16:09:10.920+0000] {config.py:75} INFO - Settings loaded (env=default)
[2025-10-06T16:09:12.193+0000] {processor.py:840} INFO - DAG(s) 'supplychain_pipeline_dag' retrieved from /opt/airflow/dags/supplychain_pipeline_dag.py
[2025-10-06T16:09:12.272+0000] {logging_mixin.py:188} INFO - [2025-10-06T16:09:12.271+0000] {dag.py:3096} INFO - Sync 1 DAGs
[2025-10-06T16:09:14.353+0000] {logging_mixin.py:188} INFO - [2025-10-06T16:09:14.352+0000] {dag.py:3954} INFO - Setting next_dagrun for supplychain_pipeline_dag to 2025-10-06 16:00:00+00:00, run_after=2025-10-06 16:30:00+00:00
[2025-10-06T16:09:14.393+0000] {processor.py:183} INFO - Processing /opt/airflow/dags/supplychain_pipeline_dag.py took 4.514 seconds
[2025-10-06T16:09:47.607+0000] {processor.py:161} INFO - Started process (PID=1889) to work on /opt/airflow/dags/supplychain_pipeline_dag.py
[2025-10-06T16:09:47.610+0000] {processor.py:830} INFO - Processing file /opt/airflow/dags/supplychain_pipeline_dag.py for tasks to queue
[2025-10-06T16:09:47.616+0000] {logging_mixin.py:188} INFO - [2025-10-06T16:09:47.615+0000] {dagbag.py:545} INFO - Filling up the DagBag from /opt/airflow/dags/supplychain_pipeline_dag.py
[2025-10-06T16:09:51.869+0000] {logging_mixin.py:188} INFO - [2025-10-06T16:09:51.869+0000] {config.py:75} INFO - Settings loaded (env=default)
[2025-10-06T16:09:52.080+0000] {processor.py:840} INFO - DAG(s) 'supplychain_pipeline_dag' retrieved from /opt/airflow/dags/supplychain_pipeline_dag.py
[2025-10-06T16:09:52.154+0000] {logging_mixin.py:188} INFO - [2025-10-06T16:09:52.153+0000] {dag.py:3096} INFO - Sync 1 DAGs
[2025-10-06T16:09:52.201+0000] {logging_mixin.py:188} INFO - [2025-10-06T16:09:52.201+0000] {dag.py:3954} INFO - Setting next_dagrun for supplychain_pipeline_dag to 2025-10-06 16:00:00+00:00, run_after=2025-10-06 16:30:00+00:00
[2025-10-06T16:09:52.253+0000] {processor.py:183} INFO - Processing /opt/airflow/dags/supplychain_pipeline_dag.py took 4.663 seconds
[2025-10-06T16:10:22.858+0000] {processor.py:161} INFO - Started process (PID=1911) to work on /opt/airflow/dags/supplychain_pipeline_dag.py
[2025-10-06T16:10:22.862+0000] {processor.py:830} INFO - Processing file /opt/airflow/dags/supplychain_pipeline_dag.py for tasks to queue
[2025-10-06T16:10:22.869+0000] {logging_mixin.py:188} INFO - [2025-10-06T16:10:22.868+0000] {dagbag.py:545} INFO - Filling up the DagBag from /opt/airflow/dags/supplychain_pipeline_dag.py
[2025-10-06T16:10:27.142+0000] {logging_mixin.py:188} INFO - [2025-10-06T16:10:27.142+0000] {config.py:75} INFO - Settings loaded (env=default)
[2025-10-06T16:10:27.352+0000] {processor.py:840} INFO - DAG(s) 'supplychain_pipeline_dag' retrieved from /opt/airflow/dags/supplychain_pipeline_dag.py
[2025-10-06T16:10:27.425+0000] {logging_mixin.py:188} INFO - [2025-10-06T16:10:27.424+0000] {dag.py:3096} INFO - Sync 1 DAGs
[2025-10-06T16:10:27.469+0000] {logging_mixin.py:188} INFO - [2025-10-06T16:10:27.468+0000] {dag.py:3954} INFO - Setting next_dagrun for supplychain_pipeline_dag to 2025-10-06 16:00:00+00:00, run_after=2025-10-06 16:30:00+00:00
[2025-10-06T16:10:27.515+0000] {processor.py:183} INFO - Processing /opt/airflow/dags/supplychain_pipeline_dag.py took 4.680 seconds
[2025-10-06T16:10:58.070+0000] {processor.py:161} INFO - Started process (PID=1933) to work on /opt/airflow/dags/supplychain_pipeline_dag.py
[2025-10-06T16:10:58.074+0000] {processor.py:830} INFO - Processing file /opt/airflow/dags/supplychain_pipeline_dag.py for tasks to queue
[2025-10-06T16:10:58.080+0000] {logging_mixin.py:188} INFO - [2025-10-06T16:10:58.079+0000] {dagbag.py:545} INFO - Filling up the DagBag from /opt/airflow/dags/supplychain_pipeline_dag.py
[2025-10-06T16:11:02.367+0000] {logging_mixin.py:188} INFO - [2025-10-06T16:11:02.367+0000] {config.py:75} INFO - Settings loaded (env=default)
[2025-10-06T16:11:02.583+0000] {processor.py:840} INFO - DAG(s) 'supplychain_pipeline_dag' retrieved from /opt/airflow/dags/supplychain_pipeline_dag.py
[2025-10-06T16:11:02.668+0000] {logging_mixin.py:188} INFO - [2025-10-06T16:11:02.667+0000] {dag.py:3096} INFO - Sync 1 DAGs
[2025-10-06T16:11:02.721+0000] {logging_mixin.py:188} INFO - [2025-10-06T16:11:02.721+0000] {dag.py:3954} INFO - Setting next_dagrun for supplychain_pipeline_dag to 2025-10-06 16:00:00+00:00, run_after=2025-10-06 16:30:00+00:00
[2025-10-06T16:11:02.765+0000] {processor.py:183} INFO - Processing /opt/airflow/dags/supplychain_pipeline_dag.py took 4.711 seconds
[2025-10-06T16:11:33.116+0000] {processor.py:161} INFO - Started process (PID=1955) to work on /opt/airflow/dags/supplychain_pipeline_dag.py
[2025-10-06T16:11:33.118+0000] {processor.py:830} INFO - Processing file /opt/airflow/dags/supplychain_pipeline_dag.py for tasks to queue
[2025-10-06T16:11:33.122+0000] {logging_mixin.py:188} INFO - [2025-10-06T16:11:33.122+0000] {dagbag.py:545} INFO - Filling up the DagBag from /opt/airflow/dags/supplychain_pipeline_dag.py
[2025-10-06T16:11:37.379+0000] {logging_mixin.py:188} INFO - [2025-10-06T16:11:37.379+0000] {config.py:75} INFO - Settings loaded (env=default)
[2025-10-06T16:11:37.604+0000] {processor.py:840} INFO - DAG(s) 'supplychain_pipeline_dag' retrieved from /opt/airflow/dags/supplychain_pipeline_dag.py
[2025-10-06T16:11:37.681+0000] {logging_mixin.py:188} INFO - [2025-10-06T16:11:37.680+0000] {dag.py:3096} INFO - Sync 1 DAGs
[2025-10-06T16:11:37.723+0000] {logging_mixin.py:188} INFO - [2025-10-06T16:11:37.723+0000] {dag.py:3954} INFO - Setting next_dagrun for supplychain_pipeline_dag to 2025-10-06 16:00:00+00:00, run_after=2025-10-06 16:30:00+00:00
[2025-10-06T16:11:37.770+0000] {processor.py:183} INFO - Processing /opt/airflow/dags/supplychain_pipeline_dag.py took 4.669 seconds
[2025-10-06T16:12:08.352+0000] {processor.py:161} INFO - Started process (PID=1977) to work on /opt/airflow/dags/supplychain_pipeline_dag.py
[2025-10-06T16:12:08.355+0000] {processor.py:830} INFO - Processing file /opt/airflow/dags/supplychain_pipeline_dag.py for tasks to queue
[2025-10-06T16:12:08.360+0000] {logging_mixin.py:188} INFO - [2025-10-06T16:12:08.359+0000] {dagbag.py:545} INFO - Filling up the DagBag from /opt/airflow/dags/supplychain_pipeline_dag.py
[2025-10-06T16:12:12.355+0000] {logging_mixin.py:188} INFO - [2025-10-06T16:12:12.354+0000] {config.py:75} INFO - Settings loaded (env=default)
[2025-10-06T16:12:12.553+0000] {processor.py:840} INFO - DAG(s) 'supplychain_pipeline_dag' retrieved from /opt/airflow/dags/supplychain_pipeline_dag.py
[2025-10-06T16:12:12.625+0000] {logging_mixin.py:188} INFO - [2025-10-06T16:12:12.624+0000] {dag.py:3096} INFO - Sync 1 DAGs
[2025-10-06T16:12:12.669+0000] {logging_mixin.py:188} INFO - [2025-10-06T16:12:12.669+0000] {dag.py:3954} INFO - Setting next_dagrun for supplychain_pipeline_dag to 2025-10-06 16:00:00+00:00, run_after=2025-10-06 16:30:00+00:00
[2025-10-06T16:12:12.718+0000] {processor.py:183} INFO - Processing /opt/airflow/dags/supplychain_pipeline_dag.py took 4.381 seconds
[2025-10-06T16:12:43.197+0000] {processor.py:161} INFO - Started process (PID=1999) to work on /opt/airflow/dags/supplychain_pipeline_dag.py
[2025-10-06T16:12:43.200+0000] {processor.py:830} INFO - Processing file /opt/airflow/dags/supplychain_pipeline_dag.py for tasks to queue
[2025-10-06T16:12:43.205+0000] {logging_mixin.py:188} INFO - [2025-10-06T16:12:43.204+0000] {dagbag.py:545} INFO - Filling up the DagBag from /opt/airflow/dags/supplychain_pipeline_dag.py
[2025-10-06T16:12:47.356+0000] {logging_mixin.py:188} INFO - [2025-10-06T16:12:47.355+0000] {config.py:75} INFO - Settings loaded (env=default)
[2025-10-06T16:12:47.568+0000] {processor.py:840} INFO - DAG(s) 'supplychain_pipeline_dag' retrieved from /opt/airflow/dags/supplychain_pipeline_dag.py
[2025-10-06T16:12:47.645+0000] {logging_mixin.py:188} INFO - [2025-10-06T16:12:47.644+0000] {dag.py:3096} INFO - Sync 1 DAGs
[2025-10-06T16:12:47.690+0000] {logging_mixin.py:188} INFO - [2025-10-06T16:12:47.689+0000] {dag.py:3954} INFO - Setting next_dagrun for supplychain_pipeline_dag to 2025-10-06 16:00:00+00:00, run_after=2025-10-06 16:30:00+00:00
[2025-10-06T16:12:47.738+0000] {processor.py:183} INFO - Processing /opt/airflow/dags/supplychain_pipeline_dag.py took 4.556 seconds
[2025-10-06T16:13:18.232+0000] {processor.py:161} INFO - Started process (PID=2021) to work on /opt/airflow/dags/supplychain_pipeline_dag.py
[2025-10-06T16:13:18.236+0000] {processor.py:830} INFO - Processing file /opt/airflow/dags/supplychain_pipeline_dag.py for tasks to queue
[2025-10-06T16:13:18.243+0000] {logging_mixin.py:188} INFO - [2025-10-06T16:13:18.241+0000] {dagbag.py:545} INFO - Filling up the DagBag from /opt/airflow/dags/supplychain_pipeline_dag.py
[2025-10-06T16:13:22.201+0000] {logging_mixin.py:188} INFO - [2025-10-06T16:13:22.200+0000] {config.py:75} INFO - Settings loaded (env=default)
[2025-10-06T16:13:22.389+0000] {processor.py:840} INFO - DAG(s) 'supplychain_pipeline_dag' retrieved from /opt/airflow/dags/supplychain_pipeline_dag.py
[2025-10-06T16:13:22.462+0000] {logging_mixin.py:188} INFO - [2025-10-06T16:13:22.461+0000] {dag.py:3096} INFO - Sync 1 DAGs
[2025-10-06T16:13:22.507+0000] {logging_mixin.py:188} INFO - [2025-10-06T16:13:22.506+0000] {dag.py:3954} INFO - Setting next_dagrun for supplychain_pipeline_dag to 2025-10-06 16:00:00+00:00, run_after=2025-10-06 16:30:00+00:00
[2025-10-06T16:13:22.547+0000] {processor.py:183} INFO - Processing /opt/airflow/dags/supplychain_pipeline_dag.py took 4.330 seconds
[2025-10-06T16:13:53.067+0000] {processor.py:161} INFO - Started process (PID=2043) to work on /opt/airflow/dags/supplychain_pipeline_dag.py
[2025-10-06T16:13:53.069+0000] {processor.py:830} INFO - Processing file /opt/airflow/dags/supplychain_pipeline_dag.py for tasks to queue
[2025-10-06T16:13:53.074+0000] {logging_mixin.py:188} INFO - [2025-10-06T16:13:53.074+0000] {dagbag.py:545} INFO - Filling up the DagBag from /opt/airflow/dags/supplychain_pipeline_dag.py
[2025-10-06T16:13:57.251+0000] {logging_mixin.py:188} INFO - [2025-10-06T16:13:57.251+0000] {config.py:75} INFO - Settings loaded (env=default)
[2025-10-06T16:13:57.453+0000] {processor.py:840} INFO - DAG(s) 'supplychain_pipeline_dag' retrieved from /opt/airflow/dags/supplychain_pipeline_dag.py
[2025-10-06T16:13:57.524+0000] {logging_mixin.py:188} INFO - [2025-10-06T16:13:57.523+0000] {dag.py:3096} INFO - Sync 1 DAGs
[2025-10-06T16:13:57.568+0000] {logging_mixin.py:188} INFO - [2025-10-06T16:13:57.568+0000] {dag.py:3954} INFO - Setting next_dagrun for supplychain_pipeline_dag to 2025-10-06 16:00:00+00:00, run_after=2025-10-06 16:30:00+00:00
[2025-10-06T16:13:57.615+0000] {processor.py:183} INFO - Processing /opt/airflow/dags/supplychain_pipeline_dag.py took 4.560 seconds
[2025-10-06T16:14:28.236+0000] {processor.py:161} INFO - Started process (PID=2065) to work on /opt/airflow/dags/supplychain_pipeline_dag.py
[2025-10-06T16:14:28.238+0000] {processor.py:830} INFO - Processing file /opt/airflow/dags/supplychain_pipeline_dag.py for tasks to queue
[2025-10-06T16:14:28.245+0000] {logging_mixin.py:188} INFO - [2025-10-06T16:14:28.244+0000] {dagbag.py:545} INFO - Filling up the DagBag from /opt/airflow/dags/supplychain_pipeline_dag.py
[2025-10-06T16:14:32.483+0000] {logging_mixin.py:188} INFO - [2025-10-06T16:14:32.483+0000] {config.py:75} INFO - Settings loaded (env=default)
[2025-10-06T16:14:32.672+0000] {processor.py:840} INFO - DAG(s) 'supplychain_pipeline_dag' retrieved from /opt/airflow/dags/supplychain_pipeline_dag.py
[2025-10-06T16:14:32.745+0000] {logging_mixin.py:188} INFO - [2025-10-06T16:14:32.745+0000] {dag.py:3096} INFO - Sync 1 DAGs
[2025-10-06T16:14:32.787+0000] {logging_mixin.py:188} INFO - [2025-10-06T16:14:32.787+0000] {dag.py:3954} INFO - Setting next_dagrun for supplychain_pipeline_dag to 2025-10-06 16:00:00+00:00, run_after=2025-10-06 16:30:00+00:00
[2025-10-06T16:14:32.825+0000] {processor.py:183} INFO - Processing /opt/airflow/dags/supplychain_pipeline_dag.py took 4.603 seconds
[2025-10-06T16:15:03.382+0000] {processor.py:161} INFO - Started process (PID=2087) to work on /opt/airflow/dags/supplychain_pipeline_dag.py
[2025-10-06T16:15:03.385+0000] {processor.py:830} INFO - Processing file /opt/airflow/dags/supplychain_pipeline_dag.py for tasks to queue
[2025-10-06T16:15:03.391+0000] {logging_mixin.py:188} INFO - [2025-10-06T16:15:03.390+0000] {dagbag.py:545} INFO - Filling up the DagBag from /opt/airflow/dags/supplychain_pipeline_dag.py
[2025-10-06T16:15:07.424+0000] {logging_mixin.py:188} INFO - [2025-10-06T16:15:07.423+0000] {config.py:75} INFO - Settings loaded (env=default)
[2025-10-06T16:15:07.626+0000] {processor.py:840} INFO - DAG(s) 'supplychain_pipeline_dag' retrieved from /opt/airflow/dags/supplychain_pipeline_dag.py
[2025-10-06T16:15:07.699+0000] {logging_mixin.py:188} INFO - [2025-10-06T16:15:07.698+0000] {dag.py:3096} INFO - Sync 1 DAGs
[2025-10-06T16:15:07.740+0000] {logging_mixin.py:188} INFO - [2025-10-06T16:15:07.739+0000] {dag.py:3954} INFO - Setting next_dagrun for supplychain_pipeline_dag to 2025-10-06 16:00:00+00:00, run_after=2025-10-06 16:30:00+00:00
[2025-10-06T16:15:07.789+0000] {processor.py:183} INFO - Processing /opt/airflow/dags/supplychain_pipeline_dag.py took 4.420 seconds
[2025-10-06T16:15:38.321+0000] {processor.py:161} INFO - Started process (PID=2109) to work on /opt/airflow/dags/supplychain_pipeline_dag.py
[2025-10-06T16:15:38.324+0000] {processor.py:830} INFO - Processing file /opt/airflow/dags/supplychain_pipeline_dag.py for tasks to queue
[2025-10-06T16:15:38.329+0000] {logging_mixin.py:188} INFO - [2025-10-06T16:15:38.328+0000] {dagbag.py:545} INFO - Filling up the DagBag from /opt/airflow/dags/supplychain_pipeline_dag.py
[2025-10-06T16:15:42.489+0000] {logging_mixin.py:188} INFO - [2025-10-06T16:15:42.489+0000] {config.py:75} INFO - Settings loaded (env=default)
[2025-10-06T16:15:42.684+0000] {processor.py:840} INFO - DAG(s) 'supplychain_pipeline_dag' retrieved from /opt/airflow/dags/supplychain_pipeline_dag.py
[2025-10-06T16:15:42.756+0000] {logging_mixin.py:188} INFO - [2025-10-06T16:15:42.755+0000] {dag.py:3096} INFO - Sync 1 DAGs
[2025-10-06T16:15:42.798+0000] {logging_mixin.py:188} INFO - [2025-10-06T16:15:42.798+0000] {dag.py:3954} INFO - Setting next_dagrun for supplychain_pipeline_dag to 2025-10-06 16:00:00+00:00, run_after=2025-10-06 16:30:00+00:00
[2025-10-06T16:15:42.843+0000] {processor.py:183} INFO - Processing /opt/airflow/dags/supplychain_pipeline_dag.py took 4.535 seconds
[2025-10-06T16:16:13.213+0000] {processor.py:161} INFO - Started process (PID=2131) to work on /opt/airflow/dags/supplychain_pipeline_dag.py
[2025-10-06T16:16:13.216+0000] {processor.py:830} INFO - Processing file /opt/airflow/dags/supplychain_pipeline_dag.py for tasks to queue
[2025-10-06T16:16:13.220+0000] {logging_mixin.py:188} INFO - [2025-10-06T16:16:13.220+0000] {dagbag.py:545} INFO - Filling up the DagBag from /opt/airflow/dags/supplychain_pipeline_dag.py
[2025-10-06T16:16:17.189+0000] {logging_mixin.py:188} INFO - [2025-10-06T16:16:17.188+0000] {config.py:75} INFO - Settings loaded (env=default)
[2025-10-06T16:16:17.399+0000] {processor.py:840} INFO - DAG(s) 'supplychain_pipeline_dag' retrieved from /opt/airflow/dags/supplychain_pipeline_dag.py
[2025-10-06T16:16:17.469+0000] {logging_mixin.py:188} INFO - [2025-10-06T16:16:17.468+0000] {dag.py:3096} INFO - Sync 1 DAGs
[2025-10-06T16:16:17.508+0000] {logging_mixin.py:188} INFO - [2025-10-06T16:16:17.508+0000] {dag.py:3954} INFO - Setting next_dagrun for supplychain_pipeline_dag to 2025-10-06 16:00:00+00:00, run_after=2025-10-06 16:30:00+00:00
[2025-10-06T16:16:17.557+0000] {processor.py:183} INFO - Processing /opt/airflow/dags/supplychain_pipeline_dag.py took 4.357 seconds
[2025-10-06T16:16:47.986+0000] {processor.py:161} INFO - Started process (PID=2153) to work on /opt/airflow/dags/supplychain_pipeline_dag.py
[2025-10-06T16:16:47.988+0000] {processor.py:830} INFO - Processing file /opt/airflow/dags/supplychain_pipeline_dag.py for tasks to queue
[2025-10-06T16:16:47.993+0000] {logging_mixin.py:188} INFO - [2025-10-06T16:16:47.992+0000] {dagbag.py:545} INFO - Filling up the DagBag from /opt/airflow/dags/supplychain_pipeline_dag.py
[2025-10-06T16:22:03.846+0000] {processor.py:161} INFO - Started process (PID=2156) to work on /opt/airflow/dags/supplychain_pipeline_dag.py
[2025-10-06T16:22:03.849+0000] {processor.py:830} INFO - Processing file /opt/airflow/dags/supplychain_pipeline_dag.py for tasks to queue
[2025-10-06T16:22:03.852+0000] {logging_mixin.py:188} INFO - [2025-10-06T16:22:03.851+0000] {dagbag.py:545} INFO - Filling up the DagBag from /opt/airflow/dags/supplychain_pipeline_dag.py
[2025-10-06T16:22:09.358+0000] {logging_mixin.py:188} INFO - [2025-10-06T16:22:09.357+0000] {config.py:75} INFO - Settings loaded (env=default)
[2025-10-06T16:22:09.543+0000] {processor.py:840} INFO - DAG(s) 'supplychain_pipeline_dag' retrieved from /opt/airflow/dags/supplychain_pipeline_dag.py
[2025-10-06T16:22:09.834+0000] {logging_mixin.py:188} INFO - [2025-10-06T16:22:09.833+0000] {dag.py:3096} INFO - Sync 1 DAGs
[2025-10-06T16:22:09.877+0000] {logging_mixin.py:188} INFO - [2025-10-06T16:22:09.877+0000] {dag.py:3954} INFO - Setting next_dagrun for supplychain_pipeline_dag to 2025-10-06 16:00:00+00:00, run_after=2025-10-06 16:30:00+00:00
[2025-10-06T16:22:09.930+0000] {processor.py:183} INFO - Processing /opt/airflow/dags/supplychain_pipeline_dag.py took 6.128 seconds
[2025-10-06T16:22:55.443+0000] {processor.py:161} INFO - Started process (PID=2178) to work on /opt/airflow/dags/supplychain_pipeline_dag.py
[2025-10-06T16:22:55.447+0000] {processor.py:830} INFO - Processing file /opt/airflow/dags/supplychain_pipeline_dag.py for tasks to queue
[2025-10-06T16:22:55.450+0000] {logging_mixin.py:188} INFO - [2025-10-06T16:22:55.449+0000] {dagbag.py:545} INFO - Filling up the DagBag from /opt/airflow/dags/supplychain_pipeline_dag.py
[2025-10-06T16:23:01.640+0000] {logging_mixin.py:188} INFO - [2025-10-06T16:23:01.639+0000] {config.py:75} INFO - Settings loaded (env=default)
[2025-10-06T16:23:01.877+0000] {processor.py:840} INFO - DAG(s) 'supplychain_pipeline_dag' retrieved from /opt/airflow/dags/supplychain_pipeline_dag.py
[2025-10-06T16:23:01.973+0000] {logging_mixin.py:188} INFO - [2025-10-06T16:23:01.972+0000] {dag.py:3096} INFO - Sync 1 DAGs
[2025-10-06T16:23:02.018+0000] {logging_mixin.py:188} INFO - [2025-10-06T16:23:02.018+0000] {dag.py:3954} INFO - Setting next_dagrun for supplychain_pipeline_dag to 2025-10-06 16:00:00+00:00, run_after=2025-10-06 16:30:00+00:00
[2025-10-06T16:23:02.060+0000] {processor.py:183} INFO - Processing /opt/airflow/dags/supplychain_pipeline_dag.py took 6.634 seconds
