[2025-10-06T16:00:16.327+0000] {local_task_job_runner.py:120} INFO - ::group::Pre task execution logs
[2025-10-06T16:00:16.374+0000] {taskinstance.py:2076} INFO - Dependencies all met for dep_context=non-requeueable deps ti=<TaskInstance: supplychain_pipeline_dag.analytics_alerts_group.analytics scheduled__2025-10-06T15:30:00+00:00 [queued]>
[2025-10-06T16:00:16.393+0000] {taskinstance.py:2076} INFO - Dependencies all met for dep_context=requeueable deps ti=<TaskInstance: supplychain_pipeline_dag.analytics_alerts_group.analytics scheduled__2025-10-06T15:30:00+00:00 [queued]>
[2025-10-06T16:00:16.395+0000] {taskinstance.py:2306} INFO - Starting attempt 1 of 4
[2025-10-06T16:00:16.424+0000] {taskinstance.py:2330} INFO - Executing <Task(PythonOperator): analytics_alerts_group.analytics> on 2025-10-06 15:30:00+00:00
[2025-10-06T16:00:16.461+0000] {standard_task_runner.py:90} INFO - Running: ['***', 'tasks', 'run', 'supplychain_pipeline_dag', 'analytics_alerts_group.analytics', 'scheduled__2025-10-06T15:30:00+00:00', '--job-id', '58', '--raw', '--subdir', 'DAGS_FOLDER/supplychain_pipeline_dag.py', '--cfg-path', '/tmp/tmpzqt4c3q_']
[2025-10-06T16:00:16.472+0000] {standard_task_runner.py:91} INFO - Job 58: Subtask analytics_alerts_group.analytics
[2025-10-06T16:00:16.473+0000] {logging_mixin.py:188} WARNING - /home/***/.local/lib/python3.12/site-packages/***/task/task_runner/standard_task_runner.py:61 DeprecationWarning: This process (pid=1456) is multi-threaded, use of fork() may lead to deadlocks in the child.
[2025-10-06T16:00:16.476+0000] {standard_task_runner.py:63} INFO - Started process 1476 to run task
[2025-10-06T16:00:16.625+0000] {task_command.py:426} INFO - Running <TaskInstance: supplychain_pipeline_dag.analytics_alerts_group.analytics scheduled__2025-10-06T15:30:00+00:00 [running]> on host 843049cc59c8
[2025-10-06T16:00:16.862+0000] {taskinstance.py:2648} INFO - Exporting env vars: AIRFLOW_CTX_DAG_OWNER='***' AIRFLOW_CTX_DAG_ID='supplychain_pipeline_dag' AIRFLOW_CTX_TASK_ID='analytics_alerts_group.analytics' AIRFLOW_CTX_EXECUTION_DATE='2025-10-06T15:30:00+00:00' AIRFLOW_CTX_TRY_NUMBER='1' AIRFLOW_CTX_DAG_RUN_ID='scheduled__2025-10-06T15:30:00+00:00'
[2025-10-06T16:00:16.867+0000] {taskinstance.py:430} INFO - ::endgroup::
[2025-10-06T16:00:16.906+0000] {pipeline.py:12} INFO - Starting analytics pipeline
[2025-10-06T16:00:16.910+0000] {config.py:75} INFO - Settings loaded (env=default)
[2025-10-06T16:00:17.002+0000] {pipeline.py:17} INFO - Running Customer KPI Risk Predictions
[2025-10-06T16:00:17.003+0000] {customer_risk.py:219} INFO - Starting Customer KPI Risk Pipeline...
[2025-10-06T16:00:17.005+0000] {customer_risk.py:51} INFO - Calculating real OTIF % from last 180 days of order data...
[2025-10-06T16:00:18.358+0000] {_client.py:1025} INFO - HTTP Request: GET https://ytuiqgrpbwdxrmbzssrb.supabase.co/rest/v1/fact_order_line?select=customer_id%2Corder_placement_date%2C%22On+Time%22%2C%22In+Full%22%2C%22On+Time+In+Full%22&order_placement_date=gte.2025-04-09 "HTTP/2 200 OK"
[2025-10-06T16:00:18.803+0000] {_client.py:1025} INFO - HTTP Request: GET https://ytuiqgrpbwdxrmbzssrb.supabase.co/rest/v1/dim_targets_order?select=%2A "HTTP/2 200 OK"
[2025-10-06T16:00:19.084+0000] {_client.py:1025} INFO - HTTP Request: GET https://ytuiqgrpbwdxrmbzssrb.supabase.co/rest/v1/dim_customers?select=customer_id%2Ccity "HTTP/2 200 OK"
[2025-10-06T16:00:19.094+0000] {customer_risk.py:122} INFO - Calculated OTIF, trends, and time-based features for 35 customers.
[2025-10-06T16:00:19.096+0000] {customer_risk.py:129} INFO - Preparing dataset with engineered features...
[2025-10-06T16:00:19.106+0000] {customer_risk.py:161} INFO - Dataset prepared with 35 rows and features: ['otif_pct', 'on_time_pct', 'in_full_pct', 'total_orders', 'target_otif', 'target_ontime', 'target_infull', 'recent_otif_trend', 'city_encoded', 'avg_days_since_last_order', 'avg_order_day_of_week', 'avg_order_month']
[2025-10-06T16:00:19.108+0000] {customer_risk.py:168} INFO - Generating predictions...
[2025-10-06T16:00:19.164+0000] {logging_mixin.py:188} INFO - [LightGBM] [Warning] min_data_in_leaf is set=1, min_child_samples=20 will be ignored. Current value: min_data_in_leaf=1
[2025-10-06T16:00:19.171+0000] {logging_mixin.py:188} INFO - [LightGBM] [Warning] min_data_in_leaf is set=1, min_child_samples=20 will be ignored. Current value: min_data_in_leaf=1
[2025-10-06T16:00:19.173+0000] {logging_mixin.py:188} INFO - [LightGBM] [Info] Number of positive: 31, number of negative: 4
[2025-10-06T16:00:19.184+0000] {logging_mixin.py:188} INFO - [LightGBM] [Info] Auto-choosing row-wise multi-threading, the overhead of testing was 0.002870 seconds.
You can set `force_row_wise=true` to remove the overhead.
And if memory is not enough, you can set `force_col_wise=true`.
[2025-10-06T16:00:19.186+0000] {logging_mixin.py:188} INFO - [LightGBM] [Info] Total Bins 129
[2025-10-06T16:00:19.188+0000] {logging_mixin.py:188} INFO - [LightGBM] [Info] Number of data points in the train set: 35, number of used features: 12
[2025-10-06T16:00:19.190+0000] {logging_mixin.py:188} INFO - [LightGBM] [Info] [binary:BoostFromScore]: pavg=0.885714 -> initscore=2.047693
[2025-10-06T16:00:19.193+0000] {logging_mixin.py:188} INFO - [LightGBM] [Info] Start training from score 2.047693
[2025-10-06T16:00:19.197+0000] {logging_mixin.py:188} INFO - [LightGBM] [Warning] No further splits with positive gain, best gain: -inf
[2025-10-06T16:00:19.198+0000] {logging_mixin.py:188} INFO - [LightGBM] [Warning] No further splits with positive gain, best gain: -inf
[2025-10-06T16:00:19.200+0000] {logging_mixin.py:188} INFO - [LightGBM] [Warning] No further splits with positive gain, best gain: -inf
[2025-10-06T16:00:19.201+0000] {logging_mixin.py:188} INFO - [LightGBM] [Warning] No further splits with positive gain, best gain: -inf
[2025-10-06T16:00:19.202+0000] {logging_mixin.py:188} INFO - [LightGBM] [Warning] No further splits with positive gain, best gain: -inf
[2025-10-06T16:00:19.204+0000] {logging_mixin.py:188} INFO - [LightGBM] [Warning] No further splits with positive gain, best gain: -inf
[2025-10-06T16:00:19.205+0000] {logging_mixin.py:188} INFO - [LightGBM] [Warning] No further splits with positive gain, best gain: -inf
[2025-10-06T16:00:19.209+0000] {logging_mixin.py:188} INFO - [LightGBM] [Warning] No further splits with positive gain, best gain: -inf
[2025-10-06T16:00:19.211+0000] {logging_mixin.py:188} INFO - [LightGBM] [Warning] No further splits with positive gain, best gain: -inf
[2025-10-06T16:00:19.212+0000] {logging_mixin.py:188} INFO - [LightGBM] [Warning] No further splits with positive gain, best gain: -inf
[2025-10-06T16:00:19.214+0000] {logging_mixin.py:188} INFO - [LightGBM] [Warning] No further splits with positive gain, best gain: -inf
[2025-10-06T16:00:19.215+0000] {logging_mixin.py:188} INFO - [LightGBM] [Warning] No further splits with positive gain, best gain: -inf
[2025-10-06T16:00:19.216+0000] {logging_mixin.py:188} INFO - [LightGBM] [Warning] No further splits with positive gain, best gain: -inf
[2025-10-06T16:00:19.217+0000] {logging_mixin.py:188} INFO - [LightGBM] [Warning] No further splits with positive gain, best gain: -inf
[2025-10-06T16:00:19.219+0000] {logging_mixin.py:188} INFO - [LightGBM] [Warning] No further splits with positive gain, best gain: -inf
[2025-10-06T16:00:19.221+0000] {logging_mixin.py:188} INFO - [LightGBM] [Warning] No further splits with positive gain, best gain: -inf
[2025-10-06T16:00:19.223+0000] {logging_mixin.py:188} INFO - [LightGBM] [Warning] No further splits with positive gain, best gain: -inf
[2025-10-06T16:00:19.225+0000] {logging_mixin.py:188} INFO - [LightGBM] [Warning] No further splits with positive gain, best gain: -inf
[2025-10-06T16:00:19.226+0000] {logging_mixin.py:188} INFO - [LightGBM] [Warning] No further splits with positive gain, best gain: -inf
[2025-10-06T16:00:19.227+0000] {logging_mixin.py:188} INFO - [LightGBM] [Warning] No further splits with positive gain, best gain: -inf
[2025-10-06T16:00:19.229+0000] {logging_mixin.py:188} INFO - [LightGBM] [Warning] No further splits with positive gain, best gain: -inf
[2025-10-06T16:00:19.230+0000] {logging_mixin.py:188} INFO - [LightGBM] [Warning] No further splits with positive gain, best gain: -inf
[2025-10-06T16:00:19.231+0000] {logging_mixin.py:188} INFO - [LightGBM] [Warning] No further splits with positive gain, best gain: -inf
[2025-10-06T16:00:19.232+0000] {logging_mixin.py:188} INFO - [LightGBM] [Warning] No further splits with positive gain, best gain: -inf
[2025-10-06T16:00:19.234+0000] {logging_mixin.py:188} INFO - [LightGBM] [Warning] No further splits with positive gain, best gain: -inf
[2025-10-06T16:00:19.235+0000] {logging_mixin.py:188} INFO - [LightGBM] [Warning] No further splits with positive gain, best gain: -inf
[2025-10-06T16:00:19.236+0000] {logging_mixin.py:188} INFO - [LightGBM] [Warning] No further splits with positive gain, best gain: -inf
[2025-10-06T16:00:19.238+0000] {logging_mixin.py:188} INFO - [LightGBM] [Warning] No further splits with positive gain, best gain: -inf
[2025-10-06T16:00:19.239+0000] {logging_mixin.py:188} INFO - [LightGBM] [Warning] No further splits with positive gain, best gain: -inf
[2025-10-06T16:00:19.240+0000] {logging_mixin.py:188} INFO - [LightGBM] [Warning] No further splits with positive gain, best gain: -inf
[2025-10-06T16:00:19.241+0000] {logging_mixin.py:188} INFO - [LightGBM] [Warning] No further splits with positive gain, best gain: -inf
[2025-10-06T16:00:19.243+0000] {logging_mixin.py:188} INFO - [LightGBM] [Warning] No further splits with positive gain, best gain: -inf
[2025-10-06T16:00:19.244+0000] {logging_mixin.py:188} INFO - [LightGBM] [Warning] No further splits with positive gain, best gain: -inf
[2025-10-06T16:00:19.246+0000] {logging_mixin.py:188} INFO - [LightGBM] [Warning] No further splits with positive gain, best gain: -inf
[2025-10-06T16:00:19.247+0000] {logging_mixin.py:188} INFO - [LightGBM] [Warning] No further splits with positive gain, best gain: -inf
[2025-10-06T16:00:19.249+0000] {logging_mixin.py:188} INFO - [LightGBM] [Warning] No further splits with positive gain, best gain: -inf
[2025-10-06T16:00:19.255+0000] {logging_mixin.py:188} INFO - [LightGBM] [Warning] No further splits with positive gain, best gain: -inf
[2025-10-06T16:00:19.257+0000] {logging_mixin.py:188} INFO - [LightGBM] [Warning] No further splits with positive gain, best gain: -inf
[2025-10-06T16:00:19.258+0000] {logging_mixin.py:188} INFO - [LightGBM] [Warning] No further splits with positive gain, best gain: -inf
[2025-10-06T16:00:19.260+0000] {logging_mixin.py:188} INFO - [LightGBM] [Warning] No further splits with positive gain, best gain: -inf
[2025-10-06T16:00:19.261+0000] {logging_mixin.py:188} INFO - [LightGBM] [Warning] No further splits with positive gain, best gain: -inf
[2025-10-06T16:00:19.262+0000] {logging_mixin.py:188} INFO - [LightGBM] [Warning] No further splits with positive gain, best gain: -inf
[2025-10-06T16:00:19.264+0000] {logging_mixin.py:188} INFO - [LightGBM] [Warning] No further splits with positive gain, best gain: -inf
[2025-10-06T16:00:19.265+0000] {logging_mixin.py:188} INFO - [LightGBM] [Warning] No further splits with positive gain, best gain: -inf
[2025-10-06T16:00:19.269+0000] {logging_mixin.py:188} INFO - [LightGBM] [Warning] No further splits with positive gain, best gain: -inf
[2025-10-06T16:00:19.271+0000] {logging_mixin.py:188} INFO - [LightGBM] [Warning] No further splits with positive gain, best gain: -inf
[2025-10-06T16:00:19.273+0000] {logging_mixin.py:188} INFO - [LightGBM] [Warning] No further splits with positive gain, best gain: -inf
[2025-10-06T16:00:19.274+0000] {logging_mixin.py:188} INFO - [LightGBM] [Warning] No further splits with positive gain, best gain: -inf
[2025-10-06T16:00:19.275+0000] {logging_mixin.py:188} INFO - [LightGBM] [Warning] No further splits with positive gain, best gain: -inf
[2025-10-06T16:00:19.277+0000] {logging_mixin.py:188} INFO - [LightGBM] [Warning] No further splits with positive gain, best gain: -inf
[2025-10-06T16:00:19.286+0000] {logging_mixin.py:188} INFO - [LightGBM] [Warning] min_data_in_leaf is set=1, min_child_samples=20 will be ignored. Current value: min_data_in_leaf=1
[2025-10-06T16:00:19.288+0000] {customer_risk.py:195} INFO - Uploading risk predictions to Supabase...
[2025-10-06T16:00:19.636+0000] {_client.py:1025} INFO - HTTP Request: POST https://ytuiqgrpbwdxrmbzssrb.supabase.co/rest/v1/kpi_risk_predictions?columns=%22risk_score%22%2C%22risk_label%22%2C%22customer_id%22%2C%22prediction_date%22 "HTTP/2 201 Created"
[2025-10-06T16:00:19.640+0000] {customer_risk.py:213} INFO - Successfully inserted 35 predictions.
[2025-10-06T16:00:19.642+0000] {customer_risk.py:230} INFO - Customer risk pipeline completed successfully.
[2025-10-06T16:00:19.644+0000] {pipeline.py:20} INFO - Running KPI analysis
[2025-10-06T16:00:20.405+0000] {_client.py:1025} INFO - HTTP Request: GET https://ytuiqgrpbwdxrmbzssrb.supabase.co/rest/v1/kpi_summary?select=%2A "HTTP/2 200 OK"
[2025-10-06T16:00:20.463+0000] {kpi_analysis.py:16} INFO - Fetched 35 KPI summary rows
[2025-10-06T16:00:20.465+0000] {pipeline.py:22} INFO - KPI analysis complete (35 records)
[2025-10-06T16:00:20.466+0000] {pipeline.py:24} INFO - Running demand forecasting
[2025-10-06T16:00:20.467+0000] {forecasting.py:9} INFO - Running demand forecasting
[2025-10-06T16:00:20.744+0000] {_client.py:1025} INFO - HTTP Request: GET https://ytuiqgrpbwdxrmbzssrb.supabase.co/rest/v1/fact_order_line?select=order_placement_date%2Cproduct_id%2Corder_qty "HTTP/2 200 OK"
[2025-10-06T16:00:20.897+0000] {filesystem.py:118} DEBUG - input tempfile: /tmp/tmpa3gtbqkn/sko45lab.json
[2025-10-06T16:00:20.917+0000] {filesystem.py:118} DEBUG - input tempfile: /tmp/tmpa3gtbqkn/6x4eycn2.json
[2025-10-06T16:00:20.921+0000] {model.py:2042} DEBUG - idx 0
[2025-10-06T16:00:20.924+0000] {model.py:2043} DEBUG - running CmdStan, num_threads: None
[2025-10-06T16:00:20.926+0000] {model.py:2055} DEBUG - CmdStan args: ['/home/***/.local/lib/python3.12/site-packages/prophet/stan_model/prophet_model.bin', 'random', 'seed=4710', 'data', 'file=/tmp/tmpa3gtbqkn/sko45lab.json', 'init=/tmp/tmpa3gtbqkn/6x4eycn2.json', 'output', 'file=/tmp/tmpa3gtbqkn/prophet_model7q_0wn15/prophet_model-20251006160020.csv', 'method=optimize', 'algorithm=lbfgs', 'iter=10000']
[2025-10-06T16:00:20.927+0000] {logging_mixin.py:188} WARNING - 16:00:20 - cmdstanpy - INFO - Chain [1] start processing
[2025-10-06T16:00:20.927+0000] {model.py:2058} INFO - Chain [1] start processing
[2025-10-06T16:00:20.958+0000] {logging_mixin.py:188} WARNING - 16:00:20 - cmdstanpy - INFO - Chain [1] done processing
[2025-10-06T16:00:20.958+0000] {model.py:2115} INFO - Chain [1] done processing
[2025-10-06T16:00:21.117+0000] {forecasting.py:68} WARNING - High MAPE (100.0%) for product 25891101 — forecast may be unreliable
[2025-10-06T16:00:21.401+0000] {_client.py:1025} INFO - HTTP Request: POST https://ytuiqgrpbwdxrmbzssrb.supabase.co/rest/v1/policy_recommendations "HTTP/2 201 Created"
[2025-10-06T16:00:21.403+0000] {forecasting.py:84} INFO - Forecast for product 25891101: 116 units (MAPE: 100.0%)
[2025-10-06T16:00:21.449+0000] {filesystem.py:118} DEBUG - input tempfile: /tmp/tmpa3gtbqkn/c_9b2o8e.json
[2025-10-06T16:00:21.467+0000] {filesystem.py:118} DEBUG - input tempfile: /tmp/tmpa3gtbqkn/t5hubyuh.json
[2025-10-06T16:00:21.471+0000] {model.py:2042} DEBUG - idx 0
[2025-10-06T16:00:21.472+0000] {model.py:2043} DEBUG - running CmdStan, num_threads: None
[2025-10-06T16:00:21.473+0000] {model.py:2055} DEBUG - CmdStan args: ['/home/***/.local/lib/python3.12/site-packages/prophet/stan_model/prophet_model.bin', 'random', 'seed=88470', 'data', 'file=/tmp/tmpa3gtbqkn/c_9b2o8e.json', 'init=/tmp/tmpa3gtbqkn/t5hubyuh.json', 'output', 'file=/tmp/tmpa3gtbqkn/prophet_modelg5ips90b/prophet_model-20251006160021.csv', 'method=optimize', 'algorithm=lbfgs', 'iter=10000']
[2025-10-06T16:00:21.475+0000] {logging_mixin.py:188} WARNING - 16:00:21 - cmdstanpy - INFO - Chain [1] start processing
[2025-10-06T16:00:21.474+0000] {model.py:2058} INFO - Chain [1] start processing
[2025-10-06T16:00:21.495+0000] {logging_mixin.py:188} WARNING - 16:00:21 - cmdstanpy - INFO - Chain [1] done processing
[2025-10-06T16:00:21.495+0000] {model.py:2115} INFO - Chain [1] done processing
[2025-10-06T16:00:21.611+0000] {forecasting.py:68} WARNING - High MAPE (62.3%) for product 25891102 — forecast may be unreliable
[2025-10-06T16:00:22.880+0000] {_client.py:1025} INFO - HTTP Request: POST https://ytuiqgrpbwdxrmbzssrb.supabase.co/rest/v1/policy_recommendations "HTTP/2 201 Created"
[2025-10-06T16:00:24.991+0000] {forecasting.py:84} INFO - Forecast for product 25891102: 1527 units (MAPE: 62.3%)
[2025-10-06T16:00:25.029+0000] {filesystem.py:118} DEBUG - input tempfile: /tmp/tmpa3gtbqkn/um_46l2f.json
[2025-10-06T16:00:25.047+0000] {filesystem.py:118} DEBUG - input tempfile: /tmp/tmpa3gtbqkn/x8d7ft31.json
[2025-10-06T16:00:25.051+0000] {model.py:2042} DEBUG - idx 0
[2025-10-06T16:00:25.052+0000] {model.py:2043} DEBUG - running CmdStan, num_threads: None
[2025-10-06T16:00:25.053+0000] {model.py:2055} DEBUG - CmdStan args: ['/home/***/.local/lib/python3.12/site-packages/prophet/stan_model/prophet_model.bin', 'random', 'seed=57186', 'data', 'file=/tmp/tmpa3gtbqkn/um_46l2f.json', 'init=/tmp/tmpa3gtbqkn/x8d7ft31.json', 'output', 'file=/tmp/tmpa3gtbqkn/prophet_model04f8p_0y/prophet_model-20251006160025.csv', 'method=optimize', 'algorithm=lbfgs', 'iter=10000']
[2025-10-06T16:00:25.055+0000] {logging_mixin.py:188} WARNING - 16:00:25 - cmdstanpy - INFO - Chain [1] start processing
[2025-10-06T16:00:25.055+0000] {model.py:2058} INFO - Chain [1] start processing
[2025-10-06T16:00:25.078+0000] {logging_mixin.py:188} WARNING - 16:00:25 - cmdstanpy - INFO - Chain [1] done processing
[2025-10-06T16:00:25.078+0000] {model.py:2115} INFO - Chain [1] done processing
[2025-10-06T16:00:25.196+0000] {forecasting.py:68} WARNING - High MAPE (100.0%) for product 25891103 — forecast may be unreliable
[2025-10-06T16:00:25.451+0000] {_client.py:1025} INFO - HTTP Request: POST https://ytuiqgrpbwdxrmbzssrb.supabase.co/rest/v1/policy_recommendations "HTTP/2 201 Created"
[2025-10-06T16:00:25.455+0000] {forecasting.py:84} INFO - Forecast for product 25891103: 42 units (MAPE: 100.0%)
[2025-10-06T16:00:25.499+0000] {filesystem.py:118} DEBUG - input tempfile: /tmp/tmpa3gtbqkn/hw83l51i.json
[2025-10-06T16:00:25.519+0000] {filesystem.py:118} DEBUG - input tempfile: /tmp/tmpa3gtbqkn/pmfzlqdy.json
[2025-10-06T16:00:25.523+0000] {model.py:2042} DEBUG - idx 0
[2025-10-06T16:00:25.524+0000] {model.py:2043} DEBUG - running CmdStan, num_threads: None
[2025-10-06T16:00:25.525+0000] {model.py:2055} DEBUG - CmdStan args: ['/home/***/.local/lib/python3.12/site-packages/prophet/stan_model/prophet_model.bin', 'random', 'seed=2143', 'data', 'file=/tmp/tmpa3gtbqkn/hw83l51i.json', 'init=/tmp/tmpa3gtbqkn/pmfzlqdy.json', 'output', 'file=/tmp/tmpa3gtbqkn/prophet_modelnhzndanb/prophet_model-20251006160025.csv', 'method=optimize', 'algorithm=lbfgs', 'iter=10000']
[2025-10-06T16:00:25.527+0000] {logging_mixin.py:188} WARNING - 16:00:25 - cmdstanpy - INFO - Chain [1] start processing
[2025-10-06T16:00:25.527+0000] {model.py:2058} INFO - Chain [1] start processing
[2025-10-06T16:00:25.560+0000] {logging_mixin.py:188} WARNING - 16:00:25 - cmdstanpy - INFO - Chain [1] done processing
[2025-10-06T16:00:25.559+0000] {model.py:2115} INFO - Chain [1] done processing
[2025-10-06T16:00:25.690+0000] {forecasting.py:68} WARNING - High MAPE (100.0%) for product 25891201 — forecast may be unreliable
[2025-10-06T16:00:26.004+0000] {_client.py:1025} INFO - HTTP Request: POST https://ytuiqgrpbwdxrmbzssrb.supabase.co/rest/v1/policy_recommendations "HTTP/2 201 Created"
[2025-10-06T16:00:26.007+0000] {forecasting.py:84} INFO - Forecast for product 25891201: 22 units (MAPE: 100.0%)
[2025-10-06T16:00:26.045+0000] {filesystem.py:118} DEBUG - input tempfile: /tmp/tmpa3gtbqkn/isx4dz1c.json
[2025-10-06T16:00:26.066+0000] {filesystem.py:118} DEBUG - input tempfile: /tmp/tmpa3gtbqkn/msvonj0t.json
[2025-10-06T16:00:26.069+0000] {model.py:2042} DEBUG - idx 0
[2025-10-06T16:00:26.071+0000] {model.py:2043} DEBUG - running CmdStan, num_threads: None
[2025-10-06T16:00:26.072+0000] {model.py:2055} DEBUG - CmdStan args: ['/home/***/.local/lib/python3.12/site-packages/prophet/stan_model/prophet_model.bin', 'random', 'seed=82429', 'data', 'file=/tmp/tmpa3gtbqkn/isx4dz1c.json', 'init=/tmp/tmpa3gtbqkn/msvonj0t.json', 'output', 'file=/tmp/tmpa3gtbqkn/prophet_model69lbavid/prophet_model-20251006160026.csv', 'method=optimize', 'algorithm=lbfgs', 'iter=10000']
[2025-10-06T16:00:26.073+0000] {logging_mixin.py:188} WARNING - 16:00:26 - cmdstanpy - INFO - Chain [1] start processing
[2025-10-06T16:00:26.073+0000] {model.py:2058} INFO - Chain [1] start processing
[2025-10-06T16:00:26.096+0000] {logging_mixin.py:188} WARNING - 16:00:26 - cmdstanpy - INFO - Chain [1] done processing
[2025-10-06T16:00:26.096+0000] {model.py:2115} INFO - Chain [1] done processing
[2025-10-06T16:00:26.479+0000] {_client.py:1025} INFO - HTTP Request: POST https://ytuiqgrpbwdxrmbzssrb.supabase.co/rest/v1/policy_recommendations "HTTP/2 201 Created"
[2025-10-06T16:00:26.483+0000] {forecasting.py:84} INFO - Forecast for product 25891202: 1249 units (MAPE: 38.8%)
[2025-10-06T16:00:26.532+0000] {filesystem.py:118} DEBUG - input tempfile: /tmp/tmpa3gtbqkn/y9ppf2r_.json
[2025-10-06T16:00:26.557+0000] {filesystem.py:118} DEBUG - input tempfile: /tmp/tmpa3gtbqkn/q24680k5.json
[2025-10-06T16:00:26.561+0000] {model.py:2042} DEBUG - idx 0
[2025-10-06T16:00:26.563+0000] {model.py:2043} DEBUG - running CmdStan, num_threads: None
[2025-10-06T16:00:26.565+0000] {model.py:2055} DEBUG - CmdStan args: ['/home/***/.local/lib/python3.12/site-packages/prophet/stan_model/prophet_model.bin', 'random', 'seed=6550', 'data', 'file=/tmp/tmpa3gtbqkn/y9ppf2r_.json', 'init=/tmp/tmpa3gtbqkn/q24680k5.json', 'output', 'file=/tmp/tmpa3gtbqkn/prophet_modelpm522oe_/prophet_model-20251006160026.csv', 'method=optimize', 'algorithm=lbfgs', 'iter=10000']
[2025-10-06T16:00:26.567+0000] {logging_mixin.py:188} WARNING - 16:00:26 - cmdstanpy - INFO - Chain [1] start processing
[2025-10-06T16:00:26.567+0000] {model.py:2058} INFO - Chain [1] start processing
[2025-10-06T16:00:26.603+0000] {logging_mixin.py:188} WARNING - 16:00:26 - cmdstanpy - INFO - Chain [1] done processing
[2025-10-06T16:00:26.602+0000] {model.py:2115} INFO - Chain [1] done processing
[2025-10-06T16:00:27.316+0000] {_client.py:1025} INFO - HTTP Request: POST https://ytuiqgrpbwdxrmbzssrb.supabase.co/rest/v1/policy_recommendations "HTTP/2 201 Created"
[2025-10-06T16:00:27.320+0000] {forecasting.py:84} INFO - Forecast for product 25891203: 828 units (MAPE: 6.4%)
[2025-10-06T16:00:27.364+0000] {filesystem.py:118} DEBUG - input tempfile: /tmp/tmpa3gtbqkn/zfhu4ns4.json
[2025-10-06T16:00:27.383+0000] {filesystem.py:118} DEBUG - input tempfile: /tmp/tmpa3gtbqkn/lil2c1t_.json
[2025-10-06T16:00:27.387+0000] {model.py:2042} DEBUG - idx 0
[2025-10-06T16:00:27.388+0000] {model.py:2043} DEBUG - running CmdStan, num_threads: None
[2025-10-06T16:00:27.389+0000] {model.py:2055} DEBUG - CmdStan args: ['/home/***/.local/lib/python3.12/site-packages/prophet/stan_model/prophet_model.bin', 'random', 'seed=84115', 'data', 'file=/tmp/tmpa3gtbqkn/zfhu4ns4.json', 'init=/tmp/tmpa3gtbqkn/lil2c1t_.json', 'output', 'file=/tmp/tmpa3gtbqkn/prophet_modelrgqye889/prophet_model-20251006160027.csv', 'method=optimize', 'algorithm=lbfgs', 'iter=10000']
[2025-10-06T16:00:27.391+0000] {logging_mixin.py:188} WARNING - 16:00:27 - cmdstanpy - INFO - Chain [1] start processing
[2025-10-06T16:00:27.391+0000] {model.py:2058} INFO - Chain [1] start processing
[2025-10-06T16:00:27.420+0000] {logging_mixin.py:188} WARNING - 16:00:27 - cmdstanpy - INFO - Chain [1] done processing
[2025-10-06T16:00:27.420+0000] {model.py:2115} INFO - Chain [1] done processing
[2025-10-06T16:00:27.565+0000] {forecasting.py:68} WARNING - High MAPE (51.6%) for product 25891301 — forecast may be unreliable
[2025-10-06T16:00:27.788+0000] {_client.py:1025} INFO - HTTP Request: POST https://ytuiqgrpbwdxrmbzssrb.supabase.co/rest/v1/policy_recommendations "HTTP/2 201 Created"
[2025-10-06T16:00:27.791+0000] {forecasting.py:84} INFO - Forecast for product 25891301: 264 units (MAPE: 51.6%)
[2025-10-06T16:00:27.827+0000] {filesystem.py:118} DEBUG - input tempfile: /tmp/tmpa3gtbqkn/u35syw50.json
[2025-10-06T16:00:27.849+0000] {filesystem.py:118} DEBUG - input tempfile: /tmp/tmpa3gtbqkn/psb9e9vi.json
[2025-10-06T16:00:27.852+0000] {model.py:2042} DEBUG - idx 0
[2025-10-06T16:00:27.854+0000] {model.py:2043} DEBUG - running CmdStan, num_threads: None
[2025-10-06T16:00:27.855+0000] {model.py:2055} DEBUG - CmdStan args: ['/home/***/.local/lib/python3.12/site-packages/prophet/stan_model/prophet_model.bin', 'random', 'seed=67268', 'data', 'file=/tmp/tmpa3gtbqkn/u35syw50.json', 'init=/tmp/tmpa3gtbqkn/psb9e9vi.json', 'output', 'file=/tmp/tmpa3gtbqkn/prophet_modelgcdl_2ch/prophet_model-20251006160027.csv', 'method=optimize', 'algorithm=lbfgs', 'iter=10000']
[2025-10-06T16:00:27.857+0000] {logging_mixin.py:188} WARNING - 16:00:27 - cmdstanpy - INFO - Chain [1] start processing
[2025-10-06T16:00:27.856+0000] {model.py:2058} INFO - Chain [1] start processing
[2025-10-06T16:00:27.878+0000] {logging_mixin.py:188} WARNING - 16:00:27 - cmdstanpy - INFO - Chain [1] done processing
[2025-10-06T16:00:27.878+0000] {model.py:2115} INFO - Chain [1] done processing
[2025-10-06T16:00:28.029+0000] {forecasting.py:68} WARNING - High MAPE (90.0%) for product 25891302 — forecast may be unreliable
[2025-10-06T16:00:28.276+0000] {_client.py:1025} INFO - HTTP Request: POST https://ytuiqgrpbwdxrmbzssrb.supabase.co/rest/v1/policy_recommendations "HTTP/2 201 Created"
[2025-10-06T16:00:28.279+0000] {forecasting.py:84} INFO - Forecast for product 25891302: 32 units (MAPE: 90.0%)
[2025-10-06T16:00:28.314+0000] {filesystem.py:118} DEBUG - input tempfile: /tmp/tmpa3gtbqkn/08j0_9yq.json
[2025-10-06T16:00:28.334+0000] {filesystem.py:118} DEBUG - input tempfile: /tmp/tmpa3gtbqkn/kh4oby64.json
[2025-10-06T16:00:28.343+0000] {model.py:2042} DEBUG - idx 0
[2025-10-06T16:00:28.345+0000] {model.py:2043} DEBUG - running CmdStan, num_threads: None
[2025-10-06T16:00:28.346+0000] {model.py:2055} DEBUG - CmdStan args: ['/home/***/.local/lib/python3.12/site-packages/prophet/stan_model/prophet_model.bin', 'random', 'seed=52182', 'data', 'file=/tmp/tmpa3gtbqkn/08j0_9yq.json', 'init=/tmp/tmpa3gtbqkn/kh4oby64.json', 'output', 'file=/tmp/tmpa3gtbqkn/prophet_modelc6xfjf0o/prophet_model-20251006160028.csv', 'method=optimize', 'algorithm=lbfgs', 'iter=10000']
[2025-10-06T16:00:28.348+0000] {logging_mixin.py:188} WARNING - 16:00:28 - cmdstanpy - INFO - Chain [1] start processing
[2025-10-06T16:00:28.348+0000] {model.py:2058} INFO - Chain [1] start processing
[2025-10-06T16:00:28.374+0000] {logging_mixin.py:188} WARNING - 16:00:28 - cmdstanpy - INFO - Chain [1] done processing
[2025-10-06T16:00:28.374+0000] {model.py:2115} INFO - Chain [1] done processing
[2025-10-06T16:00:28.517+0000] {forecasting.py:68} WARNING - High MAPE (100.0%) for product 25891303 — forecast may be unreliable
[2025-10-06T16:00:28.813+0000] {_client.py:1025} INFO - HTTP Request: POST https://ytuiqgrpbwdxrmbzssrb.supabase.co/rest/v1/policy_recommendations "HTTP/2 201 Created"
[2025-10-06T16:00:28.816+0000] {forecasting.py:84} INFO - Forecast for product 25891303: 13 units (MAPE: 100.0%)
[2025-10-06T16:00:28.857+0000] {filesystem.py:118} DEBUG - input tempfile: /tmp/tmpa3gtbqkn/9y_pt2mx.json
[2025-10-06T16:00:28.874+0000] {filesystem.py:118} DEBUG - input tempfile: /tmp/tmpa3gtbqkn/lqp1rq3x.json
[2025-10-06T16:00:28.878+0000] {model.py:2042} DEBUG - idx 0
[2025-10-06T16:00:28.879+0000] {model.py:2043} DEBUG - running CmdStan, num_threads: None
[2025-10-06T16:00:28.880+0000] {model.py:2055} DEBUG - CmdStan args: ['/home/***/.local/lib/python3.12/site-packages/prophet/stan_model/prophet_model.bin', 'random', 'seed=48509', 'data', 'file=/tmp/tmpa3gtbqkn/9y_pt2mx.json', 'init=/tmp/tmpa3gtbqkn/lqp1rq3x.json', 'output', 'file=/tmp/tmpa3gtbqkn/prophet_modelots48ssw/prophet_model-20251006160028.csv', 'method=optimize', 'algorithm=lbfgs', 'iter=10000']
[2025-10-06T16:00:28.882+0000] {logging_mixin.py:188} WARNING - 16:00:28 - cmdstanpy - INFO - Chain [1] start processing
[2025-10-06T16:00:28.881+0000] {model.py:2058} INFO - Chain [1] start processing
[2025-10-06T16:00:28.903+0000] {logging_mixin.py:188} WARNING - 16:00:28 - cmdstanpy - INFO - Chain [1] done processing
[2025-10-06T16:00:28.903+0000] {model.py:2115} INFO - Chain [1] done processing
[2025-10-06T16:00:29.033+0000] {forecasting.py:68} WARNING - High MAPE (298.5%) for product 25891401 — forecast may be unreliable
[2025-10-06T16:00:29.289+0000] {_client.py:1025} INFO - HTTP Request: POST https://ytuiqgrpbwdxrmbzssrb.supabase.co/rest/v1/policy_recommendations "HTTP/2 201 Created"
[2025-10-06T16:00:29.292+0000] {forecasting.py:84} INFO - Forecast for product 25891401: 1704 units (MAPE: 298.5%)
[2025-10-06T16:00:29.329+0000] {filesystem.py:118} DEBUG - input tempfile: /tmp/tmpa3gtbqkn/5osvjjoz.json
[2025-10-06T16:00:29.347+0000] {filesystem.py:118} DEBUG - input tempfile: /tmp/tmpa3gtbqkn/fou3g0xi.json
[2025-10-06T16:00:29.350+0000] {model.py:2042} DEBUG - idx 0
[2025-10-06T16:00:29.352+0000] {model.py:2043} DEBUG - running CmdStan, num_threads: None
[2025-10-06T16:00:29.353+0000] {model.py:2055} DEBUG - CmdStan args: ['/home/***/.local/lib/python3.12/site-packages/prophet/stan_model/prophet_model.bin', 'random', 'seed=16086', 'data', 'file=/tmp/tmpa3gtbqkn/5osvjjoz.json', 'init=/tmp/tmpa3gtbqkn/fou3g0xi.json', 'output', 'file=/tmp/tmpa3gtbqkn/prophet_modelfg8kpme3/prophet_model-20251006160029.csv', 'method=optimize', 'algorithm=lbfgs', 'iter=10000']
[2025-10-06T16:00:29.355+0000] {logging_mixin.py:188} WARNING - 16:00:29 - cmdstanpy - INFO - Chain [1] start processing
[2025-10-06T16:00:29.355+0000] {model.py:2058} INFO - Chain [1] start processing
[2025-10-06T16:00:29.385+0000] {logging_mixin.py:188} WARNING - 16:00:29 - cmdstanpy - INFO - Chain [1] done processing
[2025-10-06T16:00:29.385+0000] {model.py:2115} INFO - Chain [1] done processing
[2025-10-06T16:00:29.508+0000] {forecasting.py:68} WARNING - High MAPE (315.4%) for product 25891402 — forecast may be unreliable
[2025-10-06T16:00:29.757+0000] {_client.py:1025} INFO - HTTP Request: POST https://ytuiqgrpbwdxrmbzssrb.supabase.co/rest/v1/policy_recommendations "HTTP/2 201 Created"
[2025-10-06T16:00:29.759+0000] {forecasting.py:84} INFO - Forecast for product 25891402: 2526 units (MAPE: 315.4%)
[2025-10-06T16:00:29.800+0000] {filesystem.py:118} DEBUG - input tempfile: /tmp/tmpa3gtbqkn/gtcz64y1.json
[2025-10-06T16:00:29.818+0000] {filesystem.py:118} DEBUG - input tempfile: /tmp/tmpa3gtbqkn/r3_mxjqf.json
[2025-10-06T16:00:29.822+0000] {model.py:2042} DEBUG - idx 0
[2025-10-06T16:00:29.823+0000] {model.py:2043} DEBUG - running CmdStan, num_threads: None
[2025-10-06T16:00:29.824+0000] {model.py:2055} DEBUG - CmdStan args: ['/home/***/.local/lib/python3.12/site-packages/prophet/stan_model/prophet_model.bin', 'random', 'seed=67078', 'data', 'file=/tmp/tmpa3gtbqkn/gtcz64y1.json', 'init=/tmp/tmpa3gtbqkn/r3_mxjqf.json', 'output', 'file=/tmp/tmpa3gtbqkn/prophet_modelns1gju2e/prophet_model-20251006160029.csv', 'method=optimize', 'algorithm=lbfgs', 'iter=10000']
[2025-10-06T16:00:29.826+0000] {logging_mixin.py:188} WARNING - 16:00:29 - cmdstanpy - INFO - Chain [1] start processing
[2025-10-06T16:00:29.826+0000] {model.py:2058} INFO - Chain [1] start processing
[2025-10-06T16:00:29.850+0000] {logging_mixin.py:188} WARNING - 16:00:29 - cmdstanpy - INFO - Chain [1] done processing
[2025-10-06T16:00:29.850+0000] {model.py:2115} INFO - Chain [1] done processing
[2025-10-06T16:00:29.979+0000] {forecasting.py:68} WARNING - High MAPE (100.0%) for product 25891403 — forecast may be unreliable
[2025-10-06T16:00:30.216+0000] {_client.py:1025} INFO - HTTP Request: POST https://ytuiqgrpbwdxrmbzssrb.supabase.co/rest/v1/policy_recommendations "HTTP/2 201 Created"
[2025-10-06T16:00:30.218+0000] {forecasting.py:84} INFO - Forecast for product 25891403: 56 units (MAPE: 100.0%)
[2025-10-06T16:00:30.252+0000] {filesystem.py:118} DEBUG - input tempfile: /tmp/tmpa3gtbqkn/nsolhq5o.json
[2025-10-06T16:00:30.269+0000] {filesystem.py:118} DEBUG - input tempfile: /tmp/tmpa3gtbqkn/14jf7rf7.json
[2025-10-06T16:00:30.273+0000] {model.py:2042} DEBUG - idx 0
[2025-10-06T16:00:30.274+0000] {model.py:2043} DEBUG - running CmdStan, num_threads: None
[2025-10-06T16:00:30.275+0000] {model.py:2055} DEBUG - CmdStan args: ['/home/***/.local/lib/python3.12/site-packages/prophet/stan_model/prophet_model.bin', 'random', 'seed=88688', 'data', 'file=/tmp/tmpa3gtbqkn/nsolhq5o.json', 'init=/tmp/tmpa3gtbqkn/14jf7rf7.json', 'output', 'file=/tmp/tmpa3gtbqkn/prophet_modelo4j60qkn/prophet_model-20251006160030.csv', 'method=optimize', 'algorithm=lbfgs', 'iter=10000']
[2025-10-06T16:00:30.276+0000] {logging_mixin.py:188} WARNING - 16:00:30 - cmdstanpy - INFO - Chain [1] start processing
[2025-10-06T16:00:30.276+0000] {model.py:2058} INFO - Chain [1] start processing
[2025-10-06T16:00:30.298+0000] {logging_mixin.py:188} WARNING - 16:00:30 - cmdstanpy - INFO - Chain [1] done processing
[2025-10-06T16:00:30.297+0000] {model.py:2115} INFO - Chain [1] done processing
[2025-10-06T16:00:30.420+0000] {forecasting.py:68} WARNING - High MAPE (189.5%) for product 25891501 — forecast may be unreliable
[2025-10-06T16:00:30.682+0000] {_client.py:1025} INFO - HTTP Request: POST https://ytuiqgrpbwdxrmbzssrb.supabase.co/rest/v1/policy_recommendations "HTTP/2 201 Created"
[2025-10-06T16:00:30.684+0000] {forecasting.py:84} INFO - Forecast for product 25891501: 644 units (MAPE: 189.5%)
[2025-10-06T16:00:30.728+0000] {filesystem.py:118} DEBUG - input tempfile: /tmp/tmpa3gtbqkn/nnrgaaq5.json
[2025-10-06T16:00:30.745+0000] {filesystem.py:118} DEBUG - input tempfile: /tmp/tmpa3gtbqkn/y_pus1_k.json
[2025-10-06T16:00:30.748+0000] {model.py:2042} DEBUG - idx 0
[2025-10-06T16:00:30.750+0000] {model.py:2043} DEBUG - running CmdStan, num_threads: None
[2025-10-06T16:00:30.751+0000] {model.py:2055} DEBUG - CmdStan args: ['/home/***/.local/lib/python3.12/site-packages/prophet/stan_model/prophet_model.bin', 'random', 'seed=78780', 'data', 'file=/tmp/tmpa3gtbqkn/nnrgaaq5.json', 'init=/tmp/tmpa3gtbqkn/y_pus1_k.json', 'output', 'file=/tmp/tmpa3gtbqkn/prophet_modeljzscy_f1/prophet_model-20251006160030.csv', 'method=optimize', 'algorithm=lbfgs', 'iter=10000']
[2025-10-06T16:00:30.753+0000] {logging_mixin.py:188} WARNING - 16:00:30 - cmdstanpy - INFO - Chain [1] start processing
[2025-10-06T16:00:30.752+0000] {model.py:2058} INFO - Chain [1] start processing
[2025-10-06T16:00:30.779+0000] {logging_mixin.py:188} WARNING - 16:00:30 - cmdstanpy - INFO - Chain [1] done processing
[2025-10-06T16:00:30.778+0000] {model.py:2115} INFO - Chain [1] done processing
[2025-10-06T16:00:30.920+0000] {forecasting.py:68} WARNING - High MAPE (100.0%) for product 25891502 — forecast may be unreliable
[2025-10-06T16:00:31.159+0000] {_client.py:1025} INFO - HTTP Request: POST https://ytuiqgrpbwdxrmbzssrb.supabase.co/rest/v1/policy_recommendations "HTTP/2 201 Created"
[2025-10-06T16:00:31.161+0000] {forecasting.py:84} INFO - Forecast for product 25891502: 26 units (MAPE: 100.0%)
[2025-10-06T16:00:31.197+0000] {filesystem.py:118} DEBUG - input tempfile: /tmp/tmpa3gtbqkn/w10v5zi0.json
[2025-10-06T16:00:31.215+0000] {filesystem.py:118} DEBUG - input tempfile: /tmp/tmpa3gtbqkn/5no77k5x.json
[2025-10-06T16:00:31.219+0000] {model.py:2042} DEBUG - idx 0
[2025-10-06T16:00:31.220+0000] {model.py:2043} DEBUG - running CmdStan, num_threads: None
[2025-10-06T16:00:31.222+0000] {model.py:2055} DEBUG - CmdStan args: ['/home/***/.local/lib/python3.12/site-packages/prophet/stan_model/prophet_model.bin', 'random', 'seed=57217', 'data', 'file=/tmp/tmpa3gtbqkn/w10v5zi0.json', 'init=/tmp/tmpa3gtbqkn/5no77k5x.json', 'output', 'file=/tmp/tmpa3gtbqkn/prophet_model3mcg7xmc/prophet_model-20251006160031.csv', 'method=optimize', 'algorithm=lbfgs', 'iter=10000']
[2025-10-06T16:00:31.224+0000] {logging_mixin.py:188} WARNING - 16:00:31 - cmdstanpy - INFO - Chain [1] start processing
[2025-10-06T16:00:31.223+0000] {model.py:2058} INFO - Chain [1] start processing
[2025-10-06T16:00:31.249+0000] {logging_mixin.py:188} WARNING - 16:00:31 - cmdstanpy - INFO - Chain [1] done processing
[2025-10-06T16:00:31.248+0000] {model.py:2115} INFO - Chain [1] done processing
[2025-10-06T16:00:31.617+0000] {_client.py:1025} INFO - HTTP Request: POST https://ytuiqgrpbwdxrmbzssrb.supabase.co/rest/v1/policy_recommendations "HTTP/2 201 Created"
[2025-10-06T16:00:31.619+0000] {forecasting.py:84} INFO - Forecast for product 25891503: 318 units (MAPE: 23.6%)
[2025-10-06T16:00:31.650+0000] {filesystem.py:118} DEBUG - input tempfile: /tmp/tmpa3gtbqkn/tfxvopg2.json
[2025-10-06T16:00:31.669+0000] {filesystem.py:118} DEBUG - input tempfile: /tmp/tmpa3gtbqkn/b3usimwk.json
[2025-10-06T16:00:31.675+0000] {model.py:2042} DEBUG - idx 0
[2025-10-06T16:00:31.676+0000] {model.py:2043} DEBUG - running CmdStan, num_threads: None
[2025-10-06T16:00:31.677+0000] {model.py:2055} DEBUG - CmdStan args: ['/home/***/.local/lib/python3.12/site-packages/prophet/stan_model/prophet_model.bin', 'random', 'seed=71420', 'data', 'file=/tmp/tmpa3gtbqkn/tfxvopg2.json', 'init=/tmp/tmpa3gtbqkn/b3usimwk.json', 'output', 'file=/tmp/tmpa3gtbqkn/prophet_modeluh700nsa/prophet_model-20251006160031.csv', 'method=optimize', 'algorithm=lbfgs', 'iter=10000']
[2025-10-06T16:00:31.679+0000] {logging_mixin.py:188} WARNING - 16:00:31 - cmdstanpy - INFO - Chain [1] start processing
[2025-10-06T16:00:31.679+0000] {model.py:2058} INFO - Chain [1] start processing
[2025-10-06T16:00:31.702+0000] {logging_mixin.py:188} WARNING - 16:00:31 - cmdstanpy - INFO - Chain [1] done processing
[2025-10-06T16:00:31.702+0000] {model.py:2115} INFO - Chain [1] done processing
[2025-10-06T16:00:32.086+0000] {_client.py:1025} INFO - HTTP Request: POST https://ytuiqgrpbwdxrmbzssrb.supabase.co/rest/v1/policy_recommendations "HTTP/2 201 Created"
[2025-10-06T16:00:32.099+0000] {forecasting.py:84} INFO - Forecast for product 25891601: 326 units (MAPE: 33.4%)
[2025-10-06T16:00:32.137+0000] {filesystem.py:118} DEBUG - input tempfile: /tmp/tmpa3gtbqkn/k0ykah1s.json
[2025-10-06T16:00:32.156+0000] {filesystem.py:118} DEBUG - input tempfile: /tmp/tmpa3gtbqkn/whiqv9xt.json
[2025-10-06T16:00:32.159+0000] {model.py:2042} DEBUG - idx 0
[2025-10-06T16:00:32.160+0000] {model.py:2043} DEBUG - running CmdStan, num_threads: None
[2025-10-06T16:00:32.162+0000] {model.py:2055} DEBUG - CmdStan args: ['/home/***/.local/lib/python3.12/site-packages/prophet/stan_model/prophet_model.bin', 'random', 'seed=20890', 'data', 'file=/tmp/tmpa3gtbqkn/k0ykah1s.json', 'init=/tmp/tmpa3gtbqkn/whiqv9xt.json', 'output', 'file=/tmp/tmpa3gtbqkn/prophet_modelf8f19atn/prophet_model-20251006160032.csv', 'method=optimize', 'algorithm=lbfgs', 'iter=10000']
[2025-10-06T16:00:32.163+0000] {logging_mixin.py:188} WARNING - 16:00:32 - cmdstanpy - INFO - Chain [1] start processing
[2025-10-06T16:00:32.163+0000] {model.py:2058} INFO - Chain [1] start processing
[2025-10-06T16:00:32.185+0000] {logging_mixin.py:188} WARNING - 16:00:32 - cmdstanpy - INFO - Chain [1] done processing
[2025-10-06T16:00:32.185+0000] {model.py:2115} INFO - Chain [1] done processing
[2025-10-06T16:00:32.309+0000] {forecasting.py:68} WARNING - High MAPE (93.0%) for product 25891602 — forecast may be unreliable
[2025-10-06T16:00:32.564+0000] {_client.py:1025} INFO - HTTP Request: POST https://ytuiqgrpbwdxrmbzssrb.supabase.co/rest/v1/policy_recommendations "HTTP/2 201 Created"
[2025-10-06T16:00:32.569+0000] {forecasting.py:84} INFO - Forecast for product 25891602: 122 units (MAPE: 93.0%)
[2025-10-06T16:00:32.612+0000] {filesystem.py:118} DEBUG - input tempfile: /tmp/tmpa3gtbqkn/1j4tmrqn.json
[2025-10-06T16:00:32.635+0000] {filesystem.py:118} DEBUG - input tempfile: /tmp/tmpa3gtbqkn/yw1e0kt7.json
[2025-10-06T16:00:32.638+0000] {model.py:2042} DEBUG - idx 0
[2025-10-06T16:00:32.639+0000] {model.py:2043} DEBUG - running CmdStan, num_threads: None
[2025-10-06T16:00:32.641+0000] {model.py:2055} DEBUG - CmdStan args: ['/home/***/.local/lib/python3.12/site-packages/prophet/stan_model/prophet_model.bin', 'random', 'seed=36646', 'data', 'file=/tmp/tmpa3gtbqkn/1j4tmrqn.json', 'init=/tmp/tmpa3gtbqkn/yw1e0kt7.json', 'output', 'file=/tmp/tmpa3gtbqkn/prophet_modelgsmfb7d3/prophet_model-20251006160032.csv', 'method=optimize', 'algorithm=lbfgs', 'iter=10000']
[2025-10-06T16:00:32.642+0000] {logging_mixin.py:188} WARNING - 16:00:32 - cmdstanpy - INFO - Chain [1] start processing
[2025-10-06T16:00:32.642+0000] {model.py:2058} INFO - Chain [1] start processing
[2025-10-06T16:00:32.673+0000] {logging_mixin.py:188} WARNING - 16:00:32 - cmdstanpy - INFO - Chain [1] done processing
[2025-10-06T16:00:32.673+0000] {model.py:2115} INFO - Chain [1] done processing
[2025-10-06T16:00:32.808+0000] {forecasting.py:68} WARNING - High MAPE (94.4%) for product 25891603 — forecast may be unreliable
[2025-10-06T16:00:33.020+0000] {_client.py:1025} INFO - HTTP Request: POST https://ytuiqgrpbwdxrmbzssrb.supabase.co/rest/v1/policy_recommendations "HTTP/2 201 Created"
[2025-10-06T16:00:33.025+0000] {forecasting.py:84} INFO - Forecast for product 25891603: 235 units (MAPE: 94.4%)
[2025-10-06T16:00:33.027+0000] {forecasting.py:91} INFO - Forecasting complete (18 products)
[2025-10-06T16:00:33.029+0000] {pipeline.py:26} INFO - Forecasting complete (18 products)
[2025-10-06T16:00:33.031+0000] {pipeline.py:28} INFO - Generating policy recommendations
[2025-10-06T16:00:33.033+0000] {pipeline.py:30} INFO - Pipeline completed successfully
[2025-10-06T16:00:33.036+0000] {python.py:237} INFO - Done. Returned value was: {'kpi_count': 35, 'forecast_count': 18}
[2025-10-06T16:00:33.037+0000] {taskinstance.py:441} INFO - ::group::Post task execution logs
[2025-10-06T16:00:33.107+0000] {taskinstance.py:1206} INFO - Marking task as SUCCESS. dag_id=supplychain_pipeline_dag, task_id=analytics_alerts_group.analytics, run_id=scheduled__2025-10-06T15:30:00+00:00, execution_date=20251006T153000, start_date=20251006T160016, end_date=20251006T160033
[2025-10-06T16:00:33.216+0000] {local_task_job_runner.py:240} INFO - Task exited with return code 0
[2025-10-06T16:00:33.263+0000] {taskinstance.py:3503} INFO - 1 downstream tasks scheduled from follow-on schedule check
[2025-10-06T16:00:33.268+0000] {local_task_job_runner.py:222} INFO - ::endgroup::
