[2025-10-06T15:39:21.371+0000] {local_task_job_runner.py:120} INFO - ::group::Pre task execution logs
[2025-10-06T15:39:21.409+0000] {taskinstance.py:2076} INFO - Dependencies all met for dep_context=non-requeueable deps ti=<TaskInstance: supplychain_pipeline_dag.ingestion manual__2025-10-05T18:40:41.855851+00:00 [queued]>
[2025-10-06T15:39:21.426+0000] {taskinstance.py:2076} INFO - Dependencies all met for dep_context=requeueable deps ti=<TaskInstance: supplychain_pipeline_dag.ingestion manual__2025-10-05T18:40:41.855851+00:00 [queued]>
[2025-10-06T15:39:21.427+0000] {taskinstance.py:2306} INFO - Starting attempt 2 of 5
[2025-10-06T15:39:21.450+0000] {taskinstance.py:2330} INFO - Executing <Task(PythonOperator): ingestion> on 2025-10-05 18:40:41.855851+00:00
[2025-10-06T15:39:21.491+0000] {logging_mixin.py:188} WARNING - /home/***/.local/lib/python3.12/site-packages/***/task/task_runner/standard_task_runner.py:61 DeprecationWarning: This process (pid=309) is multi-threaded, use of fork() may lead to deadlocks in the child.
[2025-10-06T15:39:21.483+0000] {standard_task_runner.py:90} INFO - Running: ['***', 'tasks', 'run', 'supplychain_pipeline_dag', 'ingestion', 'manual__2025-10-05T18:40:41.855851+00:00', '--job-id', '48', '--raw', '--subdir', 'DAGS_FOLDER/supplychain_pipeline_dag.py', '--cfg-path', '/tmp/tmpbocv6u1i']
[2025-10-06T15:39:21.492+0000] {standard_task_runner.py:63} INFO - Started process 345 to run task
[2025-10-06T15:39:21.493+0000] {standard_task_runner.py:91} INFO - Job 48: Subtask ingestion
[2025-10-06T15:39:21.634+0000] {task_command.py:426} INFO - Running <TaskInstance: supplychain_pipeline_dag.ingestion manual__2025-10-05T18:40:41.855851+00:00 [running]> on host 843049cc59c8
[2025-10-06T15:39:21.859+0000] {taskinstance.py:2648} INFO - Exporting env vars: AIRFLOW_CTX_DAG_OWNER='***' AIRFLOW_CTX_DAG_ID='supplychain_pipeline_dag' AIRFLOW_CTX_TASK_ID='ingestion' AIRFLOW_CTX_EXECUTION_DATE='2025-10-05T18:40:41.855851+00:00' AIRFLOW_CTX_TRY_NUMBER='2' AIRFLOW_CTX_DAG_RUN_ID='manual__2025-10-05T18:40:41.855851+00:00'
[2025-10-06T15:39:21.863+0000] {taskinstance.py:430} INFO - ::endgroup::
[2025-10-06T15:39:21.909+0000] {main.py:52} INFO - Ingestion pipeline started
[2025-10-06T15:39:21.911+0000] {config.py:75} INFO - Settings loaded (env=default)
[2025-10-06T15:39:21.913+0000] {db_handler.py:12} INFO - Initializing Supabase client
[2025-10-06T15:39:21.980+0000] {mail_handler.py:8} INFO - Connecting to imap.gmail.com...
[2025-10-06T15:39:24.729+0000] {mail_handler.py:17} INFO - Fetching emails started...
[2025-10-06T15:39:25.101+0000] {main.py:59} INFO - Matched 2 emails with allowed subjects
[2025-10-06T15:39:25.854+0000] {file_processor.py:29} INFO - Saved attachment fact_order_line_usa_2025-05-17.csv from email b'104' to data/downloads/fact_order_line_usa_2025-05-17.csv
[2025-10-06T15:39:27.265+0000] {_client.py:1025} INFO - HTTP Request: GET https://ytuiqgrpbwdxrmbzssrb.supabase.co/rest/v1/processed_files?select=id&file_hash=eq.c7d62f6224aa0ca0304a9fe15cefa1d450cc9a05a8856c85d805c6807f1bb52f "HTTP/2 200 OK"
[2025-10-06T15:39:27.273+0000] {main.py:16} INFO - Duplicate skipped fact_order_line_usa_2025-05-17.csv
[2025-10-06T15:39:27.275+0000] {file_processor.py:29} INFO - Saved attachment fact_aggregate_usa_2025-05-17.csv from email b'104' to data/downloads/fact_aggregate_usa_2025-05-17.csv
[2025-10-06T15:39:27.462+0000] {_client.py:1025} INFO - HTTP Request: GET https://ytuiqgrpbwdxrmbzssrb.supabase.co/rest/v1/processed_files?select=id&file_hash=eq.416225fd117da31d7286433339e73a0ceff4d69bdd59e8a94a0137c6cae92820 "HTTP/2 200 OK"
[2025-10-06T15:39:27.465+0000] {main.py:16} INFO - Duplicate skipped fact_aggregate_usa_2025-05-17.csv
[2025-10-06T15:39:27.467+0000] {mail_handler.py:67} INFO - Email b'104' processed, 0 attachments handled
[2025-10-06T15:39:28.134+0000] {mail_handler.py:52} WARNING - Skipping Naukri Campus Jobs <recommendationnc@naukri.com> for email b'219'
[2025-10-06T15:39:28.136+0000] {main.py:66} INFO - Processed 0 attachments this run
[2025-10-06T15:39:29.417+0000] {python.py:237} INFO - Done. Returned value was: None
[2025-10-06T15:39:29.419+0000] {taskinstance.py:441} INFO - ::group::Post task execution logs
[2025-10-06T15:39:29.459+0000] {taskinstance.py:1206} INFO - Marking task as SUCCESS. dag_id=supplychain_pipeline_dag, task_id=ingestion, run_id=manual__2025-10-05T18:40:41.855851+00:00, execution_date=20251005T184041, start_date=20251006T153921, end_date=20251006T153929
[2025-10-06T15:39:29.536+0000] {local_task_job_runner.py:240} INFO - Task exited with return code 0
[2025-10-06T15:39:29.588+0000] {taskinstance.py:3503} INFO - 1 downstream tasks scheduled from follow-on schedule check
[2025-10-06T15:39:29.593+0000] {local_task_job_runner.py:222} INFO - ::endgroup::
