[2025-10-03T17:17:58.678+0000] {processor.py:161} INFO - Started process (PID=172) to work on /opt/airflow/dags/supplychain_pipeline_dag.py
[2025-10-03T17:17:58.682+0000] {processor.py:830} INFO - Processing file /opt/airflow/dags/supplychain_pipeline_dag.py for tasks to queue
[2025-10-03T17:17:58.702+0000] {logging_mixin.py:188} INFO - [2025-10-03T17:17:58.700+0000] {dagbag.py:545} INFO - Filling up the DagBag from /opt/airflow/dags/supplychain_pipeline_dag.py
[2025-10-03T17:18:01.898+0000] {logging_mixin.py:188} INFO - [2025-10-03T17:18:01.898+0000] {font_manager.py:1639} INFO - generated new fontManager
[2025-10-03T17:18:05.018+0000] {logging_mixin.py:188} INFO - [2025-10-03T17:18:05.017+0000] {config.py:75} INFO - Settings loaded (env=default)
[2025-10-03T17:18:05.620+0000] {processor.py:840} INFO - DAG(s) 'supplychain_pipeline_dag' retrieved from /opt/airflow/dags/supplychain_pipeline_dag.py
[2025-10-03T17:18:05.670+0000] {logging_mixin.py:188} INFO - [2025-10-03T17:18:05.669+0000] {dag.py:3096} INFO - Sync 1 DAGs
[2025-10-03T17:18:05.755+0000] {logging_mixin.py:188} INFO - [2025-10-03T17:18:05.754+0000] {dag.py:3954} INFO - Setting next_dagrun for supplychain_pipeline_dag to 2025-10-03 16:30:00+00:00, run_after=2025-10-03 17:00:00+00:00
[2025-10-03T17:18:05.844+0000] {processor.py:183} INFO - Processing /opt/airflow/dags/supplychain_pipeline_dag.py took 7.185 seconds
[2025-10-03T17:18:36.452+0000] {processor.py:161} INFO - Started process (PID=196) to work on /opt/airflow/dags/supplychain_pipeline_dag.py
[2025-10-03T17:18:36.455+0000] {processor.py:830} INFO - Processing file /opt/airflow/dags/supplychain_pipeline_dag.py for tasks to queue
[2025-10-03T17:18:36.464+0000] {logging_mixin.py:188} INFO - [2025-10-03T17:18:36.463+0000] {dagbag.py:545} INFO - Filling up the DagBag from /opt/airflow/dags/supplychain_pipeline_dag.py
[2025-10-03T17:18:41.052+0000] {logging_mixin.py:188} INFO - [2025-10-03T17:18:41.052+0000] {config.py:75} INFO - Settings loaded (env=default)
[2025-10-03T17:18:41.292+0000] {processor.py:840} INFO - DAG(s) 'supplychain_pipeline_dag' retrieved from /opt/airflow/dags/supplychain_pipeline_dag.py
[2025-10-03T17:18:42.766+0000] {logging_mixin.py:188} INFO - [2025-10-03T17:18:42.765+0000] {dag.py:3096} INFO - Sync 1 DAGs
[2025-10-03T17:18:42.813+0000] {logging_mixin.py:188} INFO - [2025-10-03T17:18:42.813+0000] {dag.py:3954} INFO - Setting next_dagrun for supplychain_pipeline_dag to 2025-10-03 16:30:00+00:00, run_after=2025-10-03 17:00:00+00:00
[2025-10-03T17:18:44.535+0000] {processor.py:183} INFO - Processing /opt/airflow/dags/supplychain_pipeline_dag.py took 5.636 seconds
[2025-10-03T17:19:15.115+0000] {processor.py:161} INFO - Started process (PID=218) to work on /opt/airflow/dags/supplychain_pipeline_dag.py
[2025-10-03T17:19:15.118+0000] {processor.py:830} INFO - Processing file /opt/airflow/dags/supplychain_pipeline_dag.py for tasks to queue
[2025-10-03T17:19:15.127+0000] {logging_mixin.py:188} INFO - [2025-10-03T17:19:15.125+0000] {dagbag.py:545} INFO - Filling up the DagBag from /opt/airflow/dags/supplychain_pipeline_dag.py
[2025-10-03T17:19:21.751+0000] {logging_mixin.py:188} INFO - [2025-10-03T17:19:21.751+0000] {config.py:75} INFO - Settings loaded (env=default)
[2025-10-03T17:19:22.077+0000] {processor.py:840} INFO - DAG(s) 'supplychain_pipeline_dag' retrieved from /opt/airflow/dags/supplychain_pipeline_dag.py
[2025-10-03T17:19:22.157+0000] {logging_mixin.py:188} INFO - [2025-10-03T17:19:22.156+0000] {dag.py:3096} INFO - Sync 1 DAGs
[2025-10-03T17:19:22.208+0000] {logging_mixin.py:188} INFO - [2025-10-03T17:19:22.207+0000] {dag.py:3954} INFO - Setting next_dagrun for supplychain_pipeline_dag to 2025-10-03 17:00:00+00:00, run_after=2025-10-03 17:30:00+00:00
[2025-10-03T17:19:22.262+0000] {processor.py:183} INFO - Processing /opt/airflow/dags/supplychain_pipeline_dag.py took 5.518 seconds
[2025-10-03T17:19:52.908+0000] {processor.py:161} INFO - Started process (PID=316) to work on /opt/airflow/dags/supplychain_pipeline_dag.py
[2025-10-03T17:19:52.911+0000] {processor.py:830} INFO - Processing file /opt/airflow/dags/supplychain_pipeline_dag.py for tasks to queue
[2025-10-03T17:19:52.919+0000] {logging_mixin.py:188} INFO - [2025-10-03T17:19:52.918+0000] {dagbag.py:545} INFO - Filling up the DagBag from /opt/airflow/dags/supplychain_pipeline_dag.py
[2025-10-03T17:19:57.817+0000] {logging_mixin.py:188} INFO - [2025-10-03T17:19:57.817+0000] {config.py:75} INFO - Settings loaded (env=default)
[2025-10-03T17:19:58.053+0000] {processor.py:840} INFO - DAG(s) 'supplychain_pipeline_dag' retrieved from /opt/airflow/dags/supplychain_pipeline_dag.py
[2025-10-03T17:19:58.135+0000] {logging_mixin.py:188} INFO - [2025-10-03T17:19:58.134+0000] {dag.py:3096} INFO - Sync 1 DAGs
[2025-10-03T17:19:58.183+0000] {logging_mixin.py:188} INFO - [2025-10-03T17:19:58.182+0000] {dag.py:3954} INFO - Setting next_dagrun for supplychain_pipeline_dag to 2025-10-03 17:00:00+00:00, run_after=2025-10-03 17:30:00+00:00
[2025-10-03T17:19:58.234+0000] {processor.py:183} INFO - Processing /opt/airflow/dags/supplychain_pipeline_dag.py took 5.346 seconds
[2025-10-03T17:20:28.488+0000] {processor.py:161} INFO - Started process (PID=387) to work on /opt/airflow/dags/supplychain_pipeline_dag.py
[2025-10-03T17:20:28.492+0000] {processor.py:830} INFO - Processing file /opt/airflow/dags/supplychain_pipeline_dag.py for tasks to queue
[2025-10-03T17:20:28.500+0000] {logging_mixin.py:188} INFO - [2025-10-03T17:20:28.499+0000] {dagbag.py:545} INFO - Filling up the DagBag from /opt/airflow/dags/supplychain_pipeline_dag.py
[2025-10-03T17:20:33.234+0000] {logging_mixin.py:188} INFO - [2025-10-03T17:20:33.233+0000] {config.py:75} INFO - Settings loaded (env=default)
[2025-10-03T17:20:33.465+0000] {processor.py:840} INFO - DAG(s) 'supplychain_pipeline_dag' retrieved from /opt/airflow/dags/supplychain_pipeline_dag.py
[2025-10-03T17:20:33.551+0000] {logging_mixin.py:188} INFO - [2025-10-03T17:20:33.551+0000] {dag.py:3096} INFO - Sync 1 DAGs
[2025-10-03T17:20:33.601+0000] {logging_mixin.py:188} INFO - [2025-10-03T17:20:33.600+0000] {dag.py:3954} INFO - Setting next_dagrun for supplychain_pipeline_dag to 2025-10-03 17:00:00+00:00, run_after=2025-10-03 17:30:00+00:00
[2025-10-03T17:20:33.652+0000] {processor.py:183} INFO - Processing /opt/airflow/dags/supplychain_pipeline_dag.py took 5.189 seconds
[2025-10-03T17:21:04.137+0000] {processor.py:161} INFO - Started process (PID=425) to work on /opt/airflow/dags/supplychain_pipeline_dag.py
[2025-10-03T17:21:04.141+0000] {processor.py:830} INFO - Processing file /opt/airflow/dags/supplychain_pipeline_dag.py for tasks to queue
[2025-10-03T17:21:04.148+0000] {logging_mixin.py:188} INFO - [2025-10-03T17:21:04.146+0000] {dagbag.py:545} INFO - Filling up the DagBag from /opt/airflow/dags/supplychain_pipeline_dag.py
[2025-10-03T17:21:08.423+0000] {logging_mixin.py:188} INFO - [2025-10-03T17:21:08.423+0000] {config.py:75} INFO - Settings loaded (env=default)
[2025-10-03T17:21:08.616+0000] {processor.py:840} INFO - DAG(s) 'supplychain_pipeline_dag' retrieved from /opt/airflow/dags/supplychain_pipeline_dag.py
[2025-10-03T17:21:08.688+0000] {logging_mixin.py:188} INFO - [2025-10-03T17:21:08.687+0000] {dag.py:3096} INFO - Sync 1 DAGs
[2025-10-03T17:21:08.730+0000] {logging_mixin.py:188} INFO - [2025-10-03T17:21:08.729+0000] {dag.py:3954} INFO - Setting next_dagrun for supplychain_pipeline_dag to 2025-10-03 17:00:00+00:00, run_after=2025-10-03 17:30:00+00:00
[2025-10-03T17:21:08.780+0000] {processor.py:183} INFO - Processing /opt/airflow/dags/supplychain_pipeline_dag.py took 4.662 seconds
[2025-10-03T17:21:39.535+0000] {processor.py:161} INFO - Started process (PID=447) to work on /opt/airflow/dags/supplychain_pipeline_dag.py
[2025-10-03T17:21:39.540+0000] {processor.py:830} INFO - Processing file /opt/airflow/dags/supplychain_pipeline_dag.py for tasks to queue
[2025-10-03T17:21:39.554+0000] {logging_mixin.py:188} INFO - [2025-10-03T17:21:39.553+0000] {dagbag.py:545} INFO - Filling up the DagBag from /opt/airflow/dags/supplychain_pipeline_dag.py
[2025-10-03T17:21:44.258+0000] {logging_mixin.py:188} INFO - [2025-10-03T17:21:44.258+0000] {config.py:75} INFO - Settings loaded (env=default)
[2025-10-03T17:21:44.493+0000] {processor.py:840} INFO - DAG(s) 'supplychain_pipeline_dag' retrieved from /opt/airflow/dags/supplychain_pipeline_dag.py
[2025-10-03T17:21:44.588+0000] {logging_mixin.py:188} INFO - [2025-10-03T17:21:44.586+0000] {dag.py:3096} INFO - Sync 1 DAGs
[2025-10-03T17:21:44.647+0000] {logging_mixin.py:188} INFO - [2025-10-03T17:21:44.647+0000] {dag.py:3954} INFO - Setting next_dagrun for supplychain_pipeline_dag to 2025-10-03 17:00:00+00:00, run_after=2025-10-03 17:30:00+00:00
[2025-10-03T17:21:44.713+0000] {processor.py:183} INFO - Processing /opt/airflow/dags/supplychain_pipeline_dag.py took 5.204 seconds
[2025-10-03T17:22:15.043+0000] {processor.py:161} INFO - Started process (PID=469) to work on /opt/airflow/dags/supplychain_pipeline_dag.py
[2025-10-03T17:22:15.046+0000] {processor.py:830} INFO - Processing file /opt/airflow/dags/supplychain_pipeline_dag.py for tasks to queue
[2025-10-03T17:22:15.052+0000] {logging_mixin.py:188} INFO - [2025-10-03T17:22:15.051+0000] {dagbag.py:545} INFO - Filling up the DagBag from /opt/airflow/dags/supplychain_pipeline_dag.py
[2025-10-03T17:22:19.439+0000] {logging_mixin.py:188} INFO - [2025-10-03T17:22:19.438+0000] {config.py:75} INFO - Settings loaded (env=default)
[2025-10-03T17:22:19.702+0000] {processor.py:840} INFO - DAG(s) 'supplychain_pipeline_dag' retrieved from /opt/airflow/dags/supplychain_pipeline_dag.py
[2025-10-03T17:22:19.786+0000] {logging_mixin.py:188} INFO - [2025-10-03T17:22:19.784+0000] {dag.py:3096} INFO - Sync 1 DAGs
[2025-10-03T17:22:19.833+0000] {logging_mixin.py:188} INFO - [2025-10-03T17:22:19.833+0000] {dag.py:3954} INFO - Setting next_dagrun for supplychain_pipeline_dag to 2025-10-03 17:00:00+00:00, run_after=2025-10-03 17:30:00+00:00
[2025-10-03T17:22:19.875+0000] {processor.py:183} INFO - Processing /opt/airflow/dags/supplychain_pipeline_dag.py took 4.862 seconds
[2025-10-03T17:22:50.364+0000] {processor.py:161} INFO - Started process (PID=491) to work on /opt/airflow/dags/supplychain_pipeline_dag.py
[2025-10-03T17:22:50.367+0000] {processor.py:830} INFO - Processing file /opt/airflow/dags/supplychain_pipeline_dag.py for tasks to queue
[2025-10-03T17:22:50.374+0000] {logging_mixin.py:188} INFO - [2025-10-03T17:22:50.373+0000] {dagbag.py:545} INFO - Filling up the DagBag from /opt/airflow/dags/supplychain_pipeline_dag.py
[2025-10-03T17:22:54.886+0000] {logging_mixin.py:188} INFO - [2025-10-03T17:22:54.885+0000] {config.py:75} INFO - Settings loaded (env=default)
[2025-10-03T17:22:55.133+0000] {processor.py:840} INFO - DAG(s) 'supplychain_pipeline_dag' retrieved from /opt/airflow/dags/supplychain_pipeline_dag.py
[2025-10-03T17:22:55.226+0000] {logging_mixin.py:188} INFO - [2025-10-03T17:22:55.225+0000] {dag.py:3096} INFO - Sync 1 DAGs
[2025-10-03T17:22:55.283+0000] {logging_mixin.py:188} INFO - [2025-10-03T17:22:55.283+0000] {dag.py:3954} INFO - Setting next_dagrun for supplychain_pipeline_dag to 2025-10-03 17:00:00+00:00, run_after=2025-10-03 17:30:00+00:00
[2025-10-03T17:22:55.347+0000] {processor.py:183} INFO - Processing /opt/airflow/dags/supplychain_pipeline_dag.py took 4.998 seconds
[2025-10-03T17:23:26.575+0000] {processor.py:161} INFO - Started process (PID=513) to work on /opt/airflow/dags/supplychain_pipeline_dag.py
[2025-10-03T17:23:26.578+0000] {processor.py:830} INFO - Processing file /opt/airflow/dags/supplychain_pipeline_dag.py for tasks to queue
[2025-10-03T17:23:26.585+0000] {logging_mixin.py:188} INFO - [2025-10-03T17:23:26.584+0000] {dagbag.py:545} INFO - Filling up the DagBag from /opt/airflow/dags/supplychain_pipeline_dag.py
[2025-10-03T17:23:30.984+0000] {logging_mixin.py:188} INFO - [2025-10-03T17:23:30.984+0000] {config.py:75} INFO - Settings loaded (env=default)
[2025-10-03T17:23:31.187+0000] {processor.py:840} INFO - DAG(s) 'supplychain_pipeline_dag' retrieved from /opt/airflow/dags/supplychain_pipeline_dag.py
[2025-10-03T17:23:31.265+0000] {logging_mixin.py:188} INFO - [2025-10-03T17:23:31.264+0000] {dag.py:3096} INFO - Sync 1 DAGs
[2025-10-03T17:23:31.317+0000] {logging_mixin.py:188} INFO - [2025-10-03T17:23:31.316+0000] {dag.py:3954} INFO - Setting next_dagrun for supplychain_pipeline_dag to 2025-10-03 17:00:00+00:00, run_after=2025-10-03 17:30:00+00:00
[2025-10-03T17:23:31.366+0000] {processor.py:183} INFO - Processing /opt/airflow/dags/supplychain_pipeline_dag.py took 4.814 seconds
[2025-10-03T17:24:02.007+0000] {processor.py:161} INFO - Started process (PID=535) to work on /opt/airflow/dags/supplychain_pipeline_dag.py
[2025-10-03T17:24:02.009+0000] {processor.py:830} INFO - Processing file /opt/airflow/dags/supplychain_pipeline_dag.py for tasks to queue
[2025-10-03T17:24:02.015+0000] {logging_mixin.py:188} INFO - [2025-10-03T17:24:02.014+0000] {dagbag.py:545} INFO - Filling up the DagBag from /opt/airflow/dags/supplychain_pipeline_dag.py
[2025-10-03T17:24:07.578+0000] {logging_mixin.py:188} INFO - [2025-10-03T17:24:07.578+0000] {config.py:75} INFO - Settings loaded (env=default)
[2025-10-03T17:24:07.774+0000] {processor.py:840} INFO - DAG(s) 'supplychain_pipeline_dag' retrieved from /opt/airflow/dags/supplychain_pipeline_dag.py
[2025-10-03T17:24:07.854+0000] {logging_mixin.py:188} INFO - [2025-10-03T17:24:07.853+0000] {dag.py:3096} INFO - Sync 1 DAGs
[2025-10-03T17:24:07.898+0000] {logging_mixin.py:188} INFO - [2025-10-03T17:24:07.897+0000] {dag.py:3954} INFO - Setting next_dagrun for supplychain_pipeline_dag to 2025-10-03 17:00:00+00:00, run_after=2025-10-03 17:30:00+00:00
[2025-10-03T17:24:07.947+0000] {processor.py:183} INFO - Processing /opt/airflow/dags/supplychain_pipeline_dag.py took 5.407 seconds
[2025-10-03T17:24:38.172+0000] {processor.py:161} INFO - Started process (PID=557) to work on /opt/airflow/dags/supplychain_pipeline_dag.py
[2025-10-03T17:24:38.176+0000] {processor.py:830} INFO - Processing file /opt/airflow/dags/supplychain_pipeline_dag.py for tasks to queue
[2025-10-03T17:24:38.185+0000] {logging_mixin.py:188} INFO - [2025-10-03T17:24:38.183+0000] {dagbag.py:545} INFO - Filling up the DagBag from /opt/airflow/dags/supplychain_pipeline_dag.py
[2025-10-03T17:24:44.144+0000] {logging_mixin.py:188} INFO - [2025-10-03T17:24:44.143+0000] {config.py:75} INFO - Settings loaded (env=default)
[2025-10-03T17:24:44.358+0000] {processor.py:840} INFO - DAG(s) 'supplychain_pipeline_dag' retrieved from /opt/airflow/dags/supplychain_pipeline_dag.py
[2025-10-03T17:24:44.441+0000] {logging_mixin.py:188} INFO - [2025-10-03T17:24:44.440+0000] {dag.py:3096} INFO - Sync 1 DAGs
[2025-10-03T17:24:44.486+0000] {logging_mixin.py:188} INFO - [2025-10-03T17:24:44.485+0000] {dag.py:3954} INFO - Setting next_dagrun for supplychain_pipeline_dag to 2025-10-03 17:00:00+00:00, run_after=2025-10-03 17:30:00+00:00
[2025-10-03T17:24:44.526+0000] {processor.py:183} INFO - Processing /opt/airflow/dags/supplychain_pipeline_dag.py took 4.740 seconds
[2025-10-03T17:25:14.839+0000] {processor.py:161} INFO - Started process (PID=579) to work on /opt/airflow/dags/supplychain_pipeline_dag.py
[2025-10-03T17:25:14.842+0000] {processor.py:830} INFO - Processing file /opt/airflow/dags/supplychain_pipeline_dag.py for tasks to queue
[2025-10-03T17:25:14.847+0000] {logging_mixin.py:188} INFO - [2025-10-03T17:25:14.846+0000] {dagbag.py:545} INFO - Filling up the DagBag from /opt/airflow/dags/supplychain_pipeline_dag.py
[2025-10-03T17:25:19.541+0000] {logging_mixin.py:188} INFO - [2025-10-03T17:25:19.540+0000] {config.py:75} INFO - Settings loaded (env=default)
[2025-10-03T17:25:19.782+0000] {processor.py:840} INFO - DAG(s) 'supplychain_pipeline_dag' retrieved from /opt/airflow/dags/supplychain_pipeline_dag.py
[2025-10-03T17:25:19.871+0000] {logging_mixin.py:188} INFO - [2025-10-03T17:25:19.870+0000] {dag.py:3096} INFO - Sync 1 DAGs
[2025-10-03T17:25:19.920+0000] {logging_mixin.py:188} INFO - [2025-10-03T17:25:19.920+0000] {dag.py:3954} INFO - Setting next_dagrun for supplychain_pipeline_dag to 2025-10-03 17:00:00+00:00, run_after=2025-10-03 17:30:00+00:00
[2025-10-03T17:25:21.362+0000] {processor.py:183} INFO - Processing /opt/airflow/dags/supplychain_pipeline_dag.py took 6.545 seconds
[2025-10-03T17:25:51.901+0000] {processor.py:161} INFO - Started process (PID=601) to work on /opt/airflow/dags/supplychain_pipeline_dag.py
[2025-10-03T17:25:51.904+0000] {processor.py:830} INFO - Processing file /opt/airflow/dags/supplychain_pipeline_dag.py for tasks to queue
[2025-10-03T17:25:51.910+0000] {logging_mixin.py:188} INFO - [2025-10-03T17:25:51.909+0000] {dagbag.py:545} INFO - Filling up the DagBag from /opt/airflow/dags/supplychain_pipeline_dag.py
[2025-10-03T17:25:56.299+0000] {logging_mixin.py:188} INFO - [2025-10-03T17:25:56.298+0000] {config.py:75} INFO - Settings loaded (env=default)
[2025-10-03T17:25:56.507+0000] {processor.py:840} INFO - DAG(s) 'supplychain_pipeline_dag' retrieved from /opt/airflow/dags/supplychain_pipeline_dag.py
[2025-10-03T17:25:56.589+0000] {logging_mixin.py:188} INFO - [2025-10-03T17:25:56.588+0000] {dag.py:3096} INFO - Sync 1 DAGs
[2025-10-03T17:25:56.637+0000] {logging_mixin.py:188} INFO - [2025-10-03T17:25:56.637+0000] {dag.py:3954} INFO - Setting next_dagrun for supplychain_pipeline_dag to 2025-10-03 17:00:00+00:00, run_after=2025-10-03 17:30:00+00:00
[2025-10-03T17:26:01.064+0000] {processor.py:183} INFO - Processing /opt/airflow/dags/supplychain_pipeline_dag.py took 9.181 seconds
[2025-10-03T17:26:32.134+0000] {processor.py:161} INFO - Started process (PID=623) to work on /opt/airflow/dags/supplychain_pipeline_dag.py
[2025-10-03T17:26:32.136+0000] {processor.py:830} INFO - Processing file /opt/airflow/dags/supplychain_pipeline_dag.py for tasks to queue
[2025-10-03T17:26:32.143+0000] {logging_mixin.py:188} INFO - [2025-10-03T17:26:32.142+0000] {dagbag.py:545} INFO - Filling up the DagBag from /opt/airflow/dags/supplychain_pipeline_dag.py
[2025-10-03T17:26:36.800+0000] {logging_mixin.py:188} INFO - [2025-10-03T17:26:36.799+0000] {config.py:75} INFO - Settings loaded (env=default)
[2025-10-03T17:26:37.031+0000] {processor.py:840} INFO - DAG(s) 'supplychain_pipeline_dag' retrieved from /opt/airflow/dags/supplychain_pipeline_dag.py
[2025-10-03T17:26:37.108+0000] {logging_mixin.py:188} INFO - [2025-10-03T17:26:37.107+0000] {dag.py:3096} INFO - Sync 1 DAGs
[2025-10-03T17:26:37.155+0000] {logging_mixin.py:188} INFO - [2025-10-03T17:26:37.155+0000] {dag.py:3954} INFO - Setting next_dagrun for supplychain_pipeline_dag to 2025-10-03 17:00:00+00:00, run_after=2025-10-03 17:30:00+00:00
[2025-10-03T17:26:37.205+0000] {processor.py:183} INFO - Processing /opt/airflow/dags/supplychain_pipeline_dag.py took 5.088 seconds
[2025-10-03T17:27:07.819+0000] {processor.py:161} INFO - Started process (PID=703) to work on /opt/airflow/dags/supplychain_pipeline_dag.py
[2025-10-03T17:27:07.822+0000] {processor.py:830} INFO - Processing file /opt/airflow/dags/supplychain_pipeline_dag.py for tasks to queue
[2025-10-03T17:27:07.829+0000] {logging_mixin.py:188} INFO - [2025-10-03T17:27:07.827+0000] {dagbag.py:545} INFO - Filling up the DagBag from /opt/airflow/dags/supplychain_pipeline_dag.py
[2025-10-03T17:27:12.814+0000] {logging_mixin.py:188} INFO - [2025-10-03T17:27:12.813+0000] {config.py:75} INFO - Settings loaded (env=default)
[2025-10-03T17:27:13.032+0000] {processor.py:840} INFO - DAG(s) 'supplychain_pipeline_dag' retrieved from /opt/airflow/dags/supplychain_pipeline_dag.py
[2025-10-03T17:27:13.113+0000] {logging_mixin.py:188} INFO - [2025-10-03T17:27:13.112+0000] {dag.py:3096} INFO - Sync 1 DAGs
[2025-10-03T17:27:13.173+0000] {logging_mixin.py:188} INFO - [2025-10-03T17:27:13.173+0000] {dag.py:3954} INFO - Setting next_dagrun for supplychain_pipeline_dag to 2025-10-03 17:00:00+00:00, run_after=2025-10-03 17:30:00+00:00
[2025-10-03T17:27:13.232+0000] {processor.py:183} INFO - Processing /opt/airflow/dags/supplychain_pipeline_dag.py took 5.435 seconds
[2025-10-03T17:27:43.619+0000] {processor.py:161} INFO - Started process (PID=760) to work on /opt/airflow/dags/supplychain_pipeline_dag.py
[2025-10-03T17:27:43.622+0000] {processor.py:830} INFO - Processing file /opt/airflow/dags/supplychain_pipeline_dag.py for tasks to queue
[2025-10-03T17:27:43.627+0000] {logging_mixin.py:188} INFO - [2025-10-03T17:27:43.626+0000] {dagbag.py:545} INFO - Filling up the DagBag from /opt/airflow/dags/supplychain_pipeline_dag.py
[2025-10-03T17:27:48.026+0000] {logging_mixin.py:188} INFO - [2025-10-03T17:27:48.026+0000] {config.py:75} INFO - Settings loaded (env=default)
[2025-10-03T17:27:48.238+0000] {processor.py:840} INFO - DAG(s) 'supplychain_pipeline_dag' retrieved from /opt/airflow/dags/supplychain_pipeline_dag.py
[2025-10-03T17:27:48.309+0000] {logging_mixin.py:188} INFO - [2025-10-03T17:27:48.308+0000] {dag.py:3096} INFO - Sync 1 DAGs
[2025-10-03T17:27:48.351+0000] {logging_mixin.py:188} INFO - [2025-10-03T17:27:48.350+0000] {dag.py:3954} INFO - Setting next_dagrun for supplychain_pipeline_dag to 2025-10-03 17:00:00+00:00, run_after=2025-10-03 17:30:00+00:00
[2025-10-03T17:27:48.391+0000] {processor.py:183} INFO - Processing /opt/airflow/dags/supplychain_pipeline_dag.py took 4.791 seconds
[2025-10-03T17:28:18.639+0000] {processor.py:161} INFO - Started process (PID=782) to work on /opt/airflow/dags/supplychain_pipeline_dag.py
[2025-10-03T17:28:18.642+0000] {processor.py:830} INFO - Processing file /opt/airflow/dags/supplychain_pipeline_dag.py for tasks to queue
[2025-10-03T17:28:18.649+0000] {logging_mixin.py:188} INFO - [2025-10-03T17:28:18.648+0000] {dagbag.py:545} INFO - Filling up the DagBag from /opt/airflow/dags/supplychain_pipeline_dag.py
[2025-10-03T17:28:23.045+0000] {logging_mixin.py:188} INFO - [2025-10-03T17:28:23.044+0000] {config.py:75} INFO - Settings loaded (env=default)
[2025-10-03T17:28:23.300+0000] {processor.py:840} INFO - DAG(s) 'supplychain_pipeline_dag' retrieved from /opt/airflow/dags/supplychain_pipeline_dag.py
[2025-10-03T17:28:23.389+0000] {logging_mixin.py:188} INFO - [2025-10-03T17:28:23.388+0000] {dag.py:3096} INFO - Sync 1 DAGs
[2025-10-03T17:28:23.446+0000] {logging_mixin.py:188} INFO - [2025-10-03T17:28:23.445+0000] {dag.py:3954} INFO - Setting next_dagrun for supplychain_pipeline_dag to 2025-10-03 17:00:00+00:00, run_after=2025-10-03 17:30:00+00:00
[2025-10-03T17:28:23.563+0000] {processor.py:183} INFO - Processing /opt/airflow/dags/supplychain_pipeline_dag.py took 4.944 seconds
[2025-10-03T17:28:54.367+0000] {processor.py:161} INFO - Started process (PID=804) to work on /opt/airflow/dags/supplychain_pipeline_dag.py
[2025-10-03T17:28:54.370+0000] {processor.py:830} INFO - Processing file /opt/airflow/dags/supplychain_pipeline_dag.py for tasks to queue
[2025-10-03T17:28:54.378+0000] {logging_mixin.py:188} INFO - [2025-10-03T17:28:54.376+0000] {dagbag.py:545} INFO - Filling up the DagBag from /opt/airflow/dags/supplychain_pipeline_dag.py
[2025-10-03T17:29:01.428+0000] {logging_mixin.py:188} INFO - [2025-10-03T17:29:01.428+0000] {config.py:75} INFO - Settings loaded (env=default)
[2025-10-03T17:29:01.655+0000] {processor.py:840} INFO - DAG(s) 'supplychain_pipeline_dag' retrieved from /opt/airflow/dags/supplychain_pipeline_dag.py
[2025-10-03T17:29:01.749+0000] {logging_mixin.py:188} INFO - [2025-10-03T17:29:01.747+0000] {dag.py:3096} INFO - Sync 1 DAGs
[2025-10-03T17:29:01.806+0000] {logging_mixin.py:188} INFO - [2025-10-03T17:29:01.805+0000] {dag.py:3954} INFO - Setting next_dagrun for supplychain_pipeline_dag to 2025-10-03 17:00:00+00:00, run_after=2025-10-03 17:30:00+00:00
[2025-10-03T17:29:01.861+0000] {processor.py:183} INFO - Processing /opt/airflow/dags/supplychain_pipeline_dag.py took 4.989 seconds
[2025-10-03T17:29:32.834+0000] {processor.py:161} INFO - Started process (PID=826) to work on /opt/airflow/dags/supplychain_pipeline_dag.py
[2025-10-03T17:29:32.837+0000] {processor.py:830} INFO - Processing file /opt/airflow/dags/supplychain_pipeline_dag.py for tasks to queue
[2025-10-03T17:29:32.843+0000] {logging_mixin.py:188} INFO - [2025-10-03T17:29:32.841+0000] {dagbag.py:545} INFO - Filling up the DagBag from /opt/airflow/dags/supplychain_pipeline_dag.py
[2025-10-03T17:29:36.945+0000] {logging_mixin.py:188} INFO - [2025-10-03T17:29:36.944+0000] {config.py:75} INFO - Settings loaded (env=default)
[2025-10-03T17:29:37.203+0000] {processor.py:840} INFO - DAG(s) 'supplychain_pipeline_dag' retrieved from /opt/airflow/dags/supplychain_pipeline_dag.py
[2025-10-03T17:29:37.280+0000] {logging_mixin.py:188} INFO - [2025-10-03T17:29:37.279+0000] {dag.py:3096} INFO - Sync 1 DAGs
[2025-10-03T17:29:37.344+0000] {logging_mixin.py:188} INFO - [2025-10-03T17:29:37.343+0000] {dag.py:3954} INFO - Setting next_dagrun for supplychain_pipeline_dag to 2025-10-03 17:00:00+00:00, run_after=2025-10-03 17:30:00+00:00
[2025-10-03T17:29:37.385+0000] {processor.py:183} INFO - Processing /opt/airflow/dags/supplychain_pipeline_dag.py took 4.565 seconds
[2025-10-03T17:30:08.192+0000] {processor.py:161} INFO - Started process (PID=866) to work on /opt/airflow/dags/supplychain_pipeline_dag.py
[2025-10-03T17:30:08.197+0000] {processor.py:830} INFO - Processing file /opt/airflow/dags/supplychain_pipeline_dag.py for tasks to queue
[2025-10-03T17:30:08.208+0000] {logging_mixin.py:188} INFO - [2025-10-03T17:30:08.207+0000] {dagbag.py:545} INFO - Filling up the DagBag from /opt/airflow/dags/supplychain_pipeline_dag.py
[2025-10-03T17:30:12.566+0000] {logging_mixin.py:188} INFO - [2025-10-03T17:30:12.566+0000] {config.py:75} INFO - Settings loaded (env=default)
[2025-10-03T17:30:12.764+0000] {processor.py:840} INFO - DAG(s) 'supplychain_pipeline_dag' retrieved from /opt/airflow/dags/supplychain_pipeline_dag.py
[2025-10-03T17:30:12.838+0000] {logging_mixin.py:188} INFO - [2025-10-03T17:30:12.837+0000] {dag.py:3096} INFO - Sync 1 DAGs
[2025-10-03T17:30:12.883+0000] {logging_mixin.py:188} INFO - [2025-10-03T17:30:12.883+0000] {dag.py:3954} INFO - Setting next_dagrun for supplychain_pipeline_dag to 2025-10-03 17:30:00+00:00, run_after=2025-10-03 18:00:00+00:00
[2025-10-03T17:30:12.931+0000] {processor.py:183} INFO - Processing /opt/airflow/dags/supplychain_pipeline_dag.py took 4.759 seconds
[2025-10-03T17:30:43.316+0000] {processor.py:161} INFO - Started process (PID=947) to work on /opt/airflow/dags/supplychain_pipeline_dag.py
[2025-10-03T17:30:43.320+0000] {processor.py:830} INFO - Processing file /opt/airflow/dags/supplychain_pipeline_dag.py for tasks to queue
[2025-10-03T17:30:43.324+0000] {logging_mixin.py:188} INFO - [2025-10-03T17:30:43.324+0000] {dagbag.py:545} INFO - Filling up the DagBag from /opt/airflow/dags/supplychain_pipeline_dag.py
[2025-10-03T17:30:47.987+0000] {logging_mixin.py:188} INFO - [2025-10-03T17:30:47.986+0000] {config.py:75} INFO - Settings loaded (env=default)
[2025-10-03T17:30:48.196+0000] {processor.py:840} INFO - DAG(s) 'supplychain_pipeline_dag' retrieved from /opt/airflow/dags/supplychain_pipeline_dag.py
[2025-10-03T17:30:48.280+0000] {logging_mixin.py:188} INFO - [2025-10-03T17:30:48.279+0000] {dag.py:3096} INFO - Sync 1 DAGs
[2025-10-03T17:30:48.329+0000] {logging_mixin.py:188} INFO - [2025-10-03T17:30:48.328+0000] {dag.py:3954} INFO - Setting next_dagrun for supplychain_pipeline_dag to 2025-10-03 17:30:00+00:00, run_after=2025-10-03 18:00:00+00:00
[2025-10-03T17:30:48.374+0000] {processor.py:183} INFO - Processing /opt/airflow/dags/supplychain_pipeline_dag.py took 5.081 seconds
[2025-10-03T17:31:19.176+0000] {processor.py:161} INFO - Started process (PID=985) to work on /opt/airflow/dags/supplychain_pipeline_dag.py
[2025-10-03T17:31:19.179+0000] {processor.py:830} INFO - Processing file /opt/airflow/dags/supplychain_pipeline_dag.py for tasks to queue
[2025-10-03T17:31:19.186+0000] {logging_mixin.py:188} INFO - [2025-10-03T17:31:19.185+0000] {dagbag.py:545} INFO - Filling up the DagBag from /opt/airflow/dags/supplychain_pipeline_dag.py
[2025-10-03T17:31:23.600+0000] {logging_mixin.py:188} INFO - [2025-10-03T17:31:23.599+0000] {config.py:75} INFO - Settings loaded (env=default)
[2025-10-03T17:31:23.829+0000] {processor.py:840} INFO - DAG(s) 'supplychain_pipeline_dag' retrieved from /opt/airflow/dags/supplychain_pipeline_dag.py
[2025-10-03T17:31:23.911+0000] {logging_mixin.py:188} INFO - [2025-10-03T17:31:23.910+0000] {dag.py:3096} INFO - Sync 1 DAGs
[2025-10-03T17:31:23.958+0000] {logging_mixin.py:188} INFO - [2025-10-03T17:31:23.957+0000] {dag.py:3954} INFO - Setting next_dagrun for supplychain_pipeline_dag to 2025-10-03 17:30:00+00:00, run_after=2025-10-03 18:00:00+00:00
[2025-10-03T17:31:24.002+0000] {processor.py:183} INFO - Processing /opt/airflow/dags/supplychain_pipeline_dag.py took 4.843 seconds
[2025-10-03T17:31:54.792+0000] {processor.py:161} INFO - Started process (PID=1084) to work on /opt/airflow/dags/supplychain_pipeline_dag.py
[2025-10-03T17:31:54.795+0000] {processor.py:830} INFO - Processing file /opt/airflow/dags/supplychain_pipeline_dag.py for tasks to queue
[2025-10-03T17:31:54.802+0000] {logging_mixin.py:188} INFO - [2025-10-03T17:31:54.801+0000] {dagbag.py:545} INFO - Filling up the DagBag from /opt/airflow/dags/supplychain_pipeline_dag.py
[2025-10-03T17:31:59.771+0000] {logging_mixin.py:188} INFO - [2025-10-03T17:31:59.769+0000] {config.py:75} INFO - Settings loaded (env=default)
[2025-10-03T17:32:00.019+0000] {processor.py:840} INFO - DAG(s) 'supplychain_pipeline_dag' retrieved from /opt/airflow/dags/supplychain_pipeline_dag.py
[2025-10-03T17:32:00.109+0000] {logging_mixin.py:188} INFO - [2025-10-03T17:32:00.108+0000] {dag.py:3096} INFO - Sync 1 DAGs
[2025-10-03T17:32:00.157+0000] {logging_mixin.py:188} INFO - [2025-10-03T17:32:00.157+0000] {dag.py:3954} INFO - Setting next_dagrun for supplychain_pipeline_dag to 2025-10-03 17:30:00+00:00, run_after=2025-10-03 18:00:00+00:00
[2025-10-03T17:32:00.200+0000] {processor.py:183} INFO - Processing /opt/airflow/dags/supplychain_pipeline_dag.py took 5.427 seconds
[2025-10-03T17:32:30.948+0000] {processor.py:161} INFO - Started process (PID=1122) to work on /opt/airflow/dags/supplychain_pipeline_dag.py
[2025-10-03T17:32:30.951+0000] {processor.py:830} INFO - Processing file /opt/airflow/dags/supplychain_pipeline_dag.py for tasks to queue
[2025-10-03T17:32:30.957+0000] {logging_mixin.py:188} INFO - [2025-10-03T17:32:30.956+0000] {dagbag.py:545} INFO - Filling up the DagBag from /opt/airflow/dags/supplychain_pipeline_dag.py
[2025-10-03T17:32:35.349+0000] {logging_mixin.py:188} INFO - [2025-10-03T17:32:35.349+0000] {config.py:75} INFO - Settings loaded (env=default)
[2025-10-03T17:32:35.571+0000] {processor.py:840} INFO - DAG(s) 'supplychain_pipeline_dag' retrieved from /opt/airflow/dags/supplychain_pipeline_dag.py
[2025-10-03T17:32:35.647+0000] {logging_mixin.py:188} INFO - [2025-10-03T17:32:35.646+0000] {dag.py:3096} INFO - Sync 1 DAGs
[2025-10-03T17:32:35.691+0000] {logging_mixin.py:188} INFO - [2025-10-03T17:32:35.690+0000] {dag.py:3954} INFO - Setting next_dagrun for supplychain_pipeline_dag to 2025-10-03 17:30:00+00:00, run_after=2025-10-03 18:00:00+00:00
[2025-10-03T17:32:35.738+0000] {processor.py:183} INFO - Processing /opt/airflow/dags/supplychain_pipeline_dag.py took 4.805 seconds
[2025-10-03T17:33:06.258+0000] {processor.py:161} INFO - Started process (PID=1144) to work on /opt/airflow/dags/supplychain_pipeline_dag.py
[2025-10-03T17:33:06.262+0000] {processor.py:830} INFO - Processing file /opt/airflow/dags/supplychain_pipeline_dag.py for tasks to queue
[2025-10-03T17:33:06.272+0000] {logging_mixin.py:188} INFO - [2025-10-03T17:33:06.270+0000] {dagbag.py:545} INFO - Filling up the DagBag from /opt/airflow/dags/supplychain_pipeline_dag.py
[2025-10-03T17:33:10.886+0000] {logging_mixin.py:188} INFO - [2025-10-03T17:33:10.886+0000] {config.py:75} INFO - Settings loaded (env=default)
[2025-10-03T17:33:11.078+0000] {processor.py:840} INFO - DAG(s) 'supplychain_pipeline_dag' retrieved from /opt/airflow/dags/supplychain_pipeline_dag.py
[2025-10-03T17:33:11.153+0000] {logging_mixin.py:188} INFO - [2025-10-03T17:33:11.152+0000] {dag.py:3096} INFO - Sync 1 DAGs
[2025-10-03T17:33:11.201+0000] {logging_mixin.py:188} INFO - [2025-10-03T17:33:11.200+0000] {dag.py:3954} INFO - Setting next_dagrun for supplychain_pipeline_dag to 2025-10-03 17:30:00+00:00, run_after=2025-10-03 18:00:00+00:00
[2025-10-03T17:33:11.253+0000] {processor.py:183} INFO - Processing /opt/airflow/dags/supplychain_pipeline_dag.py took 5.016 seconds
[2025-10-03T17:33:41.569+0000] {processor.py:161} INFO - Started process (PID=1166) to work on /opt/airflow/dags/supplychain_pipeline_dag.py
[2025-10-03T17:33:41.572+0000] {processor.py:830} INFO - Processing file /opt/airflow/dags/supplychain_pipeline_dag.py for tasks to queue
[2025-10-03T17:33:41.578+0000] {logging_mixin.py:188} INFO - [2025-10-03T17:33:41.577+0000] {dagbag.py:545} INFO - Filling up the DagBag from /opt/airflow/dags/supplychain_pipeline_dag.py
[2025-10-03T17:33:45.810+0000] {logging_mixin.py:188} INFO - [2025-10-03T17:33:45.810+0000] {config.py:75} INFO - Settings loaded (env=default)
[2025-10-03T17:33:46.014+0000] {processor.py:840} INFO - DAG(s) 'supplychain_pipeline_dag' retrieved from /opt/airflow/dags/supplychain_pipeline_dag.py
[2025-10-03T17:33:46.085+0000] {logging_mixin.py:188} INFO - [2025-10-03T17:33:46.085+0000] {dag.py:3096} INFO - Sync 1 DAGs
[2025-10-03T17:33:46.131+0000] {logging_mixin.py:188} INFO - [2025-10-03T17:33:46.131+0000] {dag.py:3954} INFO - Setting next_dagrun for supplychain_pipeline_dag to 2025-10-03 17:30:00+00:00, run_after=2025-10-03 18:00:00+00:00
[2025-10-03T17:33:46.183+0000] {processor.py:183} INFO - Processing /opt/airflow/dags/supplychain_pipeline_dag.py took 4.631 seconds
[2025-10-03T17:34:17.072+0000] {processor.py:161} INFO - Started process (PID=1188) to work on /opt/airflow/dags/supplychain_pipeline_dag.py
[2025-10-03T17:34:17.075+0000] {processor.py:830} INFO - Processing file /opt/airflow/dags/supplychain_pipeline_dag.py for tasks to queue
[2025-10-03T17:34:17.080+0000] {logging_mixin.py:188} INFO - [2025-10-03T17:34:17.079+0000] {dagbag.py:545} INFO - Filling up the DagBag from /opt/airflow/dags/supplychain_pipeline_dag.py
[2025-10-03T17:34:21.373+0000] {logging_mixin.py:188} INFO - [2025-10-03T17:34:21.373+0000] {config.py:75} INFO - Settings loaded (env=default)
[2025-10-03T17:34:22.485+0000] {processor.py:840} INFO - DAG(s) 'supplychain_pipeline_dag' retrieved from /opt/airflow/dags/supplychain_pipeline_dag.py
[2025-10-03T17:34:22.573+0000] {logging_mixin.py:188} INFO - [2025-10-03T17:34:22.572+0000] {dag.py:3096} INFO - Sync 1 DAGs
[2025-10-03T17:34:22.624+0000] {logging_mixin.py:188} INFO - [2025-10-03T17:34:22.624+0000] {dag.py:3954} INFO - Setting next_dagrun for supplychain_pipeline_dag to 2025-10-03 17:30:00+00:00, run_after=2025-10-03 18:00:00+00:00
[2025-10-03T17:34:22.669+0000] {processor.py:183} INFO - Processing /opt/airflow/dags/supplychain_pipeline_dag.py took 4.740 seconds
