[2025-10-09T07:12:19.982+0000] {local_task_job_runner.py:120} INFO - ::group::Pre task execution logs
[2025-10-09T07:12:20.021+0000] {taskinstance.py:2076} INFO - Dependencies all met for dep_context=non-requeueable deps ti=<TaskInstance: supplychain_pipeline_dag.ingestion scheduled__2025-10-09T06:30:00+00:00 [queued]>
[2025-10-09T07:12:20.038+0000] {taskinstance.py:2076} INFO - Dependencies all met for dep_context=requeueable deps ti=<TaskInstance: supplychain_pipeline_dag.ingestion scheduled__2025-10-09T06:30:00+00:00 [queued]>
[2025-10-09T07:12:20.040+0000] {taskinstance.py:2306} INFO - Starting attempt 1 of 4
[2025-10-09T07:12:20.074+0000] {taskinstance.py:2330} INFO - Executing <Task(PythonOperator): ingestion> on 2025-10-09 06:30:00+00:00
[2025-10-09T07:12:20.111+0000] {standard_task_runner.py:90} INFO - Running: ['***', 'tasks', 'run', 'supplychain_pipeline_dag', 'ingestion', 'scheduled__2025-10-09T06:30:00+00:00', '--job-id', '68', '--raw', '--subdir', 'DAGS_FOLDER/supplychain_pipeline_dag.py', '--cfg-path', '/tmp/tmpatvu7vm1']
[2025-10-09T07:12:20.122+0000] {logging_mixin.py:188} WARNING - /home/***/.local/lib/python3.12/site-packages/***/task/task_runner/standard_task_runner.py:61 DeprecationWarning: This process (pid=219) is multi-threaded, use of fork() may lead to deadlocks in the child.
[2025-10-09T07:12:20.123+0000] {standard_task_runner.py:91} INFO - Job 68: Subtask ingestion
[2025-10-09T07:12:20.124+0000] {standard_task_runner.py:63} INFO - Started process 237 to run task
[2025-10-09T07:12:20.314+0000] {task_command.py:426} INFO - Running <TaskInstance: supplychain_pipeline_dag.ingestion scheduled__2025-10-09T06:30:00+00:00 [running]> on host 3acb578f14d5
[2025-10-09T07:12:20.648+0000] {taskinstance.py:2648} INFO - Exporting env vars: AIRFLOW_CTX_DAG_OWNER='***' AIRFLOW_CTX_DAG_ID='supplychain_pipeline_dag' AIRFLOW_CTX_TASK_ID='ingestion' AIRFLOW_CTX_EXECUTION_DATE='2025-10-09T06:30:00+00:00' AIRFLOW_CTX_TRY_NUMBER='1' AIRFLOW_CTX_DAG_RUN_ID='scheduled__2025-10-09T06:30:00+00:00'
[2025-10-09T07:12:20.651+0000] {taskinstance.py:430} INFO - ::endgroup::
[2025-10-09T07:12:20.738+0000] {main.py:52} INFO - Ingestion pipeline started
[2025-10-09T07:12:20.740+0000] {config.py:75} INFO - Settings loaded (env=default)
[2025-10-09T07:12:20.741+0000] {db_handler.py:12} INFO - Initializing Supabase client
[2025-10-09T07:12:20.815+0000] {mail_handler.py:8} INFO - Connecting to imap.gmail.com...
[2025-10-09T07:12:23.041+0000] {mail_handler.py:17} INFO - Fetching emails started...
[2025-10-09T07:12:23.454+0000] {main.py:59} INFO - Matched 2 emails with allowed subjects
[2025-10-09T07:12:23.985+0000] {mail_handler.py:52} WARNING - Skipping Naukri Campus <informationnc@naukri.com> for email b'223'
[2025-10-09T07:12:24.507+0000] {mail_handler.py:52} WARNING - Skipping Naukri Alerts <eventnc@naukri.com> for email b'224'
[2025-10-09T07:12:24.508+0000] {main.py:66} INFO - Processed 0 attachments this run
[2025-10-09T07:12:25.215+0000] {python.py:237} INFO - Done. Returned value was: None
[2025-10-09T07:12:25.217+0000] {taskinstance.py:441} INFO - ::group::Post task execution logs
[2025-10-09T07:12:25.256+0000] {taskinstance.py:1206} INFO - Marking task as SUCCESS. dag_id=supplychain_pipeline_dag, task_id=ingestion, run_id=scheduled__2025-10-09T06:30:00+00:00, execution_date=20251009T063000, start_date=20251009T071220, end_date=20251009T071225
[2025-10-09T07:12:25.350+0000] {local_task_job_runner.py:240} INFO - Task exited with return code 0
[2025-10-09T07:12:25.405+0000] {taskinstance.py:3503} INFO - 1 downstream tasks scheduled from follow-on schedule check
[2025-10-09T07:12:25.418+0000] {local_task_job_runner.py:222} INFO - ::endgroup::
