[2025-10-06T15:39:33.358+0000] {local_task_job_runner.py:120} INFO - ::group::Pre task execution logs
[2025-10-06T15:39:33.395+0000] {taskinstance.py:2076} INFO - Dependencies all met for dep_context=non-requeueable deps ti=<TaskInstance: supplychain_pipeline_dag.analytics_alerts_group.analytics scheduled__2025-10-06T15:00:00+00:00 [queued]>
[2025-10-06T15:39:33.414+0000] {taskinstance.py:2076} INFO - Dependencies all met for dep_context=requeueable deps ti=<TaskInstance: supplychain_pipeline_dag.analytics_alerts_group.analytics scheduled__2025-10-06T15:00:00+00:00 [queued]>
[2025-10-06T15:39:33.415+0000] {taskinstance.py:2306} INFO - Starting attempt 1 of 4
[2025-10-06T15:39:33.441+0000] {taskinstance.py:2330} INFO - Executing <Task(PythonOperator): analytics_alerts_group.analytics> on 2025-10-06 15:00:00+00:00
[2025-10-06T15:39:33.473+0000] {standard_task_runner.py:90} INFO - Running: ['***', 'tasks', 'run', 'supplychain_pipeline_dag', 'analytics_alerts_group.analytics', 'scheduled__2025-10-06T15:00:00+00:00', '--job-id', '50', '--raw', '--subdir', 'DAGS_FOLDER/supplychain_pipeline_dag.py', '--cfg-path', '/tmp/tmphe5oj61x']
[2025-10-06T15:39:33.480+0000] {standard_task_runner.py:91} INFO - Job 50: Subtask analytics_alerts_group.analytics
[2025-10-06T15:39:33.487+0000] {logging_mixin.py:188} WARNING - /home/***/.local/lib/python3.12/site-packages/***/task/task_runner/standard_task_runner.py:61 DeprecationWarning: This process (pid=351) is multi-threaded, use of fork() may lead to deadlocks in the child.
[2025-10-06T15:39:33.489+0000] {standard_task_runner.py:63} INFO - Started process 405 to run task
[2025-10-06T15:39:33.614+0000] {task_command.py:426} INFO - Running <TaskInstance: supplychain_pipeline_dag.analytics_alerts_group.analytics scheduled__2025-10-06T15:00:00+00:00 [running]> on host 843049cc59c8
[2025-10-06T15:39:33.809+0000] {taskinstance.py:2648} INFO - Exporting env vars: AIRFLOW_CTX_DAG_OWNER='***' AIRFLOW_CTX_DAG_ID='supplychain_pipeline_dag' AIRFLOW_CTX_TASK_ID='analytics_alerts_group.analytics' AIRFLOW_CTX_EXECUTION_DATE='2025-10-06T15:00:00+00:00' AIRFLOW_CTX_TRY_NUMBER='1' AIRFLOW_CTX_DAG_RUN_ID='scheduled__2025-10-06T15:00:00+00:00'
[2025-10-06T15:39:33.812+0000] {taskinstance.py:430} INFO - ::endgroup::
[2025-10-06T15:39:33.845+0000] {pipeline.py:12} INFO - Starting analytics pipeline
[2025-10-06T15:39:33.846+0000] {config.py:75} INFO - Settings loaded (env=default)
[2025-10-06T15:39:33.916+0000] {pipeline.py:17} INFO - Running Customer KPI Risk Predictions
[2025-10-06T15:39:33.917+0000] {customer_risk.py:219} INFO - Starting Customer KPI Risk Pipeline...
[2025-10-06T15:39:33.918+0000] {customer_risk.py:51} INFO - Calculating real OTIF % from last 180 days of order data...
[2025-10-06T15:39:34.584+0000] {_client.py:1025} INFO - HTTP Request: GET https://ytuiqgrpbwdxrmbzssrb.supabase.co/rest/v1/fact_order_line?select=customer_id%2Corder_placement_date%2C%22On+Time%22%2C%22In+Full%22%2C%22On+Time+In+Full%22&order_placement_date=gte.2025-04-09 "HTTP/2 200 OK"
[2025-10-06T15:39:34.991+0000] {_client.py:1025} INFO - HTTP Request: GET https://ytuiqgrpbwdxrmbzssrb.supabase.co/rest/v1/dim_targets_order?select=%2A "HTTP/2 200 OK"
[2025-10-06T15:39:35.263+0000] {_client.py:1025} INFO - HTTP Request: GET https://ytuiqgrpbwdxrmbzssrb.supabase.co/rest/v1/dim_customers?select=customer_id%2Ccity "HTTP/2 200 OK"
[2025-10-06T15:39:35.274+0000] {customer_risk.py:122} INFO - Calculated OTIF, trends, and time-based features for 35 customers.
[2025-10-06T15:39:35.276+0000] {customer_risk.py:129} INFO - Preparing dataset with engineered features...
[2025-10-06T15:39:35.286+0000] {customer_risk.py:161} INFO - Dataset prepared with 35 rows and features: ['otif_pct', 'on_time_pct', 'in_full_pct', 'total_orders', 'target_otif', 'target_ontime', 'target_infull', 'recent_otif_trend', 'city_encoded', 'avg_days_since_last_order', 'avg_order_day_of_week', 'avg_order_month']
[2025-10-06T15:39:35.287+0000] {customer_risk.py:168} INFO - Generating predictions...
[2025-10-06T15:39:35.343+0000] {logging_mixin.py:188} INFO - [LightGBM] [Warning] min_data_in_leaf is set=1, min_child_samples=20 will be ignored. Current value: min_data_in_leaf=1
[2025-10-06T15:39:35.356+0000] {logging_mixin.py:188} INFO - [LightGBM] [Warning] min_data_in_leaf is set=1, min_child_samples=20 will be ignored. Current value: min_data_in_leaf=1
[2025-10-06T15:39:35.359+0000] {logging_mixin.py:188} INFO - [LightGBM] [Info] Number of positive: 31, number of negative: 4
[2025-10-06T15:39:35.366+0000] {logging_mixin.py:188} INFO - [LightGBM] [Info] Auto-choosing col-wise multi-threading, the overhead of testing was 0.000870 seconds.
You can set `force_col_wise=true` to remove the overhead.
[2025-10-06T15:39:35.369+0000] {logging_mixin.py:188} INFO - [LightGBM] [Info] Total Bins 129
[2025-10-06T15:39:35.370+0000] {logging_mixin.py:188} INFO - [LightGBM] [Info] Number of data points in the train set: 35, number of used features: 12
[2025-10-06T15:39:35.374+0000] {logging_mixin.py:188} INFO - [LightGBM] [Info] [binary:BoostFromScore]: pavg=0.885714 -> initscore=2.047693
[2025-10-06T15:39:35.376+0000] {logging_mixin.py:188} INFO - [LightGBM] [Info] Start training from score 2.047693
[2025-10-06T15:39:35.387+0000] {logging_mixin.py:188} INFO - [LightGBM] [Warning] No further splits with positive gain, best gain: -inf
[2025-10-06T15:39:35.389+0000] {logging_mixin.py:188} INFO - [LightGBM] [Warning] No further splits with positive gain, best gain: -inf
[2025-10-06T15:39:35.391+0000] {logging_mixin.py:188} INFO - [LightGBM] [Warning] No further splits with positive gain, best gain: -inf
[2025-10-06T15:39:35.393+0000] {logging_mixin.py:188} INFO - [LightGBM] [Warning] No further splits with positive gain, best gain: -inf
[2025-10-06T15:39:35.399+0000] {logging_mixin.py:188} INFO - [LightGBM] [Warning] No further splits with positive gain, best gain: -inf
[2025-10-06T15:39:35.402+0000] {logging_mixin.py:188} INFO - [LightGBM] [Warning] No further splits with positive gain, best gain: -inf
[2025-10-06T15:39:35.403+0000] {logging_mixin.py:188} INFO - [LightGBM] [Warning] No further splits with positive gain, best gain: -inf
[2025-10-06T15:39:35.412+0000] {logging_mixin.py:188} INFO - [LightGBM] [Warning] No further splits with positive gain, best gain: -inf
[2025-10-06T15:39:35.413+0000] {logging_mixin.py:188} INFO - [LightGBM] [Warning] No further splits with positive gain, best gain: -inf
[2025-10-06T15:39:35.415+0000] {logging_mixin.py:188} INFO - [LightGBM] [Warning] No further splits with positive gain, best gain: -inf
[2025-10-06T15:39:35.416+0000] {logging_mixin.py:188} INFO - [LightGBM] [Warning] No further splits with positive gain, best gain: -inf
[2025-10-06T15:39:35.417+0000] {logging_mixin.py:188} INFO - [LightGBM] [Warning] No further splits with positive gain, best gain: -inf
[2025-10-06T15:39:35.418+0000] {logging_mixin.py:188} INFO - [LightGBM] [Warning] No further splits with positive gain, best gain: -inf
[2025-10-06T15:39:35.419+0000] {logging_mixin.py:188} INFO - [LightGBM] [Warning] No further splits with positive gain, best gain: -inf
[2025-10-06T15:39:35.420+0000] {logging_mixin.py:188} INFO - [LightGBM] [Warning] No further splits with positive gain, best gain: -inf
[2025-10-06T15:39:35.421+0000] {logging_mixin.py:188} INFO - [LightGBM] [Warning] No further splits with positive gain, best gain: -inf
[2025-10-06T15:39:35.422+0000] {logging_mixin.py:188} INFO - [LightGBM] [Warning] No further splits with positive gain, best gain: -inf
[2025-10-06T15:39:35.423+0000] {logging_mixin.py:188} INFO - [LightGBM] [Warning] No further splits with positive gain, best gain: -inf
[2025-10-06T15:39:35.425+0000] {logging_mixin.py:188} INFO - [LightGBM] [Warning] No further splits with positive gain, best gain: -inf
[2025-10-06T15:39:35.426+0000] {logging_mixin.py:188} INFO - [LightGBM] [Warning] No further splits with positive gain, best gain: -inf
[2025-10-06T15:39:35.428+0000] {logging_mixin.py:188} INFO - [LightGBM] [Warning] No further splits with positive gain, best gain: -inf
[2025-10-06T15:39:35.429+0000] {logging_mixin.py:188} INFO - [LightGBM] [Warning] No further splits with positive gain, best gain: -inf
[2025-10-06T15:39:35.430+0000] {logging_mixin.py:188} INFO - [LightGBM] [Warning] No further splits with positive gain, best gain: -inf
[2025-10-06T15:39:35.431+0000] {logging_mixin.py:188} INFO - [LightGBM] [Warning] No further splits with positive gain, best gain: -inf
[2025-10-06T15:39:35.432+0000] {logging_mixin.py:188} INFO - [LightGBM] [Warning] No further splits with positive gain, best gain: -inf
[2025-10-06T15:39:35.434+0000] {logging_mixin.py:188} INFO - [LightGBM] [Warning] No further splits with positive gain, best gain: -inf
[2025-10-06T15:39:35.435+0000] {logging_mixin.py:188} INFO - [LightGBM] [Warning] No further splits with positive gain, best gain: -inf
[2025-10-06T15:39:35.436+0000] {logging_mixin.py:188} INFO - [LightGBM] [Warning] No further splits with positive gain, best gain: -inf
[2025-10-06T15:39:35.437+0000] {logging_mixin.py:188} INFO - [LightGBM] [Warning] No further splits with positive gain, best gain: -inf
[2025-10-06T15:39:35.439+0000] {logging_mixin.py:188} INFO - [LightGBM] [Warning] No further splits with positive gain, best gain: -inf
[2025-10-06T15:39:35.440+0000] {logging_mixin.py:188} INFO - [LightGBM] [Warning] No further splits with positive gain, best gain: -inf
[2025-10-06T15:39:35.442+0000] {logging_mixin.py:188} INFO - [LightGBM] [Warning] No further splits with positive gain, best gain: -inf
[2025-10-06T15:39:35.443+0000] {logging_mixin.py:188} INFO - [LightGBM] [Warning] No further splits with positive gain, best gain: -inf
[2025-10-06T15:39:35.444+0000] {logging_mixin.py:188} INFO - [LightGBM] [Warning] No further splits with positive gain, best gain: -inf
[2025-10-06T15:39:35.445+0000] {logging_mixin.py:188} INFO - [LightGBM] [Warning] No further splits with positive gain, best gain: -inf
[2025-10-06T15:39:35.446+0000] {logging_mixin.py:188} INFO - [LightGBM] [Warning] No further splits with positive gain, best gain: -inf
[2025-10-06T15:39:35.447+0000] {logging_mixin.py:188} INFO - [LightGBM] [Warning] No further splits with positive gain, best gain: -inf
[2025-10-06T15:39:35.448+0000] {logging_mixin.py:188} INFO - [LightGBM] [Warning] No further splits with positive gain, best gain: -inf
[2025-10-06T15:39:35.449+0000] {logging_mixin.py:188} INFO - [LightGBM] [Warning] No further splits with positive gain, best gain: -inf
[2025-10-06T15:39:35.451+0000] {logging_mixin.py:188} INFO - [LightGBM] [Warning] No further splits with positive gain, best gain: -inf
[2025-10-06T15:39:35.452+0000] {logging_mixin.py:188} INFO - [LightGBM] [Warning] No further splits with positive gain, best gain: -inf
[2025-10-06T15:39:35.457+0000] {logging_mixin.py:188} INFO - [LightGBM] [Warning] No further splits with positive gain, best gain: -inf
[2025-10-06T15:39:35.459+0000] {logging_mixin.py:188} INFO - [LightGBM] [Warning] No further splits with positive gain, best gain: -inf
[2025-10-06T15:39:35.460+0000] {logging_mixin.py:188} INFO - [LightGBM] [Warning] No further splits with positive gain, best gain: -inf
[2025-10-06T15:39:35.461+0000] {logging_mixin.py:188} INFO - [LightGBM] [Warning] No further splits with positive gain, best gain: -inf
[2025-10-06T15:39:35.462+0000] {logging_mixin.py:188} INFO - [LightGBM] [Warning] No further splits with positive gain, best gain: -inf
[2025-10-06T15:39:35.464+0000] {logging_mixin.py:188} INFO - [LightGBM] [Warning] No further splits with positive gain, best gain: -inf
[2025-10-06T15:39:35.465+0000] {logging_mixin.py:188} INFO - [LightGBM] [Warning] No further splits with positive gain, best gain: -inf
[2025-10-06T15:39:35.466+0000] {logging_mixin.py:188} INFO - [LightGBM] [Warning] No further splits with positive gain, best gain: -inf
[2025-10-06T15:39:35.467+0000] {logging_mixin.py:188} INFO - [LightGBM] [Warning] No further splits with positive gain, best gain: -inf
[2025-10-06T15:39:35.476+0000] {logging_mixin.py:188} INFO - [LightGBM] [Warning] min_data_in_leaf is set=1, min_child_samples=20 will be ignored. Current value: min_data_in_leaf=1
[2025-10-06T15:39:35.478+0000] {customer_risk.py:195} INFO - Uploading risk predictions to Supabase...
[2025-10-06T15:39:35.835+0000] {_client.py:1025} INFO - HTTP Request: POST https://ytuiqgrpbwdxrmbzssrb.supabase.co/rest/v1/kpi_risk_predictions?columns=%22risk_score%22%2C%22risk_label%22%2C%22customer_id%22%2C%22prediction_date%22 "HTTP/2 201 Created"
[2025-10-06T15:39:35.840+0000] {customer_risk.py:213} INFO - Successfully inserted 35 predictions.
[2025-10-06T15:39:35.842+0000] {customer_risk.py:230} INFO - Customer risk pipeline completed successfully.
[2025-10-06T15:39:35.843+0000] {pipeline.py:20} INFO - Running KPI analysis
[2025-10-06T15:39:36.458+0000] {_client.py:1025} INFO - HTTP Request: GET https://ytuiqgrpbwdxrmbzssrb.supabase.co/rest/v1/kpi_summary?select=%2A "HTTP/2 200 OK"
[2025-10-06T15:39:36.462+0000] {kpi_analysis.py:16} INFO - Fetched 35 KPI summary rows
[2025-10-06T15:39:36.464+0000] {pipeline.py:22} INFO - KPI analysis complete (35 records)
[2025-10-06T15:39:36.465+0000] {pipeline.py:24} INFO - Running demand forecasting
[2025-10-06T15:39:36.467+0000] {forecasting.py:9} INFO - Running demand forecasting
[2025-10-06T15:39:36.735+0000] {_client.py:1025} INFO - HTTP Request: GET https://ytuiqgrpbwdxrmbzssrb.supabase.co/rest/v1/fact_order_line?select=order_placement_date%2Cproduct_id%2Corder_qty "HTTP/2 200 OK"
[2025-10-06T15:39:36.943+0000] {filesystem.py:118} DEBUG - input tempfile: /tmp/tmpan0ps6uc/sjlgoewy.json
[2025-10-06T15:39:36.963+0000] {filesystem.py:118} DEBUG - input tempfile: /tmp/tmpan0ps6uc/naj9fsdd.json
[2025-10-06T15:39:36.967+0000] {model.py:2042} DEBUG - idx 0
[2025-10-06T15:39:36.969+0000] {model.py:2043} DEBUG - running CmdStan, num_threads: None
[2025-10-06T15:39:36.970+0000] {model.py:2055} DEBUG - CmdStan args: ['/home/***/.local/lib/python3.12/site-packages/prophet/stan_model/prophet_model.bin', 'random', 'seed=5939', 'data', 'file=/tmp/tmpan0ps6uc/sjlgoewy.json', 'init=/tmp/tmpan0ps6uc/naj9fsdd.json', 'output', 'file=/tmp/tmpan0ps6uc/prophet_modelpz04mvne/prophet_model-20251006153936.csv', 'method=optimize', 'algorithm=lbfgs', 'iter=10000']
[2025-10-06T15:39:36.972+0000] {logging_mixin.py:188} WARNING - 15:39:36 - cmdstanpy - INFO - Chain [1] start processing
[2025-10-06T15:39:36.972+0000] {model.py:2058} INFO - Chain [1] start processing
[2025-10-06T15:39:37.031+0000] {logging_mixin.py:188} WARNING - 15:39:37 - cmdstanpy - INFO - Chain [1] done processing
[2025-10-06T15:39:37.031+0000] {model.py:2115} INFO - Chain [1] done processing
[2025-10-06T15:39:37.207+0000] {forecasting.py:68} WARNING - High MAPE (100.0%) for product 25891101 — forecast may be unreliable
[2025-10-06T15:39:37.416+0000] {_client.py:1025} INFO - HTTP Request: POST https://ytuiqgrpbwdxrmbzssrb.supabase.co/rest/v1/policy_recommendations "HTTP/2 201 Created"
[2025-10-06T15:39:37.419+0000] {forecasting.py:84} INFO - Forecast for product 25891101: 116 units (MAPE: 100.0%)
[2025-10-06T15:39:37.454+0000] {filesystem.py:118} DEBUG - input tempfile: /tmp/tmpan0ps6uc/yt5iyy_7.json
[2025-10-06T15:39:37.471+0000] {filesystem.py:118} DEBUG - input tempfile: /tmp/tmpan0ps6uc/64equ_rk.json
[2025-10-06T15:39:37.475+0000] {model.py:2042} DEBUG - idx 0
[2025-10-06T15:39:37.477+0000] {model.py:2043} DEBUG - running CmdStan, num_threads: None
[2025-10-06T15:39:37.478+0000] {model.py:2055} DEBUG - CmdStan args: ['/home/***/.local/lib/python3.12/site-packages/prophet/stan_model/prophet_model.bin', 'random', 'seed=81932', 'data', 'file=/tmp/tmpan0ps6uc/yt5iyy_7.json', 'init=/tmp/tmpan0ps6uc/64equ_rk.json', 'output', 'file=/tmp/tmpan0ps6uc/prophet_modeln6t0p7yo/prophet_model-20251006153937.csv', 'method=optimize', 'algorithm=lbfgs', 'iter=10000']
[2025-10-06T15:39:37.479+0000] {logging_mixin.py:188} WARNING - 15:39:37 - cmdstanpy - INFO - Chain [1] start processing
[2025-10-06T15:39:37.479+0000] {model.py:2058} INFO - Chain [1] start processing
[2025-10-06T15:39:37.501+0000] {logging_mixin.py:188} WARNING - 15:39:37 - cmdstanpy - INFO - Chain [1] done processing
[2025-10-06T15:39:37.501+0000] {model.py:2115} INFO - Chain [1] done processing
[2025-10-06T15:39:37.631+0000] {forecasting.py:68} WARNING - High MAPE (62.3%) for product 25891102 — forecast may be unreliable
[2025-10-06T15:39:37.874+0000] {_client.py:1025} INFO - HTTP Request: POST https://ytuiqgrpbwdxrmbzssrb.supabase.co/rest/v1/policy_recommendations "HTTP/2 201 Created"
[2025-10-06T15:39:37.877+0000] {forecasting.py:84} INFO - Forecast for product 25891102: 1527 units (MAPE: 62.3%)
[2025-10-06T15:39:37.914+0000] {filesystem.py:118} DEBUG - input tempfile: /tmp/tmpan0ps6uc/jtue6tl6.json
[2025-10-06T15:39:37.932+0000] {filesystem.py:118} DEBUG - input tempfile: /tmp/tmpan0ps6uc/v35na7rc.json
[2025-10-06T15:39:37.936+0000] {model.py:2042} DEBUG - idx 0
[2025-10-06T15:39:37.937+0000] {model.py:2043} DEBUG - running CmdStan, num_threads: None
[2025-10-06T15:39:37.938+0000] {model.py:2055} DEBUG - CmdStan args: ['/home/***/.local/lib/python3.12/site-packages/prophet/stan_model/prophet_model.bin', 'random', 'seed=63622', 'data', 'file=/tmp/tmpan0ps6uc/jtue6tl6.json', 'init=/tmp/tmpan0ps6uc/v35na7rc.json', 'output', 'file=/tmp/tmpan0ps6uc/prophet_model6zu0xyr4/prophet_model-20251006153937.csv', 'method=optimize', 'algorithm=lbfgs', 'iter=10000']
[2025-10-06T15:39:37.940+0000] {logging_mixin.py:188} WARNING - 15:39:37 - cmdstanpy - INFO - Chain [1] start processing
[2025-10-06T15:39:37.940+0000] {model.py:2058} INFO - Chain [1] start processing
[2025-10-06T15:39:37.961+0000] {logging_mixin.py:188} WARNING - 15:39:37 - cmdstanpy - INFO - Chain [1] done processing
[2025-10-06T15:39:37.961+0000] {model.py:2115} INFO - Chain [1] done processing
[2025-10-06T15:39:38.116+0000] {forecasting.py:68} WARNING - High MAPE (100.0%) for product 25891103 — forecast may be unreliable
[2025-10-06T15:39:38.343+0000] {_client.py:1025} INFO - HTTP Request: POST https://ytuiqgrpbwdxrmbzssrb.supabase.co/rest/v1/policy_recommendations "HTTP/2 201 Created"
[2025-10-06T15:39:38.346+0000] {forecasting.py:84} INFO - Forecast for product 25891103: 42 units (MAPE: 100.0%)
[2025-10-06T15:39:38.377+0000] {filesystem.py:118} DEBUG - input tempfile: /tmp/tmpan0ps6uc/tevxq6f1.json
[2025-10-06T15:39:38.393+0000] {filesystem.py:118} DEBUG - input tempfile: /tmp/tmpan0ps6uc/sg9dhwmb.json
[2025-10-06T15:39:38.397+0000] {model.py:2042} DEBUG - idx 0
[2025-10-06T15:39:38.398+0000] {model.py:2043} DEBUG - running CmdStan, num_threads: None
[2025-10-06T15:39:38.399+0000] {model.py:2055} DEBUG - CmdStan args: ['/home/***/.local/lib/python3.12/site-packages/prophet/stan_model/prophet_model.bin', 'random', 'seed=28382', 'data', 'file=/tmp/tmpan0ps6uc/tevxq6f1.json', 'init=/tmp/tmpan0ps6uc/sg9dhwmb.json', 'output', 'file=/tmp/tmpan0ps6uc/prophet_model05gjhm2i/prophet_model-20251006153938.csv', 'method=optimize', 'algorithm=lbfgs', 'iter=10000']
[2025-10-06T15:39:38.401+0000] {logging_mixin.py:188} WARNING - 15:39:38 - cmdstanpy - INFO - Chain [1] start processing
[2025-10-06T15:39:38.401+0000] {model.py:2058} INFO - Chain [1] start processing
[2025-10-06T15:39:38.436+0000] {logging_mixin.py:188} WARNING - 15:39:38 - cmdstanpy - INFO - Chain [1] done processing
[2025-10-06T15:39:38.436+0000] {model.py:2115} INFO - Chain [1] done processing
[2025-10-06T15:39:38.547+0000] {forecasting.py:68} WARNING - High MAPE (100.0%) for product 25891201 — forecast may be unreliable
[2025-10-06T15:39:38.813+0000] {_client.py:1025} INFO - HTTP Request: POST https://ytuiqgrpbwdxrmbzssrb.supabase.co/rest/v1/policy_recommendations "HTTP/2 201 Created"
[2025-10-06T15:39:38.815+0000] {forecasting.py:84} INFO - Forecast for product 25891201: 22 units (MAPE: 100.0%)
[2025-10-06T15:39:38.856+0000] {filesystem.py:118} DEBUG - input tempfile: /tmp/tmpan0ps6uc/oyjzryq3.json
[2025-10-06T15:39:38.874+0000] {filesystem.py:118} DEBUG - input tempfile: /tmp/tmpan0ps6uc/_yikaltg.json
[2025-10-06T15:39:38.877+0000] {model.py:2042} DEBUG - idx 0
[2025-10-06T15:39:38.879+0000] {model.py:2043} DEBUG - running CmdStan, num_threads: None
[2025-10-06T15:39:38.880+0000] {model.py:2055} DEBUG - CmdStan args: ['/home/***/.local/lib/python3.12/site-packages/prophet/stan_model/prophet_model.bin', 'random', 'seed=56830', 'data', 'file=/tmp/tmpan0ps6uc/oyjzryq3.json', 'init=/tmp/tmpan0ps6uc/_yikaltg.json', 'output', 'file=/tmp/tmpan0ps6uc/prophet_modeloo2ucj7l/prophet_model-20251006153938.csv', 'method=optimize', 'algorithm=lbfgs', 'iter=10000']
[2025-10-06T15:39:38.881+0000] {logging_mixin.py:188} WARNING - 15:39:38 - cmdstanpy - INFO - Chain [1] start processing
[2025-10-06T15:39:38.881+0000] {model.py:2058} INFO - Chain [1] start processing
[2025-10-06T15:39:38.901+0000] {logging_mixin.py:188} WARNING - 15:39:38 - cmdstanpy - INFO - Chain [1] done processing
[2025-10-06T15:39:38.901+0000] {model.py:2115} INFO - Chain [1] done processing
[2025-10-06T15:39:39.275+0000] {_client.py:1025} INFO - HTTP Request: POST https://ytuiqgrpbwdxrmbzssrb.supabase.co/rest/v1/policy_recommendations "HTTP/2 201 Created"
[2025-10-06T15:39:39.278+0000] {forecasting.py:84} INFO - Forecast for product 25891202: 1249 units (MAPE: 38.8%)
[2025-10-06T15:39:39.306+0000] {filesystem.py:118} DEBUG - input tempfile: /tmp/tmpan0ps6uc/tl8cc2x9.json
[2025-10-06T15:39:39.326+0000] {filesystem.py:118} DEBUG - input tempfile: /tmp/tmpan0ps6uc/nmty5hr2.json
[2025-10-06T15:39:39.329+0000] {model.py:2042} DEBUG - idx 0
[2025-10-06T15:39:39.330+0000] {model.py:2043} DEBUG - running CmdStan, num_threads: None
[2025-10-06T15:39:39.331+0000] {model.py:2055} DEBUG - CmdStan args: ['/home/***/.local/lib/python3.12/site-packages/prophet/stan_model/prophet_model.bin', 'random', 'seed=73526', 'data', 'file=/tmp/tmpan0ps6uc/tl8cc2x9.json', 'init=/tmp/tmpan0ps6uc/nmty5hr2.json', 'output', 'file=/tmp/tmpan0ps6uc/prophet_modelmh6dadml/prophet_model-20251006153939.csv', 'method=optimize', 'algorithm=lbfgs', 'iter=10000']
[2025-10-06T15:39:39.333+0000] {logging_mixin.py:188} WARNING - 15:39:39 - cmdstanpy - INFO - Chain [1] start processing
[2025-10-06T15:39:39.333+0000] {model.py:2058} INFO - Chain [1] start processing
[2025-10-06T15:39:39.356+0000] {logging_mixin.py:188} WARNING - 15:39:39 - cmdstanpy - INFO - Chain [1] done processing
[2025-10-06T15:39:39.356+0000] {model.py:2115} INFO - Chain [1] done processing
[2025-10-06T15:39:39.662+0000] {_client.py:1025} INFO - HTTP Request: POST https://ytuiqgrpbwdxrmbzssrb.supabase.co/rest/v1/policy_recommendations "HTTP/2 201 Created"
[2025-10-06T15:39:39.665+0000] {forecasting.py:84} INFO - Forecast for product 25891203: 828 units (MAPE: 6.4%)
[2025-10-06T15:39:39.711+0000] {filesystem.py:118} DEBUG - input tempfile: /tmp/tmpan0ps6uc/osusoff4.json
[2025-10-06T15:39:39.729+0000] {filesystem.py:118} DEBUG - input tempfile: /tmp/tmpan0ps6uc/7namdzex.json
[2025-10-06T15:39:39.732+0000] {model.py:2042} DEBUG - idx 0
[2025-10-06T15:39:39.733+0000] {model.py:2043} DEBUG - running CmdStan, num_threads: None
[2025-10-06T15:39:39.735+0000] {model.py:2055} DEBUG - CmdStan args: ['/home/***/.local/lib/python3.12/site-packages/prophet/stan_model/prophet_model.bin', 'random', 'seed=59870', 'data', 'file=/tmp/tmpan0ps6uc/osusoff4.json', 'init=/tmp/tmpan0ps6uc/7namdzex.json', 'output', 'file=/tmp/tmpan0ps6uc/prophet_modeltzzomkf5/prophet_model-20251006153939.csv', 'method=optimize', 'algorithm=lbfgs', 'iter=10000']
[2025-10-06T15:39:39.737+0000] {logging_mixin.py:188} WARNING - 15:39:39 - cmdstanpy - INFO - Chain [1] start processing
[2025-10-06T15:39:39.736+0000] {model.py:2058} INFO - Chain [1] start processing
[2025-10-06T15:39:39.763+0000] {logging_mixin.py:188} WARNING - 15:39:39 - cmdstanpy - INFO - Chain [1] done processing
[2025-10-06T15:39:39.762+0000] {model.py:2115} INFO - Chain [1] done processing
[2025-10-06T15:39:39.908+0000] {forecasting.py:68} WARNING - High MAPE (51.6%) for product 25891301 — forecast may be unreliable
[2025-10-06T15:39:40.143+0000] {_client.py:1025} INFO - HTTP Request: POST https://ytuiqgrpbwdxrmbzssrb.supabase.co/rest/v1/policy_recommendations "HTTP/2 201 Created"
[2025-10-06T15:39:40.145+0000] {forecasting.py:84} INFO - Forecast for product 25891301: 264 units (MAPE: 51.6%)
[2025-10-06T15:39:40.187+0000] {filesystem.py:118} DEBUG - input tempfile: /tmp/tmpan0ps6uc/upluqxcw.json
[2025-10-06T15:39:40.205+0000] {filesystem.py:118} DEBUG - input tempfile: /tmp/tmpan0ps6uc/fob68fhb.json
[2025-10-06T15:39:40.209+0000] {model.py:2042} DEBUG - idx 0
[2025-10-06T15:39:40.210+0000] {model.py:2043} DEBUG - running CmdStan, num_threads: None
[2025-10-06T15:39:40.211+0000] {model.py:2055} DEBUG - CmdStan args: ['/home/***/.local/lib/python3.12/site-packages/prophet/stan_model/prophet_model.bin', 'random', 'seed=65408', 'data', 'file=/tmp/tmpan0ps6uc/upluqxcw.json', 'init=/tmp/tmpan0ps6uc/fob68fhb.json', 'output', 'file=/tmp/tmpan0ps6uc/prophet_model8_093r_m/prophet_model-20251006153940.csv', 'method=optimize', 'algorithm=lbfgs', 'iter=10000']
[2025-10-06T15:39:40.213+0000] {logging_mixin.py:188} WARNING - 15:39:40 - cmdstanpy - INFO - Chain [1] start processing
[2025-10-06T15:39:40.213+0000] {model.py:2058} INFO - Chain [1] start processing
[2025-10-06T15:39:40.239+0000] {logging_mixin.py:188} WARNING - 15:39:40 - cmdstanpy - INFO - Chain [1] done processing
[2025-10-06T15:39:40.239+0000] {model.py:2115} INFO - Chain [1] done processing
[2025-10-06T15:39:40.356+0000] {forecasting.py:68} WARNING - High MAPE (90.0%) for product 25891302 — forecast may be unreliable
[2025-10-06T15:39:40.688+0000] {_client.py:1025} INFO - HTTP Request: POST https://ytuiqgrpbwdxrmbzssrb.supabase.co/rest/v1/policy_recommendations "HTTP/2 201 Created"
[2025-10-06T15:39:40.692+0000] {forecasting.py:84} INFO - Forecast for product 25891302: 32 units (MAPE: 90.0%)
[2025-10-06T15:39:40.750+0000] {filesystem.py:118} DEBUG - input tempfile: /tmp/tmpan0ps6uc/n6bc4dlk.json
[2025-10-06T15:39:40.772+0000] {filesystem.py:118} DEBUG - input tempfile: /tmp/tmpan0ps6uc/mzl89f62.json
[2025-10-06T15:39:40.778+0000] {model.py:2042} DEBUG - idx 0
[2025-10-06T15:39:40.779+0000] {model.py:2043} DEBUG - running CmdStan, num_threads: None
[2025-10-06T15:39:40.780+0000] {model.py:2055} DEBUG - CmdStan args: ['/home/***/.local/lib/python3.12/site-packages/prophet/stan_model/prophet_model.bin', 'random', 'seed=67919', 'data', 'file=/tmp/tmpan0ps6uc/n6bc4dlk.json', 'init=/tmp/tmpan0ps6uc/mzl89f62.json', 'output', 'file=/tmp/tmpan0ps6uc/prophet_model8aom5vjz/prophet_model-20251006153940.csv', 'method=optimize', 'algorithm=lbfgs', 'iter=10000']
[2025-10-06T15:39:40.782+0000] {logging_mixin.py:188} WARNING - 15:39:40 - cmdstanpy - INFO - Chain [1] start processing
[2025-10-06T15:39:40.782+0000] {model.py:2058} INFO - Chain [1] start processing
[2025-10-06T15:39:40.809+0000] {logging_mixin.py:188} WARNING - 15:39:40 - cmdstanpy - INFO - Chain [1] done processing
[2025-10-06T15:39:40.808+0000] {model.py:2115} INFO - Chain [1] done processing
[2025-10-06T15:39:40.987+0000] {forecasting.py:68} WARNING - High MAPE (100.0%) for product 25891303 — forecast may be unreliable
[2025-10-06T15:39:41.334+0000] {_client.py:1025} INFO - HTTP Request: POST https://ytuiqgrpbwdxrmbzssrb.supabase.co/rest/v1/policy_recommendations "HTTP/2 201 Created"
[2025-10-06T15:39:41.338+0000] {forecasting.py:84} INFO - Forecast for product 25891303: 13 units (MAPE: 100.0%)
[2025-10-06T15:39:41.378+0000] {filesystem.py:118} DEBUG - input tempfile: /tmp/tmpan0ps6uc/jnq4mbty.json
[2025-10-06T15:39:41.397+0000] {filesystem.py:118} DEBUG - input tempfile: /tmp/tmpan0ps6uc/bh6at89b.json
[2025-10-06T15:39:41.401+0000] {model.py:2042} DEBUG - idx 0
[2025-10-06T15:39:41.402+0000] {model.py:2043} DEBUG - running CmdStan, num_threads: None
[2025-10-06T15:39:41.403+0000] {model.py:2055} DEBUG - CmdStan args: ['/home/***/.local/lib/python3.12/site-packages/prophet/stan_model/prophet_model.bin', 'random', 'seed=90167', 'data', 'file=/tmp/tmpan0ps6uc/jnq4mbty.json', 'init=/tmp/tmpan0ps6uc/bh6at89b.json', 'output', 'file=/tmp/tmpan0ps6uc/prophet_modelcmuf9nrd/prophet_model-20251006153941.csv', 'method=optimize', 'algorithm=lbfgs', 'iter=10000']
[2025-10-06T15:39:41.405+0000] {logging_mixin.py:188} WARNING - 15:39:41 - cmdstanpy - INFO - Chain [1] start processing
[2025-10-06T15:39:41.404+0000] {model.py:2058} INFO - Chain [1] start processing
[2025-10-06T15:39:41.427+0000] {logging_mixin.py:188} WARNING - 15:39:41 - cmdstanpy - INFO - Chain [1] done processing
[2025-10-06T15:39:41.427+0000] {model.py:2115} INFO - Chain [1] done processing
[2025-10-06T15:39:41.546+0000] {forecasting.py:68} WARNING - High MAPE (298.5%) for product 25891401 — forecast may be unreliable
[2025-10-06T15:39:41.809+0000] {_client.py:1025} INFO - HTTP Request: POST https://ytuiqgrpbwdxrmbzssrb.supabase.co/rest/v1/policy_recommendations "HTTP/2 201 Created"
[2025-10-06T15:39:41.812+0000] {forecasting.py:84} INFO - Forecast for product 25891401: 1704 units (MAPE: 298.5%)
[2025-10-06T15:39:41.846+0000] {filesystem.py:118} DEBUG - input tempfile: /tmp/tmpan0ps6uc/7vylc5u8.json
[2025-10-06T15:39:41.862+0000] {filesystem.py:118} DEBUG - input tempfile: /tmp/tmpan0ps6uc/xn06hksn.json
[2025-10-06T15:39:41.866+0000] {model.py:2042} DEBUG - idx 0
[2025-10-06T15:39:41.867+0000] {model.py:2043} DEBUG - running CmdStan, num_threads: None
[2025-10-06T15:39:41.868+0000] {model.py:2055} DEBUG - CmdStan args: ['/home/***/.local/lib/python3.12/site-packages/prophet/stan_model/prophet_model.bin', 'random', 'seed=36371', 'data', 'file=/tmp/tmpan0ps6uc/7vylc5u8.json', 'init=/tmp/tmpan0ps6uc/xn06hksn.json', 'output', 'file=/tmp/tmpan0ps6uc/prophet_modelwo_c_xax/prophet_model-20251006153941.csv', 'method=optimize', 'algorithm=lbfgs', 'iter=10000']
[2025-10-06T15:39:41.869+0000] {logging_mixin.py:188} WARNING - 15:39:41 - cmdstanpy - INFO - Chain [1] start processing
[2025-10-06T15:39:41.869+0000] {model.py:2058} INFO - Chain [1] start processing
[2025-10-06T15:39:41.898+0000] {logging_mixin.py:188} WARNING - 15:39:41 - cmdstanpy - INFO - Chain [1] done processing
[2025-10-06T15:39:41.898+0000] {model.py:2115} INFO - Chain [1] done processing
[2025-10-06T15:39:42.010+0000] {forecasting.py:68} WARNING - High MAPE (315.4%) for product 25891402 — forecast may be unreliable
[2025-10-06T15:39:42.280+0000] {_client.py:1025} INFO - HTTP Request: POST https://ytuiqgrpbwdxrmbzssrb.supabase.co/rest/v1/policy_recommendations "HTTP/2 201 Created"
[2025-10-06T15:39:42.282+0000] {forecasting.py:84} INFO - Forecast for product 25891402: 2526 units (MAPE: 315.4%)
[2025-10-06T15:39:42.314+0000] {filesystem.py:118} DEBUG - input tempfile: /tmp/tmpan0ps6uc/ey4taisf.json
[2025-10-06T15:39:42.332+0000] {filesystem.py:118} DEBUG - input tempfile: /tmp/tmpan0ps6uc/ylvgfxpl.json
[2025-10-06T15:39:42.335+0000] {model.py:2042} DEBUG - idx 0
[2025-10-06T15:39:42.336+0000] {model.py:2043} DEBUG - running CmdStan, num_threads: None
[2025-10-06T15:39:42.338+0000] {model.py:2055} DEBUG - CmdStan args: ['/home/***/.local/lib/python3.12/site-packages/prophet/stan_model/prophet_model.bin', 'random', 'seed=5818', 'data', 'file=/tmp/tmpan0ps6uc/ey4taisf.json', 'init=/tmp/tmpan0ps6uc/ylvgfxpl.json', 'output', 'file=/tmp/tmpan0ps6uc/prophet_model2q7oaz8o/prophet_model-20251006153942.csv', 'method=optimize', 'algorithm=lbfgs', 'iter=10000']
[2025-10-06T15:39:42.339+0000] {logging_mixin.py:188} WARNING - 15:39:42 - cmdstanpy - INFO - Chain [1] start processing
[2025-10-06T15:39:42.339+0000] {model.py:2058} INFO - Chain [1] start processing
[2025-10-06T15:39:42.363+0000] {logging_mixin.py:188} WARNING - 15:39:42 - cmdstanpy - INFO - Chain [1] done processing
[2025-10-06T15:39:42.362+0000] {model.py:2115} INFO - Chain [1] done processing
[2025-10-06T15:39:42.490+0000] {forecasting.py:68} WARNING - High MAPE (100.0%) for product 25891403 — forecast may be unreliable
[2025-10-06T15:39:42.741+0000] {_client.py:1025} INFO - HTTP Request: POST https://ytuiqgrpbwdxrmbzssrb.supabase.co/rest/v1/policy_recommendations "HTTP/2 201 Created"
[2025-10-06T15:39:42.744+0000] {forecasting.py:84} INFO - Forecast for product 25891403: 56 units (MAPE: 100.0%)
[2025-10-06T15:39:42.779+0000] {filesystem.py:118} DEBUG - input tempfile: /tmp/tmpan0ps6uc/zy903x2f.json
[2025-10-06T15:39:42.795+0000] {filesystem.py:118} DEBUG - input tempfile: /tmp/tmpan0ps6uc/wux6r2o7.json
[2025-10-06T15:39:42.799+0000] {model.py:2042} DEBUG - idx 0
[2025-10-06T15:39:42.800+0000] {model.py:2043} DEBUG - running CmdStan, num_threads: None
[2025-10-06T15:39:42.801+0000] {model.py:2055} DEBUG - CmdStan args: ['/home/***/.local/lib/python3.12/site-packages/prophet/stan_model/prophet_model.bin', 'random', 'seed=39182', 'data', 'file=/tmp/tmpan0ps6uc/zy903x2f.json', 'init=/tmp/tmpan0ps6uc/wux6r2o7.json', 'output', 'file=/tmp/tmpan0ps6uc/prophet_model72jwjf9y/prophet_model-20251006153942.csv', 'method=optimize', 'algorithm=lbfgs', 'iter=10000']
[2025-10-06T15:39:42.803+0000] {logging_mixin.py:188} WARNING - 15:39:42 - cmdstanpy - INFO - Chain [1] start processing
[2025-10-06T15:39:42.803+0000] {model.py:2058} INFO - Chain [1] start processing
[2025-10-06T15:39:42.823+0000] {logging_mixin.py:188} WARNING - 15:39:42 - cmdstanpy - INFO - Chain [1] done processing
[2025-10-06T15:39:42.822+0000] {model.py:2115} INFO - Chain [1] done processing
[2025-10-06T15:39:42.940+0000] {forecasting.py:68} WARNING - High MAPE (189.5%) for product 25891501 — forecast may be unreliable
[2025-10-06T15:39:43.212+0000] {_client.py:1025} INFO - HTTP Request: POST https://ytuiqgrpbwdxrmbzssrb.supabase.co/rest/v1/policy_recommendations "HTTP/2 201 Created"
[2025-10-06T15:39:43.214+0000] {forecasting.py:84} INFO - Forecast for product 25891501: 644 units (MAPE: 189.5%)
[2025-10-06T15:39:43.248+0000] {filesystem.py:118} DEBUG - input tempfile: /tmp/tmpan0ps6uc/5g3ypix9.json
[2025-10-06T15:39:43.266+0000] {filesystem.py:118} DEBUG - input tempfile: /tmp/tmpan0ps6uc/xc7e6xq4.json
[2025-10-06T15:39:43.269+0000] {model.py:2042} DEBUG - idx 0
[2025-10-06T15:39:43.271+0000] {model.py:2043} DEBUG - running CmdStan, num_threads: None
[2025-10-06T15:39:43.272+0000] {model.py:2055} DEBUG - CmdStan args: ['/home/***/.local/lib/python3.12/site-packages/prophet/stan_model/prophet_model.bin', 'random', 'seed=66908', 'data', 'file=/tmp/tmpan0ps6uc/5g3ypix9.json', 'init=/tmp/tmpan0ps6uc/xc7e6xq4.json', 'output', 'file=/tmp/tmpan0ps6uc/prophet_model9akx_hx4/prophet_model-20251006153943.csv', 'method=optimize', 'algorithm=lbfgs', 'iter=10000']
[2025-10-06T15:39:43.273+0000] {logging_mixin.py:188} WARNING - 15:39:43 - cmdstanpy - INFO - Chain [1] start processing
[2025-10-06T15:39:43.273+0000] {model.py:2058} INFO - Chain [1] start processing
[2025-10-06T15:39:43.302+0000] {logging_mixin.py:188} WARNING - 15:39:43 - cmdstanpy - INFO - Chain [1] done processing
[2025-10-06T15:39:43.302+0000] {model.py:2115} INFO - Chain [1] done processing
[2025-10-06T15:39:43.423+0000] {forecasting.py:68} WARNING - High MAPE (100.0%) for product 25891502 — forecast may be unreliable
[2025-10-06T15:39:43.687+0000] {_client.py:1025} INFO - HTTP Request: POST https://ytuiqgrpbwdxrmbzssrb.supabase.co/rest/v1/policy_recommendations "HTTP/2 201 Created"
[2025-10-06T15:39:43.689+0000] {forecasting.py:84} INFO - Forecast for product 25891502: 26 units (MAPE: 100.0%)
[2025-10-06T15:39:43.756+0000] {filesystem.py:118} DEBUG - input tempfile: /tmp/tmpan0ps6uc/ve7ynjx0.json
[2025-10-06T15:39:43.773+0000] {filesystem.py:118} DEBUG - input tempfile: /tmp/tmpan0ps6uc/mi30jmjn.json
[2025-10-06T15:39:43.776+0000] {model.py:2042} DEBUG - idx 0
[2025-10-06T15:39:43.781+0000] {model.py:2043} DEBUG - running CmdStan, num_threads: None
[2025-10-06T15:39:43.782+0000] {model.py:2055} DEBUG - CmdStan args: ['/home/***/.local/lib/python3.12/site-packages/prophet/stan_model/prophet_model.bin', 'random', 'seed=67862', 'data', 'file=/tmp/tmpan0ps6uc/ve7ynjx0.json', 'init=/tmp/tmpan0ps6uc/mi30jmjn.json', 'output', 'file=/tmp/tmpan0ps6uc/prophet_modelptwylags/prophet_model-20251006153943.csv', 'method=optimize', 'algorithm=lbfgs', 'iter=10000']
[2025-10-06T15:39:43.784+0000] {logging_mixin.py:188} WARNING - 15:39:43 - cmdstanpy - INFO - Chain [1] start processing
[2025-10-06T15:39:43.784+0000] {model.py:2058} INFO - Chain [1] start processing
[2025-10-06T15:39:43.809+0000] {logging_mixin.py:188} WARNING - 15:39:43 - cmdstanpy - INFO - Chain [1] done processing
[2025-10-06T15:39:43.809+0000] {model.py:2115} INFO - Chain [1] done processing
[2025-10-06T15:39:44.175+0000] {_client.py:1025} INFO - HTTP Request: POST https://ytuiqgrpbwdxrmbzssrb.supabase.co/rest/v1/policy_recommendations "HTTP/2 201 Created"
[2025-10-06T15:39:44.178+0000] {forecasting.py:84} INFO - Forecast for product 25891503: 318 units (MAPE: 23.6%)
[2025-10-06T15:39:44.209+0000] {filesystem.py:118} DEBUG - input tempfile: /tmp/tmpan0ps6uc/4zsr3ye_.json
[2025-10-06T15:39:44.225+0000] {filesystem.py:118} DEBUG - input tempfile: /tmp/tmpan0ps6uc/ko4xpw7c.json
[2025-10-06T15:39:44.233+0000] {model.py:2042} DEBUG - idx 0
[2025-10-06T15:39:44.234+0000] {model.py:2043} DEBUG - running CmdStan, num_threads: None
[2025-10-06T15:39:44.235+0000] {model.py:2055} DEBUG - CmdStan args: ['/home/***/.local/lib/python3.12/site-packages/prophet/stan_model/prophet_model.bin', 'random', 'seed=61814', 'data', 'file=/tmp/tmpan0ps6uc/4zsr3ye_.json', 'init=/tmp/tmpan0ps6uc/ko4xpw7c.json', 'output', 'file=/tmp/tmpan0ps6uc/prophet_modelvdu07r5z/prophet_model-20251006153944.csv', 'method=optimize', 'algorithm=lbfgs', 'iter=10000']
[2025-10-06T15:39:44.236+0000] {logging_mixin.py:188} WARNING - 15:39:44 - cmdstanpy - INFO - Chain [1] start processing
[2025-10-06T15:39:44.236+0000] {model.py:2058} INFO - Chain [1] start processing
[2025-10-06T15:39:44.259+0000] {logging_mixin.py:188} WARNING - 15:39:44 - cmdstanpy - INFO - Chain [1] done processing
[2025-10-06T15:39:44.259+0000] {model.py:2115} INFO - Chain [1] done processing
[2025-10-06T15:39:44.624+0000] {_client.py:1025} INFO - HTTP Request: POST https://ytuiqgrpbwdxrmbzssrb.supabase.co/rest/v1/policy_recommendations "HTTP/2 201 Created"
[2025-10-06T15:39:44.627+0000] {forecasting.py:84} INFO - Forecast for product 25891601: 326 units (MAPE: 33.4%)
[2025-10-06T15:39:44.663+0000] {filesystem.py:118} DEBUG - input tempfile: /tmp/tmpan0ps6uc/3xa_8upt.json
[2025-10-06T15:39:44.697+0000] {filesystem.py:118} DEBUG - input tempfile: /tmp/tmpan0ps6uc/bq8oihtu.json
[2025-10-06T15:39:44.703+0000] {model.py:2042} DEBUG - idx 0
[2025-10-06T15:39:44.705+0000] {model.py:2043} DEBUG - running CmdStan, num_threads: None
[2025-10-06T15:39:44.707+0000] {model.py:2055} DEBUG - CmdStan args: ['/home/***/.local/lib/python3.12/site-packages/prophet/stan_model/prophet_model.bin', 'random', 'seed=34494', 'data', 'file=/tmp/tmpan0ps6uc/3xa_8upt.json', 'init=/tmp/tmpan0ps6uc/bq8oihtu.json', 'output', 'file=/tmp/tmpan0ps6uc/prophet_modeldhwn2953/prophet_model-20251006153944.csv', 'method=optimize', 'algorithm=lbfgs', 'iter=10000']
[2025-10-06T15:39:44.709+0000] {logging_mixin.py:188} WARNING - 15:39:44 - cmdstanpy - INFO - Chain [1] start processing
[2025-10-06T15:39:44.709+0000] {model.py:2058} INFO - Chain [1] start processing
[2025-10-06T15:39:44.741+0000] {logging_mixin.py:188} WARNING - 15:39:44 - cmdstanpy - INFO - Chain [1] done processing
[2025-10-06T15:39:44.741+0000] {model.py:2115} INFO - Chain [1] done processing
[2025-10-06T15:39:44.872+0000] {forecasting.py:68} WARNING - High MAPE (93.0%) for product 25891602 — forecast may be unreliable
[2025-10-06T15:39:45.116+0000] {_client.py:1025} INFO - HTTP Request: POST https://ytuiqgrpbwdxrmbzssrb.supabase.co/rest/v1/policy_recommendations "HTTP/2 201 Created"
[2025-10-06T15:39:45.119+0000] {forecasting.py:84} INFO - Forecast for product 25891602: 122 units (MAPE: 93.0%)
[2025-10-06T15:39:45.225+0000] {filesystem.py:118} DEBUG - input tempfile: /tmp/tmpan0ps6uc/1t34lm_v.json
[2025-10-06T15:39:45.262+0000] {filesystem.py:118} DEBUG - input tempfile: /tmp/tmpan0ps6uc/hpbrezby.json
[2025-10-06T15:39:45.269+0000] {model.py:2042} DEBUG - idx 0
[2025-10-06T15:39:45.271+0000] {model.py:2043} DEBUG - running CmdStan, num_threads: None
[2025-10-06T15:39:45.273+0000] {model.py:2055} DEBUG - CmdStan args: ['/home/***/.local/lib/python3.12/site-packages/prophet/stan_model/prophet_model.bin', 'random', 'seed=1100', 'data', 'file=/tmp/tmpan0ps6uc/1t34lm_v.json', 'init=/tmp/tmpan0ps6uc/hpbrezby.json', 'output', 'file=/tmp/tmpan0ps6uc/prophet_modelqjptmp1v/prophet_model-20251006153945.csv', 'method=optimize', 'algorithm=lbfgs', 'iter=10000']
[2025-10-06T15:39:45.275+0000] {logging_mixin.py:188} WARNING - 15:39:45 - cmdstanpy - INFO - Chain [1] start processing
[2025-10-06T15:39:45.275+0000] {model.py:2058} INFO - Chain [1] start processing
[2025-10-06T15:39:45.310+0000] {logging_mixin.py:188} WARNING - 15:39:45 - cmdstanpy - INFO - Chain [1] done processing
[2025-10-06T15:39:45.310+0000] {model.py:2115} INFO - Chain [1] done processing
[2025-10-06T15:39:45.493+0000] {forecasting.py:68} WARNING - High MAPE (94.4%) for product 25891603 — forecast may be unreliable
[2025-10-06T15:39:45.744+0000] {_client.py:1025} INFO - HTTP Request: POST https://ytuiqgrpbwdxrmbzssrb.supabase.co/rest/v1/policy_recommendations "HTTP/2 201 Created"
[2025-10-06T15:39:45.747+0000] {forecasting.py:84} INFO - Forecast for product 25891603: 235 units (MAPE: 94.4%)
[2025-10-06T15:39:45.749+0000] {forecasting.py:91} INFO - Forecasting complete (18 products)
[2025-10-06T15:39:45.751+0000] {pipeline.py:26} INFO - Forecasting complete (18 products)
[2025-10-06T15:39:45.752+0000] {pipeline.py:28} INFO - Generating policy recommendations
[2025-10-06T15:39:45.754+0000] {pipeline.py:30} INFO - Pipeline completed successfully
[2025-10-06T15:39:45.756+0000] {python.py:237} INFO - Done. Returned value was: {'kpi_count': 35, 'forecast_count': 18}
[2025-10-06T15:39:45.758+0000] {taskinstance.py:441} INFO - ::group::Post task execution logs
[2025-10-06T15:39:45.840+0000] {taskinstance.py:1206} INFO - Marking task as SUCCESS. dag_id=supplychain_pipeline_dag, task_id=analytics_alerts_group.analytics, run_id=scheduled__2025-10-06T15:00:00+00:00, execution_date=20251006T150000, start_date=20251006T153933, end_date=20251006T153945
[2025-10-06T15:39:45.918+0000] {local_task_job_runner.py:240} INFO - Task exited with return code 0
[2025-10-06T15:39:45.972+0000] {taskinstance.py:3503} INFO - 1 downstream tasks scheduled from follow-on schedule check
[2025-10-06T15:39:45.977+0000] {local_task_job_runner.py:222} INFO - ::endgroup::
