[2025-10-08T18:46:26.283+0000] {processor.py:161} INFO - Started process (PID=172) to work on /opt/airflow/dags/supplychain_pipeline_dag.py
[2025-10-08T18:46:26.286+0000] {processor.py:830} INFO - Processing file /opt/airflow/dags/supplychain_pipeline_dag.py for tasks to queue
[2025-10-08T18:46:26.292+0000] {logging_mixin.py:188} INFO - [2025-10-08T18:46:26.291+0000] {dagbag.py:545} INFO - Filling up the DagBag from /opt/airflow/dags/supplychain_pipeline_dag.py
[2025-10-08T18:46:29.631+0000] {logging_mixin.py:188} INFO - [2025-10-08T18:46:29.631+0000] {font_manager.py:1639} INFO - generated new fontManager
[2025-10-08T18:46:32.870+0000] {logging_mixin.py:188} INFO - [2025-10-08T18:46:32.870+0000] {config.py:75} INFO - Settings loaded (env=default)
[2025-10-08T18:46:33.357+0000] {processor.py:840} INFO - DAG(s) 'supplychain_pipeline_dag' retrieved from /opt/airflow/dags/supplychain_pipeline_dag.py
[2025-10-08T18:46:33.394+0000] {logging_mixin.py:188} INFO - [2025-10-08T18:46:33.393+0000] {dag.py:3096} INFO - Sync 1 DAGs
[2025-10-08T18:46:33.466+0000] {logging_mixin.py:188} INFO - [2025-10-08T18:46:33.465+0000] {dag.py:3954} INFO - Setting next_dagrun for supplychain_pipeline_dag to 2025-10-08 18:00:00+00:00, run_after=2025-10-08 18:30:00+00:00
[2025-10-08T18:46:33.537+0000] {processor.py:183} INFO - Processing /opt/airflow/dags/supplychain_pipeline_dag.py took 7.269 seconds
[2025-10-08T18:47:04.286+0000] {processor.py:161} INFO - Started process (PID=196) to work on /opt/airflow/dags/supplychain_pipeline_dag.py
[2025-10-08T18:47:04.291+0000] {processor.py:830} INFO - Processing file /opt/airflow/dags/supplychain_pipeline_dag.py for tasks to queue
[2025-10-08T18:47:04.297+0000] {logging_mixin.py:188} INFO - [2025-10-08T18:47:04.296+0000] {dagbag.py:545} INFO - Filling up the DagBag from /opt/airflow/dags/supplychain_pipeline_dag.py
[2025-10-08T18:47:09.975+0000] {logging_mixin.py:188} INFO - [2025-10-08T18:47:09.974+0000] {config.py:75} INFO - Settings loaded (env=default)
[2025-10-08T18:47:10.198+0000] {processor.py:840} INFO - DAG(s) 'supplychain_pipeline_dag' retrieved from /opt/airflow/dags/supplychain_pipeline_dag.py
[2025-10-08T18:47:10.847+0000] {logging_mixin.py:188} INFO - [2025-10-08T18:47:10.847+0000] {dag.py:3096} INFO - Sync 1 DAGs
[2025-10-08T18:47:10.888+0000] {logging_mixin.py:188} INFO - [2025-10-08T18:47:10.888+0000] {dag.py:3954} INFO - Setting next_dagrun for supplychain_pipeline_dag to 2025-10-08 18:00:00+00:00, run_after=2025-10-08 18:30:00+00:00
[2025-10-08T18:47:10.947+0000] {processor.py:183} INFO - Processing /opt/airflow/dags/supplychain_pipeline_dag.py took 6.679 seconds
[2025-10-08T18:47:41.267+0000] {processor.py:161} INFO - Started process (PID=218) to work on /opt/airflow/dags/supplychain_pipeline_dag.py
[2025-10-08T18:47:41.270+0000] {processor.py:830} INFO - Processing file /opt/airflow/dags/supplychain_pipeline_dag.py for tasks to queue
[2025-10-08T18:47:41.276+0000] {logging_mixin.py:188} INFO - [2025-10-08T18:47:41.275+0000] {dagbag.py:545} INFO - Filling up the DagBag from /opt/airflow/dags/supplychain_pipeline_dag.py
[2025-10-08T18:47:47.140+0000] {logging_mixin.py:188} INFO - [2025-10-08T18:47:47.139+0000] {config.py:75} INFO - Settings loaded (env=default)
[2025-10-08T18:47:47.393+0000] {processor.py:840} INFO - DAG(s) 'supplychain_pipeline_dag' retrieved from /opt/airflow/dags/supplychain_pipeline_dag.py
[2025-10-08T18:47:47.510+0000] {logging_mixin.py:188} INFO - [2025-10-08T18:47:47.509+0000] {dag.py:3096} INFO - Sync 1 DAGs
[2025-10-08T18:47:47.581+0000] {logging_mixin.py:188} INFO - [2025-10-08T18:47:47.580+0000] {dag.py:3954} INFO - Setting next_dagrun for supplychain_pipeline_dag to 2025-10-08 18:30:00+00:00, run_after=2025-10-08 19:00:00+00:00
[2025-10-08T18:47:47.644+0000] {processor.py:183} INFO - Processing /opt/airflow/dags/supplychain_pipeline_dag.py took 6.081 seconds
[2025-10-08T18:48:18.365+0000] {processor.py:161} INFO - Started process (PID=405) to work on /opt/airflow/dags/supplychain_pipeline_dag.py
[2025-10-08T18:48:18.369+0000] {processor.py:830} INFO - Processing file /opt/airflow/dags/supplychain_pipeline_dag.py for tasks to queue
[2025-10-08T18:48:18.377+0000] {logging_mixin.py:188} INFO - [2025-10-08T18:48:18.375+0000] {dagbag.py:545} INFO - Filling up the DagBag from /opt/airflow/dags/supplychain_pipeline_dag.py
[2025-10-08T18:48:24.251+0000] {logging_mixin.py:188} INFO - [2025-10-08T18:48:24.250+0000] {config.py:75} INFO - Settings loaded (env=default)
[2025-10-08T18:48:24.524+0000] {processor.py:840} INFO - DAG(s) 'supplychain_pipeline_dag' retrieved from /opt/airflow/dags/supplychain_pipeline_dag.py
[2025-10-08T18:48:24.629+0000] {logging_mixin.py:188} INFO - [2025-10-08T18:48:24.628+0000] {dag.py:3096} INFO - Sync 1 DAGs
[2025-10-08T18:48:24.689+0000] {logging_mixin.py:188} INFO - [2025-10-08T18:48:24.688+0000] {dag.py:3954} INFO - Setting next_dagrun for supplychain_pipeline_dag to 2025-10-08 18:30:00+00:00, run_after=2025-10-08 19:00:00+00:00
[2025-10-08T18:48:24.749+0000] {processor.py:183} INFO - Processing /opt/airflow/dags/supplychain_pipeline_dag.py took 6.403 seconds
[2025-10-08T18:48:55.378+0000] {processor.py:161} INFO - Started process (PID=503) to work on /opt/airflow/dags/supplychain_pipeline_dag.py
[2025-10-08T18:48:55.382+0000] {processor.py:830} INFO - Processing file /opt/airflow/dags/supplychain_pipeline_dag.py for tasks to queue
[2025-10-08T18:48:55.388+0000] {logging_mixin.py:188} INFO - [2025-10-08T18:48:55.387+0000] {dagbag.py:545} INFO - Filling up the DagBag from /opt/airflow/dags/supplychain_pipeline_dag.py
[2025-10-08T18:49:00.598+0000] {logging_mixin.py:188} INFO - [2025-10-08T18:49:00.597+0000] {config.py:75} INFO - Settings loaded (env=default)
[2025-10-08T18:49:00.904+0000] {processor.py:840} INFO - DAG(s) 'supplychain_pipeline_dag' retrieved from /opt/airflow/dags/supplychain_pipeline_dag.py
[2025-10-08T18:49:01.024+0000] {logging_mixin.py:188} INFO - [2025-10-08T18:49:01.023+0000] {dag.py:3096} INFO - Sync 1 DAGs
[2025-10-08T18:49:01.070+0000] {logging_mixin.py:188} INFO - [2025-10-08T18:49:01.069+0000] {dag.py:3954} INFO - Setting next_dagrun for supplychain_pipeline_dag to 2025-10-08 18:30:00+00:00, run_after=2025-10-08 19:00:00+00:00
[2025-10-08T18:49:01.113+0000] {processor.py:183} INFO - Processing /opt/airflow/dags/supplychain_pipeline_dag.py took 5.759 seconds
[2025-10-08T18:49:31.375+0000] {processor.py:161} INFO - Started process (PID=528) to work on /opt/airflow/dags/supplychain_pipeline_dag.py
[2025-10-08T18:49:31.380+0000] {processor.py:830} INFO - Processing file /opt/airflow/dags/supplychain_pipeline_dag.py for tasks to queue
[2025-10-08T18:49:31.387+0000] {logging_mixin.py:188} INFO - [2025-10-08T18:49:31.386+0000] {dagbag.py:545} INFO - Filling up the DagBag from /opt/airflow/dags/supplychain_pipeline_dag.py
[2025-10-08T18:49:36.617+0000] {logging_mixin.py:188} INFO - [2025-10-08T18:49:36.617+0000] {config.py:75} INFO - Settings loaded (env=default)
[2025-10-08T18:49:36.840+0000] {processor.py:840} INFO - DAG(s) 'supplychain_pipeline_dag' retrieved from /opt/airflow/dags/supplychain_pipeline_dag.py
[2025-10-08T18:49:36.930+0000] {logging_mixin.py:188} INFO - [2025-10-08T18:49:36.929+0000] {dag.py:3096} INFO - Sync 1 DAGs
[2025-10-08T18:49:36.976+0000] {logging_mixin.py:188} INFO - [2025-10-08T18:49:36.976+0000] {dag.py:3954} INFO - Setting next_dagrun for supplychain_pipeline_dag to 2025-10-08 18:30:00+00:00, run_after=2025-10-08 19:00:00+00:00
[2025-10-08T18:49:37.030+0000] {processor.py:183} INFO - Processing /opt/airflow/dags/supplychain_pipeline_dag.py took 5.670 seconds
[2025-10-08T18:50:07.317+0000] {processor.py:161} INFO - Started process (PID=580) to work on /opt/airflow/dags/supplychain_pipeline_dag.py
[2025-10-08T18:50:07.320+0000] {processor.py:830} INFO - Processing file /opt/airflow/dags/supplychain_pipeline_dag.py for tasks to queue
[2025-10-08T18:50:07.325+0000] {logging_mixin.py:188} INFO - [2025-10-08T18:50:07.324+0000] {dagbag.py:545} INFO - Filling up the DagBag from /opt/airflow/dags/supplychain_pipeline_dag.py
[2025-10-08T18:50:12.143+0000] {logging_mixin.py:188} INFO - [2025-10-08T18:50:12.142+0000] {config.py:75} INFO - Settings loaded (env=default)
[2025-10-08T18:50:12.404+0000] {processor.py:840} INFO - DAG(s) 'supplychain_pipeline_dag' retrieved from /opt/airflow/dags/supplychain_pipeline_dag.py
[2025-10-08T18:50:12.666+0000] {logging_mixin.py:188} INFO - [2025-10-08T18:50:12.665+0000] {dag.py:3096} INFO - Sync 1 DAGs
[2025-10-08T18:50:12.713+0000] {logging_mixin.py:188} INFO - [2025-10-08T18:50:12.713+0000] {dag.py:3954} INFO - Setting next_dagrun for supplychain_pipeline_dag to 2025-10-08 18:30:00+00:00, run_after=2025-10-08 19:00:00+00:00
[2025-10-08T18:50:12.761+0000] {processor.py:183} INFO - Processing /opt/airflow/dags/supplychain_pipeline_dag.py took 5.459 seconds
[2025-10-08T18:50:43.464+0000] {processor.py:161} INFO - Started process (PID=602) to work on /opt/airflow/dags/supplychain_pipeline_dag.py
[2025-10-08T18:50:43.467+0000] {processor.py:830} INFO - Processing file /opt/airflow/dags/supplychain_pipeline_dag.py for tasks to queue
[2025-10-08T18:50:43.471+0000] {logging_mixin.py:188} INFO - [2025-10-08T18:50:43.471+0000] {dagbag.py:545} INFO - Filling up the DagBag from /opt/airflow/dags/supplychain_pipeline_dag.py
[2025-10-08T18:50:48.521+0000] {logging_mixin.py:188} INFO - [2025-10-08T18:50:48.521+0000] {config.py:75} INFO - Settings loaded (env=default)
[2025-10-08T18:50:48.764+0000] {processor.py:840} INFO - DAG(s) 'supplychain_pipeline_dag' retrieved from /opt/airflow/dags/supplychain_pipeline_dag.py
[2025-10-08T18:50:48.846+0000] {logging_mixin.py:188} INFO - [2025-10-08T18:50:48.845+0000] {dag.py:3096} INFO - Sync 1 DAGs
[2025-10-08T18:50:48.897+0000] {logging_mixin.py:188} INFO - [2025-10-08T18:50:48.897+0000] {dag.py:3954} INFO - Setting next_dagrun for supplychain_pipeline_dag to 2025-10-08 18:30:00+00:00, run_after=2025-10-08 19:00:00+00:00
[2025-10-08T18:50:48.953+0000] {processor.py:183} INFO - Processing /opt/airflow/dags/supplychain_pipeline_dag.py took 5.203 seconds
[2025-10-08T18:51:19.636+0000] {processor.py:161} INFO - Started process (PID=624) to work on /opt/airflow/dags/supplychain_pipeline_dag.py
[2025-10-08T18:51:19.639+0000] {processor.py:830} INFO - Processing file /opt/airflow/dags/supplychain_pipeline_dag.py for tasks to queue
[2025-10-08T18:51:19.646+0000] {logging_mixin.py:188} INFO - [2025-10-08T18:51:19.645+0000] {dagbag.py:545} INFO - Filling up the DagBag from /opt/airflow/dags/supplychain_pipeline_dag.py
[2025-10-08T18:51:24.977+0000] {logging_mixin.py:188} INFO - [2025-10-08T18:51:24.977+0000] {config.py:75} INFO - Settings loaded (env=default)
[2025-10-08T18:51:25.221+0000] {processor.py:840} INFO - DAG(s) 'supplychain_pipeline_dag' retrieved from /opt/airflow/dags/supplychain_pipeline_dag.py
[2025-10-08T18:51:25.317+0000] {logging_mixin.py:188} INFO - [2025-10-08T18:51:25.316+0000] {dag.py:3096} INFO - Sync 1 DAGs
[2025-10-08T18:51:25.372+0000] {logging_mixin.py:188} INFO - [2025-10-08T18:51:25.371+0000] {dag.py:3954} INFO - Setting next_dagrun for supplychain_pipeline_dag to 2025-10-08 18:30:00+00:00, run_after=2025-10-08 19:00:00+00:00
[2025-10-08T18:51:25.416+0000] {processor.py:183} INFO - Processing /opt/airflow/dags/supplychain_pipeline_dag.py took 5.796 seconds
[2025-10-08T18:51:56.381+0000] {processor.py:161} INFO - Started process (PID=646) to work on /opt/airflow/dags/supplychain_pipeline_dag.py
[2025-10-08T18:51:56.385+0000] {processor.py:830} INFO - Processing file /opt/airflow/dags/supplychain_pipeline_dag.py for tasks to queue
[2025-10-08T18:51:56.390+0000] {logging_mixin.py:188} INFO - [2025-10-08T18:51:56.389+0000] {dagbag.py:545} INFO - Filling up the DagBag from /opt/airflow/dags/supplychain_pipeline_dag.py
[2025-10-08T18:52:01.530+0000] {logging_mixin.py:188} INFO - [2025-10-08T18:52:01.529+0000] {config.py:75} INFO - Settings loaded (env=default)
[2025-10-08T18:52:01.781+0000] {processor.py:840} INFO - DAG(s) 'supplychain_pipeline_dag' retrieved from /opt/airflow/dags/supplychain_pipeline_dag.py
[2025-10-08T18:52:01.867+0000] {logging_mixin.py:188} INFO - [2025-10-08T18:52:01.867+0000] {dag.py:3096} INFO - Sync 1 DAGs
[2025-10-08T18:52:01.927+0000] {logging_mixin.py:188} INFO - [2025-10-08T18:52:01.926+0000] {dag.py:3954} INFO - Setting next_dagrun for supplychain_pipeline_dag to 2025-10-08 18:30:00+00:00, run_after=2025-10-08 19:00:00+00:00
[2025-10-08T18:52:01.986+0000] {processor.py:183} INFO - Processing /opt/airflow/dags/supplychain_pipeline_dag.py took 5.625 seconds
[2025-10-08T18:52:32.352+0000] {processor.py:161} INFO - Started process (PID=668) to work on /opt/airflow/dags/supplychain_pipeline_dag.py
[2025-10-08T18:52:32.355+0000] {processor.py:830} INFO - Processing file /opt/airflow/dags/supplychain_pipeline_dag.py for tasks to queue
[2025-10-08T18:52:32.362+0000] {logging_mixin.py:188} INFO - [2025-10-08T18:52:32.361+0000] {dagbag.py:545} INFO - Filling up the DagBag from /opt/airflow/dags/supplychain_pipeline_dag.py
[2025-10-08T18:52:37.544+0000] {logging_mixin.py:188} INFO - [2025-10-08T18:52:37.543+0000] {config.py:75} INFO - Settings loaded (env=default)
[2025-10-08T18:52:37.767+0000] {processor.py:840} INFO - DAG(s) 'supplychain_pipeline_dag' retrieved from /opt/airflow/dags/supplychain_pipeline_dag.py
[2025-10-08T18:52:37.863+0000] {logging_mixin.py:188} INFO - [2025-10-08T18:52:37.862+0000] {dag.py:3096} INFO - Sync 1 DAGs
[2025-10-08T18:52:37.910+0000] {logging_mixin.py:188} INFO - [2025-10-08T18:52:37.910+0000] {dag.py:3954} INFO - Setting next_dagrun for supplychain_pipeline_dag to 2025-10-08 18:30:00+00:00, run_after=2025-10-08 19:00:00+00:00
[2025-10-08T18:52:37.953+0000] {processor.py:183} INFO - Processing /opt/airflow/dags/supplychain_pipeline_dag.py took 5.619 seconds
[2025-10-08T18:53:08.612+0000] {processor.py:161} INFO - Started process (PID=690) to work on /opt/airflow/dags/supplychain_pipeline_dag.py
[2025-10-08T18:53:08.618+0000] {processor.py:830} INFO - Processing file /opt/airflow/dags/supplychain_pipeline_dag.py for tasks to queue
[2025-10-08T18:53:08.626+0000] {logging_mixin.py:188} INFO - [2025-10-08T18:53:08.625+0000] {dagbag.py:545} INFO - Filling up the DagBag from /opt/airflow/dags/supplychain_pipeline_dag.py
[2025-10-08T18:53:13.687+0000] {logging_mixin.py:188} INFO - [2025-10-08T18:53:13.687+0000] {config.py:75} INFO - Settings loaded (env=default)
[2025-10-08T18:53:13.935+0000] {processor.py:840} INFO - DAG(s) 'supplychain_pipeline_dag' retrieved from /opt/airflow/dags/supplychain_pipeline_dag.py
[2025-10-08T18:53:14.018+0000] {logging_mixin.py:188} INFO - [2025-10-08T18:53:14.017+0000] {dag.py:3096} INFO - Sync 1 DAGs
[2025-10-08T18:53:14.068+0000] {logging_mixin.py:188} INFO - [2025-10-08T18:53:14.068+0000] {dag.py:3954} INFO - Setting next_dagrun for supplychain_pipeline_dag to 2025-10-08 18:30:00+00:00, run_after=2025-10-08 19:00:00+00:00
[2025-10-08T18:53:14.116+0000] {processor.py:183} INFO - Processing /opt/airflow/dags/supplychain_pipeline_dag.py took 5.528 seconds
[2025-10-08T18:53:44.539+0000] {processor.py:161} INFO - Started process (PID=712) to work on /opt/airflow/dags/supplychain_pipeline_dag.py
[2025-10-08T18:53:44.542+0000] {processor.py:830} INFO - Processing file /opt/airflow/dags/supplychain_pipeline_dag.py for tasks to queue
[2025-10-08T18:53:44.547+0000] {logging_mixin.py:188} INFO - [2025-10-08T18:53:44.546+0000] {dagbag.py:545} INFO - Filling up the DagBag from /opt/airflow/dags/supplychain_pipeline_dag.py
[2025-10-08T18:53:50.261+0000] {logging_mixin.py:188} INFO - [2025-10-08T18:53:50.260+0000] {config.py:75} INFO - Settings loaded (env=default)
[2025-10-08T18:53:50.662+0000] {processor.py:840} INFO - DAG(s) 'supplychain_pipeline_dag' retrieved from /opt/airflow/dags/supplychain_pipeline_dag.py
[2025-10-08T18:53:50.752+0000] {logging_mixin.py:188} INFO - [2025-10-08T18:53:50.752+0000] {dag.py:3096} INFO - Sync 1 DAGs
[2025-10-08T18:53:50.798+0000] {logging_mixin.py:188} INFO - [2025-10-08T18:53:50.798+0000] {dag.py:3954} INFO - Setting next_dagrun for supplychain_pipeline_dag to 2025-10-08 18:30:00+00:00, run_after=2025-10-08 19:00:00+00:00
[2025-10-08T18:53:50.844+0000] {processor.py:183} INFO - Processing /opt/airflow/dags/supplychain_pipeline_dag.py took 5.638 seconds
[2025-10-08T18:54:21.397+0000] {processor.py:161} INFO - Started process (PID=734) to work on /opt/airflow/dags/supplychain_pipeline_dag.py
[2025-10-08T18:54:21.400+0000] {processor.py:830} INFO - Processing file /opt/airflow/dags/supplychain_pipeline_dag.py for tasks to queue
[2025-10-08T18:54:21.406+0000] {logging_mixin.py:188} INFO - [2025-10-08T18:54:21.405+0000] {dagbag.py:545} INFO - Filling up the DagBag from /opt/airflow/dags/supplychain_pipeline_dag.py
[2025-10-08T18:54:26.344+0000] {logging_mixin.py:188} INFO - [2025-10-08T18:54:26.343+0000] {config.py:75} INFO - Settings loaded (env=default)
[2025-10-08T18:54:26.596+0000] {processor.py:840} INFO - DAG(s) 'supplychain_pipeline_dag' retrieved from /opt/airflow/dags/supplychain_pipeline_dag.py
[2025-10-08T18:54:26.803+0000] {logging_mixin.py:188} INFO - [2025-10-08T18:54:26.802+0000] {dag.py:3096} INFO - Sync 1 DAGs
[2025-10-08T18:54:26.877+0000] {logging_mixin.py:188} INFO - [2025-10-08T18:54:26.876+0000] {dag.py:3954} INFO - Setting next_dagrun for supplychain_pipeline_dag to 2025-10-08 18:30:00+00:00, run_after=2025-10-08 19:00:00+00:00
[2025-10-08T18:54:26.918+0000] {processor.py:183} INFO - Processing /opt/airflow/dags/supplychain_pipeline_dag.py took 5.538 seconds
[2025-10-08T18:54:57.372+0000] {processor.py:161} INFO - Started process (PID=756) to work on /opt/airflow/dags/supplychain_pipeline_dag.py
[2025-10-08T18:54:57.375+0000] {processor.py:830} INFO - Processing file /opt/airflow/dags/supplychain_pipeline_dag.py for tasks to queue
[2025-10-08T18:54:57.381+0000] {logging_mixin.py:188} INFO - [2025-10-08T18:54:57.380+0000] {dagbag.py:545} INFO - Filling up the DagBag from /opt/airflow/dags/supplychain_pipeline_dag.py
[2025-10-08T18:55:02.157+0000] {logging_mixin.py:188} INFO - [2025-10-08T18:55:02.157+0000] {config.py:75} INFO - Settings loaded (env=default)
[2025-10-08T18:55:02.511+0000] {processor.py:840} INFO - DAG(s) 'supplychain_pipeline_dag' retrieved from /opt/airflow/dags/supplychain_pipeline_dag.py
[2025-10-08T18:55:02.619+0000] {logging_mixin.py:188} INFO - [2025-10-08T18:55:02.618+0000] {dag.py:3096} INFO - Sync 1 DAGs
[2025-10-08T18:55:02.665+0000] {logging_mixin.py:188} INFO - [2025-10-08T18:55:02.665+0000] {dag.py:3954} INFO - Setting next_dagrun for supplychain_pipeline_dag to 2025-10-08 18:30:00+00:00, run_after=2025-10-08 19:00:00+00:00
[2025-10-08T18:55:02.709+0000] {processor.py:183} INFO - Processing /opt/airflow/dags/supplychain_pipeline_dag.py took 5.351 seconds
