[2025-10-06T16:00:06.571+0000] {local_task_job_runner.py:120} INFO - ::group::Pre task execution logs
[2025-10-06T16:00:06.613+0000] {taskinstance.py:2076} INFO - Dependencies all met for dep_context=non-requeueable deps ti=<TaskInstance: supplychain_pipeline_dag.ingestion scheduled__2025-10-06T15:30:00+00:00 [queued]>
[2025-10-06T16:00:06.633+0000] {taskinstance.py:2076} INFO - Dependencies all met for dep_context=requeueable deps ti=<TaskInstance: supplychain_pipeline_dag.ingestion scheduled__2025-10-06T15:30:00+00:00 [queued]>
[2025-10-06T16:00:06.634+0000] {taskinstance.py:2306} INFO - Starting attempt 1 of 4
[2025-10-06T16:00:06.693+0000] {taskinstance.py:2330} INFO - Executing <Task(PythonOperator): ingestion> on 2025-10-06 15:30:00+00:00
[2025-10-06T16:00:06.729+0000] {standard_task_runner.py:90} INFO - Running: ['***', 'tasks', 'run', 'supplychain_pipeline_dag', 'ingestion', 'scheduled__2025-10-06T15:30:00+00:00', '--job-id', '57', '--raw', '--subdir', 'DAGS_FOLDER/supplychain_pipeline_dag.py', '--cfg-path', '/tmp/tmplqfm8h4d']
[2025-10-06T16:00:06.738+0000] {standard_task_runner.py:91} INFO - Job 57: Subtask ingestion
[2025-10-06T16:00:06.747+0000] {logging_mixin.py:188} WARNING - /home/***/.local/lib/python3.12/site-packages/***/task/task_runner/standard_task_runner.py:61 DeprecationWarning: This process (pid=1417) is multi-threaded, use of fork() may lead to deadlocks in the child.
[2025-10-06T16:00:06.749+0000] {standard_task_runner.py:63} INFO - Started process 1435 to run task
[2025-10-06T16:00:06.885+0000] {task_command.py:426} INFO - Running <TaskInstance: supplychain_pipeline_dag.ingestion scheduled__2025-10-06T15:30:00+00:00 [running]> on host 843049cc59c8
[2025-10-06T16:00:07.121+0000] {taskinstance.py:2648} INFO - Exporting env vars: AIRFLOW_CTX_DAG_OWNER='***' AIRFLOW_CTX_DAG_ID='supplychain_pipeline_dag' AIRFLOW_CTX_TASK_ID='ingestion' AIRFLOW_CTX_EXECUTION_DATE='2025-10-06T15:30:00+00:00' AIRFLOW_CTX_TRY_NUMBER='1' AIRFLOW_CTX_DAG_RUN_ID='scheduled__2025-10-06T15:30:00+00:00'
[2025-10-06T16:00:07.124+0000] {taskinstance.py:430} INFO - ::endgroup::
[2025-10-06T16:00:07.154+0000] {main.py:52} INFO - Ingestion pipeline started
[2025-10-06T16:00:07.155+0000] {config.py:75} INFO - Settings loaded (env=default)
[2025-10-06T16:00:07.157+0000] {db_handler.py:12} INFO - Initializing Supabase client
[2025-10-06T16:00:07.237+0000] {mail_handler.py:8} INFO - Connecting to imap.gmail.com...
[2025-10-06T16:00:09.037+0000] {mail_handler.py:17} INFO - Fetching emails started...
[2025-10-06T16:00:09.508+0000] {main.py:59} INFO - Matched 0 emails with allowed subjects
[2025-10-06T16:00:09.510+0000] {main.py:66} INFO - Processed 0 attachments this run
[2025-10-06T16:00:10.110+0000] {python.py:237} INFO - Done. Returned value was: None
[2025-10-06T16:00:10.117+0000] {taskinstance.py:441} INFO - ::group::Post task execution logs
[2025-10-06T16:00:10.210+0000] {taskinstance.py:1206} INFO - Marking task as SUCCESS. dag_id=supplychain_pipeline_dag, task_id=ingestion, run_id=scheduled__2025-10-06T15:30:00+00:00, execution_date=20251006T153000, start_date=20251006T160006, end_date=20251006T160010
[2025-10-06T16:00:10.311+0000] {local_task_job_runner.py:240} INFO - Task exited with return code 0
[2025-10-06T16:00:10.374+0000] {taskinstance.py:3503} INFO - 1 downstream tasks scheduled from follow-on schedule check
[2025-10-06T16:00:10.378+0000] {local_task_job_runner.py:222} INFO - ::endgroup::
