[2025-10-09T07:12:51.993+0000] {local_task_job_runner.py:120} INFO - ::group::Pre task execution logs
[2025-10-09T07:12:52.034+0000] {taskinstance.py:2076} INFO - Dependencies all met for dep_context=non-requeueable deps ti=<TaskInstance: supplychain_pipeline_dag.analytics_alerts_group.alerts scheduled__2025-10-09T06:30:00+00:00 [queued]>
[2025-10-09T07:12:52.055+0000] {taskinstance.py:2076} INFO - Dependencies all met for dep_context=requeueable deps ti=<TaskInstance: supplychain_pipeline_dag.analytics_alerts_group.alerts scheduled__2025-10-09T06:30:00+00:00 [queued]>
[2025-10-09T07:12:52.057+0000] {taskinstance.py:2306} INFO - Starting attempt 1 of 4
[2025-10-09T07:12:52.096+0000] {taskinstance.py:2330} INFO - Executing <Task(PythonVirtualenvOperator): analytics_alerts_group.alerts> on 2025-10-09 06:30:00+00:00
[2025-10-09T07:12:52.140+0000] {standard_task_runner.py:90} INFO - Running: ['***', 'tasks', 'run', 'supplychain_pipeline_dag', 'analytics_alerts_group.alerts', 'scheduled__2025-10-09T06:30:00+00:00', '--job-id', '70', '--raw', '--subdir', 'DAGS_FOLDER/supplychain_pipeline_dag.py', '--cfg-path', '/tmp/tmp09in7fsa']
[2025-10-09T07:12:52.149+0000] {logging_mixin.py:188} WARNING - /home/***/.local/lib/python3.12/site-packages/***/task/task_runner/standard_task_runner.py:61 DeprecationWarning: This process (pid=305) is multi-threaded, use of fork() may lead to deadlocks in the child.
[2025-10-09T07:12:52.150+0000] {standard_task_runner.py:91} INFO - Job 70: Subtask analytics_alerts_group.alerts
[2025-10-09T07:12:52.151+0000] {standard_task_runner.py:63} INFO - Started process 323 to run task
[2025-10-09T07:12:52.302+0000] {task_command.py:426} INFO - Running <TaskInstance: supplychain_pipeline_dag.analytics_alerts_group.alerts scheduled__2025-10-09T06:30:00+00:00 [running]> on host 3acb578f14d5
[2025-10-09T07:12:52.553+0000] {taskinstance.py:2648} INFO - Exporting env vars: AIRFLOW_CTX_DAG_OWNER='***' AIRFLOW_CTX_DAG_ID='supplychain_pipeline_dag' AIRFLOW_CTX_TASK_ID='analytics_alerts_group.alerts' AIRFLOW_CTX_EXECUTION_DATE='2025-10-09T06:30:00+00:00' AIRFLOW_CTX_TRY_NUMBER='1' AIRFLOW_CTX_DAG_RUN_ID='scheduled__2025-10-09T06:30:00+00:00'
[2025-10-09T07:12:52.556+0000] {taskinstance.py:430} INFO - ::endgroup::
[2025-10-09T07:12:52.589+0000] {baseoperator.py:400} WARNING - PythonVirtualenvOperator.execute cannot be called outside TaskInstance!
[2025-10-09T07:12:52.594+0000] {process_utils.py:183} INFO - Executing cmd: /home/***/.local/bin/python -m virtualenv /tmp/venv_kxj_vug --python=python3.12
[2025-10-09T07:12:52.598+0000] {process_utils.py:187} INFO - Output:
[2025-10-09T07:12:56.210+0000] {process_utils.py:191} INFO - created virtual environment CPython3.12.4.final.0-64 in 2174ms
[2025-10-09T07:12:56.213+0000] {process_utils.py:191} INFO -   creator CPython3Posix(dest=/tmp/venv_kxj_vug, clear=False, no_vcs_ignore=False, global=False)
[2025-10-09T07:12:56.215+0000] {process_utils.py:191} INFO -   seeder FromAppData(download=False, pip=bundle, via=copy, app_data_dir=/home/***/.local/share/virtualenv)
[2025-10-09T07:12:56.217+0000] {process_utils.py:191} INFO -     added seed packages: pip==24.0
[2025-10-09T07:12:56.218+0000] {process_utils.py:191} INFO -   activators BashActivator,CShellActivator,FishActivator,NushellActivator,PowerShellActivator,PythonActivator
[2025-10-09T07:12:56.286+0000] {process_utils.py:183} INFO - Executing cmd: /tmp/venv_kxj_vug/bin/pip install -r /tmp/venv_kxj_vug/requirements.txt
[2025-10-09T07:12:56.289+0000] {process_utils.py:187} INFO - Output:
[2025-10-09T07:13:02.406+0000] {process_utils.py:191} INFO - Collecting numpy>=1.26.0 (from -r /tmp/venv_kxj_vug/requirements.txt (line 1))
[2025-10-09T07:13:02.548+0000] {process_utils.py:191} INFO -   Downloading numpy-2.3.3-cp312-cp312-manylinux_2_27_x86_64.manylinux_2_28_x86_64.whl.metadata (62 kB)
[2025-10-09T07:13:02.617+0000] {process_utils.py:191} INFO -      ━━━━━━━━━━━━━━━━━━━━━━━━━━━━━━━━━━━━━━━ 62.1/62.1 kB 851.4 kB/s eta 0:00:00
[2025-10-09T07:13:03.272+0000] {process_utils.py:191} INFO - Collecting pandas<2.2,>=1.2.5 (from -r /tmp/venv_kxj_vug/requirements.txt (line 2))
[2025-10-09T07:13:03.316+0000] {process_utils.py:191} INFO -   Downloading pandas-2.1.4-cp312-cp312-manylinux_2_17_x86_64.manylinux2014_x86_64.whl.metadata (18 kB)
[2025-10-09T07:13:03.506+0000] {process_utils.py:191} INFO - Collecting plotly>=5.0.0 (from -r /tmp/venv_kxj_vug/requirements.txt (line 3))
[2025-10-09T07:13:03.598+0000] {process_utils.py:191} INFO -   Downloading plotly-6.3.1-py3-none-any.whl.metadata (8.5 kB)
[2025-10-09T07:13:04.218+0000] {process_utils.py:191} INFO - Collecting psycopg2-binary>=2.9.0 (from -r /tmp/venv_kxj_vug/requirements.txt (line 4))
[2025-10-09T07:13:04.323+0000] {process_utils.py:191} INFO -   Downloading psycopg2_binary-2.9.10-cp312-cp312-manylinux_2_17_x86_64.manylinux2014_x86_64.whl.metadata (4.9 kB)
[2025-10-09T07:13:04.694+0000] {process_utils.py:191} INFO - Collecting python-dotenv>=1.0.0 (from -r /tmp/venv_kxj_vug/requirements.txt (line 5))
[2025-10-09T07:13:04.779+0000] {process_utils.py:191} INFO -   Downloading python_dotenv-1.1.1-py3-none-any.whl.metadata (24 kB)
[2025-10-09T07:13:06.757+0000] {process_utils.py:191} INFO - Collecting sqlalchemy>=2.0 (from -r /tmp/venv_kxj_vug/requirements.txt (line 6))
[2025-10-09T07:13:06.807+0000] {process_utils.py:191} INFO -   Downloading sqlalchemy-2.0.43-cp312-cp312-manylinux_2_17_x86_64.manylinux2014_x86_64.whl.metadata (9.6 kB)
[2025-10-09T07:13:07.076+0000] {process_utils.py:191} INFO - Collecting numpy>=1.26.0 (from -r /tmp/venv_kxj_vug/requirements.txt (line 1))
[2025-10-09T07:13:07.144+0000] {process_utils.py:191} INFO -   Downloading numpy-1.26.4-cp312-cp312-manylinux_2_17_x86_64.manylinux2014_x86_64.whl.metadata (61 kB)
[2025-10-09T07:13:07.288+0000] {process_utils.py:191} INFO -      ━━━━━━━━━━━━━━━━━━━━━━━━━━━━━━━━━━━━━━━ 61.0/61.0 kB 473.5 kB/s eta 0:00:00
[2025-10-09T07:13:07.447+0000] {process_utils.py:191} INFO - Collecting python-dateutil>=2.8.2 (from pandas<2.2,>=1.2.5->-r /tmp/venv_kxj_vug/requirements.txt (line 2))
[2025-10-09T07:13:07.503+0000] {process_utils.py:191} INFO -   Downloading python_dateutil-2.9.0.post0-py2.py3-none-any.whl.metadata (8.4 kB)
[2025-10-09T07:13:07.793+0000] {process_utils.py:191} INFO - Collecting pytz>=2020.1 (from pandas<2.2,>=1.2.5->-r /tmp/venv_kxj_vug/requirements.txt (line 2))
[2025-10-09T07:13:07.866+0000] {process_utils.py:191} INFO -   Downloading pytz-2025.2-py2.py3-none-any.whl.metadata (22 kB)
[2025-10-09T07:13:08.084+0000] {process_utils.py:191} INFO - Collecting tzdata>=2022.1 (from pandas<2.2,>=1.2.5->-r /tmp/venv_kxj_vug/requirements.txt (line 2))
[2025-10-09T07:13:08.100+0000] {process_utils.py:191} INFO -   Downloading tzdata-2025.2-py2.py3-none-any.whl.metadata (1.4 kB)
[2025-10-09T07:13:08.539+0000] {process_utils.py:191} INFO - Collecting narwhals>=1.15.1 (from plotly>=5.0.0->-r /tmp/venv_kxj_vug/requirements.txt (line 3))
[2025-10-09T07:13:08.560+0000] {process_utils.py:191} INFO -   Downloading narwhals-2.7.0-py3-none-any.whl.metadata (11 kB)
[2025-10-09T07:13:08.784+0000] {process_utils.py:191} INFO - Collecting packaging (from plotly>=5.0.0->-r /tmp/venv_kxj_vug/requirements.txt (line 3))
[2025-10-09T07:13:08.876+0000] {process_utils.py:191} INFO -   Downloading packaging-25.0-py3-none-any.whl.metadata (3.3 kB)
[2025-10-09T07:13:10.040+0000] {process_utils.py:191} INFO - Collecting greenlet>=1 (from sqlalchemy>=2.0->-r /tmp/venv_kxj_vug/requirements.txt (line 6))
[2025-10-09T07:13:10.089+0000] {process_utils.py:191} INFO -   Downloading greenlet-3.2.4-cp312-cp312-manylinux_2_24_x86_64.manylinux_2_28_x86_64.whl.metadata (4.1 kB)
[2025-10-09T07:13:10.314+0000] {process_utils.py:191} INFO - Collecting typing-extensions>=4.6.0 (from sqlalchemy>=2.0->-r /tmp/venv_kxj_vug/requirements.txt (line 6))
[2025-10-09T07:13:10.390+0000] {process_utils.py:191} INFO -   Downloading typing_extensions-4.15.0-py3-none-any.whl.metadata (3.3 kB)
[2025-10-09T07:13:10.580+0000] {process_utils.py:191} INFO - Collecting six>=1.5 (from python-dateutil>=2.8.2->pandas<2.2,>=1.2.5->-r /tmp/venv_kxj_vug/requirements.txt (line 2))
[2025-10-09T07:13:10.632+0000] {process_utils.py:191} INFO -   Downloading six-1.17.0-py2.py3-none-any.whl.metadata (1.7 kB)
[2025-10-09T07:13:10.736+0000] {process_utils.py:191} INFO - Downloading pandas-2.1.4-cp312-cp312-manylinux_2_17_x86_64.manylinux2014_x86_64.whl (11.7 MB)
[2025-10-09T07:13:21.795+0000] {process_utils.py:191} INFO -    ━━━━━━━━━━━━━━━━━━━━━━━━━━━━━━━━━━━━━━━━ 11.7/11.7 MB 1.1 MB/s eta 0:00:00
[2025-10-09T07:13:21.889+0000] {process_utils.py:191} INFO - Downloading numpy-1.26.4-cp312-cp312-manylinux_2_17_x86_64.manylinux2014_x86_64.whl (18.0 MB)
[2025-10-09T07:13:39.300+0000] {process_utils.py:191} INFO -    ━━━━━━━━━━━━━━━━━━━━━━━━━━━━━━━━━━━━━━━━ 18.0/18.0 MB 1.2 MB/s eta 0:00:00
[2025-10-09T07:13:39.316+0000] {process_utils.py:191} INFO - Downloading plotly-6.3.1-py3-none-any.whl (9.8 MB)
[2025-10-09T07:13:45.701+0000] {process_utils.py:191} INFO -    ━━━━━━━━━━━━━━━━━━━━━━━━━━━━━━━━━━━━━━━━ 9.8/9.8 MB 1.4 MB/s eta 0:00:00
[2025-10-09T07:13:45.713+0000] {process_utils.py:191} INFO - Downloading psycopg2_binary-2.9.10-cp312-cp312-manylinux_2_17_x86_64.manylinux2014_x86_64.whl (3.0 MB)
[2025-10-09T07:13:47.946+0000] {process_utils.py:191} INFO -    ━━━━━━━━━━━━━━━━━━━━━━━━━━━━━━━━━━━━━━━━ 3.0/3.0 MB 1.4 MB/s eta 0:00:00
[2025-10-09T07:13:47.984+0000] {process_utils.py:191} INFO - Downloading python_dotenv-1.1.1-py3-none-any.whl (20 kB)
[2025-10-09T07:13:48.016+0000] {process_utils.py:191} INFO - Downloading sqlalchemy-2.0.43-cp312-cp312-manylinux_2_17_x86_64.manylinux2014_x86_64.whl (3.3 MB)
[2025-10-09T07:13:50.381+0000] {process_utils.py:191} INFO -    ━━━━━━━━━━━━━━━━━━━━━━━━━━━━━━━━━━━━━━━━ 3.3/3.3 MB 1.4 MB/s eta 0:00:00
[2025-10-09T07:13:50.424+0000] {process_utils.py:191} INFO - Downloading greenlet-3.2.4-cp312-cp312-manylinux_2_24_x86_64.manylinux_2_28_x86_64.whl (607 kB)
[2025-10-09T07:13:50.848+0000] {process_utils.py:191} INFO -    ━━━━━━━━━━━━━━━━━━━━━━━━━━━━━━━━━━━━━━━━ 607.6/607.6 kB 1.5 MB/s eta 0:00:00
[2025-10-09T07:13:50.872+0000] {process_utils.py:191} INFO - Downloading narwhals-2.7.0-py3-none-any.whl (412 kB)
[2025-10-09T07:13:51.175+0000] {process_utils.py:191} INFO -    ━━━━━━━━━━━━━━━━━━━━━━━━━━━━━━━━━━━━━━━━ 412.8/412.8 kB 1.4 MB/s eta 0:00:00
[2025-10-09T07:13:51.275+0000] {process_utils.py:191} INFO - Downloading python_dateutil-2.9.0.post0-py2.py3-none-any.whl (229 kB)
[2025-10-09T07:13:51.434+0000] {process_utils.py:191} INFO -    ━━━━━━━━━━━━━━━━━━━━━━━━━━━━━━━━━━━━━━━━ 229.9/229.9 kB 1.5 MB/s eta 0:00:00
[2025-10-09T07:13:51.446+0000] {process_utils.py:191} INFO - Downloading pytz-2025.2-py2.py3-none-any.whl (509 kB)
[2025-10-09T07:13:51.867+0000] {process_utils.py:191} INFO -    ━━━━━━━━━━━━━━━━━━━━━━━━━━━━━━━━━━━━━━━━ 509.2/509.2 kB 1.2 MB/s eta 0:00:00
[2025-10-09T07:13:51.897+0000] {process_utils.py:191} INFO - Downloading typing_extensions-4.15.0-py3-none-any.whl (44 kB)
[2025-10-09T07:13:51.945+0000] {process_utils.py:191} INFO -    ━━━━━━━━━━━━━━━━━━━━━━━━━━━━━━━━━━━━━━━━ 44.6/44.6 kB 962.8 kB/s eta 0:00:00
[2025-10-09T07:13:51.962+0000] {process_utils.py:191} INFO - Downloading tzdata-2025.2-py2.py3-none-any.whl (347 kB)
[2025-10-09T07:13:52.347+0000] {process_utils.py:191} INFO -    ━━━━━━━━━━━━━━━━━━━━━━━━━━━━━━━━━━━━━━━━ 347.8/347.8 kB 1.1 MB/s eta 0:00:00
[2025-10-09T07:13:52.421+0000] {process_utils.py:191} INFO - Downloading packaging-25.0-py3-none-any.whl (66 kB)
[2025-10-09T07:13:52.502+0000] {process_utils.py:191} INFO -    ━━━━━━━━━━━━━━━━━━━━━━━━━━━━━━━━━━━━━━━━ 66.5/66.5 kB 829.4 kB/s eta 0:00:00
[2025-10-09T07:13:52.593+0000] {process_utils.py:191} INFO - Downloading six-1.17.0-py2.py3-none-any.whl (11 kB)
[2025-10-09T07:13:53.219+0000] {process_utils.py:191} INFO - Installing collected packages: pytz, tzdata, typing-extensions, six, python-dotenv, psycopg2-binary, packaging, numpy, narwhals, greenlet, sqlalchemy, python-dateutil, plotly, pandas
[2025-10-09T07:14:22.638+0000] {process_utils.py:191} INFO - Successfully installed greenlet-3.2.4 narwhals-2.7.0 numpy-1.26.4 packaging-25.0 pandas-2.1.4 plotly-6.3.1 psycopg2-binary-2.9.10 python-dateutil-2.9.0.post0 python-dotenv-1.1.1 pytz-2025.2 six-1.17.0 sqlalchemy-2.0.43 typing-extensions-4.15.0 tzdata-2025.2
[2025-10-09T07:14:22.945+0000] {process_utils.py:191} INFO - 
[2025-10-09T07:14:22.947+0000] {process_utils.py:191} INFO - [notice] A new release of pip is available: 24.0 -> 25.2
[2025-10-09T07:14:22.949+0000] {process_utils.py:191} INFO - [notice] To update, run: python -m pip install --upgrade pip
[2025-10-09T07:14:23.585+0000] {process_utils.py:183} INFO - Executing cmd: /tmp/venv_kxj_vug/bin/python /tmp/venv-call59v52o16/script.py /tmp/venv-call59v52o16/script.in /tmp/venv-call59v52o16/script.out /tmp/venv-call59v52o16/string_args.txt /tmp/venv-call59v52o16/termination.log
[2025-10-09T07:14:23.588+0000] {process_utils.py:187} INFO - Output:
[2025-10-09T07:14:53.230+0000] {process_utils.py:191} INFO - ERROR - KPI graph failed:
[2025-10-09T07:14:53.232+0000] {process_utils.py:191} INFO - Image export using the "kaleido" engine requires the Kaleido package,
[2025-10-09T07:14:53.233+0000] {process_utils.py:191} INFO - which can be installed using pip:
[2025-10-09T07:14:53.234+0000] {process_utils.py:191} INFO - 
[2025-10-09T07:14:53.236+0000] {process_utils.py:191} INFO -     $ pip install --upgrade kaleido
[2025-10-09T07:14:53.237+0000] {process_utils.py:191} INFO - 
[2025-10-09T07:14:53.238+0000] {process_utils.py:191} INFO - Traceback (most recent call last):
[2025-10-09T07:14:53.240+0000] {process_utils.py:191} INFO -   File "/opt/***/alerts/alert_worker.py", line 209, in plot_kpi_summary_png
[2025-10-09T07:14:53.241+0000] {process_utils.py:191} INFO -     img_bytes = fig.to_image(format="png")
[2025-10-09T07:14:53.242+0000] {process_utils.py:191} INFO -                 ^^^^^^^^^^^^^^^^^^^^^^^^^^
[2025-10-09T07:14:53.244+0000] {process_utils.py:191} INFO -   File "/tmp/venv_kxj_vug/lib/python3.12/site-packages/plotly/basedatatypes.py", line 3801, in to_image
[2025-10-09T07:14:53.245+0000] {process_utils.py:191} INFO -     return pio.to_image(self, *args, **kwargs)
[2025-10-09T07:14:53.246+0000] {process_utils.py:191} INFO -            ^^^^^^^^^^^^^^^^^^^^^^^^^^^^^^^^^^^
[2025-10-09T07:14:53.248+0000] {process_utils.py:191} INFO -   File "/tmp/venv_kxj_vug/lib/python3.12/site-packages/plotly/io/_kaleido.py", line 345, in to_image
[2025-10-09T07:14:53.249+0000] {process_utils.py:191} INFO -     raise ValueError(
[2025-10-09T07:14:53.250+0000] {process_utils.py:191} INFO - ValueError:
[2025-10-09T07:14:53.251+0000] {process_utils.py:191} INFO - Image export using the "kaleido" engine requires the Kaleido package,
[2025-10-09T07:14:53.253+0000] {process_utils.py:191} INFO - which can be installed using pip:
[2025-10-09T07:14:53.254+0000] {process_utils.py:191} INFO - 
[2025-10-09T07:14:53.255+0000] {process_utils.py:191} INFO -     $ pip install --upgrade kaleido
[2025-10-09T07:14:53.256+0000] {process_utils.py:191} INFO - 
[2025-10-09T07:14:53.257+0000] {process_utils.py:191} INFO - 
[2025-10-09T07:14:53.442+0000] {process_utils.py:191} INFO - ERROR - Inventory graph failed:
[2025-10-09T07:14:53.444+0000] {process_utils.py:191} INFO - Image export using the "kaleido" engine requires the Kaleido package,
[2025-10-09T07:14:53.445+0000] {process_utils.py:191} INFO - which can be installed using pip:
[2025-10-09T07:14:53.446+0000] {process_utils.py:191} INFO - 
[2025-10-09T07:14:53.448+0000] {process_utils.py:191} INFO -     $ pip install --upgrade kaleido
[2025-10-09T07:14:53.449+0000] {process_utils.py:191} INFO - 
[2025-10-09T07:14:53.450+0000] {process_utils.py:191} INFO - Traceback (most recent call last):
[2025-10-09T07:14:53.452+0000] {process_utils.py:191} INFO -   File "/opt/***/alerts/alert_worker.py", line 235, in plot_inventory_png
[2025-10-09T07:14:53.453+0000] {process_utils.py:191} INFO -     img_bytes = fig.to_image(format="png")
[2025-10-09T07:14:53.455+0000] {process_utils.py:191} INFO -                 ^^^^^^^^^^^^^^^^^^^^^^^^^^
[2025-10-09T07:14:53.456+0000] {process_utils.py:191} INFO -   File "/tmp/venv_kxj_vug/lib/python3.12/site-packages/plotly/basedatatypes.py", line 3801, in to_image
[2025-10-09T07:14:53.457+0000] {process_utils.py:191} INFO -     return pio.to_image(self, *args, **kwargs)
[2025-10-09T07:14:53.459+0000] {process_utils.py:191} INFO -            ^^^^^^^^^^^^^^^^^^^^^^^^^^^^^^^^^^^
[2025-10-09T07:14:53.460+0000] {process_utils.py:191} INFO -   File "/tmp/venv_kxj_vug/lib/python3.12/site-packages/plotly/io/_kaleido.py", line 345, in to_image
[2025-10-09T07:14:53.462+0000] {process_utils.py:191} INFO -     raise ValueError(
[2025-10-09T07:14:53.464+0000] {process_utils.py:191} INFO - ValueError:
[2025-10-09T07:14:53.465+0000] {process_utils.py:191} INFO - Image export using the "kaleido" engine requires the Kaleido package,
[2025-10-09T07:14:53.466+0000] {process_utils.py:191} INFO - which can be installed using pip:
[2025-10-09T07:14:53.468+0000] {process_utils.py:191} INFO - 
[2025-10-09T07:14:53.469+0000] {process_utils.py:191} INFO -     $ pip install --upgrade kaleido
[2025-10-09T07:14:53.471+0000] {process_utils.py:191} INFO - 
[2025-10-09T07:14:53.472+0000] {process_utils.py:191} INFO - 
[2025-10-09T07:14:54.347+0000] {process_utils.py:191} INFO - send: 'ehlo [172.19.0.3]\r\n'
[2025-10-09T07:14:54.655+0000] {process_utils.py:191} INFO - reply: b'250-smtp.gmail.com at your service, [49.37.133.253]\r\n'
[2025-10-09T07:14:54.657+0000] {process_utils.py:191} INFO - reply: b'250-SIZE 35882577\r\n'
[2025-10-09T07:14:54.659+0000] {process_utils.py:191} INFO - reply: b'250-8BITMIME\r\n'
[2025-10-09T07:14:54.661+0000] {process_utils.py:191} INFO - reply: b'250-STARTTLS\r\n'
[2025-10-09T07:14:54.662+0000] {process_utils.py:191} INFO - reply: b'250-ENHANCEDSTATUSCODES\r\n'
[2025-10-09T07:14:54.663+0000] {process_utils.py:191} INFO - reply: b'250-PIPELINING\r\n'
[2025-10-09T07:14:54.665+0000] {process_utils.py:191} INFO - reply: b'250-CHUNKING\r\n'
[2025-10-09T07:14:54.668+0000] {process_utils.py:191} INFO - reply: b'250 SMTPUTF8\r\n'
[2025-10-09T07:14:54.669+0000] {process_utils.py:191} INFO - reply: retcode (250); Msg: b'smtp.gmail.com at your service, [49.37.133.253]\nSIZE 35882577\n8BITMIME\nSTARTTLS\nENHANCEDSTATUSCODES\nPIPELINING\nCHUNKING\nSMTPUTF8'
[2025-10-09T07:14:54.670+0000] {process_utils.py:191} INFO - send: 'STARTTLS\r\n'
[2025-10-09T07:14:54.967+0000] {process_utils.py:191} INFO - reply: b'220 2.0.0 Ready to start TLS\r\n'
[2025-10-09T07:14:54.969+0000] {process_utils.py:191} INFO - reply: retcode (220); Msg: b'2.0.0 Ready to start TLS'
[2025-10-09T07:14:55.031+0000] {process_utils.py:191} INFO - send: 'ehlo [172.19.0.3]\r\n'
[2025-10-09T07:14:55.276+0000] {process_utils.py:191} INFO - reply: b'250-smtp.gmail.com at your service, [49.37.133.253]\r\n'
[2025-10-09T07:14:55.279+0000] {process_utils.py:191} INFO - reply: b'250-SIZE 35882577\r\n'
[2025-10-09T07:14:55.281+0000] {process_utils.py:191} INFO - reply: b'250-8BITMIME\r\n'
[2025-10-09T07:14:55.283+0000] {process_utils.py:191} INFO - reply: b'250-AUTH LOGIN PLAIN XOAUTH2 PLAIN-CLIENTTOKEN OAUTHBEARER XOAUTH\r\n'
[2025-10-09T07:14:55.285+0000] {process_utils.py:191} INFO - reply: b'250-ENHANCEDSTATUSCODES\r\n'
[2025-10-09T07:14:55.287+0000] {process_utils.py:191} INFO - reply: b'250-PIPELINING\r\n'
[2025-10-09T07:14:55.290+0000] {process_utils.py:191} INFO - reply: b'250-CHUNKING\r\n'
[2025-10-09T07:14:55.292+0000] {process_utils.py:191} INFO - reply: b'250 SMTPUTF8\r\n'
[2025-10-09T07:14:55.295+0000] {process_utils.py:191} INFO - reply: retcode (250); Msg: b'smtp.gmail.com at your service, [49.37.133.253]\nSIZE 35882577\n8BITMIME\nAUTH LOGIN PLAIN XOAUTH2 PLAIN-CLIENTTOKEN OAUTHBEARER XOAUTH\nENHANCEDSTATUSCODES\nPIPELINING\nCHUNKING\nSMTPUTF8'
[2025-10-09T07:14:55.297+0000] {process_utils.py:191} INFO - send: 'AUTH PLAIN AHBlcmFsYXJhamFzaGVrYXIyMDA0QGdtYWlsLmNvbQBoZGl0IGhheWogd2N5dCBsa2Zt\r\n'
[2025-10-09T07:14:55.688+0000] {process_utils.py:191} INFO - reply: b'235 2.7.0 Accepted\r\n'
[2025-10-09T07:14:55.689+0000] {process_utils.py:191} INFO - reply: retcode (235); Msg: b'2.7.0 Accepted'
[2025-10-09T07:14:55.693+0000] {process_utils.py:191} INFO - send: 'mail FROM:<peralarajashekar2004@gmail.com> size=26266\r\n'
[2025-10-09T07:14:55.998+0000] {process_utils.py:191} INFO - reply: b'250 2.1.0 OK d9443c01a7336-29034e1cc8bsm18703875ad.38 - gsmtp\r\n'
[2025-10-09T07:14:56.000+0000] {process_utils.py:191} INFO - reply: retcode (250); Msg: b'2.1.0 OK d9443c01a7336-29034e1cc8bsm18703875ad.38 - gsmtp'
[2025-10-09T07:14:56.001+0000] {process_utils.py:191} INFO - send: 'rcpt TO:<peralarajashekhar2004@gmail.com>\r\n'
[2025-10-09T07:14:56.308+0000] {process_utils.py:191} INFO - reply: b'250 2.1.5 OK d9443c01a7336-29034e1cc8bsm18703875ad.38 - gsmtp\r\n'
[2025-10-09T07:14:56.310+0000] {process_utils.py:191} INFO - reply: retcode (250); Msg: b'2.1.5 OK d9443c01a7336-29034e1cc8bsm18703875ad.38 - gsmtp'
[2025-10-09T07:14:56.311+0000] {process_utils.py:191} INFO - send: 'data\r\n'
[2025-10-09T07:14:56.825+0000] {process_utils.py:191} INFO - reply: b'354 Go ahead d9443c01a7336-29034e1cc8bsm18703875ad.38 - gsmtp\r\n'
[2025-10-09T07:14:56.827+0000] {process_utils.py:191} INFO - reply: retcode (354); Msg: b'Go ahead d9443c01a7336-29034e1cc8bsm18703875ad.38 - gsmtp'
[2025-10-09T07:14:56.829+0000] {process_utils.py:191} INFO - data: (354, b'Go ahead d9443c01a7336-29034e1cc8bsm18703875ad.38 - gsmtp')
[2025-10-09T07:14:56.892+0000] {process_utils.py:191} INFO - send: b'Content-Type: multipart/related; boundary="===============5081907346034957110=="\r\nMIME-Version: 1.0\r\nSubject: [SupplyChain Alerts 2025-10-09]\r\nFrom: peralarajashekar2004@gmail.com\r\nTo: peralarajashekhar2004@gmail.com\r\n\r\n--===============5081907346034957110==\r\nContent-Type: multipart/alternative; boundary="===============7587852033426834646=="\r\nMIME-Version: 1.0\r\n\r\n--===============7587852033426834646==\r\nContent-Type: text/plain; charset="utf-8"\r\nMIME-Version: 1.0\r\nContent-Transfer-Encoding: base64\r\n\r\nU3VwcGx5IENoYWluIEFsZXJ0IFJlcG9ydApEYXRlOiAyMDI1LTEwLTA5IDA3OjE0IFVUQwpUb3Rh\r\nbCBBbGVydHM6IDE3OQoKRXhlY3V0aXZlIFN1bW1hcnk6ClRvdGFsIE9yZGVyczogMjk4MzYuMApP\r\nVElGOiA0Ny43NCUKT24tVGltZTogNzEuMiUKSW4tRnVsbDogNjUuNzclCgpJbnZlbnRvcnkgQWxl\r\ncnRzOgpPVkVSU1RPQ0s6IEFNIEdoZWUgMjUwIChzdG9jaz0zNDY0LjApCk9WRVJTVE9DSzogQU0g\r\nR2hlZSAxMDAgKHN0b2NrPTM1MDcuMCkKT1ZFUlNUT0NLOiBBTSBHaGVlIDE1MCAoc3RvY2s9MzU5\r\nOC4wKQpPVkVSU1RPQ0s6IEFNIFRlYSAxMDAgKHN0b2NrPTY4NjkuMCkKT1ZFUlNUT0NLOiBBTSBU\r\nZWEgMjUwIChzdG9jaz03MTM5LjApCk9WRVJTVE9DSzogQU0gVGVhIDUwMCAoc3RvY2s9NzQ1MC4w\r\nKQpPVkVSU1RPQ0s6IEFNIEJpc2N1aXRzIDc1MCAoc3RvY2s9OTE2MC4wKQpPVkVSU1RPQ0s6IEFN\r\nIEJpc2N1aXRzIDI1MCAoc3RvY2s9MTAwNzkuMCkKT1ZFUlNUT0NLOiBBTSBCaXNjdWl0cyA1MDAg\r\nKHN0b2NrPTEwNTgwLjApCk9WRVJTVE9DSzogQU0gQnV0dGVyIDEwMCAoc3RvY2s9MTU5MzkuMCkK\r\nT1ZFUlNUT0NLOiBBTSBDdXJkIDI1MCAoc3RvY2s9MTc4MjAuMCkKT1ZFUlNUT0NLOiBBTSBCdXR0\r\nZXIgMjUwIChzdG9jaz0xODI2NC4wKQpPVkVSU1RPQ0s6IEFNIEJ1dHRlciA1MDAgKHN0b2NrPTE4\r\nODY2LjApCk9WRVJTVE9DSzogQU0gQ3VyZCAxMDAgKHN0b2NrPTE5NTE3LjApCk9WRVJTVE9DSzog\r\nQU0gQ3VyZCA1MCAoc3RvY2s9MjAyMjAuMCkKT1ZFUlNUT0NLOiBBTSBNaWxrIDUwMCAoc3RvY2s9\r\nMjA3MjguMCkKT1ZFUlNUT0NLOiBBTSBNaWxrIDEwMCAoc3RvY2s9MjEzODMuMCkKT1ZFUlNUT0NL\r\nOiBBTSBNaWxrIDI1MCAoc3RvY2s9MjM5MTYuMCkKCktQSSBBbGVydHM6Ck9USUYgYmVsb3cgdGFy\r\nZ2V0OiA2Mi4xMiUgdnMgNjklCk9uLVRpbWUgYmVsb3cgdGFyZ2V0OiA4My45NiUgdnMgODYlCklu\r\nLUZ1bGwgYmVsb3cgdGFyZ2V0OiA3NC4yOSUgdnMgODAlCk9USUYgYmVsb3cgdGFyZ2V0OiA2MS42\r\nMyUgdnMgNzQlCk9uLVRpbWUgYmVsb3cgdGFyZ2V0OiA4Mi45NyUgdnMgOTElCkluLUZ1bGwgYmVs\r\nb3cgdGFyZ2V0OiA3NC40NiUgdnMgODElCk9USUYgYmVsb3cgdGFyZ2V0OiA2Ni4wOCUgdnMgNjkl\r\nCk9uLVRpbWUgYmVsb3cgdGFyZ2V0OiA4Ni42OSUgdnMgOTElCkluLUZ1bGwgYmVsb3cgdGFyZ2V0\r\nOiA3NS43NCUgdnMgNzYlCk9USUYgYmVsb3cgdGFyZ2V0OiA2NS41MyUgdnMgNjYlCkluLUZ1bGwg\r\nYmVsb3cgdGFyZ2V0OiA3NS42NyUgdnMgNzglCk9USUYgYmVsb3cgdGFyZ2V0OiA2LjMzJSB2cyA1\r\nMSUKT24tVGltZSBiZWxvdyB0YXJnZXQ6IDI5LjI3JSB2cyA3NSUKSW4tRnVsbCBiZWxvdyB0YXJn\r\nZXQ6IDI3Ljg0JSB2cyA2OCUKT1RJRiBiZWxvdyB0YXJnZXQ6IDYxLjY5JSB2cyA3MSUKT24tVGlt\r\nZSBiZWxvdyB0YXJnZXQ6IDg0LjQxJSB2cyA5MCUKSW4tRnVsbCBiZWxvdyB0YXJnZXQ6IDcyLjA1\r\nJSB2cyA3OSUKT1RJRiBiZWxvdyB0YXJnZXQ6IDY2LjE1JSB2cyA2OSUKT24tVGltZSBiZWxvdyB0\r\nYXJnZXQ6IDg0LjIxJSB2cyA4OCUKT1RJRiBiZWxvdyB0YXJnZXQ6IDguMzUlIHZzIDUxJQpPbi1U\r\naW1lIGJlbG93IHRhcmdldDogMjUuNzklIHZzIDc4JQpJbi1GdWxsIGJlbG93IHRhcmdldDogMzAu\r\nNzUlIHZzIDY2JQpPVElGIGJlbG93IHRhcmdldDogNjIuOSUgdnMgNzQlCk9uLVRpbWUgYmVsb3cg\r\ndGFyZ2V0OiA4NS43NyUgdnMgOTIlCkluLUZ1bGwgYmVsb3cgdGFyZ2V0OiA3Mi43NSUgdnMgODAl\r\nCk9USUYgYmVsb3cgdGFyZ2V0OiA2Ni44NiUgdnMgNzMlCk9uLVRpbWUgYmVsb3cgdGFyZ2V0OiA4\r\nNS45OSUgdnMgOTAlCkluLUZ1bGwgYmVsb3cgdGFyZ2V0OiA3Ny4xMSUgdnMgODElCk9USUYgYmVs\r\nb3cgdGFyZ2V0OiAyMS4yNiUgdnMgNjAlCk9uLVRpbWUgYmVsb3cgdGFyZ2V0OiAzMC4yOSUgdnMg\r\nNzglCkluLUZ1bGwgYmVsb3cgdGFyZ2V0OiA3Mi4wOSUgdnMgNzclCkluLUZ1bGwgYmVsb3cgdGFy\r\nZ2V0OiA3OC4yMyUgdnMgNzklCk9USUYgYmVsb3cgdGFyZ2V0OiA2Ni40OCUgdnMgNzElCk9uLVRp\r\nbWUgYmVsb3cgdGFyZ2V0OiA4Ni41NyUgdnMgODklCkluLUZ1bGwgYmVsb3cgdGFyZ2V0OiA3Ni4x\r\nMiUgdnMgODAlCk9USUYgYmVsb3cgdGFyZ2V0OiAyNC44JSB2cyA2MiUKT24tVGltZSBiZWxvdyB0\r\nYXJnZXQ6IDg2LjIxJSB2cyA5MiUKSW4tRnVsbCBiZWxvdyB0YXJnZXQ6IDI4Ljc0JSB2cyA2NyUK\r\nT1RJRiBiZWxvdyB0YXJnZXQ6IDYyLjY3JSB2cyA3MSUKT24tVGltZSBiZWxvdyB0YXJnZXQ6IDgy\r\nLjAlIHZzIDg2JQpJbi1GdWxsIGJlbG93IHRhcmdldDogNzYuNzglIHZzIDgyJQpPVElGIGJlbG93\r\nIHRhcmdldDogNjQuNDYlIHZzIDY5JQpPbi1UaW1lIGJlbG93IHRhcmdldDogODMuMjElIHZzIDky\r\nJQpPVElGIGJlbG93IHRhcmdldDogNjAuNTklIHZzIDY5JQpJbi1GdWxsIGJlbG93IHRhcmdldDog\r\nNzAuNzIlIHZzIDgxJQpPVElGIGJlbG93IHRhcmdldDogMTguNjQlIHZzIDU5JQpPbi1UaW1lIGJl\r\nbG93IHRhcmdldDogMjMuOSUgdnMgNzUlCkluLUZ1bGwgYmVsb3cgdGFyZ2V0OiA3NS41NSUgdnMg\r\nNzklCk9USUYgYmVsb3cgdGFyZ2V0OiAxOC4yNSUgdnMgNjIlCk9uLVRpbWUgYmVsb3cgdGFyZ2V0\r\nOiAyNi4zMiUgdnMgNzglCkluLUZ1bGwgYmVsb3cgdGFyZ2V0OiA3Mi44NyUgdnMgNzklCk9USUYg\r\nYmVsb3cgdGFyZ2V0OiAyMC4xJSB2cyA2NCUKT24tVGltZSBiZWxvdyB0YXJnZXQ6IDI3LjM3JSB2\r\ncyA3OSUKSW4tRnVsbCBiZWxvdyB0YXJnZXQ6IDc2LjA4JSB2cyA4MSUKT1RJRiBiZWxvdyB0YXJn\r\nZXQ6IDYyLjczJSB2cyA3MCUKT24tVGltZSBiZWxvdyB0YXJnZXQ6IDg0LjExJSB2cyA4NyUKSW4t\r\nRnVsbCBiZWxvdyB0YXJnZXQ6IDc2LjA1JSB2cyA4MSUKT1RJRiBiZWxvdyB0YXJnZXQ6IDI2LjY2\r\nJSB2cyA1OSUKT24tVGltZSBiZWxvdyB0YXJnZXQ6IDgzLjUzJSB2cyA4OSUKSW4tRnVsbCBiZWxv\r\ndyB0YXJnZXQ6IDMxLjA0JSB2cyA2NiUKT1RJRiBiZWxvdyB0YXJnZXQ6IDYwLjA1JSB2cyA3MCUK\r\nT24tVGltZSBiZWxvdyB0YXJnZXQ6IDgyLjA3JSB2cyA5MiUKSW4tRnVsbCBiZWxvdyB0YXJnZXQ6\r\nIDczLjM3JSB2cyA3NiUKT1RJRiBiZWxvdyB0YXJnZXQ6IDI2Ljc5JSB2cyA2MCUKT24tVGltZSBi\r\nZWxvdyB0YXJnZXQ6IDg0Ljg0JSB2cyA5MiUKSW4tRnVsbCBiZWxvdyB0YXJnZXQ6IDMwLjY3JSB2\r\ncyA2NSUKT1RJRiBiZWxvdyB0YXJnZXQ6IDYzLjM5JSB2cyA3NSUKT24tVGltZSBiZWxvdyB0YXJn\r\nZXQ6IDgzLjcyJSB2cyA5MiUKSW4tRnVsbCBiZWxvdyB0YXJnZXQ6IDc3LjQ4JSB2cyA4MSUKT1RJ\r\nRiBiZWxvdyB0YXJnZXQ6IDU4LjcyJSB2cyA3MyUKT24tVGltZSBiZWxvdyB0YXJnZXQ6IDgxLjg5\r\nJSB2cyA5MCUKSW4tRnVsbCBiZWxvdyB0YXJnZXQ6IDczLjAlIHZzIDgxJQpPVElGIGJlbG93IHRh\r\ncmdldDogMjQuMCUgdnMgNjIlCk9uLVRpbWUgYmVsb3cgdGFyZ2V0OiA4My42NSUgdnMgOTIlCklu\r\nLUZ1bGwgYmVsb3cgdGFyZ2V0OiAyOS44OCUgdnMgNjclCk9USUYgYmVsb3cgdGFyZ2V0OiA1Ni45\r\nOSUgdnMgNjklCk9uLVRpbWUgYmVsb3cgdGFyZ2V0OiA4MS41MiUgdnMgODklCkluLUZ1bGwgYmVs\r\nb3cgdGFyZ2V0OiA3Mi42MSUgdnMgNzglCk9USUYgYmVsb3cgdGFyZ2V0OiA2MS42MyUgdnMgNjYl\r\nCk9uLVRpbWUgYmVsb3cgdGFyZ2V0OiA4MS43JSB2cyA4NiUKSW4tRnVsbCBiZWxvdyB0YXJnZXQ6\r\nIDc1LjIxJSB2cyA3NyUKT1RJRiBiZWxvdyB0YXJnZXQ6IDcuMDIlIHZzIDQ5JQpPbi1UaW1lIGJl\r\nbG93IHRhcmdldDogMjQuNjklIHZzIDc2JQpJbi1GdWxsIGJlbG93IHRhcmdldDogMjguNDMlIHZz\r\nIDY1JQpPVElGIGJlbG93IHRhcmdldDogNjMuMzYlIHZzIDcwJQpPbi1UaW1lIGJlbG93IHRhcmdl\r\ndDogODYuNTglIHZzIDg3JQpJbi1GdWxsIGJlbG93IHRhcmdldDogNzMuNzUlIHZzIDgxJQpPVElG\r\nIGJlbG93IHRhcmdldDogNjEuMTQlIHZzIDY4JQpPbi1UaW1lIGJlbG93IHRhcmdldDogODIuMzYl\r\nIHZzIDg1JQpJbi1GdWxsIGJlbG93IHRhcmdldDogNzMuNjYlIHZzIDgwJQpPVElGIGJlbG93IHRh\r\ncmdldDogNjIuNTklIHZzIDY3JQpPbi1UaW1lIGJlbG93IHRhcmdldDogODMuMDklIHZzIDg5JQpJ\r\nbi1GdWxsIGJlbG93IHRhcmdldDogNzQuODElIHZzIDc1JQpPVElGIGJlbG93IHRhcmdldDogNjIu\r\nNjYlIHZzIDY3JQpPbi1UaW1lIGJlbG93IHRhcmdldDogODMuNTUlIHZzIDg1JQpJbi1GdWxsIGJl\r\nbG93IHRhcmdldDogNzQuNjglIHZzIDc5JQpPVElGIGJlbG93IHRhcmdldDogMTcuMTQlIHZzIDYw\r\nJQpPbi1UaW1lIGJlbG93IHRhcmdldDogMjUuMDMlIHZzIDc2JQpJbi1GdWxsIGJlbG93IHRhcmdl\r\ndDogNzIuNzUlIHZzIDc5JQoKUmlzayBBbGVydHM6CkNyaXRpY2FsIFJpc2sgRGV0ZWN0ZWQg4oCU\r\nIFByb2JhYmlsaXR5IFNjb3JlOiAxLjAwIChBdCByaXNrKQpDcml0aWNhbCBSaXNrIERldGVjdGVk\r\nIOKAlCBQcm9iYWJpbGl0eSBTY29yZTogMS4wMCAoQXQgcmlzaykKQ3JpdGljYWwgUmlzayBEZXRl\r\nY3RlZCDigJQgUHJvYmFiaWxpdHkgU2NvcmU6IDEuMDAgKEF0IHJpc2spCkNyaXRpY2FsIFJpc2sg\r\nRGV0ZWN0ZWQg4oCUIFByb2JhYmlsaXR5IFNjb3JlOiAxLjAwIChBdCByaXNrKQpDcml0aWNhbCBS\r\naXNrIERldGVjdGVkIOKAlCBQcm9iYWJpbGl0eSBTY29yZTogMS4wMCAoQXQgcmlzaykKQ3JpdGlj\r\nYWwgUmlzayBEZXRlY3RlZCDigJQgUHJvYmFiaWxpdHkgU2NvcmU6IDEuMDAgKEF0IHJpc2spCkNy\r\naXRpY2FsIFJpc2sgRGV0ZWN0ZWQg4oCUIFByb2JhYmlsaXR5IFNjb3JlOiAxLjAwIChBdCByaXNr\r\nKQpDcml0aWNhbCBSaXNrIERldGVjdGVkIOKAlCBQcm9iYWJpbGl0eSBTY29yZTogMS4wMCAoQXQg\r\ncmlzaykKQ3JpdGljYWwgUmlzayBEZXRlY3RlZCDigJQgUHJvYmFiaWxpdHkgU2NvcmU6IDEuMDAg\r\nKEF0IHJpc2spCkNyaXRpY2FsIFJpc2sgRGV0ZWN0ZWQg4oCUIFByb2JhYmlsaXR5IFNjb3JlOiAx\r\nLjAwIChBdCByaXNrKQpDcml0aWNhbCBSaXNrIERldGVjdGVkIOKAlCBQcm9iYWJpbGl0eSBTY29y\r\nZTogMS4wMCAoQXQgcmlzaykKQ3JpdGljYWwgUmlzayBEZXRlY3RlZCDigJQgUHJvYmFiaWxpdHkg\r\nU2NvcmU6IDEuMDAgKEF0IHJpc2spCkNyaXRpY2FsIFJpc2sgRGV0ZWN0ZWQg4oCUIFByb2JhYmls\r\naXR5IFNjb3JlOiAxLjAwIChBdCByaXNrKQpDcml0aWNhbCBSaXNrIERldGVjdGVkIOKAlCBQcm9i\r\nYWJpbGl0eSBTY29yZTogMS4wMCAoQXQgcmlzaykKQ3JpdGljYWwgUmlzayBEZXRlY3RlZCDigJQg\r\nUHJvYmFiaWxpdHkgU2NvcmU6IDEuMDAgKEF0IHJpc2spCkNyaXRpY2FsIFJpc2sgRGV0ZWN0ZWQg\r\n4oCUIFByb2JhYmlsaXR5IFNjb3JlOiAxLjAwIChBdCByaXNrKQpDcml0aWNhbCBSaXNrIERldGVj\r\ndGVkIOKAlCBQcm9iYWJpbGl0eSBTY29yZTogMS4wMCAoQXQgcmlzaykKQ3JpdGljYWwgUmlzayBE\r\nZXRlY3RlZCDigJQgUHJvYmFiaWxpdHkgU2NvcmU6IDEuMDAgKEF0IHJpc2spCkNyaXRpY2FsIFJp\r\nc2sgRGV0ZWN0ZWQg4oCUIFByb2JhYmlsaXR5IFNjb3JlOiAxLjAwIChBdCByaXNrKQpDcml0aWNh\r\nbCBSaXNrIERldGVjdGVkIOKAlCBQcm9iYWJpbGl0eSBTY29yZTogMS4wMCAoQXQgcmlzaykKQ3Jp\r\ndGljYWwgUmlzayBEZXRlY3RlZCDigJQgUHJvYmFiaWxpdHkgU2NvcmU6IDEuMDAgKEF0IHJpc2sp\r\nCkNyaXRpY2FsIFJpc2sgRGV0ZWN0ZWQg4oCUIFByb2JhYmlsaXR5IFNjb3JlOiAxLjAwIChBdCBy\r\naXNrKQpDcml0aWNhbCBSaXNrIERldGVjdGVkIOKAlCBQcm9iYWJpbGl0eSBTY29yZTogMS4wMCAo\r\nQXQgcmlzaykKQ3JpdGljYWwgUmlzayBEZXRlY3RlZCDigJQgUHJvYmFiaWxpdHkgU2NvcmU6IDEu\r\nMDAgKEF0IHJpc2spCkNyaXRpY2FsIFJpc2sgRGV0ZWN0ZWQg4oCUIFByb2JhYmlsaXR5IFNjb3Jl\r\nOiAxLjAwIChBdCByaXNrKQpDcml0aWNhbCBSaXNrIERldGVjdGVkIOKAlCBQcm9iYWJpbGl0eSBT\r\nY29yZTogMS4wMCAoQXQgcmlzaykKQ3JpdGljYWwgUmlzayBEZXRlY3RlZCDigJQgUHJvYmFiaWxp\r\ndHkgU2NvcmU6IDEuMDAgKEF0IHJpc2spCkNyaXRpY2FsIFJpc2sgRGV0ZWN0ZWQg4oCUIFByb2Jh\r\nYmlsaXR5IFNjb3JlOiAxLjAwIChBdCByaXNrKQpDcml0aWNhbCBSaXNrIERldGVjdGVkIOKAlCBQ\r\ncm9iYWJpbGl0eSBTY29yZTogMS4wMCAoQXQgcmlzaykKQ3JpdGljYWwgUmlzayBEZXRlY3RlZCDi\r\ngJQgUHJvYmFiaWxpdHkgU2NvcmU6IDEuMDAgKEF0IHJpc2spCkNyaXRpY2FsIFJpc2sgRGV0ZWN0\r\nZWQg4oCUIFByb2JhYmlsaXR5IFNjb3JlOiAxLjAwIChBdCByaXNrKQpDcml0aWNhbCBSaXNrIERl\r\ndGVjdGVkIOKAlCBQcm9iYWJpbGl0eSBTY29yZTogMS4wMCAoQXQgcmlzaykKQ3JpdGljYWwgUmlz\r\nayBEZXRlY3RlZCDigJQgUHJvYmFiaWxpdHkgU2NvcmU6IDEuMDAgKEF0IHJpc2spCkNyaXRpY2Fs\r\nIFJpc2sgRGV0ZWN0ZWQg4oCUIFByb2JhYmlsaXR5IFNjb3JlOiAxLjAwIChBdCByaXNrKQpDcml0\r\naWNhbCBSaXNrIERldGVjdGVkIOKAlCBQcm9iYWJpbGl0eSBTY29yZTogMS4wMCAoQXQgcmlzaykK\r\nQ3JpdGljYWwgUmlzayBEZXRlY3RlZCDigJQgUHJvYmFiaWxpdHkgU2NvcmU6IDEuMDAgKEF0IHJp\r\nc2spCkNyaXRpY2FsIFJpc2sgRGV0ZWN0ZWQg4oCUIFByb2JhYmlsaXR5IFNjb3JlOiAxLjAwIChB\r\ndCByaXNrKQpDcml0aWNhbCBSaXNrIERldGVjdGVkIOKAlCBQcm9iYWJpbGl0eSBTY29yZTogMS4w\r\nMCAoQXQgcmlzaykKQ3JpdGljYWwgUmlzayBEZXRlY3RlZCDigJQgUHJvYmFiaWxpdHkgU2NvcmU6\r\nIDEuMDAgKEF0IHJpc2spCkNyaXRpY2FsIFJpc2sgRGV0ZWN0ZWQg4oCUIFByb2JhYmlsaXR5IFNj\r\nb3JlOiAxLjAwIChBdCByaXNrKQpDcml0aWNhbCBSaXNrIERldGVjdGVkIOKAlCBQcm9iYWJpbGl0\r\neSBTY29yZTogMS4wMCAoQXQgcmlzaykKQ3JpdGljYWwgUmlzayBEZXRlY3RlZCDigJQgUHJvYmFi\r\naWxpdHkgU2NvcmU6IDEuMDAgKEF0IHJpc2spCkNyaXRpY2FsIFJpc2sgRGV0ZWN0ZWQg4oCUIFBy\r\nb2JhYmlsaXR5IFNjb3JlOiAxLjAwIChBdCByaXNrKQpDcml0aWNhbCBSaXNrIERldGVjdGVkIOKA\r\nlCBQcm9iYWJpbGl0eSBTY29yZTogMS4wMCAoQXQgcmlzaykKQ3JpdGljYWwgUmlzayBEZXRlY3Rl\r\nZCDigJQgUHJvYmFiaWxpdHkgU2NvcmU6IDEuMDAgKEF0IHJpc2spCkNyaXRpY2FsIFJpc2sgRGV0\r\nZWN0ZWQg4oCUIFByb2JhYmlsaXR5IFNjb3JlOiAxLjAwIChBdCByaXNrKQpDcml0aWNhbCBSaXNr\r\nIERldGVjdGVkIOKAlCBQcm9iYWJpbGl0eSBTY29yZTogMS4wMCAoQXQgcmlzaykKQ3JpdGljYWwg\r\nUmlzayBEZXRlY3RlZCDigJQgUHJvYmFiaWxpdHkgU2NvcmU6IDEuMDAgKEF0IHJpc2spCkNyaXRp\r\nY2FsIFJpc2sgRGV0ZWN0ZWQg4oCUIFByb2JhYmlsaXR5IFNjb3JlOiAxLjAwIChBdCByaXNrKQpD\r\ncml0aWNhbCBSaXNrIERldGVjdGVkIOKAlCBQcm9iYWJpbGl0eSBTY29yZTogMS4wMCAoQXQgcmlz\r\naykKQ3JpdGljYWwgUmlzayBEZXRlY3RlZCDigJQgUHJvYmFiaWxpdHkgU2NvcmU6IDEuMDAgKEF0\r\nIHJpc2spCkNyaXRpY2FsIFJpc2sgRGV0ZWN0ZWQg4oCUIFByb2JhYmlsaXR5IFNjb3JlOiAxLjAw\r\nIChBdCByaXNrKQpDcml0aWNhbCBSaXNrIERldGVjdGVkIOKAlCBQcm9iYWJpbGl0eSBTY29yZTog\r\nMS4wMCAoQXQgcmlzaykKQ3JpdGljYWwgUmlzayBEZXRlY3RlZCDigJQgUHJvYmFiaWxpdHkgU2Nv\r\ncmU6IDEuMDAgKEF0IHJpc2spCkNyaXRpY2FsIFJpc2sgRGV0ZWN0ZWQg4oCUIFByb2JhYmlsaXR5\r\nIFNjb3JlOiAxLjAwIChBdCByaXNrKQpDcml0aWNhbCBSaXNrIERldGVjdGVkIOKAlCBQcm9iYWJp\r\nbGl0eSBTY29yZTogMS4wMCAoQXQgcmlzaykKQ3JpdGljYWwgUmlzayBEZXRlY3RlZCDigJQgUHJv\r\nYmFiaWxpdHkgU2NvcmU6IDEuMDAgKEF0IHJpc2spCkNyaXRpY2FsIFJpc2sgRGV0ZWN0ZWQg4oCU\r\nIFByb2JhYmlsaXR5IFNjb3JlOiAxLjAwIChBdCByaXNrKQpDcml0aWNhbCBSaXNrIERldGVjdGVk\r\nIOKAlCBQcm9iYWJpbGl0eSBTY29yZTogMS4wMCAoQXQgcmlzaykKQ3JpdGljYWwgUmlzayBEZXRl\r\nY3RlZCDigJQgUHJvYmFiaWxpdHkgU2NvcmU6IDEuMDAgKEF0IHJpc2spCkNyaXRpY2FsIFJpc2sg\r\nRGV0ZWN0ZWQg4oCUIFByb2JhYmlsaXR5IFNjb3JlOiAxLjAwIChBdCByaXNrKQpDcml0aWNhbCBS\r\naXNrIERldGVjdGVkIOKAlCBQcm9iYWJpbGl0eSBTY29yZTogMS4wMCAoQXQgcmlzaykKClRvcCBS\r\naXNreSBDdXN0b21lcnM6CkNvc3RjbyBXaG9sZXNhbGUgfCAwLjk5OSB8IEF0IFJpc2sKVmlqYXkg\r\nU3RvcmVzIHwgMC45OTkgfCBBdCBSaXNrClZpamF5IFN0b3JlcyB8IDAuOTk5IHwgQXQgUmlzawpD\r\nb29sYmx1ZSB8IDAuOTk5IHwgQXQgUmlzawpDb29sYmx1ZSB8IDAuOTk5IHwgQXQgUmlzaw==\r\n\r\n--===============7587852033426834646==\r\nContent-Type: text/html; charset="utf-8"\r\nMIME-Version: 1.0\r\nContent-Transfer-Encoding: base64\r\n\r\nPGh0bWw+PGJvZHk+PGgxPvCfmqggU3VwcGx5IENoYWluIEFsZXJ0IFJlcG9ydDwvaDE+PHA+RGF0\r\nZTogMjAyNS0xMC0wOSAwNzoxNCBVVEMgfCBBbGVydHM6IDE3OTwvcD48aDI+RXhlY3V0aXZlIFN1\r\nbW1hcnk8L2gyPjx0YWJsZSBib3JkZXI9JzEnIGNlbGxwYWRkaW5nPSc0JyBjZWxsc3BhY2luZz0n\r\nMCc+PHRyPjx0aD5Ub3RhbCBPcmRlcnM8L3RoPjx0aD5PVElGPC90aD48dGg+T24tVGltZTwvdGg+\r\nPHRoPkluLUZ1bGw8L3RoPjwvdHI+PHRyPjx0ZD4yOTgzNi4wPC90ZD48dGQ+NDcuNzQlPC90ZD48\r\ndGQ+NzEuMiU8L3RkPjx0ZD42NS43NyU8L3RkPjwvdHI+PC90YWJsZT48cD48aW1nIHNyYz0nY2lk\r\nOmltZzEnIGFsdD0nS1BJIENoYXJ0Jz48L3A+PGgyPkludmVudG9yeSBBbGVydHM8L2gyPjx1bD48\r\nbGk+T1ZFUlNUT0NLOiBBTSBHaGVlIDI1MCAoc3RvY2s9MzQ2NC4wKTwvbGk+PGxpPk9WRVJTVE9D\r\nSzogQU0gR2hlZSAxMDAgKHN0b2NrPTM1MDcuMCk8L2xpPjxsaT5PVkVSU1RPQ0s6IEFNIEdoZWUg\r\nMTUwIChzdG9jaz0zNTk4LjApPC9saT48bGk+T1ZFUlNUT0NLOiBBTSBUZWEgMTAwIChzdG9jaz02\r\nODY5LjApPC9saT48bGk+T1ZFUlNUT0NLOiBBTSBUZWEgMjUwIChzdG9jaz03MTM5LjApPC9saT48\r\nbGk+T1ZFUlNUT0NLOiBBTSBUZWEgNTAwIChzdG9jaz03NDUwLjApPC9saT48bGk+T1ZFUlNUT0NL\r\nOiBBTSBCaXNjdWl0cyA3NTAgKHN0b2NrPTkxNjAuMCk8L2xpPjxsaT5PVkVSU1RPQ0s6IEFNIEJp\r\nc2N1aXRzIDI1MCAoc3RvY2s9MTAwNzkuMCk8L2xpPjxsaT5PVkVSU1RPQ0s6IEFNIEJpc2N1aXRz\r\nIDUwMCAoc3RvY2s9MTA1ODAuMCk8L2xpPjxsaT5PVkVSU1RPQ0s6IEFNIEJ1dHRlciAxMDAgKHN0\r\nb2NrPTE1OTM5LjApPC9saT48bGk+T1ZFUlNUT0NLOiBBTSBDdXJkIDI1MCAoc3RvY2s9MTc4MjAu\r\nMCk8L2xpPjxsaT5PVkVSU1RPQ0s6IEFNIEJ1dHRlciAyNTAgKHN0b2NrPTE4MjY0LjApPC9saT48\r\nbGk+T1ZFUlNUT0NLOiBBTSBCdXR0ZXIgNTAwIChzdG9jaz0xODg2Ni4wKTwvbGk+PGxpPk9WRVJT\r\nVE9DSzogQU0gQ3VyZCAxMDAgKHN0b2NrPTE5NTE3LjApPC9saT48bGk+T1ZFUlNUT0NLOiBBTSBD\r\ndXJkIDUwIChzdG9jaz0yMDIyMC4wKTwvbGk+PGxpPk9WRVJTVE9DSzogQU0gTWlsayA1MDAgKHN0\r\nb2NrPTIwNzI4LjApPC9saT48bGk+T1ZFUlNUT0NLOiBBTSBNaWxrIDEwMCAoc3RvY2s9MjEzODMu\r\nMCk8L2xpPjxsaT5PVkVSU1RPQ0s6IEFNIE1pbGsgMjUwIChzdG9jaz0yMzkxNi4wKTwvbGk+PC91\r\nbD48cD48aW1nIHNyYz0nY2lkOmltZzInIGFsdD0nSW52ZW50b3J5IENoYXJ0Jz48L3A+PGgyPktQ\r\nSSBBbGVydHM8L2gyPjx1bD48bGk+T1RJRiBiZWxvdyB0YXJnZXQ6IDYyLjEyJSB2cyA2OSU8L2xp\r\nPjxsaT5Pbi1UaW1lIGJlbG93IHRhcmdldDogODMuOTYlIHZzIDg2JTwvbGk+PGxpPkluLUZ1bGwg\r\nYmVsb3cgdGFyZ2V0OiA3NC4yOSUgdnMgODAlPC9saT48bGk+T1RJRiBiZWxvdyB0YXJnZXQ6IDYx\r\nLjYzJSB2cyA3NCU8L2xpPjxsaT5Pbi1UaW1lIGJlbG93IHRhcmdldDogODIuOTclIHZzIDkxJTwv\r\nbGk+PGxpPkluLUZ1bGwgYmVsb3cgdGFyZ2V0OiA3NC40NiUgdnMgODElPC9saT48bGk+T1RJRiBi\r\nZWxvdyB0YXJnZXQ6IDY2LjA4JSB2cyA2OSU8L2xpPjxsaT5Pbi1UaW1lIGJlbG93IHRhcmdldDog\r\nODYuNjklIHZzIDkxJTwvbGk+PGxpPkluLUZ1bGwgYmVsb3cgdGFyZ2V0OiA3NS43NCUgdnMgNzYl\r\nPC9saT48bGk+T1RJRiBiZWxvdyB0YXJnZXQ6IDY1LjUzJSB2cyA2NiU8L2xpPjxsaT5Jbi1GdWxs\r\nIGJlbG93IHRhcmdldDogNzUuNjclIHZzIDc4JTwvbGk+PGxpPk9USUYgYmVsb3cgdGFyZ2V0OiA2\r\nLjMzJSB2cyA1MSU8L2xpPjxsaT5Pbi1UaW1lIGJlbG93IHRhcmdldDogMjkuMjclIHZzIDc1JTwv\r\nbGk+PGxpPkluLUZ1bGwgYmVsb3cgdGFyZ2V0OiAyNy44NCUgdnMgNjglPC9saT48bGk+T1RJRiBi\r\nZWxvdyB0YXJnZXQ6IDYxLjY5JSB2cyA3MSU8L2xpPjxsaT5Pbi1UaW1lIGJlbG93IHRhcmdldDog\r\nODQuNDElIHZzIDkwJTwvbGk+PGxpPkluLUZ1bGwgYmVsb3cgdGFyZ2V0OiA3Mi4wNSUgdnMgNzkl\r\nPC9saT48bGk+T1RJRiBiZWxvdyB0YXJnZXQ6IDY2LjE1JSB2cyA2OSU8L2xpPjxsaT5Pbi1UaW1l\r\nIGJlbG93IHRhcmdldDogODQuMjElIHZzIDg4JTwvbGk+PGxpPk9USUYgYmVsb3cgdGFyZ2V0OiA4\r\nLjM1JSB2cyA1MSU8L2xpPjxsaT5Pbi1UaW1lIGJlbG93IHRhcmdldDogMjUuNzklIHZzIDc4JTwv\r\nbGk+PGxpPkluLUZ1bGwgYmVsb3cgdGFyZ2V0OiAzMC43NSUgdnMgNjYlPC9saT48bGk+T1RJRiBi\r\nZWxvdyB0YXJnZXQ6IDYyLjklIHZzIDc0JTwvbGk+PGxpPk9uLVRpbWUgYmVsb3cgdGFyZ2V0OiA4\r\nNS43NyUgdnMgOTIlPC9saT48bGk+SW4tRnVsbCBiZWxvdyB0YXJnZXQ6IDcyLjc1JSB2cyA4MCU8\r\nL2xpPjxsaT5PVElGIGJlbG93IHRhcmdldDogNjYuODYlIHZzIDczJTwvbGk+PGxpPk9uLVRpbWUg\r\nYmVsb3cgdGFyZ2V0OiA4NS45OSUgdnMgOTAlPC9saT48bGk+SW4tRnVsbCBiZWxvdyB0YXJnZXQ6\r\nIDc3LjExJSB2cyA4MSU8L2xpPjxsaT5PVElGIGJlbG93IHRhcmdldDogMjEuMjYlIHZzIDYwJTwv\r\nbGk+PGxpPk9uLVRpbWUgYmVsb3cgdGFyZ2V0OiAzMC4yOSUgdnMgNzglPC9saT48bGk+SW4tRnVs\r\nbCBiZWxvdyB0YXJnZXQ6IDcyLjA5JSB2cyA3NyU8L2xpPjxsaT5Jbi1GdWxsIGJlbG93IHRhcmdl\r\ndDogNzguMjMlIHZzIDc5JTwvbGk+PGxpPk9USUYgYmVsb3cgdGFyZ2V0OiA2Ni40OCUgdnMgNzEl\r\nPC9saT48bGk+T24tVGltZSBiZWxvdyB0YXJnZXQ6IDg2LjU3JSB2cyA4OSU8L2xpPjxsaT5Jbi1G\r\ndWxsIGJlbG93IHRhcmdldDogNzYuMTIlIHZzIDgwJTwvbGk+PGxpPk9USUYgYmVsb3cgdGFyZ2V0\r\nOiAyNC44JSB2cyA2MiU8L2xpPjxsaT5Pbi1UaW1lIGJlbG93IHRhcmdldDogODYuMjElIHZzIDky\r\nJTwvbGk+PGxpPkluLUZ1bGwgYmVsb3cgdGFyZ2V0OiAyOC43NCUgdnMgNjclPC9saT48bGk+T1RJ\r\nRiBiZWxvdyB0YXJnZXQ6IDYyLjY3JSB2cyA3MSU8L2xpPjxsaT5Pbi1UaW1lIGJlbG93IHRhcmdl\r\ndDogODIuMCUgdnMgODYlPC9saT48bGk+SW4tRnVsbCBiZWxvdyB0YXJnZXQ6IDc2Ljc4JSB2cyA4\r\nMiU8L2xpPjxsaT5PVElGIGJlbG93IHRhcmdldDogNjQuNDYlIHZzIDY5JTwvbGk+PGxpPk9uLVRp\r\nbWUgYmVsb3cgdGFyZ2V0OiA4My4yMSUgdnMgOTIlPC9saT48bGk+T1RJRiBiZWxvdyB0YXJnZXQ6\r\nIDYwLjU5JSB2cyA2OSU8L2xpPjxsaT5Jbi1GdWxsIGJlbG93IHRhcmdldDogNzAuNzIlIHZzIDgx\r\nJTwvbGk+PGxpPk9USUYgYmVsb3cgdGFyZ2V0OiAxOC42NCUgdnMgNTklPC9saT48bGk+T24tVGlt\r\nZSBiZWxvdyB0YXJnZXQ6IDIzLjklIHZzIDc1JTwvbGk+PGxpPkluLUZ1bGwgYmVsb3cgdGFyZ2V0\r\nOiA3NS41NSUgdnMgNzklPC9saT48bGk+T1RJRiBiZWxvdyB0YXJnZXQ6IDE4LjI1JSB2cyA2MiU8\r\nL2xpPjxsaT5Pbi1UaW1lIGJlbG93IHRhcmdldDogMjYuMzIlIHZzIDc4JTwvbGk+PGxpPkluLUZ1\r\nbGwgYmVsb3cgdGFyZ2V0OiA3Mi44NyUgdnMgNzklPC9saT48bGk+T1RJRiBiZWxvdyB0YXJnZXQ6\r\nIDIwLjElIHZzIDY0JTwvbGk+PGxpPk9uLVRpbWUgYmVsb3cgdGFyZ2V0OiAyNy4zNyUgdnMgNzkl\r\nPC9saT48bGk+SW4tRnVsbCBiZWxvdyB0YXJnZXQ6IDc2LjA4JSB2cyA4MSU8L2xpPjxsaT5PVElG\r\nIGJlbG93IHRhcmdldDogNjIuNzMlIHZzIDcwJTwvbGk+PGxpPk9uLVRpbWUgYmVsb3cgdGFyZ2V0\r\nOiA4NC4xMSUgdnMgODclPC9saT48bGk+SW4tRnVsbCBiZWxvdyB0YXJnZXQ6IDc2LjA1JSB2cyA4\r\nMSU8L2xpPjxsaT5PVElGIGJlbG93IHRhcmdldDogMjYuNjYlIHZzIDU5JTwvbGk+PGxpPk9uLVRp\r\nbWUgYmVsb3cgdGFyZ2V0OiA4My41MyUgdnMgODklPC9saT48bGk+SW4tRnVsbCBiZWxvdyB0YXJn\r\nZXQ6IDMxLjA0JSB2cyA2NiU8L2xpPjxsaT5PVElGIGJlbG93IHRhcmdldDogNjAuMDUlIHZzIDcw\r\nJTwvbGk+PGxpPk9uLVRpbWUgYmVsb3cgdGFyZ2V0OiA4Mi4wNyUgdnMgOTIlPC9saT48bGk+SW4t\r\nRnVsbCBiZWxvdyB0YXJnZXQ6IDczLjM3JSB2cyA3NiU8L2xpPjxsaT5PVElGIGJlbG93IHRhcmdl\r\ndDogMjYuNzklIHZzIDYwJTwvbGk+PGxpPk9uLVRpbWUgYmVsb3cgdGFyZ2V0OiA4NC44NCUgdnMg\r\nOTIlPC9saT48bGk+SW4tRnVsbCBiZWxvdyB0YXJnZXQ6IDMwLjY3JSB2cyA2NSU8L2xpPjxsaT5P\r\nVElGIGJlbG93IHRhcmdldDogNjMuMzklIHZzIDc1JTwvbGk+PGxpPk9uLVRpbWUgYmVsb3cgdGFy\r\nZ2V0OiA4My43MiUgdnMgOTIlPC9saT48bGk+SW4tRnVsbCBiZWxvdyB0YXJnZXQ6IDc3LjQ4JSB2\r\ncyA4MSU8L2xpPjxsaT5PVElGIGJlbG93IHRhcmdldDogNTguNzIlIHZzIDczJTwvbGk+PGxpPk9u\r\nLVRpbWUgYmVsb3cgdGFyZ2V0OiA4MS44OSUgdnMgOTAlPC9saT48bGk+SW4tRnVsbCBiZWxvdyB0\r\nYXJnZXQ6IDczLjAlIHZzIDgxJTwvbGk+PGxpPk9USUYgYmVsb3cgdGFyZ2V0OiAyNC4wJSB2cyA2\r\nMiU8L2xpPjxsaT5Pbi1UaW1lIGJlbG93IHRhcmdldDogODMuNjUlIHZzIDkyJTwvbGk+PGxpPklu\r\nLUZ1bGwgYmVsb3cgdGFyZ2V0OiAyOS44OCUgdnMgNjclPC9saT48bGk+T1RJRiBiZWxvdyB0YXJn\r\nZXQ6IDU2Ljk5JSB2cyA2OSU8L2xpPjxsaT5Pbi1UaW1lIGJlbG93IHRhcmdldDogODEuNTIlIHZz\r\nIDg5JTwvbGk+PGxpPkluLUZ1bGwgYmVsb3cgdGFyZ2V0OiA3Mi42MSUgdnMgNzglPC9saT48bGk+\r\nT1RJRiBiZWxvdyB0YXJnZXQ6IDYxLjYzJSB2cyA2NiU8L2xpPjxsaT5Pbi1UaW1lIGJlbG93IHRh\r\ncmdldDogODEuNyUgdnMgODYlPC9saT48bGk+SW4tRnVsbCBiZWxvdyB0YXJnZXQ6IDc1LjIxJSB2\r\ncyA3NyU8L2xpPjxsaT5PVElGIGJlbG93IHRhcmdldDogNy4wMiUgdnMgNDklPC9saT48bGk+T24t\r\nVGltZSBiZWxvdyB0YXJnZXQ6IDI0LjY5JSB2cyA3NiU8L2xpPjxsaT5Jbi1GdWxsIGJlbG93IHRh\r\ncmdldDogMjguNDMlIHZzIDY1JTwvbGk+PGxpPk9USUYgYmVsb3cgdGFyZ2V0OiA2My4zNiUgdnMg\r\nNzAlPC9saT48bGk+T24tVGltZSBiZWxvdyB0YXJnZXQ6IDg2LjU4JSB2cyA4NyU8L2xpPjxsaT5J\r\nbi1GdWxsIGJlbG93IHRhcmdldDogNzMuNzUlIHZzIDgxJTwvbGk+PGxpPk9USUYgYmVsb3cgdGFy\r\nZ2V0OiA2MS4xNCUgdnMgNjglPC9saT48bGk+T24tVGltZSBiZWxvdyB0YXJnZXQ6IDgyLjM2JSB2\r\ncyA4NSU8L2xpPjxsaT5Jbi1GdWxsIGJlbG93IHRhcmdldDogNzMuNjYlIHZzIDgwJTwvbGk+PGxp\r\nPk9USUYgYmVsb3cgdGFyZ2V0OiA2Mi41OSUgdnMgNjclPC9saT48bGk+T24tVGltZSBiZWxvdyB0\r\nYXJnZXQ6IDgzLjA5JSB2cyA4OSU8L2xpPjxsaT5Jbi1GdWxsIGJlbG93IHRhcmdldDogNzQuODEl\r\nIHZzIDc1JTwvbGk+PGxpPk9USUYgYmVsb3cgdGFyZ2V0OiA2Mi42NiUgdnMgNjclPC9saT48bGk+\r\nT24tVGltZSBiZWxvdyB0YXJnZXQ6IDgzLjU1JSB2cyA4NSU8L2xpPjxsaT5Jbi1GdWxsIGJlbG93\r\nIHRhcmdldDogNzQuNjglIHZzIDc5JTwvbGk+PGxpPk9USUYgYmVsb3cgdGFyZ2V0OiAxNy4xNCUg\r\ndnMgNjAlPC9saT48bGk+T24tVGltZSBiZWxvdyB0YXJnZXQ6IDI1LjAzJSB2cyA3NiU8L2xpPjxs\r\naT5Jbi1GdWxsIGJlbG93IHRhcmdldDogNzIuNzUlIHZzIDc5JTwvbGk+PC91bD48aDI+UmlzayBB\r\nbGVydHM8L2gyPjx1bD48bGk+Q3JpdGljYWwgUmlzayBEZXRlY3RlZCDigJQgUHJvYmFiaWxpdHkg\r\nU2NvcmU6IDEuMDAgKEF0IHJpc2spPC9saT48bGk+Q3JpdGljYWwgUmlzayBEZXRlY3RlZCDigJQg\r\nUHJvYmFiaWxpdHkgU2NvcmU6IDEuMDAgKEF0IHJpc2spPC9saT48bGk+Q3JpdGljYWwgUmlzayBE\r\nZXRlY3RlZCDigJQgUHJvYmFiaWxpdHkgU2NvcmU6IDEuMDAgKEF0IHJpc2spPC9saT48bGk+Q3Jp\r\ndGljYWwgUmlzayBEZXRlY3RlZCDigJQgUHJvYmFiaWxpdHkgU2NvcmU6IDEuMDAgKEF0IHJpc2sp\r\nPC9saT48bGk+Q3JpdGljYWwgUmlzayBEZXRlY3RlZCDigJQgUHJvYmFiaWxpdHkgU2NvcmU6IDEu\r\nMDAgKEF0IHJpc2spPC9saT48bGk+Q3JpdGljYWwgUmlzayBEZXRlY3RlZCDigJQgUHJvYmFiaWxp\r\ndHkgU2NvcmU6IDEuMDAgKEF0IHJpc2spPC9saT48bGk+Q3JpdGljYWwgUmlzayBEZXRlY3RlZCDi\r\ngJQgUHJvYmFiaWxpdHkgU2NvcmU6IDEuMDAgKEF0IHJpc2spPC9saT48bGk+Q3JpdGljYWwgUmlz\r\nayBEZXRlY3RlZCDigJQgUHJvYmFiaWxpdHkgU2NvcmU6IDEuMDAgKEF0IHJpc2spPC9saT48bGk+\r\nQ3JpdGljYWwgUmlzayBEZXRlY3RlZCDigJQgUHJvYmFiaWxpdHkgU2NvcmU6IDEuMDAgKEF0IHJp\r\nc2spPC9saT48bGk+Q3JpdGljYWwgUmlzayBEZXRlY3RlZCDigJQgUHJvYmFiaWxpdHkgU2NvcmU6\r\nIDEuMDAgKEF0IHJpc2spPC9saT48bGk+Q3JpdGljYWwgUmlzayBEZXRlY3RlZCDigJQgUHJvYmFi\r\naWxpdHkgU2NvcmU6IDEuMDAgKEF0IHJpc2spPC9saT48bGk+Q3JpdGljYWwgUmlzayBEZXRlY3Rl\r\nZCDigJQgUHJvYmFiaWxpdHkgU2NvcmU6IDEuMDAgKEF0IHJpc2spPC9saT48bGk+Q3JpdGljYWwg\r\nUmlzayBEZXRlY3RlZCDigJQgUHJvYmFiaWxpdHkgU2NvcmU6IDEuMDAgKEF0IHJpc2spPC9saT48\r\nbGk+Q3JpdGljYWwgUmlzayBEZXRlY3RlZCDigJQgUHJvYmFiaWxpdHkgU2NvcmU6IDEuMDAgKEF0\r\nIHJpc2spPC9saT48bGk+Q3JpdGljYWwgUmlzayBEZXRlY3RlZCDigJQgUHJvYmFiaWxpdHkgU2Nv\r\ncmU6IDEuMDAgKEF0IHJpc2spPC9saT48bGk+Q3JpdGljYWwgUmlzayBEZXRlY3RlZCDigJQgUHJv\r\nYmFiaWxpdHkgU2NvcmU6IDEuMDAgKEF0IHJpc2spPC9saT48bGk+Q3JpdGljYWwgUmlzayBEZXRl\r\nY3RlZCDigJQgUHJvYmFiaWxpdHkgU2NvcmU6IDEuMDAgKEF0IHJpc2spPC9saT48bGk+Q3JpdGlj\r\nYWwgUmlzayBEZXRlY3RlZCDigJQgUHJvYmFiaWxpdHkgU2NvcmU6IDEuMDAgKEF0IHJpc2spPC9s\r\naT48bGk+Q3JpdGljYWwgUmlzayBEZXRlY3RlZCDigJQgUHJvYmFiaWxpdHkgU2NvcmU6IDEuMDAg\r\nKEF0IHJpc2spPC9saT48bGk+Q3JpdGljYWwgUmlzayBEZXRlY3RlZCDigJQgUHJvYmFiaWxpdHkg\r\nU2NvcmU6IDEuMDAgKEF0IHJpc2spPC9saT48bGk+Q3JpdGljYWwgUmlzayBEZXRlY3RlZCDigJQg\r\nUHJvYmFiaWxpdHkgU2NvcmU6IDEuMDAgKEF0IHJpc2spPC9saT48bGk+Q3JpdGljYWwgUmlzayBE\r\nZXRlY3RlZCDigJQgUHJvYmFiaWxpdHkgU2NvcmU6IDEuMDAgKEF0IHJpc2spPC9saT48bGk+Q3Jp\r\ndGljYWwgUmlzayBEZXRlY3RlZCDigJQgUHJvYmFiaWxpdHkgU2NvcmU6IDEuMDAgKEF0IHJpc2sp\r\nPC9saT48bGk+Q3JpdGljYWwgUmlzayBEZXRlY3RlZCDigJQgUHJvYmFiaWxpdHkgU2NvcmU6IDEu\r\nMDAgKEF0IHJpc2spPC9saT48bGk+Q3JpdGljYWwgUmlzayBEZXRlY3RlZCDigJQgUHJvYmFiaWxp\r\ndHkgU2NvcmU6IDEuMDAgKEF0IHJpc2spPC9saT48bGk+Q3JpdGljYWwgUmlzayBEZXRlY3RlZCDi\r\ngJQgUHJvYmFiaWxpdHkgU2NvcmU6IDEuMDAgKEF0IHJpc2spPC9saT48bGk+Q3JpdGljYWwgUmlz\r\nayBEZXRlY3RlZCDigJQgUHJvYmFiaWxpdHkgU2NvcmU6IDEuMDAgKEF0IHJpc2spPC9saT48bGk+\r\nQ3JpdGljYWwgUmlzayBEZXRlY3RlZCDigJQgUHJvYmFiaWxpdHkgU2NvcmU6IDEuMDAgKEF0IHJp\r\nc2spPC9saT48bGk+Q3JpdGljYWwgUmlzayBEZXRlY3RlZCDigJQgUHJvYmFiaWxpdHkgU2NvcmU6\r\nIDEuMDAgKEF0IHJpc2spPC9saT48bGk+Q3JpdGljYWwgUmlzayBEZXRlY3RlZCDigJQgUHJvYmFi\r\naWxpdHkgU2NvcmU6IDEuMDAgKEF0IHJpc2spPC9saT48bGk+Q3JpdGljYWwgUmlzayBEZXRlY3Rl\r\nZCDigJQgUHJvYmFiaWxpdHkgU2NvcmU6IDEuMDAgKEF0IHJpc2spPC9saT48bGk+Q3JpdGljYWwg\r\nUmlzayBEZXRlY3RlZCDigJQgUHJvYmFiaWxpdHkgU2NvcmU6IDEuMDAgKEF0IHJpc2spPC9saT48\r\nbGk+Q3JpdGljYWwgUmlzayBEZXRlY3RlZCDigJQgUHJvYmFiaWxpdHkgU2NvcmU6IDEuMDAgKEF0\r\nIHJpc2spPC9saT48bGk+Q3JpdGljYWwgUmlzayBEZXRlY3RlZCDigJQgUHJvYmFiaWxpdHkgU2Nv\r\ncmU6IDEuMDAgKEF0IHJpc2spPC9saT48bGk+Q3JpdGljYWwgUmlzayBEZXRlY3RlZCDigJQgUHJv\r\nYmFiaWxpdHkgU2NvcmU6IDEuMDAgKEF0IHJpc2spPC9saT48bGk+Q3JpdGljYWwgUmlzayBEZXRl\r\nY3RlZCDigJQgUHJvYmFiaWxpdHkgU2NvcmU6IDEuMDAgKEF0IHJpc2spPC9saT48bGk+Q3JpdGlj\r\nYWwgUmlzayBEZXRlY3RlZCDigJQgUHJvYmFiaWxpdHkgU2NvcmU6IDEuMDAgKEF0IHJpc2spPC9s\r\naT48bGk+Q3JpdGljYWwgUmlzayBEZXRlY3RlZCDigJQgUHJvYmFiaWxpdHkgU2NvcmU6IDEuMDAg\r\nKEF0IHJpc2spPC9saT48bGk+Q3JpdGljYWwgUmlzayBEZXRlY3RlZCDigJQgUHJvYmFiaWxpdHkg\r\nU2NvcmU6IDEuMDAgKEF0IHJpc2spPC9saT48bGk+Q3JpdGljYWwgUmlzayBEZXRlY3RlZCDigJQg\r\nUHJvYmFiaWxpdHkgU2NvcmU6IDEuMDAgKEF0IHJpc2spPC9saT48bGk+Q3JpdGljYWwgUmlzayBE\r\nZXRlY3RlZCDigJQgUHJvYmFiaWxpdHkgU2NvcmU6IDEuMDAgKEF0IHJpc2spPC9saT48bGk+Q3Jp\r\ndGljYWwgUmlzayBEZXRlY3RlZCDigJQgUHJvYmFiaWxpdHkgU2NvcmU6IDEuMDAgKEF0IHJpc2sp\r\nPC9saT48bGk+Q3JpdGljYWwgUmlzayBEZXRlY3RlZCDigJQgUHJvYmFiaWxpdHkgU2NvcmU6IDEu\r\nMDAgKEF0IHJpc2spPC9saT48bGk+Q3JpdGljYWwgUmlzayBEZXRlY3RlZCDigJQgUHJvYmFiaWxp\r\ndHkgU2NvcmU6IDEuMDAgKEF0IHJpc2spPC9saT48bGk+Q3JpdGljYWwgUmlzayBEZXRlY3RlZCDi\r\ngJQgUHJvYmFiaWxpdHkgU2NvcmU6IDEuMDAgKEF0IHJpc2spPC9saT48bGk+Q3JpdGljYWwgUmlz\r\nayBEZXRlY3RlZCDigJQgUHJvYmFiaWxpdHkgU2NvcmU6IDEuMDAgKEF0IHJpc2spPC9saT48bGk+\r\nQ3JpdGljYWwgUmlzayBEZXRlY3RlZCDigJQgUHJvYmFiaWxpdHkgU2NvcmU6IDEuMDAgKEF0IHJp\r\nc2spPC9saT48bGk+Q3JpdGljYWwgUmlzayBEZXRlY3RlZCDigJQgUHJvYmFiaWxpdHkgU2NvcmU6\r\nIDEuMDAgKEF0IHJpc2spPC9saT48bGk+Q3JpdGljYWwgUmlzayBEZXRlY3RlZCDigJQgUHJvYmFi\r\naWxpdHkgU2NvcmU6IDEuMDAgKEF0IHJpc2spPC9saT48bGk+Q3JpdGljYWwgUmlzayBEZXRlY3Rl\r\nZCDigJQgUHJvYmFiaWxpdHkgU2NvcmU6IDEuMDAgKEF0IHJpc2spPC9saT48bGk+Q3JpdGljYWwg\r\nUmlzayBEZXRlY3RlZCDigJQgUHJvYmFiaWxpdHkgU2NvcmU6IDEuMDAgKEF0IHJpc2spPC9saT48\r\nbGk+Q3JpdGljYWwgUmlzayBEZXRlY3RlZCDigJQgUHJvYmFiaWxpdHkgU2NvcmU6IDEuMDAgKEF0\r\nIHJpc2spPC9saT48bGk+Q3JpdGljYWwgUmlzayBEZXRlY3RlZCDigJQgUHJvYmFiaWxpdHkgU2Nv\r\ncmU6IDEuMDAgKEF0IHJpc2spPC9saT48bGk+Q3JpdGljYWwgUmlzayBEZXRlY3RlZCDigJQgUHJv\r\nYmFiaWxpdHkgU2NvcmU6IDEuMDAgKEF0IHJpc2spPC9saT48bGk+Q3JpdGljYWwgUmlzayBEZXRl\r\nY3RlZCDigJQgUHJvYmFiaWxpdHkgU2NvcmU6IDEuMDAgKEF0IHJpc2spPC9saT48bGk+Q3JpdGlj\r\nYWwgUmlzayBEZXRlY3RlZCDigJQgUHJvYmFiaWxpdHkgU2NvcmU6IDEuMDAgKEF0IHJpc2spPC9s\r\naT48bGk+Q3JpdGljYWwgUmlzayBEZXRlY3RlZCDigJQgUHJvYmFiaWxpdHkgU2NvcmU6IDEuMDAg\r\nKEF0IHJpc2spPC9saT48bGk+Q3JpdGljYWwgUmlzayBEZXRlY3RlZCDigJQgUHJvYmFiaWxpdHkg\r\nU2NvcmU6IDEuMDAgKEF0IHJpc2spPC9saT48bGk+Q3JpdGljYWwgUmlzayBEZXRlY3RlZCDigJQg\r\nUHJvYmFiaWxpdHkgU2NvcmU6IDEuMDAgKEF0IHJpc2spPC9saT48bGk+Q3JpdGljYWwgUmlzayBE\r\nZXRlY3RlZCDigJQgUHJvYmFiaWxpdHkgU2NvcmU6IDEuMDAgKEF0IHJpc2spPC9saT48bGk+Q3Jp\r\ndGljYWwgUmlzayBEZXRlY3RlZCDigJQgUHJvYmFiaWxpdHkgU2NvcmU6IDEuMDAgKEF0IHJpc2sp\r\nPC9saT48bGk+Q3JpdGljYWwgUmlzayBEZXRlY3RlZCDigJQgUHJvYmFiaWxpdHkgU2NvcmU6IDEu\r\nMDAgKEF0IHJpc2spPC9saT48L3VsPjxoMz5Ub3AgUmlza3kgQ3VzdG9tZXJzPC9oMz48dGFibGUg\r\nYm9yZGVyPScxJyBjZWxscGFkZGluZz0nNCcgY2VsbHNwYWNpbmc9JzAnPjx0cj48dGg+Q3VzdG9t\r\nZXI8L3RoPjx0aD5SaXNrIFNjb3JlPC90aD48dGg+TGFiZWw8L3RoPjwvdHI+PHRyPjx0ZD5Db3N0\r\nY28gV2hvbGVzYWxlPC90ZD48dGQ+MC45OTk8L3RkPjx0ZD5BdCBSaXNrPC90ZD48L3RyPjx0cj48\r\ndGQ+VmlqYXkgU3RvcmVzPC90ZD48dGQ+MC45OTk8L3RkPjx0ZD5BdCBSaXNrPC90ZD48L3RyPjx0\r\ncj48dGQ+VmlqYXkgU3RvcmVzPC90ZD48dGQ+MC45OTk8L3RkPjx0ZD5BdCBSaXNrPC90ZD48L3Ry\r\nPjx0cj48dGQ+Q29vbGJsdWU8L3RkPjx0ZD4wLjk5OTwvdGQ+PHRkPkF0IFJpc2s8L3RkPjwvdHI+\r\nPHRyPjx0ZD5Db29sYmx1ZTwvdGQ+PHRkPjAuOTk5PC90ZD48dGQ+QXQgUmlzazwvdGQ+PC90cj48\r\nL3RhYmxlPjwvYm9keT48L2h0bWw+\r\n\r\n--===============7587852033426834646==--\r\n\r\n--===============5081907346034957110==--\r\n.\r\n'
[2025-10-09T07:14:57.654+0000] {process_utils.py:191} INFO - reply: b'250 2.0.0 OK  1759994097 d9443c01a7336-29034e1cc8bsm18703875ad.38 - gsmtp\r\n'
[2025-10-09T07:14:57.656+0000] {process_utils.py:191} INFO - reply: retcode (250); Msg: b'2.0.0 OK  1759994097 d9443c01a7336-29034e1cc8bsm18703875ad.38 - gsmtp'
[2025-10-09T07:14:57.658+0000] {process_utils.py:191} INFO - data: (250, b'2.0.0 OK  1759994097 d9443c01a7336-29034e1cc8bsm18703875ad.38 - gsmtp')
[2025-10-09T07:14:57.659+0000] {process_utils.py:191} INFO - send: 'QUIT\r\n'
[2025-10-09T07:14:57.962+0000] {process_utils.py:191} INFO - reply: b'221 2.0.0 closing connection d9443c01a7336-29034e1cc8bsm18703875ad.38 - gsmtp\r\n'
[2025-10-09T07:14:57.966+0000] {process_utils.py:191} INFO - reply: retcode (221); Msg: b'2.0.0 closing connection d9443c01a7336-29034e1cc8bsm18703875ad.38 - gsmtp'
[2025-10-09T07:14:57.968+0000] {process_utils.py:191} INFO - INFO - Email sent successfully to peralarajashekhar2004@gmail.com
[2025-10-09T07:14:57.970+0000] {process_utils.py:191} INFO - INFO - Processed 179 alerts.
[2025-10-09T07:15:00.363+0000] {python.py:237} INFO - Done. Returned value was: None
[2025-10-09T07:15:00.364+0000] {taskinstance.py:441} INFO - ::group::Post task execution logs
[2025-10-09T07:15:00.395+0000] {taskinstance.py:1206} INFO - Marking task as SUCCESS. dag_id=supplychain_pipeline_dag, task_id=analytics_alerts_group.alerts, run_id=scheduled__2025-10-09T06:30:00+00:00, execution_date=20251009T063000, start_date=20251009T071252, end_date=20251009T071500
[2025-10-09T07:15:00.517+0000] {local_task_job_runner.py:240} INFO - Task exited with return code 0
[2025-10-09T07:15:00.571+0000] {taskinstance.py:3503} INFO - 0 downstream tasks scheduled from follow-on schedule check
[2025-10-09T07:15:00.584+0000] {local_task_job_runner.py:222} INFO - ::endgroup::
