[2025-10-06T15:49:26.922+0000] {local_task_job_runner.py:120} INFO - ::group::Pre task execution logs
[2025-10-06T15:49:26.961+0000] {taskinstance.py:2076} INFO - Dependencies all met for dep_context=non-requeueable deps ti=<TaskInstance: supplychain_pipeline_dag.analytics_alerts_group.analytics manual__2025-10-06T15:49:10.116265+00:00 [queued]>
[2025-10-06T15:49:26.986+0000] {taskinstance.py:2076} INFO - Dependencies all met for dep_context=requeueable deps ti=<TaskInstance: supplychain_pipeline_dag.analytics_alerts_group.analytics manual__2025-10-06T15:49:10.116265+00:00 [queued]>
[2025-10-06T15:49:26.987+0000] {taskinstance.py:2306} INFO - Starting attempt 1 of 4
[2025-10-06T15:49:27.027+0000] {taskinstance.py:2330} INFO - Executing <Task(PythonOperator): analytics_alerts_group.analytics> on 2025-10-06 15:49:10.116265+00:00
[2025-10-06T15:49:27.068+0000] {standard_task_runner.py:90} INFO - Running: ['***', 'tasks', 'run', 'supplychain_pipeline_dag', 'analytics_alerts_group.analytics', 'manual__2025-10-06T15:49:10.116265+00:00', '--job-id', '55', '--raw', '--subdir', 'DAGS_FOLDER/supplychain_pipeline_dag.py', '--cfg-path', '/tmp/tmphsjark2v']
[2025-10-06T15:49:27.080+0000] {standard_task_runner.py:91} INFO - Job 55: Subtask analytics_alerts_group.analytics
[2025-10-06T15:49:27.090+0000] {logging_mixin.py:188} WARNING - /home/***/.local/lib/python3.12/site-packages/***/task/task_runner/standard_task_runner.py:61 DeprecationWarning: This process (pid=942) is multi-threaded, use of fork() may lead to deadlocks in the child.
[2025-10-06T15:49:27.092+0000] {standard_task_runner.py:63} INFO - Started process 960 to run task
[2025-10-06T15:49:27.231+0000] {task_command.py:426} INFO - Running <TaskInstance: supplychain_pipeline_dag.analytics_alerts_group.analytics manual__2025-10-06T15:49:10.116265+00:00 [running]> on host 843049cc59c8
[2025-10-06T15:49:27.448+0000] {taskinstance.py:2648} INFO - Exporting env vars: AIRFLOW_CTX_DAG_OWNER='***' AIRFLOW_CTX_DAG_ID='supplychain_pipeline_dag' AIRFLOW_CTX_TASK_ID='analytics_alerts_group.analytics' AIRFLOW_CTX_EXECUTION_DATE='2025-10-06T15:49:10.116265+00:00' AIRFLOW_CTX_TRY_NUMBER='1' AIRFLOW_CTX_DAG_RUN_ID='manual__2025-10-06T15:49:10.116265+00:00'
[2025-10-06T15:49:27.451+0000] {taskinstance.py:430} INFO - ::endgroup::
[2025-10-06T15:49:27.480+0000] {pipeline.py:12} INFO - Starting analytics pipeline
[2025-10-06T15:49:27.483+0000] {config.py:75} INFO - Settings loaded (env=default)
[2025-10-06T15:49:27.553+0000] {pipeline.py:17} INFO - Running Customer KPI Risk Predictions
[2025-10-06T15:49:27.554+0000] {customer_risk.py:219} INFO - Starting Customer KPI Risk Pipeline...
[2025-10-06T15:49:27.555+0000] {customer_risk.py:51} INFO - Calculating real OTIF % from last 180 days of order data...
[2025-10-06T15:49:30.698+0000] {_client.py:1025} INFO - HTTP Request: GET https://ytuiqgrpbwdxrmbzssrb.supabase.co/rest/v1/fact_order_line?select=customer_id%2Corder_placement_date%2C%22On+Time%22%2C%22In+Full%22%2C%22On+Time+In+Full%22&order_placement_date=gte.2025-04-09 "HTTP/2 200 OK"
[2025-10-06T15:49:31.166+0000] {_client.py:1025} INFO - HTTP Request: GET https://ytuiqgrpbwdxrmbzssrb.supabase.co/rest/v1/dim_targets_order?select=%2A "HTTP/2 200 OK"
[2025-10-06T15:49:31.443+0000] {_client.py:1025} INFO - HTTP Request: GET https://ytuiqgrpbwdxrmbzssrb.supabase.co/rest/v1/dim_customers?select=customer_id%2Ccity "HTTP/2 200 OK"
[2025-10-06T15:49:31.452+0000] {customer_risk.py:122} INFO - Calculated OTIF, trends, and time-based features for 35 customers.
[2025-10-06T15:49:31.454+0000] {customer_risk.py:129} INFO - Preparing dataset with engineered features...
[2025-10-06T15:49:31.464+0000] {customer_risk.py:161} INFO - Dataset prepared with 35 rows and features: ['otif_pct', 'on_time_pct', 'in_full_pct', 'total_orders', 'target_otif', 'target_ontime', 'target_infull', 'recent_otif_trend', 'city_encoded', 'avg_days_since_last_order', 'avg_order_day_of_week', 'avg_order_month']
[2025-10-06T15:49:31.465+0000] {customer_risk.py:168} INFO - Generating predictions...
[2025-10-06T15:49:31.509+0000] {logging_mixin.py:188} INFO - [LightGBM] [Warning] min_data_in_leaf is set=1, min_child_samples=20 will be ignored. Current value: min_data_in_leaf=1
[2025-10-06T15:49:31.517+0000] {logging_mixin.py:188} INFO - [LightGBM] [Warning] min_data_in_leaf is set=1, min_child_samples=20 will be ignored. Current value: min_data_in_leaf=1
[2025-10-06T15:49:31.519+0000] {logging_mixin.py:188} INFO - [LightGBM] [Info] Number of positive: 31, number of negative: 4
[2025-10-06T15:49:31.525+0000] {logging_mixin.py:188} INFO - [LightGBM] [Info] Auto-choosing row-wise multi-threading, the overhead of testing was 0.000163 seconds.
You can set `force_row_wise=true` to remove the overhead.
And if memory is not enough, you can set `force_col_wise=true`.
[2025-10-06T15:49:31.527+0000] {logging_mixin.py:188} INFO - [LightGBM] [Info] Total Bins 129
[2025-10-06T15:49:31.528+0000] {logging_mixin.py:188} INFO - [LightGBM] [Info] Number of data points in the train set: 35, number of used features: 12
[2025-10-06T15:49:31.529+0000] {logging_mixin.py:188} INFO - [LightGBM] [Info] [binary:BoostFromScore]: pavg=0.885714 -> initscore=2.047693
[2025-10-06T15:49:31.531+0000] {logging_mixin.py:188} INFO - [LightGBM] [Info] Start training from score 2.047693
[2025-10-06T15:49:31.533+0000] {logging_mixin.py:188} INFO - [LightGBM] [Warning] No further splits with positive gain, best gain: -inf
[2025-10-06T15:49:31.535+0000] {logging_mixin.py:188} INFO - [LightGBM] [Warning] No further splits with positive gain, best gain: -inf
[2025-10-06T15:49:31.536+0000] {logging_mixin.py:188} INFO - [LightGBM] [Warning] No further splits with positive gain, best gain: -inf
[2025-10-06T15:49:31.537+0000] {logging_mixin.py:188} INFO - [LightGBM] [Warning] No further splits with positive gain, best gain: -inf
[2025-10-06T15:49:31.539+0000] {logging_mixin.py:188} INFO - [LightGBM] [Warning] No further splits with positive gain, best gain: -inf
[2025-10-06T15:49:31.540+0000] {logging_mixin.py:188} INFO - [LightGBM] [Warning] No further splits with positive gain, best gain: -inf
[2025-10-06T15:49:31.542+0000] {logging_mixin.py:188} INFO - [LightGBM] [Warning] No further splits with positive gain, best gain: -inf
[2025-10-06T15:49:31.543+0000] {logging_mixin.py:188} INFO - [LightGBM] [Warning] No further splits with positive gain, best gain: -inf
[2025-10-06T15:49:31.544+0000] {logging_mixin.py:188} INFO - [LightGBM] [Warning] No further splits with positive gain, best gain: -inf
[2025-10-06T15:49:31.546+0000] {logging_mixin.py:188} INFO - [LightGBM] [Warning] No further splits with positive gain, best gain: -inf
[2025-10-06T15:49:31.551+0000] {logging_mixin.py:188} INFO - [LightGBM] [Warning] No further splits with positive gain, best gain: -inf
[2025-10-06T15:49:31.554+0000] {logging_mixin.py:188} INFO - [LightGBM] [Warning] No further splits with positive gain, best gain: -inf
[2025-10-06T15:49:31.555+0000] {logging_mixin.py:188} INFO - [LightGBM] [Warning] No further splits with positive gain, best gain: -inf
[2025-10-06T15:49:31.558+0000] {logging_mixin.py:188} INFO - [LightGBM] [Warning] No further splits with positive gain, best gain: -inf
[2025-10-06T15:49:31.561+0000] {logging_mixin.py:188} INFO - [LightGBM] [Warning] No further splits with positive gain, best gain: -inf
[2025-10-06T15:49:31.562+0000] {logging_mixin.py:188} INFO - [LightGBM] [Warning] No further splits with positive gain, best gain: -inf
[2025-10-06T15:49:31.563+0000] {logging_mixin.py:188} INFO - [LightGBM] [Warning] No further splits with positive gain, best gain: -inf
[2025-10-06T15:49:31.564+0000] {logging_mixin.py:188} INFO - [LightGBM] [Warning] No further splits with positive gain, best gain: -inf
[2025-10-06T15:49:31.566+0000] {logging_mixin.py:188} INFO - [LightGBM] [Warning] No further splits with positive gain, best gain: -inf
[2025-10-06T15:49:31.567+0000] {logging_mixin.py:188} INFO - [LightGBM] [Warning] No further splits with positive gain, best gain: -inf
[2025-10-06T15:49:31.568+0000] {logging_mixin.py:188} INFO - [LightGBM] [Warning] No further splits with positive gain, best gain: -inf
[2025-10-06T15:49:31.570+0000] {logging_mixin.py:188} INFO - [LightGBM] [Warning] No further splits with positive gain, best gain: -inf
[2025-10-06T15:49:31.571+0000] {logging_mixin.py:188} INFO - [LightGBM] [Warning] No further splits with positive gain, best gain: -inf
[2025-10-06T15:49:31.572+0000] {logging_mixin.py:188} INFO - [LightGBM] [Warning] No further splits with positive gain, best gain: -inf
[2025-10-06T15:49:31.574+0000] {logging_mixin.py:188} INFO - [LightGBM] [Warning] No further splits with positive gain, best gain: -inf
[2025-10-06T15:49:31.576+0000] {logging_mixin.py:188} INFO - [LightGBM] [Warning] No further splits with positive gain, best gain: -inf
[2025-10-06T15:49:31.577+0000] {logging_mixin.py:188} INFO - [LightGBM] [Warning] No further splits with positive gain, best gain: -inf
[2025-10-06T15:49:31.579+0000] {logging_mixin.py:188} INFO - [LightGBM] [Warning] No further splits with positive gain, best gain: -inf
[2025-10-06T15:49:31.580+0000] {logging_mixin.py:188} INFO - [LightGBM] [Warning] No further splits with positive gain, best gain: -inf
[2025-10-06T15:49:31.581+0000] {logging_mixin.py:188} INFO - [LightGBM] [Warning] No further splits with positive gain, best gain: -inf
[2025-10-06T15:49:31.582+0000] {logging_mixin.py:188} INFO - [LightGBM] [Warning] No further splits with positive gain, best gain: -inf
[2025-10-06T15:49:31.583+0000] {logging_mixin.py:188} INFO - [LightGBM] [Warning] No further splits with positive gain, best gain: -inf
[2025-10-06T15:49:31.585+0000] {logging_mixin.py:188} INFO - [LightGBM] [Warning] No further splits with positive gain, best gain: -inf
[2025-10-06T15:49:31.586+0000] {logging_mixin.py:188} INFO - [LightGBM] [Warning] No further splits with positive gain, best gain: -inf
[2025-10-06T15:49:31.587+0000] {logging_mixin.py:188} INFO - [LightGBM] [Warning] No further splits with positive gain, best gain: -inf
[2025-10-06T15:49:31.590+0000] {logging_mixin.py:188} INFO - [LightGBM] [Warning] No further splits with positive gain, best gain: -inf
[2025-10-06T15:49:31.592+0000] {logging_mixin.py:188} INFO - [LightGBM] [Warning] No further splits with positive gain, best gain: -inf
[2025-10-06T15:49:31.594+0000] {logging_mixin.py:188} INFO - [LightGBM] [Warning] No further splits with positive gain, best gain: -inf
[2025-10-06T15:49:31.595+0000] {logging_mixin.py:188} INFO - [LightGBM] [Warning] No further splits with positive gain, best gain: -inf
[2025-10-06T15:49:31.596+0000] {logging_mixin.py:188} INFO - [LightGBM] [Warning] No further splits with positive gain, best gain: -inf
[2025-10-06T15:49:31.598+0000] {logging_mixin.py:188} INFO - [LightGBM] [Warning] No further splits with positive gain, best gain: -inf
[2025-10-06T15:49:31.599+0000] {logging_mixin.py:188} INFO - [LightGBM] [Warning] No further splits with positive gain, best gain: -inf
[2025-10-06T15:49:31.600+0000] {logging_mixin.py:188} INFO - [LightGBM] [Warning] No further splits with positive gain, best gain: -inf
[2025-10-06T15:49:31.602+0000] {logging_mixin.py:188} INFO - [LightGBM] [Warning] No further splits with positive gain, best gain: -inf
[2025-10-06T15:49:31.603+0000] {logging_mixin.py:188} INFO - [LightGBM] [Warning] No further splits with positive gain, best gain: -inf
[2025-10-06T15:49:31.605+0000] {logging_mixin.py:188} INFO - [LightGBM] [Warning] No further splits with positive gain, best gain: -inf
[2025-10-06T15:49:31.606+0000] {logging_mixin.py:188} INFO - [LightGBM] [Warning] No further splits with positive gain, best gain: -inf
[2025-10-06T15:49:31.608+0000] {logging_mixin.py:188} INFO - [LightGBM] [Warning] No further splits with positive gain, best gain: -inf
[2025-10-06T15:49:31.609+0000] {logging_mixin.py:188} INFO - [LightGBM] [Warning] No further splits with positive gain, best gain: -inf
[2025-10-06T15:49:31.611+0000] {logging_mixin.py:188} INFO - [LightGBM] [Warning] No further splits with positive gain, best gain: -inf
[2025-10-06T15:49:31.618+0000] {logging_mixin.py:188} INFO - [LightGBM] [Warning] min_data_in_leaf is set=1, min_child_samples=20 will be ignored. Current value: min_data_in_leaf=1
[2025-10-06T15:49:31.621+0000] {customer_risk.py:195} INFO - Uploading risk predictions to Supabase...
[2025-10-06T15:49:31.913+0000] {_client.py:1025} INFO - HTTP Request: POST https://ytuiqgrpbwdxrmbzssrb.supabase.co/rest/v1/kpi_risk_predictions?columns=%22risk_score%22%2C%22risk_label%22%2C%22customer_id%22%2C%22prediction_date%22 "HTTP/2 201 Created"
[2025-10-06T15:49:31.918+0000] {customer_risk.py:213} INFO - Successfully inserted 35 predictions.
[2025-10-06T15:49:31.920+0000] {customer_risk.py:230} INFO - Customer risk pipeline completed successfully.
[2025-10-06T15:49:31.922+0000] {pipeline.py:20} INFO - Running KPI analysis
[2025-10-06T15:49:32.738+0000] {_client.py:1025} INFO - HTTP Request: GET https://ytuiqgrpbwdxrmbzssrb.supabase.co/rest/v1/kpi_summary?select=%2A "HTTP/2 200 OK"
[2025-10-06T15:49:32.744+0000] {kpi_analysis.py:16} INFO - Fetched 35 KPI summary rows
[2025-10-06T15:49:32.746+0000] {pipeline.py:22} INFO - KPI analysis complete (35 records)
[2025-10-06T15:49:32.747+0000] {pipeline.py:24} INFO - Running demand forecasting
[2025-10-06T15:49:32.748+0000] {forecasting.py:9} INFO - Running demand forecasting
[2025-10-06T15:49:33.023+0000] {_client.py:1025} INFO - HTTP Request: GET https://ytuiqgrpbwdxrmbzssrb.supabase.co/rest/v1/fact_order_line?select=order_placement_date%2Cproduct_id%2Corder_qty "HTTP/2 200 OK"
[2025-10-06T15:49:33.189+0000] {filesystem.py:118} DEBUG - input tempfile: /tmp/tmpxs36i397/g28dkwtr.json
[2025-10-06T15:49:33.210+0000] {filesystem.py:118} DEBUG - input tempfile: /tmp/tmpxs36i397/q_lk821g.json
[2025-10-06T15:49:33.215+0000] {model.py:2042} DEBUG - idx 0
[2025-10-06T15:49:33.216+0000] {model.py:2043} DEBUG - running CmdStan, num_threads: None
[2025-10-06T15:49:33.217+0000] {model.py:2055} DEBUG - CmdStan args: ['/home/***/.local/lib/python3.12/site-packages/prophet/stan_model/prophet_model.bin', 'random', 'seed=3327', 'data', 'file=/tmp/tmpxs36i397/g28dkwtr.json', 'init=/tmp/tmpxs36i397/q_lk821g.json', 'output', 'file=/tmp/tmpxs36i397/prophet_modelj2w17cb1/prophet_model-20251006154933.csv', 'method=optimize', 'algorithm=lbfgs', 'iter=10000']
[2025-10-06T15:49:33.219+0000] {logging_mixin.py:188} WARNING - 15:49:33 - cmdstanpy - INFO - Chain [1] start processing
[2025-10-06T15:49:33.219+0000] {model.py:2058} INFO - Chain [1] start processing
[2025-10-06T15:49:33.253+0000] {logging_mixin.py:188} WARNING - 15:49:33 - cmdstanpy - INFO - Chain [1] done processing
[2025-10-06T15:49:33.253+0000] {model.py:2115} INFO - Chain [1] done processing
[2025-10-06T15:49:33.405+0000] {forecasting.py:68} WARNING - High MAPE (100.0%) for product 25891101 — forecast may be unreliable
[2025-10-06T15:49:33.629+0000] {_client.py:1025} INFO - HTTP Request: POST https://ytuiqgrpbwdxrmbzssrb.supabase.co/rest/v1/policy_recommendations "HTTP/2 201 Created"
[2025-10-06T15:49:33.632+0000] {forecasting.py:84} INFO - Forecast for product 25891101: 116 units (MAPE: 100.0%)
[2025-10-06T15:49:33.675+0000] {filesystem.py:118} DEBUG - input tempfile: /tmp/tmpxs36i397/5k97zjw4.json
[2025-10-06T15:49:33.696+0000] {filesystem.py:118} DEBUG - input tempfile: /tmp/tmpxs36i397/8bsk_6js.json
[2025-10-06T15:49:33.700+0000] {model.py:2042} DEBUG - idx 0
[2025-10-06T15:49:33.701+0000] {model.py:2043} DEBUG - running CmdStan, num_threads: None
[2025-10-06T15:49:33.702+0000] {model.py:2055} DEBUG - CmdStan args: ['/home/***/.local/lib/python3.12/site-packages/prophet/stan_model/prophet_model.bin', 'random', 'seed=63025', 'data', 'file=/tmp/tmpxs36i397/5k97zjw4.json', 'init=/tmp/tmpxs36i397/8bsk_6js.json', 'output', 'file=/tmp/tmpxs36i397/prophet_model2gszicac/prophet_model-20251006154933.csv', 'method=optimize', 'algorithm=lbfgs', 'iter=10000']
[2025-10-06T15:49:33.704+0000] {logging_mixin.py:188} WARNING - 15:49:33 - cmdstanpy - INFO - Chain [1] start processing
[2025-10-06T15:49:33.704+0000] {model.py:2058} INFO - Chain [1] start processing
[2025-10-06T15:49:33.726+0000] {logging_mixin.py:188} WARNING - 15:49:33 - cmdstanpy - INFO - Chain [1] done processing
[2025-10-06T15:49:33.726+0000] {model.py:2115} INFO - Chain [1] done processing
[2025-10-06T15:49:33.878+0000] {forecasting.py:68} WARNING - High MAPE (62.3%) for product 25891102 — forecast may be unreliable
[2025-10-06T15:49:34.161+0000] {_client.py:1025} INFO - HTTP Request: POST https://ytuiqgrpbwdxrmbzssrb.supabase.co/rest/v1/policy_recommendations "HTTP/2 201 Created"
[2025-10-06T15:49:34.163+0000] {forecasting.py:84} INFO - Forecast for product 25891102: 1527 units (MAPE: 62.3%)
[2025-10-06T15:49:34.218+0000] {filesystem.py:118} DEBUG - input tempfile: /tmp/tmpxs36i397/rcpcshe4.json
[2025-10-06T15:49:34.242+0000] {filesystem.py:118} DEBUG - input tempfile: /tmp/tmpxs36i397/rawwvvas.json
[2025-10-06T15:49:34.245+0000] {model.py:2042} DEBUG - idx 0
[2025-10-06T15:49:34.246+0000] {model.py:2043} DEBUG - running CmdStan, num_threads: None
[2025-10-06T15:49:34.248+0000] {model.py:2055} DEBUG - CmdStan args: ['/home/***/.local/lib/python3.12/site-packages/prophet/stan_model/prophet_model.bin', 'random', 'seed=57593', 'data', 'file=/tmp/tmpxs36i397/rcpcshe4.json', 'init=/tmp/tmpxs36i397/rawwvvas.json', 'output', 'file=/tmp/tmpxs36i397/prophet_modelt1vtc387/prophet_model-20251006154934.csv', 'method=optimize', 'algorithm=lbfgs', 'iter=10000']
[2025-10-06T15:49:34.251+0000] {logging_mixin.py:188} WARNING - 15:49:34 - cmdstanpy - INFO - Chain [1] start processing
[2025-10-06T15:49:34.250+0000] {model.py:2058} INFO - Chain [1] start processing
[2025-10-06T15:49:34.275+0000] {logging_mixin.py:188} WARNING - 15:49:34 - cmdstanpy - INFO - Chain [1] done processing
[2025-10-06T15:49:34.274+0000] {model.py:2115} INFO - Chain [1] done processing
[2025-10-06T15:49:34.407+0000] {forecasting.py:68} WARNING - High MAPE (100.0%) for product 25891103 — forecast may be unreliable
[2025-10-06T15:49:34.658+0000] {_client.py:1025} INFO - HTTP Request: POST https://ytuiqgrpbwdxrmbzssrb.supabase.co/rest/v1/policy_recommendations "HTTP/2 201 Created"
[2025-10-06T15:49:34.668+0000] {forecasting.py:84} INFO - Forecast for product 25891103: 42 units (MAPE: 100.0%)
[2025-10-06T15:49:34.701+0000] {filesystem.py:118} DEBUG - input tempfile: /tmp/tmpxs36i397/7st79yzt.json
[2025-10-06T15:49:34.723+0000] {filesystem.py:118} DEBUG - input tempfile: /tmp/tmpxs36i397/nuzji7n7.json
[2025-10-06T15:49:34.727+0000] {model.py:2042} DEBUG - idx 0
[2025-10-06T15:49:34.728+0000] {model.py:2043} DEBUG - running CmdStan, num_threads: None
[2025-10-06T15:49:34.730+0000] {model.py:2055} DEBUG - CmdStan args: ['/home/***/.local/lib/python3.12/site-packages/prophet/stan_model/prophet_model.bin', 'random', 'seed=41123', 'data', 'file=/tmp/tmpxs36i397/7st79yzt.json', 'init=/tmp/tmpxs36i397/nuzji7n7.json', 'output', 'file=/tmp/tmpxs36i397/prophet_model3x6bi10t/prophet_model-20251006154934.csv', 'method=optimize', 'algorithm=lbfgs', 'iter=10000']
[2025-10-06T15:49:34.732+0000] {logging_mixin.py:188} WARNING - 15:49:34 - cmdstanpy - INFO - Chain [1] start processing
[2025-10-06T15:49:34.732+0000] {model.py:2058} INFO - Chain [1] start processing
[2025-10-06T15:49:34.764+0000] {logging_mixin.py:188} WARNING - 15:49:34 - cmdstanpy - INFO - Chain [1] done processing
[2025-10-06T15:49:34.764+0000] {model.py:2115} INFO - Chain [1] done processing
[2025-10-06T15:49:34.905+0000] {forecasting.py:68} WARNING - High MAPE (100.0%) for product 25891201 — forecast may be unreliable
[2025-10-06T15:49:35.143+0000] {_client.py:1025} INFO - HTTP Request: POST https://ytuiqgrpbwdxrmbzssrb.supabase.co/rest/v1/policy_recommendations "HTTP/2 201 Created"
[2025-10-06T15:49:35.146+0000] {forecasting.py:84} INFO - Forecast for product 25891201: 22 units (MAPE: 100.0%)
[2025-10-06T15:49:35.209+0000] {filesystem.py:118} DEBUG - input tempfile: /tmp/tmpxs36i397/c4jzjhro.json
[2025-10-06T15:49:35.230+0000] {filesystem.py:118} DEBUG - input tempfile: /tmp/tmpxs36i397/e362e44k.json
[2025-10-06T15:49:35.234+0000] {model.py:2042} DEBUG - idx 0
[2025-10-06T15:49:35.236+0000] {model.py:2043} DEBUG - running CmdStan, num_threads: None
[2025-10-06T15:49:35.238+0000] {model.py:2055} DEBUG - CmdStan args: ['/home/***/.local/lib/python3.12/site-packages/prophet/stan_model/prophet_model.bin', 'random', 'seed=94576', 'data', 'file=/tmp/tmpxs36i397/c4jzjhro.json', 'init=/tmp/tmpxs36i397/e362e44k.json', 'output', 'file=/tmp/tmpxs36i397/prophet_model20kmu_l5/prophet_model-20251006154935.csv', 'method=optimize', 'algorithm=lbfgs', 'iter=10000']
[2025-10-06T15:49:35.239+0000] {logging_mixin.py:188} WARNING - 15:49:35 - cmdstanpy - INFO - Chain [1] start processing
[2025-10-06T15:49:35.239+0000] {model.py:2058} INFO - Chain [1] start processing
[2025-10-06T15:49:35.264+0000] {logging_mixin.py:188} WARNING - 15:49:35 - cmdstanpy - INFO - Chain [1] done processing
[2025-10-06T15:49:35.263+0000] {model.py:2115} INFO - Chain [1] done processing
[2025-10-06T15:49:35.650+0000] {_client.py:1025} INFO - HTTP Request: POST https://ytuiqgrpbwdxrmbzssrb.supabase.co/rest/v1/policy_recommendations "HTTP/2 201 Created"
[2025-10-06T15:49:35.653+0000] {forecasting.py:84} INFO - Forecast for product 25891202: 1249 units (MAPE: 38.8%)
[2025-10-06T15:49:35.690+0000] {filesystem.py:118} DEBUG - input tempfile: /tmp/tmpxs36i397/z6i0lbgp.json
[2025-10-06T15:49:35.710+0000] {filesystem.py:118} DEBUG - input tempfile: /tmp/tmpxs36i397/basq_aro.json
[2025-10-06T15:49:35.715+0000] {model.py:2042} DEBUG - idx 0
[2025-10-06T15:49:35.717+0000] {model.py:2043} DEBUG - running CmdStan, num_threads: None
[2025-10-06T15:49:35.718+0000] {model.py:2055} DEBUG - CmdStan args: ['/home/***/.local/lib/python3.12/site-packages/prophet/stan_model/prophet_model.bin', 'random', 'seed=10487', 'data', 'file=/tmp/tmpxs36i397/z6i0lbgp.json', 'init=/tmp/tmpxs36i397/basq_aro.json', 'output', 'file=/tmp/tmpxs36i397/prophet_modelbgate3x8/prophet_model-20251006154935.csv', 'method=optimize', 'algorithm=lbfgs', 'iter=10000']
[2025-10-06T15:49:35.720+0000] {logging_mixin.py:188} WARNING - 15:49:35 - cmdstanpy - INFO - Chain [1] start processing
[2025-10-06T15:49:35.720+0000] {model.py:2058} INFO - Chain [1] start processing
[2025-10-06T15:49:35.745+0000] {logging_mixin.py:188} WARNING - 15:49:35 - cmdstanpy - INFO - Chain [1] done processing
[2025-10-06T15:49:35.745+0000] {model.py:2115} INFO - Chain [1] done processing
[2025-10-06T15:49:36.177+0000] {_client.py:1025} INFO - HTTP Request: POST https://ytuiqgrpbwdxrmbzssrb.supabase.co/rest/v1/policy_recommendations "HTTP/2 201 Created"
[2025-10-06T15:49:36.180+0000] {forecasting.py:84} INFO - Forecast for product 25891203: 828 units (MAPE: 6.4%)
[2025-10-06T15:49:36.229+0000] {filesystem.py:118} DEBUG - input tempfile: /tmp/tmpxs36i397/w6na761u.json
[2025-10-06T15:49:36.248+0000] {filesystem.py:118} DEBUG - input tempfile: /tmp/tmpxs36i397/smq4b6x2.json
[2025-10-06T15:49:36.252+0000] {model.py:2042} DEBUG - idx 0
[2025-10-06T15:49:36.253+0000] {model.py:2043} DEBUG - running CmdStan, num_threads: None
[2025-10-06T15:49:36.255+0000] {model.py:2055} DEBUG - CmdStan args: ['/home/***/.local/lib/python3.12/site-packages/prophet/stan_model/prophet_model.bin', 'random', 'seed=77532', 'data', 'file=/tmp/tmpxs36i397/w6na761u.json', 'init=/tmp/tmpxs36i397/smq4b6x2.json', 'output', 'file=/tmp/tmpxs36i397/prophet_model6l5mee42/prophet_model-20251006154936.csv', 'method=optimize', 'algorithm=lbfgs', 'iter=10000']
[2025-10-06T15:49:36.257+0000] {logging_mixin.py:188} WARNING - 15:49:36 - cmdstanpy - INFO - Chain [1] start processing
[2025-10-06T15:49:36.256+0000] {model.py:2058} INFO - Chain [1] start processing
[2025-10-06T15:49:36.285+0000] {logging_mixin.py:188} WARNING - 15:49:36 - cmdstanpy - INFO - Chain [1] done processing
[2025-10-06T15:49:36.284+0000] {model.py:2115} INFO - Chain [1] done processing
[2025-10-06T15:49:36.420+0000] {forecasting.py:68} WARNING - High MAPE (51.6%) for product 25891301 — forecast may be unreliable
[2025-10-06T15:49:36.648+0000] {_client.py:1025} INFO - HTTP Request: POST https://ytuiqgrpbwdxrmbzssrb.supabase.co/rest/v1/policy_recommendations "HTTP/2 201 Created"
[2025-10-06T15:49:36.651+0000] {forecasting.py:84} INFO - Forecast for product 25891301: 264 units (MAPE: 51.6%)
[2025-10-06T15:49:36.692+0000] {filesystem.py:118} DEBUG - input tempfile: /tmp/tmpxs36i397/2s4wmpdh.json
[2025-10-06T15:49:36.712+0000] {filesystem.py:118} DEBUG - input tempfile: /tmp/tmpxs36i397/rp1m7vc8.json
[2025-10-06T15:49:36.717+0000] {model.py:2042} DEBUG - idx 0
[2025-10-06T15:49:36.721+0000] {model.py:2043} DEBUG - running CmdStan, num_threads: None
[2025-10-06T15:49:36.722+0000] {model.py:2055} DEBUG - CmdStan args: ['/home/***/.local/lib/python3.12/site-packages/prophet/stan_model/prophet_model.bin', 'random', 'seed=84307', 'data', 'file=/tmp/tmpxs36i397/2s4wmpdh.json', 'init=/tmp/tmpxs36i397/rp1m7vc8.json', 'output', 'file=/tmp/tmpxs36i397/prophet_modelwaso6x61/prophet_model-20251006154936.csv', 'method=optimize', 'algorithm=lbfgs', 'iter=10000']
[2025-10-06T15:49:36.724+0000] {logging_mixin.py:188} WARNING - 15:49:36 - cmdstanpy - INFO - Chain [1] start processing
[2025-10-06T15:49:36.724+0000] {model.py:2058} INFO - Chain [1] start processing
[2025-10-06T15:49:36.755+0000] {logging_mixin.py:188} WARNING - 15:49:36 - cmdstanpy - INFO - Chain [1] done processing
[2025-10-06T15:49:36.755+0000] {model.py:2115} INFO - Chain [1] done processing
[2025-10-06T15:49:36.905+0000] {forecasting.py:68} WARNING - High MAPE (90.0%) for product 25891302 — forecast may be unreliable
[2025-10-06T15:49:37.152+0000] {_client.py:1025} INFO - HTTP Request: POST https://ytuiqgrpbwdxrmbzssrb.supabase.co/rest/v1/policy_recommendations "HTTP/2 201 Created"
[2025-10-06T15:49:37.156+0000] {forecasting.py:84} INFO - Forecast for product 25891302: 32 units (MAPE: 90.0%)
[2025-10-06T15:49:37.205+0000] {filesystem.py:118} DEBUG - input tempfile: /tmp/tmpxs36i397/ste9mvki.json
[2025-10-06T15:49:37.223+0000] {filesystem.py:118} DEBUG - input tempfile: /tmp/tmpxs36i397/8udydj5k.json
[2025-10-06T15:49:37.228+0000] {model.py:2042} DEBUG - idx 0
[2025-10-06T15:49:37.229+0000] {model.py:2043} DEBUG - running CmdStan, num_threads: None
[2025-10-06T15:49:37.231+0000] {model.py:2055} DEBUG - CmdStan args: ['/home/***/.local/lib/python3.12/site-packages/prophet/stan_model/prophet_model.bin', 'random', 'seed=86387', 'data', 'file=/tmp/tmpxs36i397/ste9mvki.json', 'init=/tmp/tmpxs36i397/8udydj5k.json', 'output', 'file=/tmp/tmpxs36i397/prophet_modeld63m__8m/prophet_model-20251006154937.csv', 'method=optimize', 'algorithm=lbfgs', 'iter=10000']
[2025-10-06T15:49:37.232+0000] {logging_mixin.py:188} WARNING - 15:49:37 - cmdstanpy - INFO - Chain [1] start processing
[2025-10-06T15:49:37.232+0000] {model.py:2058} INFO - Chain [1] start processing
[2025-10-06T15:49:37.256+0000] {logging_mixin.py:188} WARNING - 15:49:37 - cmdstanpy - INFO - Chain [1] done processing
[2025-10-06T15:49:37.256+0000] {model.py:2115} INFO - Chain [1] done processing
[2025-10-06T15:49:37.387+0000] {forecasting.py:68} WARNING - High MAPE (100.0%) for product 25891303 — forecast may be unreliable
[2025-10-06T15:49:37.667+0000] {_client.py:1025} INFO - HTTP Request: POST https://ytuiqgrpbwdxrmbzssrb.supabase.co/rest/v1/policy_recommendations "HTTP/2 201 Created"
[2025-10-06T15:49:37.670+0000] {forecasting.py:84} INFO - Forecast for product 25891303: 13 units (MAPE: 100.0%)
[2025-10-06T15:49:37.712+0000] {filesystem.py:118} DEBUG - input tempfile: /tmp/tmpxs36i397/c3254vbn.json
[2025-10-06T15:49:37.732+0000] {filesystem.py:118} DEBUG - input tempfile: /tmp/tmpxs36i397/koet83pk.json
[2025-10-06T15:49:37.738+0000] {model.py:2042} DEBUG - idx 0
[2025-10-06T15:49:37.740+0000] {model.py:2043} DEBUG - running CmdStan, num_threads: None
[2025-10-06T15:49:37.741+0000] {model.py:2055} DEBUG - CmdStan args: ['/home/***/.local/lib/python3.12/site-packages/prophet/stan_model/prophet_model.bin', 'random', 'seed=60318', 'data', 'file=/tmp/tmpxs36i397/c3254vbn.json', 'init=/tmp/tmpxs36i397/koet83pk.json', 'output', 'file=/tmp/tmpxs36i397/prophet_model9fmf2ybl/prophet_model-20251006154937.csv', 'method=optimize', 'algorithm=lbfgs', 'iter=10000']
[2025-10-06T15:49:37.743+0000] {logging_mixin.py:188} WARNING - 15:49:37 - cmdstanpy - INFO - Chain [1] start processing
[2025-10-06T15:49:37.742+0000] {model.py:2058} INFO - Chain [1] start processing
[2025-10-06T15:49:37.770+0000] {logging_mixin.py:188} WARNING - 15:49:37 - cmdstanpy - INFO - Chain [1] done processing
[2025-10-06T15:49:37.770+0000] {model.py:2115} INFO - Chain [1] done processing
[2025-10-06T15:49:37.910+0000] {forecasting.py:68} WARNING - High MAPE (298.5%) for product 25891401 — forecast may be unreliable
[2025-10-06T15:49:38.179+0000] {_client.py:1025} INFO - HTTP Request: POST https://ytuiqgrpbwdxrmbzssrb.supabase.co/rest/v1/policy_recommendations "HTTP/2 201 Created"
[2025-10-06T15:49:38.185+0000] {forecasting.py:84} INFO - Forecast for product 25891401: 1704 units (MAPE: 298.5%)
[2025-10-06T15:49:38.223+0000] {filesystem.py:118} DEBUG - input tempfile: /tmp/tmpxs36i397/05bxrz8q.json
[2025-10-06T15:49:38.247+0000] {filesystem.py:118} DEBUG - input tempfile: /tmp/tmpxs36i397/hlykb3hx.json
[2025-10-06T15:49:38.252+0000] {model.py:2042} DEBUG - idx 0
[2025-10-06T15:49:38.254+0000] {model.py:2043} DEBUG - running CmdStan, num_threads: None
[2025-10-06T15:49:38.255+0000] {model.py:2055} DEBUG - CmdStan args: ['/home/***/.local/lib/python3.12/site-packages/prophet/stan_model/prophet_model.bin', 'random', 'seed=45847', 'data', 'file=/tmp/tmpxs36i397/05bxrz8q.json', 'init=/tmp/tmpxs36i397/hlykb3hx.json', 'output', 'file=/tmp/tmpxs36i397/prophet_modelp5zpr3y8/prophet_model-20251006154938.csv', 'method=optimize', 'algorithm=lbfgs', 'iter=10000']
[2025-10-06T15:49:38.258+0000] {logging_mixin.py:188} WARNING - 15:49:38 - cmdstanpy - INFO - Chain [1] start processing
[2025-10-06T15:49:38.258+0000] {model.py:2058} INFO - Chain [1] start processing
[2025-10-06T15:49:38.290+0000] {logging_mixin.py:188} WARNING - 15:49:38 - cmdstanpy - INFO - Chain [1] done processing
[2025-10-06T15:49:38.290+0000] {model.py:2115} INFO - Chain [1] done processing
[2025-10-06T15:49:38.449+0000] {forecasting.py:68} WARNING - High MAPE (315.4%) for product 25891402 — forecast may be unreliable
[2025-10-06T15:49:38.682+0000] {_client.py:1025} INFO - HTTP Request: POST https://ytuiqgrpbwdxrmbzssrb.supabase.co/rest/v1/policy_recommendations "HTTP/2 201 Created"
[2025-10-06T15:49:38.686+0000] {forecasting.py:84} INFO - Forecast for product 25891402: 2526 units (MAPE: 315.4%)
[2025-10-06T15:49:38.727+0000] {filesystem.py:118} DEBUG - input tempfile: /tmp/tmpxs36i397/mryqx3n5.json
[2025-10-06T15:49:38.749+0000] {filesystem.py:118} DEBUG - input tempfile: /tmp/tmpxs36i397/iz83kb7t.json
[2025-10-06T15:49:38.753+0000] {model.py:2042} DEBUG - idx 0
[2025-10-06T15:49:38.754+0000] {model.py:2043} DEBUG - running CmdStan, num_threads: None
[2025-10-06T15:49:38.756+0000] {model.py:2055} DEBUG - CmdStan args: ['/home/***/.local/lib/python3.12/site-packages/prophet/stan_model/prophet_model.bin', 'random', 'seed=7882', 'data', 'file=/tmp/tmpxs36i397/mryqx3n5.json', 'init=/tmp/tmpxs36i397/iz83kb7t.json', 'output', 'file=/tmp/tmpxs36i397/prophet_modelb6fd0wkb/prophet_model-20251006154938.csv', 'method=optimize', 'algorithm=lbfgs', 'iter=10000']
[2025-10-06T15:49:38.757+0000] {logging_mixin.py:188} WARNING - 15:49:38 - cmdstanpy - INFO - Chain [1] start processing
[2025-10-06T15:49:38.757+0000] {model.py:2058} INFO - Chain [1] start processing
[2025-10-06T15:49:38.782+0000] {logging_mixin.py:188} WARNING - 15:49:38 - cmdstanpy - INFO - Chain [1] done processing
[2025-10-06T15:49:38.782+0000] {model.py:2115} INFO - Chain [1] done processing
[2025-10-06T15:49:38.921+0000] {forecasting.py:68} WARNING - High MAPE (100.0%) for product 25891403 — forecast may be unreliable
[2025-10-06T15:49:39.266+0000] {_client.py:1025} INFO - HTTP Request: POST https://ytuiqgrpbwdxrmbzssrb.supabase.co/rest/v1/policy_recommendations "HTTP/2 201 Created"
[2025-10-06T15:49:39.271+0000] {forecasting.py:84} INFO - Forecast for product 25891403: 56 units (MAPE: 100.0%)
[2025-10-06T15:49:39.325+0000] {filesystem.py:118} DEBUG - input tempfile: /tmp/tmpxs36i397/gbc78xkg.json
[2025-10-06T15:49:39.350+0000] {filesystem.py:118} DEBUG - input tempfile: /tmp/tmpxs36i397/gfyq4xrt.json
[2025-10-06T15:49:39.356+0000] {model.py:2042} DEBUG - idx 0
[2025-10-06T15:49:39.357+0000] {model.py:2043} DEBUG - running CmdStan, num_threads: None
[2025-10-06T15:49:39.359+0000] {model.py:2055} DEBUG - CmdStan args: ['/home/***/.local/lib/python3.12/site-packages/prophet/stan_model/prophet_model.bin', 'random', 'seed=83603', 'data', 'file=/tmp/tmpxs36i397/gbc78xkg.json', 'init=/tmp/tmpxs36i397/gfyq4xrt.json', 'output', 'file=/tmp/tmpxs36i397/prophet_modelj07h6w2x/prophet_model-20251006154939.csv', 'method=optimize', 'algorithm=lbfgs', 'iter=10000']
[2025-10-06T15:49:39.361+0000] {logging_mixin.py:188} WARNING - 15:49:39 - cmdstanpy - INFO - Chain [1] start processing
[2025-10-06T15:49:39.360+0000] {model.py:2058} INFO - Chain [1] start processing
[2025-10-06T15:49:39.383+0000] {logging_mixin.py:188} WARNING - 15:49:39 - cmdstanpy - INFO - Chain [1] done processing
[2025-10-06T15:49:39.383+0000] {model.py:2115} INFO - Chain [1] done processing
[2025-10-06T15:49:39.524+0000] {forecasting.py:68} WARNING - High MAPE (189.5%) for product 25891501 — forecast may be unreliable
[2025-10-06T15:49:39.799+0000] {_client.py:1025} INFO - HTTP Request: POST https://ytuiqgrpbwdxrmbzssrb.supabase.co/rest/v1/policy_recommendations "HTTP/2 201 Created"
[2025-10-06T15:49:39.802+0000] {forecasting.py:84} INFO - Forecast for product 25891501: 644 units (MAPE: 189.5%)
[2025-10-06T15:49:39.850+0000] {filesystem.py:118} DEBUG - input tempfile: /tmp/tmpxs36i397/9xwfqieg.json
[2025-10-06T15:49:39.878+0000] {filesystem.py:118} DEBUG - input tempfile: /tmp/tmpxs36i397/kyjbr6bx.json
[2025-10-06T15:49:39.882+0000] {model.py:2042} DEBUG - idx 0
[2025-10-06T15:49:39.886+0000] {model.py:2043} DEBUG - running CmdStan, num_threads: None
[2025-10-06T15:49:39.887+0000] {model.py:2055} DEBUG - CmdStan args: ['/home/***/.local/lib/python3.12/site-packages/prophet/stan_model/prophet_model.bin', 'random', 'seed=41831', 'data', 'file=/tmp/tmpxs36i397/9xwfqieg.json', 'init=/tmp/tmpxs36i397/kyjbr6bx.json', 'output', 'file=/tmp/tmpxs36i397/prophet_modelc0qg02fh/prophet_model-20251006154939.csv', 'method=optimize', 'algorithm=lbfgs', 'iter=10000']
[2025-10-06T15:49:39.889+0000] {logging_mixin.py:188} WARNING - 15:49:39 - cmdstanpy - INFO - Chain [1] start processing
[2025-10-06T15:49:39.889+0000] {model.py:2058} INFO - Chain [1] start processing
[2025-10-06T15:49:39.913+0000] {logging_mixin.py:188} WARNING - 15:49:39 - cmdstanpy - INFO - Chain [1] done processing
[2025-10-06T15:49:39.913+0000] {model.py:2115} INFO - Chain [1] done processing
[2025-10-06T15:49:40.054+0000] {forecasting.py:68} WARNING - High MAPE (100.0%) for product 25891502 — forecast may be unreliable
[2025-10-06T15:49:40.268+0000] {_client.py:1025} INFO - HTTP Request: POST https://ytuiqgrpbwdxrmbzssrb.supabase.co/rest/v1/policy_recommendations "HTTP/2 201 Created"
[2025-10-06T15:49:40.271+0000] {forecasting.py:84} INFO - Forecast for product 25891502: 26 units (MAPE: 100.0%)
[2025-10-06T15:49:40.312+0000] {filesystem.py:118} DEBUG - input tempfile: /tmp/tmpxs36i397/cmgqe0wy.json
[2025-10-06T15:49:40.337+0000] {filesystem.py:118} DEBUG - input tempfile: /tmp/tmpxs36i397/fenwweq_.json
[2025-10-06T15:49:40.341+0000] {model.py:2042} DEBUG - idx 0
[2025-10-06T15:49:40.342+0000] {model.py:2043} DEBUG - running CmdStan, num_threads: None
[2025-10-06T15:49:40.343+0000] {model.py:2055} DEBUG - CmdStan args: ['/home/***/.local/lib/python3.12/site-packages/prophet/stan_model/prophet_model.bin', 'random', 'seed=21846', 'data', 'file=/tmp/tmpxs36i397/cmgqe0wy.json', 'init=/tmp/tmpxs36i397/fenwweq_.json', 'output', 'file=/tmp/tmpxs36i397/prophet_modelhkcy4lha/prophet_model-20251006154940.csv', 'method=optimize', 'algorithm=lbfgs', 'iter=10000']
[2025-10-06T15:49:40.345+0000] {logging_mixin.py:188} WARNING - 15:49:40 - cmdstanpy - INFO - Chain [1] start processing
[2025-10-06T15:49:40.345+0000] {model.py:2058} INFO - Chain [1] start processing
[2025-10-06T15:49:40.375+0000] {logging_mixin.py:188} WARNING - 15:49:40 - cmdstanpy - INFO - Chain [1] done processing
[2025-10-06T15:49:40.374+0000] {model.py:2115} INFO - Chain [1] done processing
[2025-10-06T15:49:40.837+0000] {_client.py:1025} INFO - HTTP Request: POST https://ytuiqgrpbwdxrmbzssrb.supabase.co/rest/v1/policy_recommendations "HTTP/2 201 Created"
[2025-10-06T15:49:40.839+0000] {forecasting.py:84} INFO - Forecast for product 25891503: 318 units (MAPE: 23.6%)
[2025-10-06T15:49:40.878+0000] {filesystem.py:118} DEBUG - input tempfile: /tmp/tmpxs36i397/8k2jwihz.json
[2025-10-06T15:49:40.896+0000] {filesystem.py:118} DEBUG - input tempfile: /tmp/tmpxs36i397/1bq01a5y.json
[2025-10-06T15:49:40.900+0000] {model.py:2042} DEBUG - idx 0
[2025-10-06T15:49:40.902+0000] {model.py:2043} DEBUG - running CmdStan, num_threads: None
[2025-10-06T15:49:40.903+0000] {model.py:2055} DEBUG - CmdStan args: ['/home/***/.local/lib/python3.12/site-packages/prophet/stan_model/prophet_model.bin', 'random', 'seed=76384', 'data', 'file=/tmp/tmpxs36i397/8k2jwihz.json', 'init=/tmp/tmpxs36i397/1bq01a5y.json', 'output', 'file=/tmp/tmpxs36i397/prophet_modelzbxz_ox0/prophet_model-20251006154940.csv', 'method=optimize', 'algorithm=lbfgs', 'iter=10000']
[2025-10-06T15:49:40.905+0000] {logging_mixin.py:188} WARNING - 15:49:40 - cmdstanpy - INFO - Chain [1] start processing
[2025-10-06T15:49:40.905+0000] {model.py:2058} INFO - Chain [1] start processing
[2025-10-06T15:49:40.928+0000] {logging_mixin.py:188} WARNING - 15:49:40 - cmdstanpy - INFO - Chain [1] done processing
[2025-10-06T15:49:40.928+0000] {model.py:2115} INFO - Chain [1] done processing
[2025-10-06T15:49:41.351+0000] {_client.py:1025} INFO - HTTP Request: POST https://ytuiqgrpbwdxrmbzssrb.supabase.co/rest/v1/policy_recommendations "HTTP/2 201 Created"
[2025-10-06T15:49:41.354+0000] {forecasting.py:84} INFO - Forecast for product 25891601: 326 units (MAPE: 33.4%)
[2025-10-06T15:49:41.389+0000] {filesystem.py:118} DEBUG - input tempfile: /tmp/tmpxs36i397/t7ukjian.json
[2025-10-06T15:49:41.407+0000] {filesystem.py:118} DEBUG - input tempfile: /tmp/tmpxs36i397/4tm29jbc.json
[2025-10-06T15:49:41.411+0000] {model.py:2042} DEBUG - idx 0
[2025-10-06T15:49:41.412+0000] {model.py:2043} DEBUG - running CmdStan, num_threads: None
[2025-10-06T15:49:41.413+0000] {model.py:2055} DEBUG - CmdStan args: ['/home/***/.local/lib/python3.12/site-packages/prophet/stan_model/prophet_model.bin', 'random', 'seed=118', 'data', 'file=/tmp/tmpxs36i397/t7ukjian.json', 'init=/tmp/tmpxs36i397/4tm29jbc.json', 'output', 'file=/tmp/tmpxs36i397/prophet_modelxwr5mo02/prophet_model-20251006154941.csv', 'method=optimize', 'algorithm=lbfgs', 'iter=10000']
[2025-10-06T15:49:41.415+0000] {logging_mixin.py:188} WARNING - 15:49:41 - cmdstanpy - INFO - Chain [1] start processing
[2025-10-06T15:49:41.415+0000] {model.py:2058} INFO - Chain [1] start processing
[2025-10-06T15:49:41.436+0000] {logging_mixin.py:188} WARNING - 15:49:41 - cmdstanpy - INFO - Chain [1] done processing
[2025-10-06T15:49:41.435+0000] {model.py:2115} INFO - Chain [1] done processing
[2025-10-06T15:49:41.576+0000] {forecasting.py:68} WARNING - High MAPE (93.0%) for product 25891602 — forecast may be unreliable
[2025-10-06T15:49:41.814+0000] {_client.py:1025} INFO - HTTP Request: POST https://ytuiqgrpbwdxrmbzssrb.supabase.co/rest/v1/policy_recommendations "HTTP/2 201 Created"
[2025-10-06T15:49:41.817+0000] {forecasting.py:84} INFO - Forecast for product 25891602: 122 units (MAPE: 93.0%)
[2025-10-06T15:49:41.868+0000] {filesystem.py:118} DEBUG - input tempfile: /tmp/tmpxs36i397/0sj2asys.json
[2025-10-06T15:49:41.885+0000] {filesystem.py:118} DEBUG - input tempfile: /tmp/tmpxs36i397/_gqr024y.json
[2025-10-06T15:49:41.890+0000] {model.py:2042} DEBUG - idx 0
[2025-10-06T15:49:41.894+0000] {model.py:2043} DEBUG - running CmdStan, num_threads: None
[2025-10-06T15:49:41.895+0000] {model.py:2055} DEBUG - CmdStan args: ['/home/***/.local/lib/python3.12/site-packages/prophet/stan_model/prophet_model.bin', 'random', 'seed=56326', 'data', 'file=/tmp/tmpxs36i397/0sj2asys.json', 'init=/tmp/tmpxs36i397/_gqr024y.json', 'output', 'file=/tmp/tmpxs36i397/prophet_model4gg33d3t/prophet_model-20251006154941.csv', 'method=optimize', 'algorithm=lbfgs', 'iter=10000']
[2025-10-06T15:49:41.898+0000] {logging_mixin.py:188} WARNING - 15:49:41 - cmdstanpy - INFO - Chain [1] start processing
[2025-10-06T15:49:41.898+0000] {model.py:2058} INFO - Chain [1] start processing
[2025-10-06T15:49:41.921+0000] {logging_mixin.py:188} WARNING - 15:49:41 - cmdstanpy - INFO - Chain [1] done processing
[2025-10-06T15:49:41.921+0000] {model.py:2115} INFO - Chain [1] done processing
[2025-10-06T15:49:42.043+0000] {forecasting.py:68} WARNING - High MAPE (94.4%) for product 25891603 — forecast may be unreliable
[2025-10-06T15:49:42.290+0000] {_client.py:1025} INFO - HTTP Request: POST https://ytuiqgrpbwdxrmbzssrb.supabase.co/rest/v1/policy_recommendations "HTTP/2 201 Created"
[2025-10-06T15:49:42.293+0000] {forecasting.py:84} INFO - Forecast for product 25891603: 235 units (MAPE: 94.4%)
[2025-10-06T15:49:42.294+0000] {forecasting.py:91} INFO - Forecasting complete (18 products)
[2025-10-06T15:49:42.296+0000] {pipeline.py:26} INFO - Forecasting complete (18 products)
[2025-10-06T15:49:42.297+0000] {pipeline.py:28} INFO - Generating policy recommendations
[2025-10-06T15:49:42.298+0000] {pipeline.py:30} INFO - Pipeline completed successfully
[2025-10-06T15:49:42.300+0000] {python.py:237} INFO - Done. Returned value was: {'kpi_count': 35, 'forecast_count': 18}
[2025-10-06T15:49:42.302+0000] {taskinstance.py:441} INFO - ::group::Post task execution logs
[2025-10-06T15:49:42.375+0000] {taskinstance.py:1206} INFO - Marking task as SUCCESS. dag_id=supplychain_pipeline_dag, task_id=analytics_alerts_group.analytics, run_id=manual__2025-10-06T15:49:10.116265+00:00, execution_date=20251006T154910, start_date=20251006T154926, end_date=20251006T154942
[2025-10-06T15:49:42.490+0000] {local_task_job_runner.py:240} INFO - Task exited with return code 0
[2025-10-06T15:49:42.543+0000] {taskinstance.py:3503} INFO - 1 downstream tasks scheduled from follow-on schedule check
[2025-10-06T15:49:42.547+0000] {local_task_job_runner.py:222} INFO - ::endgroup::
