[2025-10-09T07:11:08.845+0000] {processor.py:161} INFO - Started process (PID=173) to work on /opt/airflow/dags/supplychain_pipeline_dag.py
[2025-10-09T07:11:08.850+0000] {processor.py:830} INFO - Processing file /opt/airflow/dags/supplychain_pipeline_dag.py for tasks to queue
[2025-10-09T07:11:08.860+0000] {logging_mixin.py:188} INFO - [2025-10-09T07:11:08.859+0000] {dagbag.py:545} INFO - Filling up the DagBag from /opt/airflow/dags/supplychain_pipeline_dag.py
[2025-10-09T07:11:12.429+0000] {logging_mixin.py:188} INFO - [2025-10-09T07:11:12.429+0000] {font_manager.py:1639} INFO - generated new fontManager
[2025-10-09T07:11:15.703+0000] {logging_mixin.py:188} INFO - [2025-10-09T07:11:15.703+0000] {config.py:75} INFO - Settings loaded (env=default)
[2025-10-09T07:11:16.262+0000] {processor.py:840} INFO - DAG(s) 'supplychain_pipeline_dag' retrieved from /opt/airflow/dags/supplychain_pipeline_dag.py
[2025-10-09T07:11:16.306+0000] {logging_mixin.py:188} INFO - [2025-10-09T07:11:16.305+0000] {dag.py:3096} INFO - Sync 1 DAGs
[2025-10-09T07:11:16.358+0000] {logging_mixin.py:188} INFO - [2025-10-09T07:11:16.357+0000] {dag.py:3954} INFO - Setting next_dagrun for supplychain_pipeline_dag to 2025-10-09 06:30:00+00:00, run_after=2025-10-09 07:00:00+00:00
[2025-10-09T07:11:16.409+0000] {processor.py:183} INFO - Processing /opt/airflow/dags/supplychain_pipeline_dag.py took 7.590 seconds
[2025-10-09T07:11:46.881+0000] {processor.py:161} INFO - Started process (PID=197) to work on /opt/airflow/dags/supplychain_pipeline_dag.py
[2025-10-09T07:11:46.886+0000] {processor.py:830} INFO - Processing file /opt/airflow/dags/supplychain_pipeline_dag.py for tasks to queue
[2025-10-09T07:11:46.894+0000] {logging_mixin.py:188} INFO - [2025-10-09T07:11:46.892+0000] {dagbag.py:545} INFO - Filling up the DagBag from /opt/airflow/dags/supplychain_pipeline_dag.py
[2025-10-09T07:11:51.942+0000] {logging_mixin.py:188} INFO - [2025-10-09T07:11:51.942+0000] {config.py:75} INFO - Settings loaded (env=default)
[2025-10-09T07:11:52.179+0000] {processor.py:840} INFO - DAG(s) 'supplychain_pipeline_dag' retrieved from /opt/airflow/dags/supplychain_pipeline_dag.py
[2025-10-09T07:11:52.758+0000] {logging_mixin.py:188} INFO - [2025-10-09T07:11:52.757+0000] {dag.py:3096} INFO - Sync 1 DAGs
[2025-10-09T07:11:52.798+0000] {logging_mixin.py:188} INFO - [2025-10-09T07:11:52.798+0000] {dag.py:3954} INFO - Setting next_dagrun for supplychain_pipeline_dag to 2025-10-09 06:30:00+00:00, run_after=2025-10-09 07:00:00+00:00
[2025-10-09T07:11:52.843+0000] {processor.py:183} INFO - Processing /opt/airflow/dags/supplychain_pipeline_dag.py took 5.984 seconds
[2025-10-09T07:12:23.253+0000] {processor.py:161} INFO - Started process (PID=238) to work on /opt/airflow/dags/supplychain_pipeline_dag.py
[2025-10-09T07:12:23.256+0000] {processor.py:830} INFO - Processing file /opt/airflow/dags/supplychain_pipeline_dag.py for tasks to queue
[2025-10-09T07:12:23.263+0000] {logging_mixin.py:188} INFO - [2025-10-09T07:12:23.262+0000] {dagbag.py:545} INFO - Filling up the DagBag from /opt/airflow/dags/supplychain_pipeline_dag.py
[2025-10-09T07:12:28.386+0000] {logging_mixin.py:188} INFO - [2025-10-09T07:12:28.385+0000] {config.py:75} INFO - Settings loaded (env=default)
[2025-10-09T07:12:28.673+0000] {processor.py:840} INFO - DAG(s) 'supplychain_pipeline_dag' retrieved from /opt/airflow/dags/supplychain_pipeline_dag.py
[2025-10-09T07:12:28.768+0000] {logging_mixin.py:188} INFO - [2025-10-09T07:12:28.767+0000] {dag.py:3096} INFO - Sync 1 DAGs
[2025-10-09T07:12:28.833+0000] {logging_mixin.py:188} INFO - [2025-10-09T07:12:28.833+0000] {dag.py:3954} INFO - Setting next_dagrun for supplychain_pipeline_dag to 2025-10-09 07:00:00+00:00, run_after=2025-10-09 07:30:00+00:00
[2025-10-09T07:12:28.887+0000] {processor.py:183} INFO - Processing /opt/airflow/dags/supplychain_pipeline_dag.py took 5.652 seconds
[2025-10-09T07:12:59.380+0000] {processor.py:161} INFO - Started process (PID=331) to work on /opt/airflow/dags/supplychain_pipeline_dag.py
[2025-10-09T07:12:59.384+0000] {processor.py:830} INFO - Processing file /opt/airflow/dags/supplychain_pipeline_dag.py for tasks to queue
[2025-10-09T07:12:59.393+0000] {logging_mixin.py:188} INFO - [2025-10-09T07:12:59.391+0000] {dagbag.py:545} INFO - Filling up the DagBag from /opt/airflow/dags/supplychain_pipeline_dag.py
[2025-10-09T07:13:04.630+0000] {logging_mixin.py:188} INFO - [2025-10-09T07:13:04.630+0000] {config.py:75} INFO - Settings loaded (env=default)
[2025-10-09T07:13:04.897+0000] {processor.py:840} INFO - DAG(s) 'supplychain_pipeline_dag' retrieved from /opt/airflow/dags/supplychain_pipeline_dag.py
[2025-10-09T07:13:04.992+0000] {logging_mixin.py:188} INFO - [2025-10-09T07:13:04.992+0000] {dag.py:3096} INFO - Sync 1 DAGs
[2025-10-09T07:13:05.054+0000] {logging_mixin.py:188} INFO - [2025-10-09T07:13:05.054+0000] {dag.py:3954} INFO - Setting next_dagrun for supplychain_pipeline_dag to 2025-10-09 07:00:00+00:00, run_after=2025-10-09 07:30:00+00:00
[2025-10-09T07:13:05.114+0000] {processor.py:183} INFO - Processing /opt/airflow/dags/supplychain_pipeline_dag.py took 5.876 seconds
[2025-10-09T07:13:35.694+0000] {processor.py:161} INFO - Started process (PID=389) to work on /opt/airflow/dags/supplychain_pipeline_dag.py
[2025-10-09T07:13:35.697+0000] {processor.py:830} INFO - Processing file /opt/airflow/dags/supplychain_pipeline_dag.py for tasks to queue
[2025-10-09T07:13:35.705+0000] {logging_mixin.py:188} INFO - [2025-10-09T07:13:35.703+0000] {dagbag.py:545} INFO - Filling up the DagBag from /opt/airflow/dags/supplychain_pipeline_dag.py
[2025-10-09T07:13:40.771+0000] {logging_mixin.py:188} INFO - [2025-10-09T07:13:40.771+0000] {config.py:75} INFO - Settings loaded (env=default)
[2025-10-09T07:13:41.005+0000] {processor.py:840} INFO - DAG(s) 'supplychain_pipeline_dag' retrieved from /opt/airflow/dags/supplychain_pipeline_dag.py
[2025-10-09T07:13:41.093+0000] {logging_mixin.py:188} INFO - [2025-10-09T07:13:41.092+0000] {dag.py:3096} INFO - Sync 1 DAGs
[2025-10-09T07:13:41.146+0000] {logging_mixin.py:188} INFO - [2025-10-09T07:13:41.145+0000] {dag.py:3954} INFO - Setting next_dagrun for supplychain_pipeline_dag to 2025-10-09 07:00:00+00:00, run_after=2025-10-09 07:30:00+00:00
[2025-10-09T07:13:41.204+0000] {processor.py:183} INFO - Processing /opt/airflow/dags/supplychain_pipeline_dag.py took 5.531 seconds
[2025-10-09T07:14:11.800+0000] {processor.py:161} INFO - Started process (PID=421) to work on /opt/airflow/dags/supplychain_pipeline_dag.py
[2025-10-09T07:14:11.804+0000] {processor.py:830} INFO - Processing file /opt/airflow/dags/supplychain_pipeline_dag.py for tasks to queue
[2025-10-09T07:14:11.811+0000] {logging_mixin.py:188} INFO - [2025-10-09T07:14:11.810+0000] {dagbag.py:545} INFO - Filling up the DagBag from /opt/airflow/dags/supplychain_pipeline_dag.py
[2025-10-09T07:14:16.885+0000] {logging_mixin.py:188} INFO - [2025-10-09T07:14:16.884+0000] {config.py:75} INFO - Settings loaded (env=default)
[2025-10-09T07:14:17.118+0000] {processor.py:840} INFO - DAG(s) 'supplychain_pipeline_dag' retrieved from /opt/airflow/dags/supplychain_pipeline_dag.py
[2025-10-09T07:14:17.208+0000] {logging_mixin.py:188} INFO - [2025-10-09T07:14:17.207+0000] {dag.py:3096} INFO - Sync 1 DAGs
[2025-10-09T07:14:17.257+0000] {logging_mixin.py:188} INFO - [2025-10-09T07:14:17.257+0000] {dag.py:3954} INFO - Setting next_dagrun for supplychain_pipeline_dag to 2025-10-09 07:00:00+00:00, run_after=2025-10-09 07:30:00+00:00
[2025-10-09T07:14:17.314+0000] {processor.py:183} INFO - Processing /opt/airflow/dags/supplychain_pipeline_dag.py took 5.536 seconds
[2025-10-09T07:14:47.746+0000] {processor.py:161} INFO - Started process (PID=459) to work on /opt/airflow/dags/supplychain_pipeline_dag.py
[2025-10-09T07:14:47.750+0000] {processor.py:830} INFO - Processing file /opt/airflow/dags/supplychain_pipeline_dag.py for tasks to queue
[2025-10-09T07:14:47.757+0000] {logging_mixin.py:188} INFO - [2025-10-09T07:14:47.755+0000] {dagbag.py:545} INFO - Filling up the DagBag from /opt/airflow/dags/supplychain_pipeline_dag.py
[2025-10-09T07:14:52.782+0000] {logging_mixin.py:188} INFO - [2025-10-09T07:14:52.782+0000] {config.py:75} INFO - Settings loaded (env=default)
[2025-10-09T07:14:53.014+0000] {processor.py:840} INFO - DAG(s) 'supplychain_pipeline_dag' retrieved from /opt/airflow/dags/supplychain_pipeline_dag.py
[2025-10-09T07:14:53.108+0000] {logging_mixin.py:188} INFO - [2025-10-09T07:14:53.107+0000] {dag.py:3096} INFO - Sync 1 DAGs
[2025-10-09T07:14:53.163+0000] {logging_mixin.py:188} INFO - [2025-10-09T07:14:53.162+0000] {dag.py:3954} INFO - Setting next_dagrun for supplychain_pipeline_dag to 2025-10-09 07:00:00+00:00, run_after=2025-10-09 07:30:00+00:00
[2025-10-09T07:14:53.207+0000] {processor.py:183} INFO - Processing /opt/airflow/dags/supplychain_pipeline_dag.py took 5.480 seconds
[2025-10-09T07:15:23.753+0000] {processor.py:161} INFO - Started process (PID=481) to work on /opt/airflow/dags/supplychain_pipeline_dag.py
[2025-10-09T07:15:23.756+0000] {processor.py:830} INFO - Processing file /opt/airflow/dags/supplychain_pipeline_dag.py for tasks to queue
[2025-10-09T07:15:23.762+0000] {logging_mixin.py:188} INFO - [2025-10-09T07:15:23.761+0000] {dagbag.py:545} INFO - Filling up the DagBag from /opt/airflow/dags/supplychain_pipeline_dag.py
[2025-10-09T07:15:28.516+0000] {logging_mixin.py:188} INFO - [2025-10-09T07:15:28.515+0000] {config.py:75} INFO - Settings loaded (env=default)
[2025-10-09T07:15:28.726+0000] {processor.py:840} INFO - DAG(s) 'supplychain_pipeline_dag' retrieved from /opt/airflow/dags/supplychain_pipeline_dag.py
[2025-10-09T07:15:28.819+0000] {logging_mixin.py:188} INFO - [2025-10-09T07:15:28.817+0000] {dag.py:3096} INFO - Sync 1 DAGs
[2025-10-09T07:15:28.864+0000] {logging_mixin.py:188} INFO - [2025-10-09T07:15:28.864+0000] {dag.py:3954} INFO - Setting next_dagrun for supplychain_pipeline_dag to 2025-10-09 07:00:00+00:00, run_after=2025-10-09 07:30:00+00:00
[2025-10-09T07:15:28.909+0000] {processor.py:183} INFO - Processing /opt/airflow/dags/supplychain_pipeline_dag.py took 5.178 seconds
[2025-10-09T07:15:59.365+0000] {processor.py:161} INFO - Started process (PID=503) to work on /opt/airflow/dags/supplychain_pipeline_dag.py
[2025-10-09T07:15:59.368+0000] {processor.py:830} INFO - Processing file /opt/airflow/dags/supplychain_pipeline_dag.py for tasks to queue
[2025-10-09T07:15:59.376+0000] {logging_mixin.py:188} INFO - [2025-10-09T07:15:59.375+0000] {dagbag.py:545} INFO - Filling up the DagBag from /opt/airflow/dags/supplychain_pipeline_dag.py
[2025-10-09T07:16:03.933+0000] {logging_mixin.py:188} INFO - [2025-10-09T07:16:03.932+0000] {config.py:75} INFO - Settings loaded (env=default)
[2025-10-09T07:16:04.163+0000] {processor.py:840} INFO - DAG(s) 'supplychain_pipeline_dag' retrieved from /opt/airflow/dags/supplychain_pipeline_dag.py
[2025-10-09T07:16:04.248+0000] {logging_mixin.py:188} INFO - [2025-10-09T07:16:04.247+0000] {dag.py:3096} INFO - Sync 1 DAGs
[2025-10-09T07:16:04.298+0000] {logging_mixin.py:188} INFO - [2025-10-09T07:16:04.298+0000] {dag.py:3954} INFO - Setting next_dagrun for supplychain_pipeline_dag to 2025-10-09 07:00:00+00:00, run_after=2025-10-09 07:30:00+00:00
[2025-10-09T07:16:04.352+0000] {processor.py:183} INFO - Processing /opt/airflow/dags/supplychain_pipeline_dag.py took 5.104 seconds
[2025-10-09T07:16:34.630+0000] {processor.py:161} INFO - Started process (PID=525) to work on /opt/airflow/dags/supplychain_pipeline_dag.py
[2025-10-09T07:16:34.634+0000] {processor.py:830} INFO - Processing file /opt/airflow/dags/supplychain_pipeline_dag.py for tasks to queue
[2025-10-09T07:16:34.642+0000] {logging_mixin.py:188} INFO - [2025-10-09T07:16:34.640+0000] {dagbag.py:545} INFO - Filling up the DagBag from /opt/airflow/dags/supplychain_pipeline_dag.py
[2025-10-09T07:16:39.260+0000] {logging_mixin.py:188} INFO - [2025-10-09T07:16:39.260+0000] {config.py:75} INFO - Settings loaded (env=default)
[2025-10-09T07:16:39.489+0000] {processor.py:840} INFO - DAG(s) 'supplychain_pipeline_dag' retrieved from /opt/airflow/dags/supplychain_pipeline_dag.py
[2025-10-09T07:16:39.571+0000] {logging_mixin.py:188} INFO - [2025-10-09T07:16:39.570+0000] {dag.py:3096} INFO - Sync 1 DAGs
[2025-10-09T07:16:39.622+0000] {logging_mixin.py:188} INFO - [2025-10-09T07:16:39.622+0000] {dag.py:3954} INFO - Setting next_dagrun for supplychain_pipeline_dag to 2025-10-09 07:00:00+00:00, run_after=2025-10-09 07:30:00+00:00
[2025-10-09T07:16:39.672+0000] {processor.py:183} INFO - Processing /opt/airflow/dags/supplychain_pipeline_dag.py took 5.060 seconds
[2025-10-09T07:17:09.987+0000] {processor.py:161} INFO - Started process (PID=547) to work on /opt/airflow/dags/supplychain_pipeline_dag.py
[2025-10-09T07:17:09.991+0000] {processor.py:830} INFO - Processing file /opt/airflow/dags/supplychain_pipeline_dag.py for tasks to queue
[2025-10-09T07:17:09.996+0000] {logging_mixin.py:188} INFO - [2025-10-09T07:17:09.995+0000] {dagbag.py:545} INFO - Filling up the DagBag from /opt/airflow/dags/supplychain_pipeline_dag.py
[2025-10-09T07:17:14.742+0000] {logging_mixin.py:188} INFO - [2025-10-09T07:17:14.741+0000] {config.py:75} INFO - Settings loaded (env=default)
[2025-10-09T07:17:14.955+0000] {processor.py:840} INFO - DAG(s) 'supplychain_pipeline_dag' retrieved from /opt/airflow/dags/supplychain_pipeline_dag.py
[2025-10-09T07:17:15.043+0000] {logging_mixin.py:188} INFO - [2025-10-09T07:17:15.042+0000] {dag.py:3096} INFO - Sync 1 DAGs
[2025-10-09T07:17:15.092+0000] {logging_mixin.py:188} INFO - [2025-10-09T07:17:15.091+0000] {dag.py:3954} INFO - Setting next_dagrun for supplychain_pipeline_dag to 2025-10-09 07:00:00+00:00, run_after=2025-10-09 07:30:00+00:00
[2025-10-09T07:17:15.136+0000] {processor.py:183} INFO - Processing /opt/airflow/dags/supplychain_pipeline_dag.py took 5.165 seconds
[2025-10-09T07:17:45.431+0000] {processor.py:161} INFO - Started process (PID=569) to work on /opt/airflow/dags/supplychain_pipeline_dag.py
[2025-10-09T07:17:45.435+0000] {processor.py:830} INFO - Processing file /opt/airflow/dags/supplychain_pipeline_dag.py for tasks to queue
[2025-10-09T07:17:45.442+0000] {logging_mixin.py:188} INFO - [2025-10-09T07:17:45.441+0000] {dagbag.py:545} INFO - Filling up the DagBag from /opt/airflow/dags/supplychain_pipeline_dag.py
[2025-10-09T07:17:50.194+0000] {logging_mixin.py:188} INFO - [2025-10-09T07:17:50.194+0000] {config.py:75} INFO - Settings loaded (env=default)
[2025-10-09T07:17:50.493+0000] {processor.py:840} INFO - DAG(s) 'supplychain_pipeline_dag' retrieved from /opt/airflow/dags/supplychain_pipeline_dag.py
[2025-10-09T07:17:50.609+0000] {logging_mixin.py:188} INFO - [2025-10-09T07:17:50.607+0000] {dag.py:3096} INFO - Sync 1 DAGs
[2025-10-09T07:17:50.706+0000] {logging_mixin.py:188} INFO - [2025-10-09T07:17:50.705+0000] {dag.py:3954} INFO - Setting next_dagrun for supplychain_pipeline_dag to 2025-10-09 07:00:00+00:00, run_after=2025-10-09 07:30:00+00:00
[2025-10-09T07:17:50.802+0000] {processor.py:183} INFO - Processing /opt/airflow/dags/supplychain_pipeline_dag.py took 5.387 seconds
[2025-10-09T07:18:21.533+0000] {processor.py:161} INFO - Started process (PID=591) to work on /opt/airflow/dags/supplychain_pipeline_dag.py
[2025-10-09T07:18:21.537+0000] {processor.py:830} INFO - Processing file /opt/airflow/dags/supplychain_pipeline_dag.py for tasks to queue
[2025-10-09T07:18:21.543+0000] {logging_mixin.py:188} INFO - [2025-10-09T07:18:21.542+0000] {dagbag.py:545} INFO - Filling up the DagBag from /opt/airflow/dags/supplychain_pipeline_dag.py
[2025-10-09T07:18:26.428+0000] {logging_mixin.py:188} INFO - [2025-10-09T07:18:26.428+0000] {config.py:75} INFO - Settings loaded (env=default)
[2025-10-09T07:18:26.681+0000] {processor.py:840} INFO - DAG(s) 'supplychain_pipeline_dag' retrieved from /opt/airflow/dags/supplychain_pipeline_dag.py
[2025-10-09T07:18:26.768+0000] {logging_mixin.py:188} INFO - [2025-10-09T07:18:26.767+0000] {dag.py:3096} INFO - Sync 1 DAGs
[2025-10-09T07:18:26.821+0000] {logging_mixin.py:188} INFO - [2025-10-09T07:18:26.821+0000] {dag.py:3954} INFO - Setting next_dagrun for supplychain_pipeline_dag to 2025-10-09 07:00:00+00:00, run_after=2025-10-09 07:30:00+00:00
[2025-10-09T07:18:26.880+0000] {processor.py:183} INFO - Processing /opt/airflow/dags/supplychain_pipeline_dag.py took 5.365 seconds
[2025-10-09T07:18:57.406+0000] {processor.py:161} INFO - Started process (PID=613) to work on /opt/airflow/dags/supplychain_pipeline_dag.py
[2025-10-09T07:18:57.417+0000] {processor.py:830} INFO - Processing file /opt/airflow/dags/supplychain_pipeline_dag.py for tasks to queue
[2025-10-09T07:18:57.424+0000] {logging_mixin.py:188} INFO - [2025-10-09T07:18:57.423+0000] {dagbag.py:545} INFO - Filling up the DagBag from /opt/airflow/dags/supplychain_pipeline_dag.py
[2025-10-09T07:19:01.749+0000] {logging_mixin.py:188} INFO - [2025-10-09T07:19:01.748+0000] {config.py:75} INFO - Settings loaded (env=default)
[2025-10-09T07:19:01.959+0000] {processor.py:840} INFO - DAG(s) 'supplychain_pipeline_dag' retrieved from /opt/airflow/dags/supplychain_pipeline_dag.py
[2025-10-09T07:19:02.036+0000] {logging_mixin.py:188} INFO - [2025-10-09T07:19:02.036+0000] {dag.py:3096} INFO - Sync 1 DAGs
[2025-10-09T07:19:02.083+0000] {logging_mixin.py:188} INFO - [2025-10-09T07:19:02.083+0000] {dag.py:3954} INFO - Setting next_dagrun for supplychain_pipeline_dag to 2025-10-09 07:00:00+00:00, run_after=2025-10-09 07:30:00+00:00
[2025-10-09T07:19:02.125+0000] {processor.py:183} INFO - Processing /opt/airflow/dags/supplychain_pipeline_dag.py took 4.833 seconds
[2025-10-09T07:19:32.642+0000] {processor.py:161} INFO - Started process (PID=635) to work on /opt/airflow/dags/supplychain_pipeline_dag.py
[2025-10-09T07:19:32.646+0000] {processor.py:830} INFO - Processing file /opt/airflow/dags/supplychain_pipeline_dag.py for tasks to queue
[2025-10-09T07:19:32.652+0000] {logging_mixin.py:188} INFO - [2025-10-09T07:19:32.650+0000] {dagbag.py:545} INFO - Filling up the DagBag from /opt/airflow/dags/supplychain_pipeline_dag.py
[2025-10-09T07:19:38.032+0000] {logging_mixin.py:188} INFO - [2025-10-09T07:19:38.030+0000] {config.py:75} INFO - Settings loaded (env=default)
[2025-10-09T07:19:38.300+0000] {processor.py:840} INFO - DAG(s) 'supplychain_pipeline_dag' retrieved from /opt/airflow/dags/supplychain_pipeline_dag.py
[2025-10-09T07:19:38.401+0000] {logging_mixin.py:188} INFO - [2025-10-09T07:19:38.400+0000] {dag.py:3096} INFO - Sync 1 DAGs
[2025-10-09T07:19:38.460+0000] {logging_mixin.py:188} INFO - [2025-10-09T07:19:38.459+0000] {dag.py:3954} INFO - Setting next_dagrun for supplychain_pipeline_dag to 2025-10-09 07:00:00+00:00, run_after=2025-10-09 07:30:00+00:00
[2025-10-09T07:19:38.516+0000] {processor.py:183} INFO - Processing /opt/airflow/dags/supplychain_pipeline_dag.py took 5.891 seconds
[2025-10-09T08:31:48.575+0000] {processor.py:161} INFO - Started process (PID=657) to work on /opt/airflow/dags/supplychain_pipeline_dag.py
[2025-10-09T08:31:48.596+0000] {processor.py:830} INFO - Processing file /opt/airflow/dags/supplychain_pipeline_dag.py for tasks to queue
[2025-10-09T08:31:48.638+0000] {logging_mixin.py:188} INFO - [2025-10-09T08:31:48.630+0000] {dagbag.py:545} INFO - Filling up the DagBag from /opt/airflow/dags/supplychain_pipeline_dag.py
[2025-10-09T08:31:59.877+0000] {logging_mixin.py:188} INFO - [2025-10-09T08:31:59.876+0000] {config.py:75} INFO - Settings loaded (env=default)
[2025-10-09T08:32:00.165+0000] {processor.py:840} INFO - DAG(s) 'supplychain_pipeline_dag' retrieved from /opt/airflow/dags/supplychain_pipeline_dag.py
[2025-10-09T08:32:00.283+0000] {logging_mixin.py:188} INFO - [2025-10-09T08:32:00.281+0000] {dag.py:3096} INFO - Sync 1 DAGs
[2025-10-09T08:32:00.406+0000] {logging_mixin.py:188} INFO - [2025-10-09T08:32:00.405+0000] {dag.py:3954} INFO - Setting next_dagrun for supplychain_pipeline_dag to 2025-10-09 08:00:00+00:00, run_after=2025-10-09 08:30:00+00:00
[2025-10-09T08:32:00.496+0000] {processor.py:183} INFO - Processing /opt/airflow/dags/supplychain_pipeline_dag.py took 11.990 seconds
