[2025-10-06T15:39:55.325+0000] {local_task_job_runner.py:120} INFO - ::group::Pre task execution logs
[2025-10-06T15:39:55.364+0000] {taskinstance.py:2076} INFO - Dependencies all met for dep_context=non-requeueable deps ti=<TaskInstance: supplychain_pipeline_dag.analytics_alerts_group.alerts manual__2025-10-05T18:40:41.855851+00:00 [queued]>
[2025-10-06T15:39:55.383+0000] {taskinstance.py:2076} INFO - Dependencies all met for dep_context=requeueable deps ti=<TaskInstance: supplychain_pipeline_dag.analytics_alerts_group.alerts manual__2025-10-05T18:40:41.855851+00:00 [queued]>
[2025-10-06T15:39:55.385+0000] {taskinstance.py:2306} INFO - Starting attempt 3 of 6
[2025-10-06T15:39:55.418+0000] {taskinstance.py:2330} INFO - Executing <Task(PythonVirtualenvOperator): analytics_alerts_group.alerts> on 2025-10-05 18:40:41.855851+00:00
[2025-10-06T15:39:55.469+0000] {standard_task_runner.py:90} INFO - Running: ['***', 'tasks', 'run', 'supplychain_pipeline_dag', 'analytics_alerts_group.alerts', 'manual__2025-10-05T18:40:41.855851+00:00', '--job-id', '53', '--raw', '--subdir', 'DAGS_FOLDER/supplychain_pipeline_dag.py', '--cfg-path', '/tmp/tmpuovjifle']
[2025-10-06T15:39:55.486+0000] {standard_task_runner.py:91} INFO - Job 53: Subtask analytics_alerts_group.alerts
[2025-10-06T15:39:55.498+0000] {logging_mixin.py:188} WARNING - /home/***/.local/lib/python3.12/site-packages/***/task/task_runner/standard_task_runner.py:61 DeprecationWarning: This process (pid=461) is multi-threaded, use of fork() may lead to deadlocks in the child.
[2025-10-06T15:39:55.501+0000] {standard_task_runner.py:63} INFO - Started process 497 to run task
[2025-10-06T15:39:55.675+0000] {task_command.py:426} INFO - Running <TaskInstance: supplychain_pipeline_dag.analytics_alerts_group.alerts manual__2025-10-05T18:40:41.855851+00:00 [running]> on host 843049cc59c8
[2025-10-06T15:39:55.905+0000] {taskinstance.py:2648} INFO - Exporting env vars: AIRFLOW_CTX_DAG_OWNER='***' AIRFLOW_CTX_DAG_ID='supplychain_pipeline_dag' AIRFLOW_CTX_TASK_ID='analytics_alerts_group.alerts' AIRFLOW_CTX_EXECUTION_DATE='2025-10-05T18:40:41.855851+00:00' AIRFLOW_CTX_TRY_NUMBER='3' AIRFLOW_CTX_DAG_RUN_ID='manual__2025-10-05T18:40:41.855851+00:00'
[2025-10-06T15:39:55.909+0000] {taskinstance.py:430} INFO - ::endgroup::
[2025-10-06T15:39:55.952+0000] {baseoperator.py:400} WARNING - PythonVirtualenvOperator.execute cannot be called outside TaskInstance!
[2025-10-06T15:39:55.959+0000] {process_utils.py:183} INFO - Executing cmd: /home/***/.local/bin/python -m virtualenv /tmp/venvp959uk8p --python=python3.12
[2025-10-06T15:39:55.963+0000] {process_utils.py:187} INFO - Output:
[2025-10-06T15:39:57.877+0000] {process_utils.py:191} INFO - created virtual environment CPython3.12.4.final.0-64 in 801ms
[2025-10-06T15:39:57.878+0000] {process_utils.py:191} INFO -   creator CPython3Posix(dest=/tmp/venvp959uk8p, clear=False, no_vcs_ignore=False, global=False)
[2025-10-06T15:39:57.880+0000] {process_utils.py:191} INFO -   seeder FromAppData(download=False, pip=bundle, via=copy, app_data_dir=/home/***/.local/share/virtualenv)
[2025-10-06T15:39:57.881+0000] {process_utils.py:191} INFO -     added seed packages: pip==25.2
[2025-10-06T15:39:57.883+0000] {process_utils.py:191} INFO -   activators BashActivator,CShellActivator,FishActivator,NushellActivator,PowerShellActivator,PythonActivator
[2025-10-06T15:39:57.946+0000] {process_utils.py:183} INFO - Executing cmd: /tmp/venvp959uk8p/bin/pip install -r /tmp/venvp959uk8p/requirements.txt
[2025-10-06T15:39:57.949+0000] {process_utils.py:187} INFO - Output:
[2025-10-06T15:40:02.062+0000] {process_utils.py:191} INFO - Collecting numpy>=1.26.0 (from -r /tmp/venvp959uk8p/requirements.txt (line 1))
[2025-10-06T15:40:02.066+0000] {process_utils.py:191} INFO -   Using cached numpy-2.3.3-cp312-cp312-manylinux_2_27_x86_64.manylinux_2_28_x86_64.whl.metadata (62 kB)
[2025-10-06T15:40:02.430+0000] {process_utils.py:191} INFO - Collecting pandas<2.2,>=1.2.5 (from -r /tmp/venvp959uk8p/requirements.txt (line 2))
[2025-10-06T15:40:02.435+0000] {process_utils.py:191} INFO -   Using cached pandas-2.1.4-cp312-cp312-manylinux_2_17_x86_64.manylinux2014_x86_64.whl.metadata (18 kB)
[2025-10-06T15:40:02.926+0000] {process_utils.py:191} INFO - Collecting plotly>=5.0.0 (from -r /tmp/venvp959uk8p/requirements.txt (line 3))
[2025-10-06T15:40:02.932+0000] {process_utils.py:191} INFO -   Using cached plotly-6.3.1-py3-none-any.whl.metadata (8.5 kB)
[2025-10-06T15:40:03.235+0000] {process_utils.py:191} INFO - Collecting psycopg2-binary>=2.9.0 (from -r /tmp/venvp959uk8p/requirements.txt (line 4))
[2025-10-06T15:40:03.239+0000] {process_utils.py:191} INFO -   Using cached psycopg2_binary-2.9.10-cp312-cp312-manylinux_2_17_x86_64.manylinux2014_x86_64.whl.metadata (4.9 kB)
[2025-10-06T15:40:03.410+0000] {process_utils.py:191} INFO - Collecting python-dotenv>=1.0.0 (from -r /tmp/venvp959uk8p/requirements.txt (line 5))
[2025-10-06T15:40:03.416+0000] {process_utils.py:191} INFO -   Using cached python_dotenv-1.1.1-py3-none-any.whl.metadata (24 kB)
[2025-10-06T15:40:04.378+0000] {process_utils.py:191} INFO - Collecting sqlalchemy>=2.0 (from -r /tmp/venvp959uk8p/requirements.txt (line 6))
[2025-10-06T15:40:04.382+0000] {process_utils.py:191} INFO -   Using cached sqlalchemy-2.0.43-cp312-cp312-manylinux_2_17_x86_64.manylinux2014_x86_64.whl.metadata (9.6 kB)
[2025-10-06T15:40:04.438+0000] {process_utils.py:191} INFO - Collecting numpy>=1.26.0 (from -r /tmp/venvp959uk8p/requirements.txt (line 1))
[2025-10-06T15:40:04.445+0000] {process_utils.py:191} INFO -   Using cached numpy-1.26.4-cp312-cp312-manylinux_2_17_x86_64.manylinux2014_x86_64.whl.metadata (61 kB)
[2025-10-06T15:40:04.634+0000] {process_utils.py:191} INFO - Collecting python-dateutil>=2.8.2 (from pandas<2.2,>=1.2.5->-r /tmp/venvp959uk8p/requirements.txt (line 2))
[2025-10-06T15:40:04.643+0000] {process_utils.py:191} INFO -   Using cached python_dateutil-2.9.0.post0-py2.py3-none-any.whl.metadata (8.4 kB)
[2025-10-06T15:40:04.868+0000] {process_utils.py:191} INFO - Collecting pytz>=2020.1 (from pandas<2.2,>=1.2.5->-r /tmp/venvp959uk8p/requirements.txt (line 2))
[2025-10-06T15:40:04.872+0000] {process_utils.py:191} INFO -   Using cached pytz-2025.2-py2.py3-none-any.whl.metadata (22 kB)
[2025-10-06T15:40:04.998+0000] {process_utils.py:191} INFO - Collecting tzdata>=2022.1 (from pandas<2.2,>=1.2.5->-r /tmp/venvp959uk8p/requirements.txt (line 2))
[2025-10-06T15:40:05.002+0000] {process_utils.py:191} INFO -   Using cached tzdata-2025.2-py2.py3-none-any.whl.metadata (1.4 kB)
[2025-10-06T15:40:05.194+0000] {process_utils.py:191} INFO - Collecting narwhals>=1.15.1 (from plotly>=5.0.0->-r /tmp/venvp959uk8p/requirements.txt (line 3))
[2025-10-06T15:40:05.738+0000] {process_utils.py:191} INFO -   Downloading narwhals-2.7.0-py3-none-any.whl.metadata (11 kB)
[2025-10-06T15:40:05.852+0000] {process_utils.py:191} INFO - Collecting packaging (from plotly>=5.0.0->-r /tmp/venvp959uk8p/requirements.txt (line 3))
[2025-10-06T15:40:05.869+0000] {process_utils.py:191} INFO -   Using cached packaging-25.0-py3-none-any.whl.metadata (3.3 kB)
[2025-10-06T15:40:06.238+0000] {process_utils.py:191} INFO - Collecting greenlet>=1 (from sqlalchemy>=2.0->-r /tmp/venvp959uk8p/requirements.txt (line 6))
[2025-10-06T15:40:06.242+0000] {process_utils.py:191} INFO -   Using cached greenlet-3.2.4-cp312-cp312-manylinux_2_24_x86_64.manylinux_2_28_x86_64.whl.metadata (4.1 kB)
[2025-10-06T15:40:06.411+0000] {process_utils.py:191} INFO - Collecting typing-extensions>=4.6.0 (from sqlalchemy>=2.0->-r /tmp/venvp959uk8p/requirements.txt (line 6))
[2025-10-06T15:40:06.415+0000] {process_utils.py:191} INFO -   Using cached typing_extensions-4.15.0-py3-none-any.whl.metadata (3.3 kB)
[2025-10-06T15:40:06.646+0000] {process_utils.py:191} INFO - Collecting six>=1.5 (from python-dateutil>=2.8.2->pandas<2.2,>=1.2.5->-r /tmp/venvp959uk8p/requirements.txt (line 2))
[2025-10-06T15:40:06.650+0000] {process_utils.py:191} INFO -   Using cached six-1.17.0-py2.py3-none-any.whl.metadata (1.7 kB)
[2025-10-06T15:40:06.672+0000] {process_utils.py:191} INFO - Using cached pandas-2.1.4-cp312-cp312-manylinux_2_17_x86_64.manylinux2014_x86_64.whl (11.7 MB)
[2025-10-06T15:40:06.743+0000] {process_utils.py:191} INFO - Using cached numpy-1.26.4-cp312-cp312-manylinux_2_17_x86_64.manylinux2014_x86_64.whl (18.0 MB)
[2025-10-06T15:40:06.852+0000] {process_utils.py:191} INFO - Using cached plotly-6.3.1-py3-none-any.whl (9.8 MB)
[2025-10-06T15:40:06.909+0000] {process_utils.py:191} INFO - Using cached psycopg2_binary-2.9.10-cp312-cp312-manylinux_2_17_x86_64.manylinux2014_x86_64.whl (3.0 MB)
[2025-10-06T15:40:06.941+0000] {process_utils.py:191} INFO - Using cached python_dotenv-1.1.1-py3-none-any.whl (20 kB)
[2025-10-06T15:40:06.950+0000] {process_utils.py:191} INFO - Using cached sqlalchemy-2.0.43-cp312-cp312-manylinux_2_17_x86_64.manylinux2014_x86_64.whl (3.3 MB)
[2025-10-06T15:40:06.983+0000] {process_utils.py:191} INFO - Using cached greenlet-3.2.4-cp312-cp312-manylinux_2_24_x86_64.manylinux_2_28_x86_64.whl (607 kB)
[2025-10-06T15:40:07.143+0000] {process_utils.py:191} INFO - Downloading narwhals-2.7.0-py3-none-any.whl (412 kB)
[2025-10-06T15:40:07.465+0000] {process_utils.py:191} INFO - Using cached python_dateutil-2.9.0.post0-py2.py3-none-any.whl (229 kB)
[2025-10-06T15:40:07.473+0000] {process_utils.py:191} INFO - Using cached pytz-2025.2-py2.py3-none-any.whl (509 kB)
[2025-10-06T15:40:07.484+0000] {process_utils.py:191} INFO - Using cached six-1.17.0-py2.py3-none-any.whl (11 kB)
[2025-10-06T15:40:07.490+0000] {process_utils.py:191} INFO - Using cached typing_extensions-4.15.0-py3-none-any.whl (44 kB)
[2025-10-06T15:40:07.496+0000] {process_utils.py:191} INFO - Using cached tzdata-2025.2-py2.py3-none-any.whl (347 kB)
[2025-10-06T15:40:07.505+0000] {process_utils.py:191} INFO - Using cached packaging-25.0-py3-none-any.whl (66 kB)
[2025-10-06T15:40:07.827+0000] {process_utils.py:191} INFO - Installing collected packages: pytz, tzdata, typing-extensions, six, python-dotenv, psycopg2-binary, packaging, numpy, narwhals, greenlet, sqlalchemy, python-dateutil, plotly, pandas
[2025-10-06T15:40:39.424+0000] {process_utils.py:191} INFO - 
[2025-10-06T15:40:39.436+0000] {process_utils.py:191} INFO - Successfully installed greenlet-3.2.4 narwhals-2.7.0 numpy-1.26.4 packaging-25.0 pandas-2.1.4 plotly-6.3.1 psycopg2-binary-2.9.10 python-dateutil-2.9.0.post0 python-dotenv-1.1.1 pytz-2025.2 six-1.17.0 sqlalchemy-2.0.43 typing-extensions-4.15.0 tzdata-2025.2
[2025-10-06T15:40:40.433+0000] {process_utils.py:183} INFO - Executing cmd: /tmp/venvp959uk8p/bin/python /tmp/venv-calljrh2r19f/script.py /tmp/venv-calljrh2r19f/script.in /tmp/venv-calljrh2r19f/script.out /tmp/venv-calljrh2r19f/string_args.txt /tmp/venv-calljrh2r19f/termination.log
[2025-10-06T15:40:40.436+0000] {process_utils.py:187} INFO - Output:
[2025-10-06T15:43:15.634+0000] {process_utils.py:191} INFO - ERROR - KPI graph failed:
[2025-10-06T15:43:15.638+0000] {process_utils.py:191} INFO - Image export using the "kaleido" engine requires the Kaleido package,
[2025-10-06T15:43:15.639+0000] {process_utils.py:191} INFO - which can be installed using pip:
[2025-10-06T15:43:15.641+0000] {process_utils.py:191} INFO - 
[2025-10-06T15:43:15.642+0000] {process_utils.py:191} INFO -     $ pip install --upgrade kaleido
[2025-10-06T15:43:15.644+0000] {process_utils.py:191} INFO - 
[2025-10-06T15:43:15.645+0000] {process_utils.py:191} INFO - Traceback (most recent call last):
[2025-10-06T15:43:15.647+0000] {process_utils.py:191} INFO -   File "/opt/***/alerts/alert_worker.py", line 209, in plot_kpi_summary_png
[2025-10-06T15:43:15.649+0000] {process_utils.py:191} INFO -     img_bytes = fig.to_image(format="png")
[2025-10-06T15:43:15.651+0000] {process_utils.py:191} INFO -                 ^^^^^^^^^^^^^^^^^^^^^^^^^^
[2025-10-06T15:43:15.652+0000] {process_utils.py:191} INFO -   File "/tmp/venvp959uk8p/lib/python3.12/site-packages/plotly/basedatatypes.py", line 3801, in to_image
[2025-10-06T15:43:15.653+0000] {process_utils.py:191} INFO -     return pio.to_image(self, *args, **kwargs)
[2025-10-06T15:43:15.655+0000] {process_utils.py:191} INFO -            ^^^^^^^^^^^^^^^^^^^^^^^^^^^^^^^^^^^
[2025-10-06T15:43:15.656+0000] {process_utils.py:191} INFO -   File "/tmp/venvp959uk8p/lib/python3.12/site-packages/plotly/io/_kaleido.py", line 345, in to_image
[2025-10-06T15:43:15.658+0000] {process_utils.py:191} INFO -     raise ValueError(
[2025-10-06T15:43:15.659+0000] {process_utils.py:191} INFO - ValueError:
[2025-10-06T15:43:15.660+0000] {process_utils.py:191} INFO - Image export using the "kaleido" engine requires the Kaleido package,
[2025-10-06T15:43:15.662+0000] {process_utils.py:191} INFO - which can be installed using pip:
[2025-10-06T15:43:15.663+0000] {process_utils.py:191} INFO - 
[2025-10-06T15:43:15.664+0000] {process_utils.py:191} INFO -     $ pip install --upgrade kaleido
[2025-10-06T15:43:15.665+0000] {process_utils.py:191} INFO - 
[2025-10-06T15:43:15.666+0000] {process_utils.py:191} INFO - 
[2025-10-06T15:43:16.418+0000] {process_utils.py:191} INFO - ERROR - Inventory graph failed:
[2025-10-06T15:43:16.420+0000] {process_utils.py:191} INFO - Image export using the "kaleido" engine requires the Kaleido package,
[2025-10-06T15:43:16.421+0000] {process_utils.py:191} INFO - which can be installed using pip:
[2025-10-06T15:43:16.423+0000] {process_utils.py:191} INFO - 
[2025-10-06T15:43:16.425+0000] {process_utils.py:191} INFO -     $ pip install --upgrade kaleido
[2025-10-06T15:43:16.426+0000] {process_utils.py:191} INFO - 
[2025-10-06T15:43:16.428+0000] {process_utils.py:191} INFO - Traceback (most recent call last):
[2025-10-06T15:43:16.429+0000] {process_utils.py:191} INFO -   File "/opt/***/alerts/alert_worker.py", line 235, in plot_inventory_png
[2025-10-06T15:43:16.430+0000] {process_utils.py:191} INFO -     img_bytes = fig.to_image(format="png")
[2025-10-06T15:43:16.432+0000] {process_utils.py:191} INFO -                 ^^^^^^^^^^^^^^^^^^^^^^^^^^
[2025-10-06T15:43:16.433+0000] {process_utils.py:191} INFO -   File "/tmp/venvp959uk8p/lib/python3.12/site-packages/plotly/basedatatypes.py", line 3801, in to_image
[2025-10-06T15:43:16.435+0000] {process_utils.py:191} INFO -     return pio.to_image(self, *args, **kwargs)
[2025-10-06T15:43:16.437+0000] {process_utils.py:191} INFO -            ^^^^^^^^^^^^^^^^^^^^^^^^^^^^^^^^^^^
[2025-10-06T15:43:16.438+0000] {process_utils.py:191} INFO -   File "/tmp/venvp959uk8p/lib/python3.12/site-packages/plotly/io/_kaleido.py", line 345, in to_image
[2025-10-06T15:43:16.440+0000] {process_utils.py:191} INFO -     raise ValueError(
[2025-10-06T15:43:16.441+0000] {process_utils.py:191} INFO - ValueError:
[2025-10-06T15:43:16.443+0000] {process_utils.py:191} INFO - Image export using the "kaleido" engine requires the Kaleido package,
[2025-10-06T15:43:16.445+0000] {process_utils.py:191} INFO - which can be installed using pip:
[2025-10-06T15:43:16.446+0000] {process_utils.py:191} INFO - 
[2025-10-06T15:43:16.448+0000] {process_utils.py:191} INFO -     $ pip install --upgrade kaleido
[2025-10-06T15:43:16.449+0000] {process_utils.py:191} INFO - 
[2025-10-06T15:43:16.451+0000] {process_utils.py:191} INFO - 
[2025-10-06T15:43:17.547+0000] {process_utils.py:191} INFO - send: 'ehlo [172.19.0.2]\r\n'
[2025-10-06T15:43:17.829+0000] {process_utils.py:191} INFO - reply: b'250-smtp.gmail.com at your service, [157.50.137.73]\r\n'
[2025-10-06T15:43:17.830+0000] {process_utils.py:191} INFO - reply: b'250-SIZE 35882577\r\n'
[2025-10-06T15:43:17.835+0000] {process_utils.py:191} INFO - reply: b'250-8BITMIME\r\n'
[2025-10-06T15:43:17.837+0000] {process_utils.py:191} INFO - reply: b'250-STARTTLS\r\n'
[2025-10-06T15:43:17.839+0000] {process_utils.py:191} INFO - reply: b'250-ENHANCEDSTATUSCODES\r\n'
[2025-10-06T15:43:17.842+0000] {process_utils.py:191} INFO - reply: b'250-PIPELINING\r\n'
[2025-10-06T15:43:17.845+0000] {process_utils.py:191} INFO - reply: b'250-CHUNKING\r\n'
[2025-10-06T15:43:17.847+0000] {process_utils.py:191} INFO - reply: b'250 SMTPUTF8\r\n'
[2025-10-06T15:43:17.849+0000] {process_utils.py:191} INFO - reply: retcode (250); Msg: b'smtp.gmail.com at your service, [157.50.137.73]\nSIZE 35882577\n8BITMIME\nSTARTTLS\nENHANCEDSTATUSCODES\nPIPELINING\nCHUNKING\nSMTPUTF8'
[2025-10-06T15:43:17.852+0000] {process_utils.py:191} INFO - send: 'STARTTLS\r\n'
[2025-10-06T15:43:18.110+0000] {process_utils.py:191} INFO - reply: b'220 2.0.0 Ready to start TLS\r\n'
[2025-10-06T15:43:18.112+0000] {process_utils.py:191} INFO - reply: retcode (220); Msg: b'2.0.0 Ready to start TLS'
[2025-10-06T15:43:18.224+0000] {process_utils.py:191} INFO - send: 'ehlo [172.19.0.2]\r\n'
[2025-10-06T15:43:18.586+0000] {process_utils.py:191} INFO - reply: b'250-smtp.gmail.com at your service, [157.50.137.73]\r\n'
[2025-10-06T15:43:18.588+0000] {process_utils.py:191} INFO - reply: b'250-SIZE 35882577\r\n'
[2025-10-06T15:43:18.589+0000] {process_utils.py:191} INFO - reply: b'250-8BITMIME\r\n'
[2025-10-06T15:43:18.590+0000] {process_utils.py:191} INFO - reply: b'250-AUTH LOGIN PLAIN XOAUTH2 PLAIN-CLIENTTOKEN OAUTHBEARER XOAUTH\r\n'
[2025-10-06T15:43:18.591+0000] {process_utils.py:191} INFO - reply: b'250-ENHANCEDSTATUSCODES\r\n'
[2025-10-06T15:43:18.593+0000] {process_utils.py:191} INFO - reply: b'250-PIPELINING\r\n'
[2025-10-06T15:43:18.594+0000] {process_utils.py:191} INFO - reply: b'250-CHUNKING\r\n'
[2025-10-06T15:43:18.595+0000] {process_utils.py:191} INFO - reply: b'250 SMTPUTF8\r\n'
[2025-10-06T15:43:18.596+0000] {process_utils.py:191} INFO - reply: retcode (250); Msg: b'smtp.gmail.com at your service, [157.50.137.73]\nSIZE 35882577\n8BITMIME\nAUTH LOGIN PLAIN XOAUTH2 PLAIN-CLIENTTOKEN OAUTHBEARER XOAUTH\nENHANCEDSTATUSCODES\nPIPELINING\nCHUNKING\nSMTPUTF8'
[2025-10-06T15:43:18.598+0000] {process_utils.py:191} INFO - send: 'AUTH PLAIN AHBlcmFsYXJhamFzaGVrYXIyMDA0QGdtYWlsLmNvbQBoZGl0IGhheWogd2N5dCBsa2Zt\r\n'
[2025-10-06T15:43:18.962+0000] {process_utils.py:191} INFO - reply: b'235 2.7.0 Accepted\r\n'
[2025-10-06T15:43:18.965+0000] {process_utils.py:191} INFO - reply: retcode (235); Msg: b'2.7.0 Accepted'
[2025-10-06T15:43:18.971+0000] {process_utils.py:191} INFO - send: 'mail FROM:<peralarajashekar2004@gmail.com> size=70382\r\n'
[2025-10-06T15:43:19.245+0000] {process_utils.py:191} INFO - reply: b'250 2.1.0 OK d9443c01a7336-28ec57a2dd6sm12013145ad.67 - gsmtp\r\n'
[2025-10-06T15:43:19.247+0000] {process_utils.py:191} INFO - reply: retcode (250); Msg: b'2.1.0 OK d9443c01a7336-28ec57a2dd6sm12013145ad.67 - gsmtp'
[2025-10-06T15:43:19.249+0000] {process_utils.py:191} INFO - send: 'rcpt TO:<peralarajashekhar2004@gmail.com>\r\n'
[2025-10-06T15:43:19.525+0000] {process_utils.py:191} INFO - reply: b'250 2.1.5 OK d9443c01a7336-28ec57a2dd6sm12013145ad.67 - gsmtp\r\n'
[2025-10-06T15:43:19.527+0000] {process_utils.py:191} INFO - reply: retcode (250); Msg: b'2.1.5 OK d9443c01a7336-28ec57a2dd6sm12013145ad.67 - gsmtp'
[2025-10-06T15:43:19.529+0000] {process_utils.py:191} INFO - send: 'data\r\n'
[2025-10-06T15:43:19.894+0000] {process_utils.py:191} INFO - reply: b'354 Go ahead d9443c01a7336-28ec57a2dd6sm12013145ad.67 - gsmtp\r\n'
[2025-10-06T15:43:19.896+0000] {process_utils.py:191} INFO - reply: retcode (354); Msg: b'Go ahead d9443c01a7336-28ec57a2dd6sm12013145ad.67 - gsmtp'
[2025-10-06T15:43:19.898+0000] {process_utils.py:191} INFO - data: (354, b'Go ahead d9443c01a7336-28ec57a2dd6sm12013145ad.67 - gsmtp')
[2025-10-06T15:43:20.076+0000] {process_utils.py:191} INFO - send: b'Content-Type: multipart/related; boundary="===============1739036049693072392=="\r\nMIME-Version: 1.0\r\nSubject: [SupplyChain Alerts 2025-10-06]\r\nFrom: peralarajashekar2004@gmail.com\r\nTo: peralarajashekhar2004@gmail.com\r\n\r\n--===============1739036049693072392==\r\nContent-Type: multipart/alternative; boundary="===============4961626126783831363=="\r\nMIME-Version: 1.0\r\n\r\n--===============4961626126783831363==\r\nContent-Type: text/plain; charset="utf-8"\r\nMIME-Version: 1.0\r\nContent-Transfer-Encoding: base64\r\n\r\nU3VwcGx5IENoYWluIEFsZXJ0IFJlcG9ydApEYXRlOiAyMDI1LTEwLTA2IDE1OjQzIFVUQwpUb3Rh\r\nbCBBbGVydHM6IDQyNwoKRXhlY3V0aXZlIFN1bW1hcnk6ClRvdGFsIE9yZGVyczogMjk4MzYuMApP\r\nVElGOiA0Ny43NCUKT24tVGltZTogNzEuMiUKSW4tRnVsbDogNjUuNzclCgpJbnZlbnRvcnkgQWxl\r\ncnRzOgpPVkVSU1RPQ0s6IEFNIEdoZWUgMjUwIChzdG9jaz0zNDY0LjApCk9WRVJTVE9DSzogQU0g\r\nR2hlZSAxMDAgKHN0b2NrPTM1MDcuMCkKT1ZFUlNUT0NLOiBBTSBHaGVlIDE1MCAoc3RvY2s9MzU5\r\nOC4wKQpPVkVSU1RPQ0s6IEFNIFRlYSAxMDAgKHN0b2NrPTY4NjkuMCkKT1ZFUlNUT0NLOiBBTSBU\r\nZWEgMjUwIChzdG9jaz03MTM5LjApCk9WRVJTVE9DSzogQU0gVGVhIDUwMCAoc3RvY2s9NzQ1MC4w\r\nKQpPVkVSU1RPQ0s6IEFNIEJpc2N1aXRzIDc1MCAoc3RvY2s9OTE2MC4wKQpPVkVSU1RPQ0s6IEFN\r\nIEJpc2N1aXRzIDI1MCAoc3RvY2s9MTAwNzkuMCkKT1ZFUlNUT0NLOiBBTSBCaXNjdWl0cyA1MDAg\r\nKHN0b2NrPTEwNTgwLjApCk9WRVJTVE9DSzogQU0gQnV0dGVyIDEwMCAoc3RvY2s9MTU5MzkuMCkK\r\nT1ZFUlNUT0NLOiBBTSBDdXJkIDI1MCAoc3RvY2s9MTc4MjAuMCkKT1ZFUlNUT0NLOiBBTSBCdXR0\r\nZXIgMjUwIChzdG9jaz0xODI2NC4wKQpPVkVSU1RPQ0s6IEFNIEJ1dHRlciA1MDAgKHN0b2NrPTE4\r\nODY2LjApCk9WRVJTVE9DSzogQU0gQ3VyZCAxMDAgKHN0b2NrPTE5NTE3LjApCk9WRVJTVE9DSzog\r\nQU0gQ3VyZCA1MCAoc3RvY2s9MjAyMjAuMCkKT1ZFUlNUT0NLOiBBTSBNaWxrIDUwMCAoc3RvY2s9\r\nMjA3MjguMCkKT1ZFUlNUT0NLOiBBTSBNaWxrIDEwMCAoc3RvY2s9MjEzODMuMCkKT1ZFUlNUT0NL\r\nOiBBTSBNaWxrIDI1MCAoc3RvY2s9MjM5MTYuMCkKCktQSSBBbGVydHM6Ck9USUYgYmVsb3cgdGFy\r\nZ2V0OiA2Mi4xMiUgdnMgNjklCk9uLVRpbWUgYmVsb3cgdGFyZ2V0OiA4My45NiUgdnMgODYlCklu\r\nLUZ1bGwgYmVsb3cgdGFyZ2V0OiA3NC4yOSUgdnMgODAlCk9USUYgYmVsb3cgdGFyZ2V0OiA2MS42\r\nMyUgdnMgNzQlCk9uLVRpbWUgYmVsb3cgdGFyZ2V0OiA4Mi45NyUgdnMgOTElCkluLUZ1bGwgYmVs\r\nb3cgdGFyZ2V0OiA3NC40NiUgdnMgODElCk9USUYgYmVsb3cgdGFyZ2V0OiA2Ni4wOCUgdnMgNjkl\r\nCk9uLVRpbWUgYmVsb3cgdGFyZ2V0OiA4Ni42OSUgdnMgOTElCkluLUZ1bGwgYmVsb3cgdGFyZ2V0\r\nOiA3NS43NCUgdnMgNzYlCk9USUYgYmVsb3cgdGFyZ2V0OiA2NS41MyUgdnMgNjYlCkluLUZ1bGwg\r\nYmVsb3cgdGFyZ2V0OiA3NS42NyUgdnMgNzglCk9USUYgYmVsb3cgdGFyZ2V0OiA2LjMzJSB2cyA1\r\nMSUKT24tVGltZSBiZWxvdyB0YXJnZXQ6IDI5LjI3JSB2cyA3NSUKSW4tRnVsbCBiZWxvdyB0YXJn\r\nZXQ6IDI3Ljg0JSB2cyA2OCUKT1RJRiBiZWxvdyB0YXJnZXQ6IDYxLjY5JSB2cyA3MSUKT24tVGlt\r\nZSBiZWxvdyB0YXJnZXQ6IDg0LjQxJSB2cyA5MCUKSW4tRnVsbCBiZWxvdyB0YXJnZXQ6IDcyLjA1\r\nJSB2cyA3OSUKT1RJRiBiZWxvdyB0YXJnZXQ6IDY2LjE1JSB2cyA2OSUKT24tVGltZSBiZWxvdyB0\r\nYXJnZXQ6IDg0LjIxJSB2cyA4OCUKT1RJRiBiZWxvdyB0YXJnZXQ6IDguMzUlIHZzIDUxJQpPbi1U\r\naW1lIGJlbG93IHRhcmdldDogMjUuNzklIHZzIDc4JQpJbi1GdWxsIGJlbG93IHRhcmdldDogMzAu\r\nNzUlIHZzIDY2JQpPVElGIGJlbG93IHRhcmdldDogNjIuOSUgdnMgNzQlCk9uLVRpbWUgYmVsb3cg\r\ndGFyZ2V0OiA4NS43NyUgdnMgOTIlCkluLUZ1bGwgYmVsb3cgdGFyZ2V0OiA3Mi43NSUgdnMgODAl\r\nCk9USUYgYmVsb3cgdGFyZ2V0OiA2Ni44NiUgdnMgNzMlCk9uLVRpbWUgYmVsb3cgdGFyZ2V0OiA4\r\nNS45OSUgdnMgOTAlCkluLUZ1bGwgYmVsb3cgdGFyZ2V0OiA3Ny4xMSUgdnMgODElCk9USUYgYmVs\r\nb3cgdGFyZ2V0OiAyMS4yNiUgdnMgNjAlCk9uLVRpbWUgYmVsb3cgdGFyZ2V0OiAzMC4yOSUgdnMg\r\nNzglCkluLUZ1bGwgYmVsb3cgdGFyZ2V0OiA3Mi4wOSUgdnMgNzclCkluLUZ1bGwgYmVsb3cgdGFy\r\nZ2V0OiA3OC4yMyUgdnMgNzklCk9USUYgYmVsb3cgdGFyZ2V0OiA2Ni40OCUgdnMgNzElCk9uLVRp\r\nbWUgYmVsb3cgdGFyZ2V0OiA4Ni41NyUgdnMgODklCkluLUZ1bGwgYmVsb3cgdGFyZ2V0OiA3Ni4x\r\nMiUgdnMgODAlCk9USUYgYmVsb3cgdGFyZ2V0OiAyNC44JSB2cyA2MiUKT24tVGltZSBiZWxvdyB0\r\nYXJnZXQ6IDg2LjIxJSB2cyA5MiUKSW4tRnVsbCBiZWxvdyB0YXJnZXQ6IDI4Ljc0JSB2cyA2NyUK\r\nT1RJRiBiZWxvdyB0YXJnZXQ6IDYyLjY3JSB2cyA3MSUKT24tVGltZSBiZWxvdyB0YXJnZXQ6IDgy\r\nLjAlIHZzIDg2JQpJbi1GdWxsIGJlbG93IHRhcmdldDogNzYuNzglIHZzIDgyJQpPVElGIGJlbG93\r\nIHRhcmdldDogNjQuNDYlIHZzIDY5JQpPbi1UaW1lIGJlbG93IHRhcmdldDogODMuMjElIHZzIDky\r\nJQpPVElGIGJlbG93IHRhcmdldDogNjAuNTklIHZzIDY5JQpJbi1GdWxsIGJlbG93IHRhcmdldDog\r\nNzAuNzIlIHZzIDgxJQpPVElGIGJlbG93IHRhcmdldDogMTguNjQlIHZzIDU5JQpPbi1UaW1lIGJl\r\nbG93IHRhcmdldDogMjMuOSUgdnMgNzUlCkluLUZ1bGwgYmVsb3cgdGFyZ2V0OiA3NS41NSUgdnMg\r\nNzklCk9USUYgYmVsb3cgdGFyZ2V0OiAxOC4yNSUgdnMgNjIlCk9uLVRpbWUgYmVsb3cgdGFyZ2V0\r\nOiAyNi4zMiUgdnMgNzglCkluLUZ1bGwgYmVsb3cgdGFyZ2V0OiA3Mi44NyUgdnMgNzklCk9USUYg\r\nYmVsb3cgdGFyZ2V0OiAyMC4xJSB2cyA2NCUKT24tVGltZSBiZWxvdyB0YXJnZXQ6IDI3LjM3JSB2\r\ncyA3OSUKSW4tRnVsbCBiZWxvdyB0YXJnZXQ6IDc2LjA4JSB2cyA4MSUKT1RJRiBiZWxvdyB0YXJn\r\nZXQ6IDYyLjczJSB2cyA3MCUKT24tVGltZSBiZWxvdyB0YXJnZXQ6IDg0LjExJSB2cyA4NyUKSW4t\r\nRnVsbCBiZWxvdyB0YXJnZXQ6IDc2LjA1JSB2cyA4MSUKT1RJRiBiZWxvdyB0YXJnZXQ6IDI2LjY2\r\nJSB2cyA1OSUKT24tVGltZSBiZWxvdyB0YXJnZXQ6IDgzLjUzJSB2cyA4OSUKSW4tRnVsbCBiZWxv\r\ndyB0YXJnZXQ6IDMxLjA0JSB2cyA2NiUKT1RJRiBiZWxvdyB0YXJnZXQ6IDYwLjA1JSB2cyA3MCUK\r\nT24tVGltZSBiZWxvdyB0YXJnZXQ6IDgyLjA3JSB2cyA5MiUKSW4tRnVsbCBiZWxvdyB0YXJnZXQ6\r\nIDczLjM3JSB2cyA3NiUKT1RJRiBiZWxvdyB0YXJnZXQ6IDI2Ljc5JSB2cyA2MCUKT24tVGltZSBi\r\nZWxvdyB0YXJnZXQ6IDg0Ljg0JSB2cyA5MiUKSW4tRnVsbCBiZWxvdyB0YXJnZXQ6IDMwLjY3JSB2\r\ncyA2NSUKT1RJRiBiZWxvdyB0YXJnZXQ6IDYzLjM5JSB2cyA3NSUKT24tVGltZSBiZWxvdyB0YXJn\r\nZXQ6IDgzLjcyJSB2cyA5MiUKSW4tRnVsbCBiZWxvdyB0YXJnZXQ6IDc3LjQ4JSB2cyA4MSUKT1RJ\r\nRiBiZWxvdyB0YXJnZXQ6IDU4LjcyJSB2cyA3MyUKT24tVGltZSBiZWxvdyB0YXJnZXQ6IDgxLjg5\r\nJSB2cyA5MCUKSW4tRnVsbCBiZWxvdyB0YXJnZXQ6IDczLjAlIHZzIDgxJQpPVElGIGJlbG93IHRh\r\ncmdldDogMjQuMCUgdnMgNjIlCk9uLVRpbWUgYmVsb3cgdGFyZ2V0OiA4My42NSUgdnMgOTIlCklu\r\nLUZ1bGwgYmVsb3cgdGFyZ2V0OiAyOS44OCUgdnMgNjclCk9USUYgYmVsb3cgdGFyZ2V0OiA1Ni45\r\nOSUgdnMgNjklCk9uLVRpbWUgYmVsb3cgdGFyZ2V0OiA4MS41MiUgdnMgODklCkluLUZ1bGwgYmVs\r\nb3cgdGFyZ2V0OiA3Mi42MSUgdnMgNzglCk9USUYgYmVsb3cgdGFyZ2V0OiA2MS42MyUgdnMgNjYl\r\nCk9uLVRpbWUgYmVsb3cgdGFyZ2V0OiA4MS43JSB2cyA4NiUKSW4tRnVsbCBiZWxvdyB0YXJnZXQ6\r\nIDc1LjIxJSB2cyA3NyUKT1RJRiBiZWxvdyB0YXJnZXQ6IDcuMDIlIHZzIDQ5JQpPbi1UaW1lIGJl\r\nbG93IHRhcmdldDogMjQuNjklIHZzIDc2JQpJbi1GdWxsIGJlbG93IHRhcmdldDogMjguNDMlIHZz\r\nIDY1JQpPVElGIGJlbG93IHRhcmdldDogNjMuMzYlIHZzIDcwJQpPbi1UaW1lIGJlbG93IHRhcmdl\r\ndDogODYuNTglIHZzIDg3JQpJbi1GdWxsIGJlbG93IHRhcmdldDogNzMuNzUlIHZzIDgxJQpPVElG\r\nIGJlbG93IHRhcmdldDogNjEuMTQlIHZzIDY4JQpPbi1UaW1lIGJlbG93IHRhcmdldDogODIuMzYl\r\nIHZzIDg1JQpJbi1GdWxsIGJlbG93IHRhcmdldDogNzMuNjYlIHZzIDgwJQpPVElGIGJlbG93IHRh\r\ncmdldDogNjIuNTklIHZzIDY3JQpPbi1UaW1lIGJlbG93IHRhcmdldDogODMuMDklIHZzIDg5JQpJ\r\nbi1GdWxsIGJlbG93IHRhcmdldDogNzQuODElIHZzIDc1JQpPVElGIGJlbG93IHRhcmdldDogNjIu\r\nNjYlIHZzIDY3JQpPbi1UaW1lIGJlbG93IHRhcmdldDogODMuNTUlIHZzIDg1JQpJbi1GdWxsIGJl\r\nbG93IHRhcmdldDogNzQuNjglIHZzIDc5JQpPVElGIGJlbG93IHRhcmdldDogMTcuMTQlIHZzIDYw\r\nJQpPbi1UaW1lIGJlbG93IHRhcmdldDogMjUuMDMlIHZzIDc2JQpJbi1GdWxsIGJlbG93IHRhcmdl\r\ndDogNzIuNzUlIHZzIDc5JQoKUmlzayBBbGVydHM6CkNyaXRpY2FsIFJpc2sgRGV0ZWN0ZWQg4oCU\r\nIFByb2JhYmlsaXR5IFNjb3JlOiAxLjAwIChBdCByaXNrKQpDcml0aWNhbCBSaXNrIERldGVjdGVk\r\nIOKAlCBQcm9iYWJpbGl0eSBTY29yZTogMS4wMCAoQXQgcmlzaykKQ3JpdGljYWwgUmlzayBEZXRl\r\nY3RlZCDigJQgUHJvYmFiaWxpdHkgU2NvcmU6IDEuMDAgKEF0IHJpc2spCkNyaXRpY2FsIFJpc2sg\r\nRGV0ZWN0ZWQg4oCUIFByb2JhYmlsaXR5IFNjb3JlOiAxLjAwIChBdCByaXNrKQpDcml0aWNhbCBS\r\naXNrIERldGVjdGVkIOKAlCBQcm9iYWJpbGl0eSBTY29yZTogMS4wMCAoQXQgcmlzaykKQ3JpdGlj\r\nYWwgUmlzayBEZXRlY3RlZCDigJQgUHJvYmFiaWxpdHkgU2NvcmU6IDEuMDAgKEF0IHJpc2spCkNy\r\naXRpY2FsIFJpc2sgRGV0ZWN0ZWQg4oCUIFByb2JhYmlsaXR5IFNjb3JlOiAxLjAwIChBdCByaXNr\r\nKQpDcml0aWNhbCBSaXNrIERldGVjdGVkIOKAlCBQcm9iYWJpbGl0eSBTY29yZTogMS4wMCAoQXQg\r\ncmlzaykKQ3JpdGljYWwgUmlzayBEZXRlY3RlZCDigJQgUHJvYmFiaWxpdHkgU2NvcmU6IDEuMDAg\r\nKEF0IHJpc2spCkNyaXRpY2FsIFJpc2sgRGV0ZWN0ZWQg4oCUIFByb2JhYmlsaXR5IFNjb3JlOiAx\r\nLjAwIChBdCByaXNrKQpDcml0aWNhbCBSaXNrIERldGVjdGVkIOKAlCBQcm9iYWJpbGl0eSBTY29y\r\nZTogMS4wMCAoQXQgcmlzaykKQ3JpdGljYWwgUmlzayBEZXRlY3RlZCDigJQgUHJvYmFiaWxpdHkg\r\nU2NvcmU6IDEuMDAgKEF0IHJpc2spCkNyaXRpY2FsIFJpc2sgRGV0ZWN0ZWQg4oCUIFByb2JhYmls\r\naXR5IFNjb3JlOiAxLjAwIChBdCByaXNrKQpDcml0aWNhbCBSaXNrIERldGVjdGVkIOKAlCBQcm9i\r\nYWJpbGl0eSBTY29yZTogMS4wMCAoQXQgcmlzaykKQ3JpdGljYWwgUmlzayBEZXRlY3RlZCDigJQg\r\nUHJvYmFiaWxpdHkgU2NvcmU6IDEuMDAgKEF0IHJpc2spCkNyaXRpY2FsIFJpc2sgRGV0ZWN0ZWQg\r\n4oCUIFByb2JhYmlsaXR5IFNjb3JlOiAxLjAwIChBdCByaXNrKQpDcml0aWNhbCBSaXNrIERldGVj\r\ndGVkIOKAlCBQcm9iYWJpbGl0eSBTY29yZTogMS4wMCAoQXQgcmlzaykKQ3JpdGljYWwgUmlzayBE\r\nZXRlY3RlZCDigJQgUHJvYmFiaWxpdHkgU2NvcmU6IDEuMDAgKEF0IHJpc2spCkNyaXRpY2FsIFJp\r\nc2sgRGV0ZWN0ZWQg4oCUIFByb2JhYmlsaXR5IFNjb3JlOiAxLjAwIChBdCByaXNrKQpDcml0aWNh\r\nbCBSaXNrIERldGVjdGVkIOKAlCBQcm9iYWJpbGl0eSBTY29yZTogMS4wMCAoQXQgcmlzaykKQ3Jp\r\ndGljYWwgUmlzayBEZXRlY3RlZCDigJQgUHJvYmFiaWxpdHkgU2NvcmU6IDEuMDAgKEF0IHJpc2sp\r\nCkNyaXRpY2FsIFJpc2sgRGV0ZWN0ZWQg4oCUIFByb2JhYmlsaXR5IFNjb3JlOiAxLjAwIChBdCBy\r\naXNrKQpDcml0aWNhbCBSaXNrIERldGVjdGVkIOKAlCBQcm9iYWJpbGl0eSBTY29yZTogMS4wMCAo\r\nQXQgcmlzaykKQ3JpdGljYWwgUmlzayBEZXRlY3RlZCDigJQgUHJvYmFiaWxpdHkgU2NvcmU6IDEu\r\nMDAgKEF0IHJpc2spCkNyaXRpY2FsIFJpc2sgRGV0ZWN0ZWQg4oCUIFByb2JhYmlsaXR5IFNjb3Jl\r\nOiAxLjAwIChBdCByaXNrKQpDcml0aWNhbCBSaXNrIERldGVjdGVkIOKAlCBQcm9iYWJpbGl0eSBT\r\nY29yZTogMS4wMCAoQXQgcmlzaykKQ3JpdGljYWwgUmlzayBEZXRlY3RlZCDigJQgUHJvYmFiaWxp\r\ndHkgU2NvcmU6IDEuMDAgKEF0IHJpc2spCkNyaXRpY2FsIFJpc2sgRGV0ZWN0ZWQg4oCUIFByb2Jh\r\nYmlsaXR5IFNjb3JlOiAxLjAwIChBdCByaXNrKQpDcml0aWNhbCBSaXNrIERldGVjdGVkIOKAlCBQ\r\ncm9iYWJpbGl0eSBTY29yZTogMS4wMCAoQXQgcmlzaykKQ3JpdGljYWwgUmlzayBEZXRlY3RlZCDi\r\ngJQgUHJvYmFiaWxpdHkgU2NvcmU6IDEuMDAgKEF0IHJpc2spCkNyaXRpY2FsIFJpc2sgRGV0ZWN0\r\nZWQg4oCUIFByb2JhYmlsaXR5IFNjb3JlOiAxLjAwIChBdCByaXNrKQpDcml0aWNhbCBSaXNrIERl\r\ndGVjdGVkIOKAlCBQcm9iYWJpbGl0eSBTY29yZTogMS4wMCAoQXQgcmlzaykKQ3JpdGljYWwgUmlz\r\nayBEZXRlY3RlZCDigJQgUHJvYmFiaWxpdHkgU2NvcmU6IDEuMDAgKEF0IHJpc2spCkNyaXRpY2Fs\r\nIFJpc2sgRGV0ZWN0ZWQg4oCUIFByb2JhYmlsaXR5IFNjb3JlOiAxLjAwIChBdCByaXNrKQpDcml0\r\naWNhbCBSaXNrIERldGVjdGVkIOKAlCBQcm9iYWJpbGl0eSBTY29yZTogMS4wMCAoQXQgcmlzaykK\r\nQ3JpdGljYWwgUmlzayBEZXRlY3RlZCDigJQgUHJvYmFiaWxpdHkgU2NvcmU6IDEuMDAgKEF0IHJp\r\nc2spCkNyaXRpY2FsIFJpc2sgRGV0ZWN0ZWQg4oCUIFByb2JhYmlsaXR5IFNjb3JlOiAxLjAwIChB\r\ndCByaXNrKQpDcml0aWNhbCBSaXNrIERldGVjdGVkIOKAlCBQcm9iYWJpbGl0eSBTY29yZTogMS4w\r\nMCAoQXQgcmlzaykKQ3JpdGljYWwgUmlzayBEZXRlY3RlZCDigJQgUHJvYmFiaWxpdHkgU2NvcmU6\r\nIDEuMDAgKEF0IHJpc2spCkNyaXRpY2FsIFJpc2sgRGV0ZWN0ZWQg4oCUIFByb2JhYmlsaXR5IFNj\r\nb3JlOiAxLjAwIChBdCByaXNrKQpDcml0aWNhbCBSaXNrIERldGVjdGVkIOKAlCBQcm9iYWJpbGl0\r\neSBTY29yZTogMS4wMCAoQXQgcmlzaykKQ3JpdGljYWwgUmlzayBEZXRlY3RlZCDigJQgUHJvYmFi\r\naWxpdHkgU2NvcmU6IDEuMDAgKEF0IHJpc2spCkNyaXRpY2FsIFJpc2sgRGV0ZWN0ZWQg4oCUIFBy\r\nb2JhYmlsaXR5IFNjb3JlOiAxLjAwIChBdCByaXNrKQpDcml0aWNhbCBSaXNrIERldGVjdGVkIOKA\r\nlCBQcm9iYWJpbGl0eSBTY29yZTogMS4wMCAoQXQgcmlzaykKQ3JpdGljYWwgUmlzayBEZXRlY3Rl\r\nZCDigJQgUHJvYmFiaWxpdHkgU2NvcmU6IDEuMDAgKEF0IHJpc2spCkNyaXRpY2FsIFJpc2sgRGV0\r\nZWN0ZWQg4oCUIFByb2JhYmlsaXR5IFNjb3JlOiAxLjAwIChBdCByaXNrKQpDcml0aWNhbCBSaXNr\r\nIERldGVjdGVkIOKAlCBQcm9iYWJpbGl0eSBTY29yZTogMS4wMCAoQXQgcmlzaykKQ3JpdGljYWwg\r\nUmlzayBEZXRlY3RlZCDigJQgUHJvYmFiaWxpdHkgU2NvcmU6IDEuMDAgKEF0IHJpc2spCkNyaXRp\r\nY2FsIFJpc2sgRGV0ZWN0ZWQg4oCUIFByb2JhYmlsaXR5IFNjb3JlOiAxLjAwIChBdCByaXNrKQpD\r\ncml0aWNhbCBSaXNrIERldGVjdGVkIOKAlCBQcm9iYWJpbGl0eSBTY29yZTogMS4wMCAoQXQgcmlz\r\naykKQ3JpdGljYWwgUmlzayBEZXRlY3RlZCDigJQgUHJvYmFiaWxpdHkgU2NvcmU6IDEuMDAgKEF0\r\nIHJpc2spCkNyaXRpY2FsIFJpc2sgRGV0ZWN0ZWQg4oCUIFByb2JhYmlsaXR5IFNjb3JlOiAxLjAw\r\nIChBdCByaXNrKQpDcml0aWNhbCBSaXNrIERldGVjdGVkIOKAlCBQcm9iYWJpbGl0eSBTY29yZTog\r\nMS4wMCAoQXQgcmlzaykKQ3JpdGljYWwgUmlzayBEZXRlY3RlZCDigJQgUHJvYmFiaWxpdHkgU2Nv\r\ncmU6IDEuMDAgKEF0IHJpc2spCkNyaXRpY2FsIFJpc2sgRGV0ZWN0ZWQg4oCUIFByb2JhYmlsaXR5\r\nIFNjb3JlOiAxLjAwIChBdCByaXNrKQpDcml0aWNhbCBSaXNrIERldGVjdGVkIOKAlCBQcm9iYWJp\r\nbGl0eSBTY29yZTogMS4wMCAoQXQgcmlzaykKQ3JpdGljYWwgUmlzayBEZXRlY3RlZCDigJQgUHJv\r\nYmFiaWxpdHkgU2NvcmU6IDEuMDAgKEF0IHJpc2spCkNyaXRpY2FsIFJpc2sgRGV0ZWN0ZWQg4oCU\r\nIFByb2JhYmlsaXR5IFNjb3JlOiAxLjAwIChBdCByaXNrKQpDcml0aWNhbCBSaXNrIERldGVjdGVk\r\nIOKAlCBQcm9iYWJpbGl0eSBTY29yZTogMS4wMCAoQXQgcmlzaykKQ3JpdGljYWwgUmlzayBEZXRl\r\nY3RlZCDigJQgUHJvYmFiaWxpdHkgU2NvcmU6IDEuMDAgKEF0IHJpc2spCkNyaXRpY2FsIFJpc2sg\r\nRGV0ZWN0ZWQg4oCUIFByb2JhYmlsaXR5IFNjb3JlOiAxLjAwIChBdCByaXNrKQpDcml0aWNhbCBS\r\naXNrIERldGVjdGVkIOKAlCBQcm9iYWJpbGl0eSBTY29yZTogMS4wMCAoQXQgcmlzaykKQ3JpdGlj\r\nYWwgUmlzayBEZXRlY3RlZCDigJQgUHJvYmFiaWxpdHkgU2NvcmU6IDEuMDAgKEF0IHJpc2spCkNy\r\naXRpY2FsIFJpc2sgRGV0ZWN0ZWQg4oCUIFByb2JhYmlsaXR5IFNjb3JlOiAxLjAwIChBdCByaXNr\r\nKQpDcml0aWNhbCBSaXNrIERldGVjdGVkIOKAlCBQcm9iYWJpbGl0eSBTY29yZTogMS4wMCAoQXQg\r\ncmlzaykKQ3JpdGljYWwgUmlzayBEZXRlY3RlZCDigJQgUHJvYmFiaWxpdHkgU2NvcmU6IDEuMDAg\r\nKEF0IHJpc2spCkNyaXRpY2FsIFJpc2sgRGV0ZWN0ZWQg4oCUIFByb2JhYmlsaXR5IFNjb3JlOiAx\r\nLjAwIChBdCByaXNrKQpDcml0aWNhbCBSaXNrIERldGVjdGVkIOKAlCBQcm9iYWJpbGl0eSBTY29y\r\nZTogMS4wMCAoQXQgcmlzaykKQ3JpdGljYWwgUmlzayBEZXRlY3RlZCDigJQgUHJvYmFiaWxpdHkg\r\nU2NvcmU6IDEuMDAgKEF0IHJpc2spCkNyaXRpY2FsIFJpc2sgRGV0ZWN0ZWQg4oCUIFByb2JhYmls\r\naXR5IFNjb3JlOiAxLjAwIChBdCByaXNrKQpDcml0aWNhbCBSaXNrIERldGVjdGVkIOKAlCBQcm9i\r\nYWJpbGl0eSBTY29yZTogMS4wMCAoQXQgcmlzaykKQ3JpdGljYWwgUmlzayBEZXRlY3RlZCDigJQg\r\nUHJvYmFiaWxpdHkgU2NvcmU6IDEuMDAgKEF0IHJpc2spCkNyaXRpY2FsIFJpc2sgRGV0ZWN0ZWQg\r\n4oCUIFByb2JhYmlsaXR5IFNjb3JlOiAxLjAwIChBdCByaXNrKQpDcml0aWNhbCBSaXNrIERldGVj\r\ndGVkIOKAlCBQcm9iYWJpbGl0eSBTY29yZTogMS4wMCAoQXQgcmlzaykKQ3JpdGljYWwgUmlzayBE\r\nZXRlY3RlZCDigJQgUHJvYmFiaWxpdHkgU2NvcmU6IDEuMDAgKEF0IHJpc2spCkNyaXRpY2FsIFJp\r\nc2sgRGV0ZWN0ZWQg4oCUIFByb2JhYmlsaXR5IFNjb3JlOiAxLjAwIChBdCByaXNrKQpDcml0aWNh\r\nbCBSaXNrIERldGVjdGVkIOKAlCBQcm9iYWJpbGl0eSBTY29yZTogMS4wMCAoQXQgcmlzaykKQ3Jp\r\ndGljYWwgUmlzayBEZXRlY3RlZCDigJQgUHJvYmFiaWxpdHkgU2NvcmU6IDEuMDAgKEF0IHJpc2sp\r\nCkNyaXRpY2FsIFJpc2sgRGV0ZWN0ZWQg4oCUIFByb2JhYmlsaXR5IFNjb3JlOiAxLjAwIChBdCBy\r\naXNrKQpDcml0aWNhbCBSaXNrIERldGVjdGVkIOKAlCBQcm9iYWJpbGl0eSBTY29yZTogMS4wMCAo\r\nQXQgcmlzaykKQ3JpdGljYWwgUmlzayBEZXRlY3RlZCDigJQgUHJvYmFiaWxpdHkgU2NvcmU6IDEu\r\nMDAgKEF0IHJpc2spCkNyaXRpY2FsIFJpc2sgRGV0ZWN0ZWQg4oCUIFByb2JhYmlsaXR5IFNjb3Jl\r\nOiAxLjAwIChBdCByaXNrKQpDcml0aWNhbCBSaXNrIERldGVjdGVkIOKAlCBQcm9iYWJpbGl0eSBT\r\nY29yZTogMS4wMCAoQXQgcmlzaykKQ3JpdGljYWwgUmlzayBEZXRlY3RlZCDigJQgUHJvYmFiaWxp\r\ndHkgU2NvcmU6IDEuMDAgKEF0IHJpc2spCkNyaXRpY2FsIFJpc2sgRGV0ZWN0ZWQg4oCUIFByb2Jh\r\nYmlsaXR5IFNjb3JlOiAxLjAwIChBdCByaXNrKQpDcml0aWNhbCBSaXNrIERldGVjdGVkIOKAlCBQ\r\ncm9iYWJpbGl0eSBTY29yZTogMS4wMCAoQXQgcmlzaykKQ3JpdGljYWwgUmlzayBEZXRlY3RlZCDi\r\ngJQgUHJvYmFiaWxpdHkgU2NvcmU6IDEuMDAgKEF0IHJpc2spCkNyaXRpY2FsIFJpc2sgRGV0ZWN0\r\nZWQg4oCUIFByb2JhYmlsaXR5IFNjb3JlOiAxLjAwIChBdCByaXNrKQpDcml0aWNhbCBSaXNrIERl\r\ndGVjdGVkIOKAlCBQcm9iYWJpbGl0eSBTY29yZTogMS4wMCAoQXQgcmlzaykKQ3JpdGljYWwgUmlz\r\nayBEZXRlY3RlZCDigJQgUHJvYmFiaWxpdHkgU2NvcmU6IDEuMDAgKEF0IHJpc2spCkNyaXRpY2Fs\r\nIFJpc2sgRGV0ZWN0ZWQg4oCUIFByb2JhYmlsaXR5IFNjb3JlOiAxLjAwIChBdCByaXNrKQpDcml0\r\naWNhbCBSaXNrIERldGVjdGVkIOKAlCBQcm9iYWJpbGl0eSBTY29yZTogMS4wMCAoQXQgcmlzaykK\r\nQ3JpdGljYWwgUmlzayBEZXRlY3RlZCDigJQgUHJvYmFiaWxpdHkgU2NvcmU6IDEuMDAgKEF0IHJp\r\nc2spCkNyaXRpY2FsIFJpc2sgRGV0ZWN0ZWQg4oCUIFByb2JhYmlsaXR5IFNjb3JlOiAxLjAwIChB\r\ndCByaXNrKQpDcml0aWNhbCBSaXNrIERldGVjdGVkIOKAlCBQcm9iYWJpbGl0eSBTY29yZTogMS4w\r\nMCAoQXQgcmlzaykKQ3JpdGljYWwgUmlzayBEZXRlY3RlZCDigJQgUHJvYmFiaWxpdHkgU2NvcmU6\r\nIDEuMDAgKEF0IHJpc2spCkNyaXRpY2FsIFJpc2sgRGV0ZWN0ZWQg4oCUIFByb2JhYmlsaXR5IFNj\r\nb3JlOiAxLjAwIChBdCByaXNrKQpDcml0aWNhbCBSaXNrIERldGVjdGVkIOKAlCBQcm9iYWJpbGl0\r\neSBTY29yZTogMS4wMCAoQXQgcmlzaykKQ3JpdGljYWwgUmlzayBEZXRlY3RlZCDigJQgUHJvYmFi\r\naWxpdHkgU2NvcmU6IDEuMDAgKEF0IHJpc2spCkNyaXRpY2FsIFJpc2sgRGV0ZWN0ZWQg4oCUIFBy\r\nb2JhYmlsaXR5IFNjb3JlOiAxLjAwIChBdCByaXNrKQpDcml0aWNhbCBSaXNrIERldGVjdGVkIOKA\r\nlCBQcm9iYWJpbGl0eSBTY29yZTogMS4wMCAoQXQgcmlzaykKQ3JpdGljYWwgUmlzayBEZXRlY3Rl\r\nZCDigJQgUHJvYmFiaWxpdHkgU2NvcmU6IDEuMDAgKEF0IHJpc2spCkNyaXRpY2FsIFJpc2sgRGV0\r\nZWN0ZWQg4oCUIFByb2JhYmlsaXR5IFNjb3JlOiAxLjAwIChBdCByaXNrKQpDcml0aWNhbCBSaXNr\r\nIERldGVjdGVkIOKAlCBQcm9iYWJpbGl0eSBTY29yZTogMS4wMCAoQXQgcmlzaykKQ3JpdGljYWwg\r\nUmlzayBEZXRlY3RlZCDigJQgUHJvYmFiaWxpdHkgU2NvcmU6IDEuMDAgKEF0IHJpc2spCkNyaXRp\r\nY2FsIFJpc2sgRGV0ZWN0ZWQg4oCUIFByb2JhYmlsaXR5IFNjb3JlOiAxLjAwIChBdCByaXNrKQpD\r\ncml0aWNhbCBSaXNrIERldGVjdGVkIOKAlCBQcm9iYWJpbGl0eSBTY29yZTogMS4wMCAoQXQgcmlz\r\naykKQ3JpdGljYWwgUmlzayBEZXRlY3RlZCDigJQgUHJvYmFiaWxpdHkgU2NvcmU6IDEuMDAgKEF0\r\nIHJpc2spCkNyaXRpY2FsIFJpc2sgRGV0ZWN0ZWQg4oCUIFByb2JhYmlsaXR5IFNjb3JlOiAxLjAw\r\nIChBdCByaXNrKQpDcml0aWNhbCBSaXNrIERldGVjdGVkIOKAlCBQcm9iYWJpbGl0eSBTY29yZTog\r\nMS4wMCAoQXQgcmlzaykKQ3JpdGljYWwgUmlzayBEZXRlY3RlZCDigJQgUHJvYmFiaWxpdHkgU2Nv\r\ncmU6IDEuMDAgKEF0IHJpc2spCkNyaXRpY2FsIFJpc2sgRGV0ZWN0ZWQg4oCUIFByb2JhYmlsaXR5\r\nIFNjb3JlOiAxLjAwIChBdCByaXNrKQpDcml0aWNhbCBSaXNrIERldGVjdGVkIOKAlCBQcm9iYWJp\r\nbGl0eSBTY29yZTogMS4wMCAoQXQgcmlzaykKQ3JpdGljYWwgUmlzayBEZXRlY3RlZCDigJQgUHJv\r\nYmFiaWxpdHkgU2NvcmU6IDEuMDAgKEF0IHJpc2spCkNyaXRpY2FsIFJpc2sgRGV0ZWN0ZWQg4oCU\r\nIFByb2JhYmlsaXR5IFNjb3JlOiAxLjAwIChBdCByaXNrKQpDcml0aWNhbCBSaXNrIERldGVjdGVk\r\nIOKAlCBQcm9iYWJpbGl0eSBTY29yZTogMS4wMCAoQXQgcmlzaykKQ3JpdGljYWwgUmlzayBEZXRl\r\nY3RlZCDigJQgUHJvYmFiaWxpdHkgU2NvcmU6IDEuMDAgKEF0IHJpc2spCkNyaXRpY2FsIFJpc2sg\r\nRGV0ZWN0ZWQg4oCUIFByb2JhYmlsaXR5IFNjb3JlOiAxLjAwIChBdCByaXNrKQpDcml0aWNhbCBS\r\naXNrIERldGVjdGVkIOKAlCBQcm9iYWJpbGl0eSBTY29yZTogMS4wMCAoQXQgcmlzaykKQ3JpdGlj\r\nYWwgUmlzayBEZXRlY3RlZCDigJQgUHJvYmFiaWxpdHkgU2NvcmU6IDEuMDAgKEF0IHJpc2spCkNy\r\naXRpY2FsIFJpc2sgRGV0ZWN0ZWQg4oCUIFByb2JhYmlsaXR5IFNjb3JlOiAxLjAwIChBdCByaXNr\r\nKQpDcml0aWNhbCBSaXNrIERldGVjdGVkIOKAlCBQcm9iYWJpbGl0eSBTY29yZTogMS4wMCAoQXQg\r\ncmlzaykKQ3JpdGljYWwgUmlzayBEZXRlY3RlZCDigJQgUHJvYmFiaWxpdHkgU2NvcmU6IDEuMDAg\r\nKEF0IHJpc2spCkNyaXRpY2FsIFJpc2sgRGV0ZWN0ZWQg4oCUIFByb2JhYmlsaXR5IFNjb3JlOiAx\r\nLjAwIChBdCByaXNrKQpDcml0aWNhbCBSaXNrIERldGVjdGVkIOKAlCBQcm9iYWJpbGl0eSBTY29y\r\nZTogMS4wMCAoQXQgcmlzaykKQ3JpdGljYWwgUmlzayBEZXRlY3RlZCDigJQgUHJvYmFiaWxpdHkg\r\nU2NvcmU6IDEuMDAgKEF0IHJpc2spCkNyaXRpY2FsIFJpc2sgRGV0ZWN0ZWQg4oCUIFByb2JhYmls\r\naXR5IFNjb3JlOiAxLjAwIChBdCByaXNrKQpDcml0aWNhbCBSaXNrIERldGVjdGVkIOKAlCBQcm9i\r\nYWJpbGl0eSBTY29yZTogMS4wMCAoQXQgcmlzaykKQ3JpdGljYWwgUmlzayBEZXRlY3RlZCDigJQg\r\nUHJvYmFiaWxpdHkgU2NvcmU6IDEuMDAgKEF0IHJpc2spCkNyaXRpY2FsIFJpc2sgRGV0ZWN0ZWQg\r\n4oCUIFByb2JhYmlsaXR5IFNjb3JlOiAxLjAwIChBdCByaXNrKQpDcml0aWNhbCBSaXNrIERldGVj\r\ndGVkIOKAlCBQcm9iYWJpbGl0eSBTY29yZTogMS4wMCAoQXQgcmlzaykKQ3JpdGljYWwgUmlzayBE\r\nZXRlY3RlZCDigJQgUHJvYmFiaWxpdHkgU2NvcmU6IDEuMDAgKEF0IHJpc2spCkNyaXRpY2FsIFJp\r\nc2sgRGV0ZWN0ZWQg4oCUIFByb2JhYmlsaXR5IFNjb3JlOiAxLjAwIChBdCByaXNrKQpDcml0aWNh\r\nbCBSaXNrIERldGVjdGVkIOKAlCBQcm9iYWJpbGl0eSBTY29yZTogMS4wMCAoQXQgcmlzaykKQ3Jp\r\ndGljYWwgUmlzayBEZXRlY3RlZCDigJQgUHJvYmFiaWxpdHkgU2NvcmU6IDEuMDAgKEF0IHJpc2sp\r\nCkNyaXRpY2FsIFJpc2sgRGV0ZWN0ZWQg4oCUIFByb2JhYmlsaXR5IFNjb3JlOiAxLjAwIChBdCBy\r\naXNrKQpDcml0aWNhbCBSaXNrIERldGVjdGVkIOKAlCBQcm9iYWJpbGl0eSBTY29yZTogMS4wMCAo\r\nQXQgcmlzaykKQ3JpdGljYWwgUmlzayBEZXRlY3RlZCDigJQgUHJvYmFiaWxpdHkgU2NvcmU6IDEu\r\nMDAgKEF0IHJpc2spCkNyaXRpY2FsIFJpc2sgRGV0ZWN0ZWQg4oCUIFByb2JhYmlsaXR5IFNjb3Jl\r\nOiAxLjAwIChBdCByaXNrKQpDcml0aWNhbCBSaXNrIERldGVjdGVkIOKAlCBQcm9iYWJpbGl0eSBT\r\nY29yZTogMS4wMCAoQXQgcmlzaykKQ3JpdGljYWwgUmlzayBEZXRlY3RlZCDigJQgUHJvYmFiaWxp\r\ndHkgU2NvcmU6IDEuMDAgKEF0IHJpc2spCkNyaXRpY2FsIFJpc2sgRGV0ZWN0ZWQg4oCUIFByb2Jh\r\nYmlsaXR5IFNjb3JlOiAxLjAwIChBdCByaXNrKQpDcml0aWNhbCBSaXNrIERldGVjdGVkIOKAlCBQ\r\ncm9iYWJpbGl0eSBTY29yZTogMS4wMCAoQXQgcmlzaykKQ3JpdGljYWwgUmlzayBEZXRlY3RlZCDi\r\ngJQgUHJvYmFiaWxpdHkgU2NvcmU6IDEuMDAgKEF0IHJpc2spCkNyaXRpY2FsIFJpc2sgRGV0ZWN0\r\nZWQg4oCUIFByb2JhYmlsaXR5IFNjb3JlOiAxLjAwIChBdCByaXNrKQpDcml0aWNhbCBSaXNrIERl\r\ndGVjdGVkIOKAlCBQcm9iYWJpbGl0eSBTY29yZTogMS4wMCAoQXQgcmlzaykKQ3JpdGljYWwgUmlz\r\nayBEZXRlY3RlZCDigJQgUHJvYmFiaWxpdHkgU2NvcmU6IDEuMDAgKEF0IHJpc2spCkNyaXRpY2Fs\r\nIFJpc2sgRGV0ZWN0ZWQg4oCUIFByb2JhYmlsaXR5IFNjb3JlOiAxLjAwIChBdCByaXNrKQpDcml0\r\naWNhbCBSaXNrIERldGVjdGVkIOKAlCBQcm9iYWJpbGl0eSBTY29yZTogMS4wMCAoQXQgcmlzaykK\r\nQ3JpdGljYWwgUmlzayBEZXRlY3RlZCDigJQgUHJvYmFiaWxpdHkgU2NvcmU6IDEuMDAgKEF0IHJp\r\nc2spCkNyaXRpY2FsIFJpc2sgRGV0ZWN0ZWQg4oCUIFByb2JhYmlsaXR5IFNjb3JlOiAxLjAwIChB\r\ndCByaXNrKQpDcml0aWNhbCBSaXNrIERldGVjdGVkIOKAlCBQcm9iYWJpbGl0eSBTY29yZTogMS4w\r\nMCAoQXQgcmlzaykKQ3JpdGljYWwgUmlzayBEZXRlY3RlZCDigJQgUHJvYmFiaWxpdHkgU2NvcmU6\r\nIDEuMDAgKEF0IHJpc2spCkNyaXRpY2FsIFJpc2sgRGV0ZWN0ZWQg4oCUIFByb2JhYmlsaXR5IFNj\r\nb3JlOiAxLjAwIChBdCByaXNrKQpDcml0aWNhbCBSaXNrIERldGVjdGVkIOKAlCBQcm9iYWJpbGl0\r\neSBTY29yZTogMS4wMCAoQXQgcmlzaykKQ3JpdGljYWwgUmlzayBEZXRlY3RlZCDigJQgUHJvYmFi\r\naWxpdHkgU2NvcmU6IDEuMDAgKEF0IHJpc2spCkNyaXRpY2FsIFJpc2sgRGV0ZWN0ZWQg4oCUIFBy\r\nb2JhYmlsaXR5IFNjb3JlOiAxLjAwIChBdCByaXNrKQpDcml0aWNhbCBSaXNrIERldGVjdGVkIOKA\r\nlCBQcm9iYWJpbGl0eSBTY29yZTogMS4wMCAoQXQgcmlzaykKQ3JpdGljYWwgUmlzayBEZXRlY3Rl\r\nZCDigJQgUHJvYmFiaWxpdHkgU2NvcmU6IDEuMDAgKEF0IHJpc2spCkNyaXRpY2FsIFJpc2sgRGV0\r\nZWN0ZWQg4oCUIFByb2JhYmlsaXR5IFNjb3JlOiAxLjAwIChBdCByaXNrKQpDcml0aWNhbCBSaXNr\r\nIERldGVjdGVkIOKAlCBQcm9iYWJpbGl0eSBTY29yZTogMS4wMCAoQXQgcmlzaykKQ3JpdGljYWwg\r\nUmlzayBEZXRlY3RlZCDigJQgUHJvYmFiaWxpdHkgU2NvcmU6IDEuMDAgKEF0IHJpc2spCkNyaXRp\r\nY2FsIFJpc2sgRGV0ZWN0ZWQg4oCUIFByb2JhYmlsaXR5IFNjb3JlOiAxLjAwIChBdCByaXNrKQpD\r\ncml0aWNhbCBSaXNrIERldGVjdGVkIOKAlCBQcm9iYWJpbGl0eSBTY29yZTogMS4wMCAoQXQgcmlz\r\naykKQ3JpdGljYWwgUmlzayBEZXRlY3RlZCDigJQgUHJvYmFiaWxpdHkgU2NvcmU6IDEuMDAgKEF0\r\nIHJpc2spCkNyaXRpY2FsIFJpc2sgRGV0ZWN0ZWQg4oCUIFByb2JhYmlsaXR5IFNjb3JlOiAxLjAw\r\nIChBdCByaXNrKQpDcml0aWNhbCBSaXNrIERldGVjdGVkIOKAlCBQcm9iYWJpbGl0eSBTY29yZTog\r\nMS4wMCAoQXQgcmlzaykKQ3JpdGljYWwgUmlzayBEZXRlY3RlZCDigJQgUHJvYmFiaWxpdHkgU2Nv\r\ncmU6IDEuMDAgKEF0IHJpc2spCkNyaXRpY2FsIFJpc2sgRGV0ZWN0ZWQg4oCUIFByb2JhYmlsaXR5\r\nIFNjb3JlOiAxLjAwIChBdCByaXNrKQpDcml0aWNhbCBSaXNrIERldGVjdGVkIOKAlCBQcm9iYWJp\r\nbGl0eSBTY29yZTogMS4wMCAoQXQgcmlzaykKQ3JpdGljYWwgUmlzayBEZXRlY3RlZCDigJQgUHJv\r\nYmFiaWxpdHkgU2NvcmU6IDEuMDAgKEF0IHJpc2spCkNyaXRpY2FsIFJpc2sgRGV0ZWN0ZWQg4oCU\r\nIFByb2JhYmlsaXR5IFNjb3JlOiAxLjAwIChBdCByaXNrKQpDcml0aWNhbCBSaXNrIERldGVjdGVk\r\nIOKAlCBQcm9iYWJpbGl0eSBTY29yZTogMS4wMCAoQXQgcmlzaykKQ3JpdGljYWwgUmlzayBEZXRl\r\nY3RlZCDigJQgUHJvYmFiaWxpdHkgU2NvcmU6IDEuMDAgKEF0IHJpc2spCkNyaXRpY2FsIFJpc2sg\r\nRGV0ZWN0ZWQg4oCUIFByb2JhYmlsaXR5IFNjb3JlOiAxLjAwIChBdCByaXNrKQpDcml0aWNhbCBS\r\naXNrIERldGVjdGVkIOKAlCBQcm9iYWJpbGl0eSBTY29yZTogMS4wMCAoQXQgcmlzaykKQ3JpdGlj\r\nYWwgUmlzayBEZXRlY3RlZCDigJQgUHJvYmFiaWxpdHkgU2NvcmU6IDEuMDAgKEF0IHJpc2spCkNy\r\naXRpY2FsIFJpc2sgRGV0ZWN0ZWQg4oCUIFByb2JhYmlsaXR5IFNjb3JlOiAxLjAwIChBdCByaXNr\r\nKQpDcml0aWNhbCBSaXNrIERldGVjdGVkIOKAlCBQcm9iYWJpbGl0eSBTY29yZTogMS4wMCAoQXQg\r\ncmlzaykKQ3JpdGljYWwgUmlzayBEZXRlY3RlZCDigJQgUHJvYmFiaWxpdHkgU2NvcmU6IDEuMDAg\r\nKEF0IHJpc2spCkNyaXRpY2FsIFJpc2sgRGV0ZWN0ZWQg4oCUIFByb2JhYmlsaXR5IFNjb3JlOiAx\r\nLjAwIChBdCByaXNrKQpDcml0aWNhbCBSaXNrIERldGVjdGVkIOKAlCBQcm9iYWJpbGl0eSBTY29y\r\nZTogMS4wMCAoQXQgcmlzaykKQ3JpdGljYWwgUmlzayBEZXRlY3RlZCDigJQgUHJvYmFiaWxpdHkg\r\nU2NvcmU6IDEuMDAgKEF0IHJpc2spCkNyaXRpY2FsIFJpc2sgRGV0ZWN0ZWQg4oCUIFByb2JhYmls\r\naXR5IFNjb3JlOiAxLjAwIChBdCByaXNrKQpDcml0aWNhbCBSaXNrIERldGVjdGVkIOKAlCBQcm9i\r\nYWJpbGl0eSBTY29yZTogMS4wMCAoQXQgcmlzaykKQ3JpdGljYWwgUmlzayBEZXRlY3RlZCDigJQg\r\nUHJvYmFiaWxpdHkgU2NvcmU6IDEuMDAgKEF0IHJpc2spCkNyaXRpY2FsIFJpc2sgRGV0ZWN0ZWQg\r\n4oCUIFByb2JhYmlsaXR5IFNjb3JlOiAxLjAwIChBdCByaXNrKQpDcml0aWNhbCBSaXNrIERldGVj\r\ndGVkIOKAlCBQcm9iYWJpbGl0eSBTY29yZTogMS4wMCAoQXQgcmlzaykKQ3JpdGljYWwgUmlzayBE\r\nZXRlY3RlZCDigJQgUHJvYmFiaWxpdHkgU2NvcmU6IDEuMDAgKEF0IHJpc2spCkNyaXRpY2FsIFJp\r\nc2sgRGV0ZWN0ZWQg4oCUIFByb2JhYmlsaXR5IFNjb3JlOiAxLjAwIChBdCByaXNrKQpDcml0aWNh\r\nbCBSaXNrIERldGVjdGVkIOKAlCBQcm9iYWJpbGl0eSBTY29yZTogMS4wMCAoQXQgcmlzaykKQ3Jp\r\ndGljYWwgUmlzayBEZXRlY3RlZCDigJQgUHJvYmFiaWxpdHkgU2NvcmU6IDEuMDAgKEF0IHJpc2sp\r\nCkNyaXRpY2FsIFJpc2sgRGV0ZWN0ZWQg4oCUIFByb2JhYmlsaXR5IFNjb3JlOiAxLjAwIChBdCBy\r\naXNrKQpDcml0aWNhbCBSaXNrIERldGVjdGVkIOKAlCBQcm9iYWJpbGl0eSBTY29yZTogMS4wMCAo\r\nQXQgcmlzaykKQ3JpdGljYWwgUmlzayBEZXRlY3RlZCDigJQgUHJvYmFiaWxpdHkgU2NvcmU6IDEu\r\nMDAgKEF0IHJpc2spCkNyaXRpY2FsIFJpc2sgRGV0ZWN0ZWQg4oCUIFByb2JhYmlsaXR5IFNjb3Jl\r\nOiAxLjAwIChBdCByaXNrKQpDcml0aWNhbCBSaXNrIERldGVjdGVkIOKAlCBQcm9iYWJpbGl0eSBT\r\nY29yZTogMS4wMCAoQXQgcmlzaykKQ3JpdGljYWwgUmlzayBEZXRlY3RlZCDigJQgUHJvYmFiaWxp\r\ndHkgU2NvcmU6IDEuMDAgKEF0IHJpc2spCkNyaXRpY2FsIFJpc2sgRGV0ZWN0ZWQg4oCUIFByb2Jh\r\nYmlsaXR5IFNjb3JlOiAxLjAwIChBdCByaXNrKQpDcml0aWNhbCBSaXNrIERldGVjdGVkIOKAlCBQ\r\ncm9iYWJpbGl0eSBTY29yZTogMS4wMCAoQXQgcmlzaykKQ3JpdGljYWwgUmlzayBEZXRlY3RlZCDi\r\ngJQgUHJvYmFiaWxpdHkgU2NvcmU6IDEuMDAgKEF0IHJpc2spCkNyaXRpY2FsIFJpc2sgRGV0ZWN0\r\nZWQg4oCUIFByb2JhYmlsaXR5IFNjb3JlOiAxLjAwIChBdCByaXNrKQpDcml0aWNhbCBSaXNrIERl\r\ndGVjdGVkIOKAlCBQcm9iYWJpbGl0eSBTY29yZTogMS4wMCAoQXQgcmlzaykKQ3JpdGljYWwgUmlz\r\nayBEZXRlY3RlZCDigJQgUHJvYmFiaWxpdHkgU2NvcmU6IDEuMDAgKEF0IHJpc2spCkNyaXRpY2Fs\r\nIFJpc2sgRGV0ZWN0ZWQg4oCUIFByb2JhYmlsaXR5IFNjb3JlOiAxLjAwIChBdCByaXNrKQpDcml0\r\naWNhbCBSaXNrIERldGVjdGVkIOKAlCBQcm9iYWJpbGl0eSBTY29yZTogMS4wMCAoQXQgcmlzaykK\r\nQ3JpdGljYWwgUmlzayBEZXRlY3RlZCDigJQgUHJvYmFiaWxpdHkgU2NvcmU6IDEuMDAgKEF0IHJp\r\nc2spCkNyaXRpY2FsIFJpc2sgRGV0ZWN0ZWQg4oCUIFByb2JhYmlsaXR5IFNjb3JlOiAxLjAwIChB\r\ndCByaXNrKQpDcml0aWNhbCBSaXNrIERldGVjdGVkIOKAlCBQcm9iYWJpbGl0eSBTY29yZTogMS4w\r\nMCAoQXQgcmlzaykKQ3JpdGljYWwgUmlzayBEZXRlY3RlZCDigJQgUHJvYmFiaWxpdHkgU2NvcmU6\r\nIDEuMDAgKEF0IHJpc2spCkNyaXRpY2FsIFJpc2sgRGV0ZWN0ZWQg4oCUIFByb2JhYmlsaXR5IFNj\r\nb3JlOiAxLjAwIChBdCByaXNrKQpDcml0aWNhbCBSaXNrIERldGVjdGVkIOKAlCBQcm9iYWJpbGl0\r\neSBTY29yZTogMS4wMCAoQXQgcmlzaykKQ3JpdGljYWwgUmlzayBEZXRlY3RlZCDigJQgUHJvYmFi\r\naWxpdHkgU2NvcmU6IDEuMDAgKEF0IHJpc2spCkNyaXRpY2FsIFJpc2sgRGV0ZWN0ZWQg4oCUIFBy\r\nb2JhYmlsaXR5IFNjb3JlOiAxLjAwIChBdCByaXNrKQpDcml0aWNhbCBSaXNrIERldGVjdGVkIOKA\r\nlCBQcm9iYWJpbGl0eSBTY29yZTogMS4wMCAoQXQgcmlzaykKQ3JpdGljYWwgUmlzayBEZXRlY3Rl\r\nZCDigJQgUHJvYmFiaWxpdHkgU2NvcmU6IDEuMDAgKEF0IHJpc2spCkNyaXRpY2FsIFJpc2sgRGV0\r\nZWN0ZWQg4oCUIFByb2JhYmlsaXR5IFNjb3JlOiAxLjAwIChBdCByaXNrKQpDcml0aWNhbCBSaXNr\r\nIERldGVjdGVkIOKAlCBQcm9iYWJpbGl0eSBTY29yZTogMS4wMCAoQXQgcmlzaykKQ3JpdGljYWwg\r\nUmlzayBEZXRlY3RlZCDigJQgUHJvYmFiaWxpdHkgU2NvcmU6IDEuMDAgKEF0IHJpc2spCkNyaXRp\r\nY2FsIFJpc2sgRGV0ZWN0ZWQg4oCUIFByb2JhYmlsaXR5IFNjb3JlOiAxLjAwIChBdCByaXNrKQpD\r\ncml0aWNhbCBSaXNrIERldGVjdGVkIOKAlCBQcm9iYWJpbGl0eSBTY29yZTogMS4wMCAoQXQgcmlz\r\naykKQ3JpdGljYWwgUmlzayBEZXRlY3RlZCDigJQgUHJvYmFiaWxpdHkgU2NvcmU6IDEuMDAgKEF0\r\nIHJpc2spCkNyaXRpY2FsIFJpc2sgRGV0ZWN0ZWQg4oCUIFByb2JhYmlsaXR5IFNjb3JlOiAxLjAw\r\nIChBdCByaXNrKQpDcml0aWNhbCBSaXNrIERldGVjdGVkIOKAlCBQcm9iYWJpbGl0eSBTY29yZTog\r\nMS4wMCAoQXQgcmlzaykKQ3JpdGljYWwgUmlzayBEZXRlY3RlZCDigJQgUHJvYmFiaWxpdHkgU2Nv\r\ncmU6IDEuMDAgKEF0IHJpc2spCkNyaXRpY2FsIFJpc2sgRGV0ZWN0ZWQg4oCUIFByb2JhYmlsaXR5\r\nIFNjb3JlOiAxLjAwIChBdCByaXNrKQpDcml0aWNhbCBSaXNrIERldGVjdGVkIOKAlCBQcm9iYWJp\r\nbGl0eSBTY29yZTogMS4wMCAoQXQgcmlzaykKQ3JpdGljYWwgUmlzayBEZXRlY3RlZCDigJQgUHJv\r\nYmFiaWxpdHkgU2NvcmU6IDEuMDAgKEF0IHJpc2spCkNyaXRpY2FsIFJpc2sgRGV0ZWN0ZWQg4oCU\r\nIFByb2JhYmlsaXR5IFNjb3JlOiAxLjAwIChBdCByaXNrKQpDcml0aWNhbCBSaXNrIERldGVjdGVk\r\nIOKAlCBQcm9iYWJpbGl0eSBTY29yZTogMS4wMCAoQXQgcmlzaykKQ3JpdGljYWwgUmlzayBEZXRl\r\nY3RlZCDigJQgUHJvYmFiaWxpdHkgU2NvcmU6IDEuMDAgKEF0IHJpc2spCkNyaXRpY2FsIFJpc2sg\r\nRGV0ZWN0ZWQg4oCUIFByb2JhYmlsaXR5IFNjb3JlOiAxLjAwIChBdCByaXNrKQpDcml0aWNhbCBS\r\naXNrIERldGVjdGVkIOKAlCBQcm9iYWJpbGl0eSBTY29yZTogMS4wMCAoQXQgcmlzaykKQ3JpdGlj\r\nYWwgUmlzayBEZXRlY3RlZCDigJQgUHJvYmFiaWxpdHkgU2NvcmU6IDEuMDAgKEF0IHJpc2spCkNy\r\naXRpY2FsIFJpc2sgRGV0ZWN0ZWQg4oCUIFByb2JhYmlsaXR5IFNjb3JlOiAxLjAwIChBdCByaXNr\r\nKQpDcml0aWNhbCBSaXNrIERldGVjdGVkIOKAlCBQcm9iYWJpbGl0eSBTY29yZTogMS4wMCAoQXQg\r\ncmlzaykKQ3JpdGljYWwgUmlzayBEZXRlY3RlZCDigJQgUHJvYmFiaWxpdHkgU2NvcmU6IDEuMDAg\r\nKEF0IHJpc2spCkNyaXRpY2FsIFJpc2sgRGV0ZWN0ZWQg4oCUIFByb2JhYmlsaXR5IFNjb3JlOiAx\r\nLjAwIChBdCByaXNrKQpDcml0aWNhbCBSaXNrIERldGVjdGVkIOKAlCBQcm9iYWJpbGl0eSBTY29y\r\nZTogMS4wMCAoQXQgcmlzaykKQ3JpdGljYWwgUmlzayBEZXRlY3RlZCDigJQgUHJvYmFiaWxpdHkg\r\nU2NvcmU6IDEuMDAgKEF0IHJpc2spCkNyaXRpY2FsIFJpc2sgRGV0ZWN0ZWQg4oCUIFByb2JhYmls\r\naXR5IFNjb3JlOiAxLjAwIChBdCByaXNrKQpDcml0aWNhbCBSaXNrIERldGVjdGVkIOKAlCBQcm9i\r\nYWJpbGl0eSBTY29yZTogMS4wMCAoQXQgcmlzaykKQ3JpdGljYWwgUmlzayBEZXRlY3RlZCDigJQg\r\nUHJvYmFiaWxpdHkgU2NvcmU6IDEuMDAgKEF0IHJpc2spCkNyaXRpY2FsIFJpc2sgRGV0ZWN0ZWQg\r\n4oCUIFByb2JhYmlsaXR5IFNjb3JlOiAxLjAwIChBdCByaXNrKQpDcml0aWNhbCBSaXNrIERldGVj\r\ndGVkIOKAlCBQcm9iYWJpbGl0eSBTY29yZTogMS4wMCAoQXQgcmlzaykKQ3JpdGljYWwgUmlzayBE\r\nZXRlY3RlZCDigJQgUHJvYmFiaWxpdHkgU2NvcmU6IDEuMDAgKEF0IHJpc2spCkNyaXRpY2FsIFJp\r\nc2sgRGV0ZWN0ZWQg4oCUIFByb2JhYmlsaXR5IFNjb3JlOiAxLjAwIChBdCByaXNrKQpDcml0aWNh\r\nbCBSaXNrIERldGVjdGVkIOKAlCBQcm9iYWJpbGl0eSBTY29yZTogMS4wMCAoQXQgcmlzaykKQ3Jp\r\ndGljYWwgUmlzayBEZXRlY3RlZCDigJQgUHJvYmFiaWxpdHkgU2NvcmU6IDEuMDAgKEF0IHJpc2sp\r\nCkNyaXRpY2FsIFJpc2sgRGV0ZWN0ZWQg4oCUIFByb2JhYmlsaXR5IFNjb3JlOiAxLjAwIChBdCBy\r\naXNrKQpDcml0aWNhbCBSaXNrIERldGVjdGVkIOKAlCBQcm9iYWJpbGl0eSBTY29yZTogMS4wMCAo\r\nQXQgcmlzaykKQ3JpdGljYWwgUmlzayBEZXRlY3RlZCDigJQgUHJvYmFiaWxpdHkgU2NvcmU6IDEu\r\nMDAgKEF0IHJpc2spCkNyaXRpY2FsIFJpc2sgRGV0ZWN0ZWQg4oCUIFByb2JhYmlsaXR5IFNjb3Jl\r\nOiAxLjAwIChBdCByaXNrKQpDcml0aWNhbCBSaXNrIERldGVjdGVkIOKAlCBQcm9iYWJpbGl0eSBT\r\nY29yZTogMS4wMCAoQXQgcmlzaykKQ3JpdGljYWwgUmlzayBEZXRlY3RlZCDigJQgUHJvYmFiaWxp\r\ndHkgU2NvcmU6IDEuMDAgKEF0IHJpc2spCkNyaXRpY2FsIFJpc2sgRGV0ZWN0ZWQg4oCUIFByb2Jh\r\nYmlsaXR5IFNjb3JlOiAxLjAwIChBdCByaXNrKQpDcml0aWNhbCBSaXNrIERldGVjdGVkIOKAlCBQ\r\ncm9iYWJpbGl0eSBTY29yZTogMS4wMCAoQXQgcmlzaykKQ3JpdGljYWwgUmlzayBEZXRlY3RlZCDi\r\ngJQgUHJvYmFiaWxpdHkgU2NvcmU6IDEuMDAgKEF0IHJpc2spCkNyaXRpY2FsIFJpc2sgRGV0ZWN0\r\nZWQg4oCUIFByb2JhYmlsaXR5IFNjb3JlOiAxLjAwIChBdCByaXNrKQpDcml0aWNhbCBSaXNrIERl\r\ndGVjdGVkIOKAlCBQcm9iYWJpbGl0eSBTY29yZTogMS4wMCAoQXQgcmlzaykKQ3JpdGljYWwgUmlz\r\nayBEZXRlY3RlZCDigJQgUHJvYmFiaWxpdHkgU2NvcmU6IDEuMDAgKEF0IHJpc2spCkNyaXRpY2Fs\r\nIFJpc2sgRGV0ZWN0ZWQg4oCUIFByb2JhYmlsaXR5IFNjb3JlOiAxLjAwIChBdCByaXNrKQpDcml0\r\naWNhbCBSaXNrIERldGVjdGVkIOKAlCBQcm9iYWJpbGl0eSBTY29yZTogMS4wMCAoQXQgcmlzaykK\r\nQ3JpdGljYWwgUmlzayBEZXRlY3RlZCDigJQgUHJvYmFiaWxpdHkgU2NvcmU6IDEuMDAgKEF0IHJp\r\nc2spCkNyaXRpY2FsIFJpc2sgRGV0ZWN0ZWQg4oCUIFByb2JhYmlsaXR5IFNjb3JlOiAxLjAwIChB\r\ndCByaXNrKQpDcml0aWNhbCBSaXNrIERldGVjdGVkIOKAlCBQcm9iYWJpbGl0eSBTY29yZTogMS4w\r\nMCAoQXQgcmlzaykKQ3JpdGljYWwgUmlzayBEZXRlY3RlZCDigJQgUHJvYmFiaWxpdHkgU2NvcmU6\r\nIDEuMDAgKEF0IHJpc2spCkNyaXRpY2FsIFJpc2sgRGV0ZWN0ZWQg4oCUIFByb2JhYmlsaXR5IFNj\r\nb3JlOiAxLjAwIChBdCByaXNrKQpDcml0aWNhbCBSaXNrIERldGVjdGVkIOKAlCBQcm9iYWJpbGl0\r\neSBTY29yZTogMS4wMCAoQXQgcmlzaykKQ3JpdGljYWwgUmlzayBEZXRlY3RlZCDigJQgUHJvYmFi\r\naWxpdHkgU2NvcmU6IDEuMDAgKEF0IHJpc2spCkNyaXRpY2FsIFJpc2sgRGV0ZWN0ZWQg4oCUIFBy\r\nb2JhYmlsaXR5IFNjb3JlOiAxLjAwIChBdCByaXNrKQpDcml0aWNhbCBSaXNrIERldGVjdGVkIOKA\r\nlCBQcm9iYWJpbGl0eSBTY29yZTogMS4wMCAoQXQgcmlzaykKQ3JpdGljYWwgUmlzayBEZXRlY3Rl\r\nZCDigJQgUHJvYmFiaWxpdHkgU2NvcmU6IDEuMDAgKEF0IHJpc2spCkNyaXRpY2FsIFJpc2sgRGV0\r\nZWN0ZWQg4oCUIFByb2JhYmlsaXR5IFNjb3JlOiAxLjAwIChBdCByaXNrKQpDcml0aWNhbCBSaXNr\r\nIERldGVjdGVkIOKAlCBQcm9iYWJpbGl0eSBTY29yZTogMS4wMCAoQXQgcmlzaykKQ3JpdGljYWwg\r\nUmlzayBEZXRlY3RlZCDigJQgUHJvYmFiaWxpdHkgU2NvcmU6IDEuMDAgKEF0IHJpc2spCkNyaXRp\r\nY2FsIFJpc2sgRGV0ZWN0ZWQg4oCUIFByb2JhYmlsaXR5IFNjb3JlOiAxLjAwIChBdCByaXNrKQpD\r\ncml0aWNhbCBSaXNrIERldGVjdGVkIOKAlCBQcm9iYWJpbGl0eSBTY29yZTogMS4wMCAoQXQgcmlz\r\naykKQ3JpdGljYWwgUmlzayBEZXRlY3RlZCDigJQgUHJvYmFiaWxpdHkgU2NvcmU6IDEuMDAgKEF0\r\nIHJpc2spCkNyaXRpY2FsIFJpc2sgRGV0ZWN0ZWQg4oCUIFByb2JhYmlsaXR5IFNjb3JlOiAxLjAw\r\nIChBdCByaXNrKQpDcml0aWNhbCBSaXNrIERldGVjdGVkIOKAlCBQcm9iYWJpbGl0eSBTY29yZTog\r\nMS4wMCAoQXQgcmlzaykKQ3JpdGljYWwgUmlzayBEZXRlY3RlZCDigJQgUHJvYmFiaWxpdHkgU2Nv\r\ncmU6IDEuMDAgKEF0IHJpc2spCkNyaXRpY2FsIFJpc2sgRGV0ZWN0ZWQg4oCUIFByb2JhYmlsaXR5\r\nIFNjb3JlOiAxLjAwIChBdCByaXNrKQpDcml0aWNhbCBSaXNrIERldGVjdGVkIOKAlCBQcm9iYWJp\r\nbGl0eSBTY29yZTogMS4wMCAoQXQgcmlzaykKQ3JpdGljYWwgUmlzayBEZXRlY3RlZCDigJQgUHJv\r\nYmFiaWxpdHkgU2NvcmU6IDEuMDAgKEF0IHJpc2spCkNyaXRpY2FsIFJpc2sgRGV0ZWN0ZWQg4oCU\r\nIFByb2JhYmlsaXR5IFNjb3JlOiAxLjAwIChBdCByaXNrKQpDcml0aWNhbCBSaXNrIERldGVjdGVk\r\nIOKAlCBQcm9iYWJpbGl0eSBTY29yZTogMS4wMCAoQXQgcmlzaykKQ3JpdGljYWwgUmlzayBEZXRl\r\nY3RlZCDigJQgUHJvYmFiaWxpdHkgU2NvcmU6IDEuMDAgKEF0IHJpc2spCkNyaXRpY2FsIFJpc2sg\r\nRGV0ZWN0ZWQg4oCUIFByb2JhYmlsaXR5IFNjb3JlOiAxLjAwIChBdCByaXNrKQpDcml0aWNhbCBS\r\naXNrIERldGVjdGVkIOKAlCBQcm9iYWJpbGl0eSBTY29yZTogMS4wMCAoQXQgcmlzaykKQ3JpdGlj\r\nYWwgUmlzayBEZXRlY3RlZCDigJQgUHJvYmFiaWxpdHkgU2NvcmU6IDEuMDAgKEF0IHJpc2spCkNy\r\naXRpY2FsIFJpc2sgRGV0ZWN0ZWQg4oCUIFByb2JhYmlsaXR5IFNjb3JlOiAxLjAwIChBdCByaXNr\r\nKQpDcml0aWNhbCBSaXNrIERldGVjdGVkIOKAlCBQcm9iYWJpbGl0eSBTY29yZTogMS4wMCAoQXQg\r\ncmlzaykKQ3JpdGljYWwgUmlzayBEZXRlY3RlZCDigJQgUHJvYmFiaWxpdHkgU2NvcmU6IDEuMDAg\r\nKEF0IHJpc2spCkNyaXRpY2FsIFJpc2sgRGV0ZWN0ZWQg4oCUIFByb2JhYmlsaXR5IFNjb3JlOiAx\r\nLjAwIChBdCByaXNrKQpDcml0aWNhbCBSaXNrIERldGVjdGVkIOKAlCBQcm9iYWJpbGl0eSBTY29y\r\nZTogMS4wMCAoQXQgcmlzaykKQ3JpdGljYWwgUmlzayBEZXRlY3RlZCDigJQgUHJvYmFiaWxpdHkg\r\nU2NvcmU6IDEuMDAgKEF0IHJpc2spCkNyaXRpY2FsIFJpc2sgRGV0ZWN0ZWQg4oCUIFByb2JhYmls\r\naXR5IFNjb3JlOiAxLjAwIChBdCByaXNrKQpDcml0aWNhbCBSaXNrIERldGVjdGVkIOKAlCBQcm9i\r\nYWJpbGl0eSBTY29yZTogMS4wMCAoQXQgcmlzaykKQ3JpdGljYWwgUmlzayBEZXRlY3RlZCDigJQg\r\nUHJvYmFiaWxpdHkgU2NvcmU6IDEuMDAgKEF0IHJpc2spCkNyaXRpY2FsIFJpc2sgRGV0ZWN0ZWQg\r\n4oCUIFByb2JhYmlsaXR5IFNjb3JlOiAxLjAwIChBdCByaXNrKQpDcml0aWNhbCBSaXNrIERldGVj\r\ndGVkIOKAlCBQcm9iYWJpbGl0eSBTY29yZTogMS4wMCAoQXQgcmlzaykKQ3JpdGljYWwgUmlzayBE\r\nZXRlY3RlZCDigJQgUHJvYmFiaWxpdHkgU2NvcmU6IDEuMDAgKEF0IHJpc2spCkNyaXRpY2FsIFJp\r\nc2sgRGV0ZWN0ZWQg4oCUIFByb2JhYmlsaXR5IFNjb3JlOiAxLjAwIChBdCByaXNrKQpDcml0aWNh\r\nbCBSaXNrIERldGVjdGVkIOKAlCBQcm9iYWJpbGl0eSBTY29yZTogMS4wMCAoQXQgcmlzaykKQ3Jp\r\ndGljYWwgUmlzayBEZXRlY3RlZCDigJQgUHJvYmFiaWxpdHkgU2NvcmU6IDEuMDAgKEF0IHJpc2sp\r\nCkNyaXRpY2FsIFJpc2sgRGV0ZWN0ZWQg4oCUIFByb2JhYmlsaXR5IFNjb3JlOiAxLjAwIChBdCBy\r\naXNrKQpDcml0aWNhbCBSaXNrIERldGVjdGVkIOKAlCBQcm9iYWJpbGl0eSBTY29yZTogMS4wMCAo\r\nQXQgcmlzaykKQ3JpdGljYWwgUmlzayBEZXRlY3RlZCDigJQgUHJvYmFiaWxpdHkgU2NvcmU6IDEu\r\nMDAgKEF0IHJpc2spCkNyaXRpY2FsIFJpc2sgRGV0ZWN0ZWQg4oCUIFByb2JhYmlsaXR5IFNjb3Jl\r\nOiAxLjAwIChBdCByaXNrKQoKVG9wIFJpc2t5IEN1c3RvbWVyczoKQ29zdGNvIFdob2xlc2FsZSB8\r\nIDAuOTk5IHwgQXQgUmlzawpWaWpheSBTdG9yZXMgfCAwLjk5OSB8IEF0IFJpc2sKVmlqYXkgU3Rv\r\ncmVzIHwgMC45OTkgfCBBdCBSaXNrCkNvb2xibHVlIHwgMC45OTkgfCBBdCBSaXNrCkNvb2xibHVl\r\nIHwgMC45OTkgfCBBdCBSaXNr\r\n\r\n--===============4961626126783831363==\r\nContent-Type: text/html; charset="utf-8"\r\nMIME-Version: 1.0\r\nContent-Transfer-Encoding: base64\r\n\r\nPGh0bWw+PGJvZHk+PGgxPvCfmqggU3VwcGx5IENoYWluIEFsZXJ0IFJlcG9ydDwvaDE+PHA+RGF0\r\nZTogMjAyNS0xMC0wNiAxNTo0MyBVVEMgfCBBbGVydHM6IDQyNzwvcD48aDI+RXhlY3V0aXZlIFN1\r\nbW1hcnk8L2gyPjx0YWJsZSBib3JkZXI9JzEnIGNlbGxwYWRkaW5nPSc0JyBjZWxsc3BhY2luZz0n\r\nMCc+PHRyPjx0aD5Ub3RhbCBPcmRlcnM8L3RoPjx0aD5PVElGPC90aD48dGg+T24tVGltZTwvdGg+\r\nPHRoPkluLUZ1bGw8L3RoPjwvdHI+PHRyPjx0ZD4yOTgzNi4wPC90ZD48dGQ+NDcuNzQlPC90ZD48\r\ndGQ+NzEuMiU8L3RkPjx0ZD42NS43NyU8L3RkPjwvdHI+PC90YWJsZT48cD48aW1nIHNyYz0nY2lk\r\nOmltZzEnIGFsdD0nS1BJIENoYXJ0Jz48L3A+PGgyPkludmVudG9yeSBBbGVydHM8L2gyPjx1bD48\r\nbGk+T1ZFUlNUT0NLOiBBTSBHaGVlIDI1MCAoc3RvY2s9MzQ2NC4wKTwvbGk+PGxpPk9WRVJTVE9D\r\nSzogQU0gR2hlZSAxMDAgKHN0b2NrPTM1MDcuMCk8L2xpPjxsaT5PVkVSU1RPQ0s6IEFNIEdoZWUg\r\nMTUwIChzdG9jaz0zNTk4LjApPC9saT48bGk+T1ZFUlNUT0NLOiBBTSBUZWEgMTAwIChzdG9jaz02\r\nODY5LjApPC9saT48bGk+T1ZFUlNUT0NLOiBBTSBUZWEgMjUwIChzdG9jaz03MTM5LjApPC9saT48\r\nbGk+T1ZFUlNUT0NLOiBBTSBUZWEgNTAwIChzdG9jaz03NDUwLjApPC9saT48bGk+T1ZFUlNUT0NL\r\nOiBBTSBCaXNjdWl0cyA3NTAgKHN0b2NrPTkxNjAuMCk8L2xpPjxsaT5PVkVSU1RPQ0s6IEFNIEJp\r\nc2N1aXRzIDI1MCAoc3RvY2s9MTAwNzkuMCk8L2xpPjxsaT5PVkVSU1RPQ0s6IEFNIEJpc2N1aXRz\r\nIDUwMCAoc3RvY2s9MTA1ODAuMCk8L2xpPjxsaT5PVkVSU1RPQ0s6IEFNIEJ1dHRlciAxMDAgKHN0\r\nb2NrPTE1OTM5LjApPC9saT48bGk+T1ZFUlNUT0NLOiBBTSBDdXJkIDI1MCAoc3RvY2s9MTc4MjAu\r\nMCk8L2xpPjxsaT5PVkVSU1RPQ0s6IEFNIEJ1dHRlciAyNTAgKHN0b2NrPTE4MjY0LjApPC9saT48\r\nbGk+T1ZFUlNUT0NLOiBBTSBCdXR0ZXIgNTAwIChzdG9jaz0xODg2Ni4wKTwvbGk+PGxpPk9WRVJT\r\nVE9DSzogQU0gQ3VyZCAxMDAgKHN0b2NrPTE5NTE3LjApPC9saT48bGk+T1ZFUlNUT0NLOiBBTSBD\r\ndXJkIDUwIChzdG9jaz0yMDIyMC4wKTwvbGk+PGxpPk9WRVJTVE9DSzogQU0gTWlsayA1MDAgKHN0\r\nb2NrPTIwNzI4LjApPC9saT48bGk+T1ZFUlNUT0NLOiBBTSBNaWxrIDEwMCAoc3RvY2s9MjEzODMu\r\nMCk8L2xpPjxsaT5PVkVSU1RPQ0s6IEFNIE1pbGsgMjUwIChzdG9jaz0yMzkxNi4wKTwvbGk+PC91\r\nbD48cD48aW1nIHNyYz0nY2lkOmltZzInIGFsdD0nSW52ZW50b3J5IENoYXJ0Jz48L3A+PGgyPktQ\r\nSSBBbGVydHM8L2gyPjx1bD48bGk+T1RJRiBiZWxvdyB0YXJnZXQ6IDYyLjEyJSB2cyA2OSU8L2xp\r\nPjxsaT5Pbi1UaW1lIGJlbG93IHRhcmdldDogODMuOTYlIHZzIDg2JTwvbGk+PGxpPkluLUZ1bGwg\r\nYmVsb3cgdGFyZ2V0OiA3NC4yOSUgdnMgODAlPC9saT48bGk+T1RJRiBiZWxvdyB0YXJnZXQ6IDYx\r\nLjYzJSB2cyA3NCU8L2xpPjxsaT5Pbi1UaW1lIGJlbG93IHRhcmdldDogODIuOTclIHZzIDkxJTwv\r\nbGk+PGxpPkluLUZ1bGwgYmVsb3cgdGFyZ2V0OiA3NC40NiUgdnMgODElPC9saT48bGk+T1RJRiBi\r\nZWxvdyB0YXJnZXQ6IDY2LjA4JSB2cyA2OSU8L2xpPjxsaT5Pbi1UaW1lIGJlbG93IHRhcmdldDog\r\nODYuNjklIHZzIDkxJTwvbGk+PGxpPkluLUZ1bGwgYmVsb3cgdGFyZ2V0OiA3NS43NCUgdnMgNzYl\r\nPC9saT48bGk+T1RJRiBiZWxvdyB0YXJnZXQ6IDY1LjUzJSB2cyA2NiU8L2xpPjxsaT5Jbi1GdWxs\r\nIGJlbG93IHRhcmdldDogNzUuNjclIHZzIDc4JTwvbGk+PGxpPk9USUYgYmVsb3cgdGFyZ2V0OiA2\r\nLjMzJSB2cyA1MSU8L2xpPjxsaT5Pbi1UaW1lIGJlbG93IHRhcmdldDogMjkuMjclIHZzIDc1JTwv\r\nbGk+PGxpPkluLUZ1bGwgYmVsb3cgdGFyZ2V0OiAyNy44NCUgdnMgNjglPC9saT48bGk+T1RJRiBi\r\nZWxvdyB0YXJnZXQ6IDYxLjY5JSB2cyA3MSU8L2xpPjxsaT5Pbi1UaW1lIGJlbG93IHRhcmdldDog\r\nODQuNDElIHZzIDkwJTwvbGk+PGxpPkluLUZ1bGwgYmVsb3cgdGFyZ2V0OiA3Mi4wNSUgdnMgNzkl\r\nPC9saT48bGk+T1RJRiBiZWxvdyB0YXJnZXQ6IDY2LjE1JSB2cyA2OSU8L2xpPjxsaT5Pbi1UaW1l\r\nIGJlbG93IHRhcmdldDogODQuMjElIHZzIDg4JTwvbGk+PGxpPk9USUYgYmVsb3cgdGFyZ2V0OiA4\r\nLjM1JSB2cyA1MSU8L2xpPjxsaT5Pbi1UaW1lIGJlbG93IHRhcmdldDogMjUuNzklIHZzIDc4JTwv\r\nbGk+PGxpPkluLUZ1bGwgYmVsb3cgdGFyZ2V0OiAzMC43NSUgdnMgNjYlPC9saT48bGk+T1RJRiBi\r\nZWxvdyB0YXJnZXQ6IDYyLjklIHZzIDc0JTwvbGk+PGxpPk9uLVRpbWUgYmVsb3cgdGFyZ2V0OiA4\r\nNS43NyUgdnMgOTIlPC9saT48bGk+SW4tRnVsbCBiZWxvdyB0YXJnZXQ6IDcyLjc1JSB2cyA4MCU8\r\nL2xpPjxsaT5PVElGIGJlbG93IHRhcmdldDogNjYuODYlIHZzIDczJTwvbGk+PGxpPk9uLVRpbWUg\r\nYmVsb3cgdGFyZ2V0OiA4NS45OSUgdnMgOTAlPC9saT48bGk+SW4tRnVsbCBiZWxvdyB0YXJnZXQ6\r\nIDc3LjExJSB2cyA4MSU8L2xpPjxsaT5PVElGIGJlbG93IHRhcmdldDogMjEuMjYlIHZzIDYwJTwv\r\nbGk+PGxpPk9uLVRpbWUgYmVsb3cgdGFyZ2V0OiAzMC4yOSUgdnMgNzglPC9saT48bGk+SW4tRnVs\r\nbCBiZWxvdyB0YXJnZXQ6IDcyLjA5JSB2cyA3NyU8L2xpPjxsaT5Jbi1GdWxsIGJlbG93IHRhcmdl\r\ndDogNzguMjMlIHZzIDc5JTwvbGk+PGxpPk9USUYgYmVsb3cgdGFyZ2V0OiA2Ni40OCUgdnMgNzEl\r\nPC9saT48bGk+T24tVGltZSBiZWxvdyB0YXJnZXQ6IDg2LjU3JSB2cyA4OSU8L2xpPjxsaT5Jbi1G\r\ndWxsIGJlbG93IHRhcmdldDogNzYuMTIlIHZzIDgwJTwvbGk+PGxpPk9USUYgYmVsb3cgdGFyZ2V0\r\nOiAyNC44JSB2cyA2MiU8L2xpPjxsaT5Pbi1UaW1lIGJlbG93IHRhcmdldDogODYuMjElIHZzIDky\r\nJTwvbGk+PGxpPkluLUZ1bGwgYmVsb3cgdGFyZ2V0OiAyOC43NCUgdnMgNjclPC9saT48bGk+T1RJ\r\nRiBiZWxvdyB0YXJnZXQ6IDYyLjY3JSB2cyA3MSU8L2xpPjxsaT5Pbi1UaW1lIGJlbG93IHRhcmdl\r\ndDogODIuMCUgdnMgODYlPC9saT48bGk+SW4tRnVsbCBiZWxvdyB0YXJnZXQ6IDc2Ljc4JSB2cyA4\r\nMiU8L2xpPjxsaT5PVElGIGJlbG93IHRhcmdldDogNjQuNDYlIHZzIDY5JTwvbGk+PGxpPk9uLVRp\r\nbWUgYmVsb3cgdGFyZ2V0OiA4My4yMSUgdnMgOTIlPC9saT48bGk+T1RJRiBiZWxvdyB0YXJnZXQ6\r\nIDYwLjU5JSB2cyA2OSU8L2xpPjxsaT5Jbi1GdWxsIGJlbG93IHRhcmdldDogNzAuNzIlIHZzIDgx\r\nJTwvbGk+PGxpPk9USUYgYmVsb3cgdGFyZ2V0OiAxOC42NCUgdnMgNTklPC9saT48bGk+T24tVGlt\r\nZSBiZWxvdyB0YXJnZXQ6IDIzLjklIHZzIDc1JTwvbGk+PGxpPkluLUZ1bGwgYmVsb3cgdGFyZ2V0\r\nOiA3NS41NSUgdnMgNzklPC9saT48bGk+T1RJRiBiZWxvdyB0YXJnZXQ6IDE4LjI1JSB2cyA2MiU8\r\nL2xpPjxsaT5Pbi1UaW1lIGJlbG93IHRhcmdldDogMjYuMzIlIHZzIDc4JTwvbGk+PGxpPkluLUZ1\r\nbGwgYmVsb3cgdGFyZ2V0OiA3Mi44NyUgdnMgNzklPC9saT48bGk+T1RJRiBiZWxvdyB0YXJnZXQ6\r\nIDIwLjElIHZzIDY0JTwvbGk+PGxpPk9uLVRpbWUgYmVsb3cgdGFyZ2V0OiAyNy4zNyUgdnMgNzkl\r\nPC9saT48bGk+SW4tRnVsbCBiZWxvdyB0YXJnZXQ6IDc2LjA4JSB2cyA4MSU8L2xpPjxsaT5PVElG\r\nIGJlbG93IHRhcmdldDogNjIuNzMlIHZzIDcwJTwvbGk+PGxpPk9uLVRpbWUgYmVsb3cgdGFyZ2V0\r\nOiA4NC4xMSUgdnMgODclPC9saT48bGk+SW4tRnVsbCBiZWxvdyB0YXJnZXQ6IDc2LjA1JSB2cyA4\r\nMSU8L2xpPjxsaT5PVElGIGJlbG93IHRhcmdldDogMjYuNjYlIHZzIDU5JTwvbGk+PGxpPk9uLVRp\r\nbWUgYmVsb3cgdGFyZ2V0OiA4My41MyUgdnMgODklPC9saT48bGk+SW4tRnVsbCBiZWxvdyB0YXJn\r\nZXQ6IDMxLjA0JSB2cyA2NiU8L2xpPjxsaT5PVElGIGJlbG93IHRhcmdldDogNjAuMDUlIHZzIDcw\r\nJTwvbGk+PGxpPk9uLVRpbWUgYmVsb3cgdGFyZ2V0OiA4Mi4wNyUgdnMgOTIlPC9saT48bGk+SW4t\r\nRnVsbCBiZWxvdyB0YXJnZXQ6IDczLjM3JSB2cyA3NiU8L2xpPjxsaT5PVElGIGJlbG93IHRhcmdl\r\ndDogMjYuNzklIHZzIDYwJTwvbGk+PGxpPk9uLVRpbWUgYmVsb3cgdGFyZ2V0OiA4NC44NCUgdnMg\r\nOTIlPC9saT48bGk+SW4tRnVsbCBiZWxvdyB0YXJnZXQ6IDMwLjY3JSB2cyA2NSU8L2xpPjxsaT5P\r\nVElGIGJlbG93IHRhcmdldDogNjMuMzklIHZzIDc1JTwvbGk+PGxpPk9uLVRpbWUgYmVsb3cgdGFy\r\nZ2V0OiA4My43MiUgdnMgOTIlPC9saT48bGk+SW4tRnVsbCBiZWxvdyB0YXJnZXQ6IDc3LjQ4JSB2\r\ncyA4MSU8L2xpPjxsaT5PVElGIGJlbG93IHRhcmdldDogNTguNzIlIHZzIDczJTwvbGk+PGxpPk9u\r\nLVRpbWUgYmVsb3cgdGFyZ2V0OiA4MS44OSUgdnMgOTAlPC9saT48bGk+SW4tRnVsbCBiZWxvdyB0\r\nYXJnZXQ6IDczLjAlIHZzIDgxJTwvbGk+PGxpPk9USUYgYmVsb3cgdGFyZ2V0OiAyNC4wJSB2cyA2\r\nMiU8L2xpPjxsaT5Pbi1UaW1lIGJlbG93IHRhcmdldDogODMuNjUlIHZzIDkyJTwvbGk+PGxpPklu\r\nLUZ1bGwgYmVsb3cgdGFyZ2V0OiAyOS44OCUgdnMgNjclPC9saT48bGk+T1RJRiBiZWxvdyB0YXJn\r\nZXQ6IDU2Ljk5JSB2cyA2OSU8L2xpPjxsaT5Pbi1UaW1lIGJlbG93IHRhcmdldDogODEuNTIlIHZz\r\nIDg5JTwvbGk+PGxpPkluLUZ1bGwgYmVsb3cgdGFyZ2V0OiA3Mi42MSUgdnMgNzglPC9saT48bGk+\r\nT1RJRiBiZWxvdyB0YXJnZXQ6IDYxLjYzJSB2cyA2NiU8L2xpPjxsaT5Pbi1UaW1lIGJlbG93IHRh\r\ncmdldDogODEuNyUgdnMgODYlPC9saT48bGk+SW4tRnVsbCBiZWxvdyB0YXJnZXQ6IDc1LjIxJSB2\r\ncyA3NyU8L2xpPjxsaT5PVElGIGJlbG93IHRhcmdldDogNy4wMiUgdnMgNDklPC9saT48bGk+T24t\r\nVGltZSBiZWxvdyB0YXJnZXQ6IDI0LjY5JSB2cyA3NiU8L2xpPjxsaT5Jbi1GdWxsIGJlbG93IHRh\r\ncmdldDogMjguNDMlIHZzIDY1JTwvbGk+PGxpPk9USUYgYmVsb3cgdGFyZ2V0OiA2My4zNiUgdnMg\r\nNzAlPC9saT48bGk+T24tVGltZSBiZWxvdyB0YXJnZXQ6IDg2LjU4JSB2cyA4NyU8L2xpPjxsaT5J\r\nbi1GdWxsIGJlbG93IHRhcmdldDogNzMuNzUlIHZzIDgxJTwvbGk+PGxpPk9USUYgYmVsb3cgdGFy\r\nZ2V0OiA2MS4xNCUgdnMgNjglPC9saT48bGk+T24tVGltZSBiZWxvdyB0YXJnZXQ6IDgyLjM2JSB2\r\ncyA4NSU8L2xpPjxsaT5Jbi1GdWxsIGJlbG93IHRhcmdldDogNzMuNjYlIHZzIDgwJTwvbGk+PGxp\r\nPk9USUYgYmVsb3cgdGFyZ2V0OiA2Mi41OSUgdnMgNjclPC9saT48bGk+T24tVGltZSBiZWxvdyB0\r\nYXJnZXQ6IDgzLjA5JSB2cyA4OSU8L2xpPjxsaT5Jbi1GdWxsIGJlbG93IHRhcmdldDogNzQuODEl\r\nIHZzIDc1JTwvbGk+PGxpPk9USUYgYmVsb3cgdGFyZ2V0OiA2Mi42NiUgdnMgNjclPC9saT48bGk+\r\nT24tVGltZSBiZWxvdyB0YXJnZXQ6IDgzLjU1JSB2cyA4NSU8L2xpPjxsaT5Jbi1GdWxsIGJlbG93\r\nIHRhcmdldDogNzQuNjglIHZzIDc5JTwvbGk+PGxpPk9USUYgYmVsb3cgdGFyZ2V0OiAxNy4xNCUg\r\ndnMgNjAlPC9saT48bGk+T24tVGltZSBiZWxvdyB0YXJnZXQ6IDI1LjAzJSB2cyA3NiU8L2xpPjxs\r\naT5Jbi1GdWxsIGJlbG93IHRhcmdldDogNzIuNzUlIHZzIDc5JTwvbGk+PC91bD48aDI+UmlzayBB\r\nbGVydHM8L2gyPjx1bD48bGk+Q3JpdGljYWwgUmlzayBEZXRlY3RlZCDigJQgUHJvYmFiaWxpdHkg\r\nU2NvcmU6IDEuMDAgKEF0IHJpc2spPC9saT48bGk+Q3JpdGljYWwgUmlzayBEZXRlY3RlZCDigJQg\r\nUHJvYmFiaWxpdHkgU2NvcmU6IDEuMDAgKEF0IHJpc2spPC9saT48bGk+Q3JpdGljYWwgUmlzayBE\r\nZXRlY3RlZCDigJQgUHJvYmFiaWxpdHkgU2NvcmU6IDEuMDAgKEF0IHJpc2spPC9saT48bGk+Q3Jp\r\ndGljYWwgUmlzayBEZXRlY3RlZCDigJQgUHJvYmFiaWxpdHkgU2NvcmU6IDEuMDAgKEF0IHJpc2sp\r\nPC9saT48bGk+Q3JpdGljYWwgUmlzayBEZXRlY3RlZCDigJQgUHJvYmFiaWxpdHkgU2NvcmU6IDEu\r\nMDAgKEF0IHJpc2spPC9saT48bGk+Q3JpdGljYWwgUmlzayBEZXRlY3RlZCDigJQgUHJvYmFiaWxp\r\ndHkgU2NvcmU6IDEuMDAgKEF0IHJpc2spPC9saT48bGk+Q3JpdGljYWwgUmlzayBEZXRlY3RlZCDi\r\ngJQgUHJvYmFiaWxpdHkgU2NvcmU6IDEuMDAgKEF0IHJpc2spPC9saT48bGk+Q3JpdGljYWwgUmlz\r\nayBEZXRlY3RlZCDigJQgUHJvYmFiaWxpdHkgU2NvcmU6IDEuMDAgKEF0IHJpc2spPC9saT48bGk+\r\nQ3JpdGljYWwgUmlzayBEZXRlY3RlZCDigJQgUHJvYmFiaWxpdHkgU2NvcmU6IDEuMDAgKEF0IHJp\r\nc2spPC9saT48bGk+Q3JpdGljYWwgUmlzayBEZXRlY3RlZCDigJQgUHJvYmFiaWxpdHkgU2NvcmU6\r\nIDEuMDAgKEF0IHJpc2spPC9saT48bGk+Q3JpdGljYWwgUmlzayBEZXRlY3RlZCDigJQgUHJvYmFi\r\naWxpdHkgU2NvcmU6IDEuMDAgKEF0IHJpc2spPC9saT48bGk+Q3JpdGljYWwgUmlzayBEZXRlY3Rl\r\nZCDigJQgUHJvYmFiaWxpdHkgU2NvcmU6IDEuMDAgKEF0IHJpc2spPC9saT48bGk+Q3JpdGljYWwg\r\nUmlzayBEZXRlY3RlZCDigJQgUHJvYmFiaWxpdHkgU2NvcmU6IDEuMDAgKEF0IHJpc2spPC9saT48\r\nbGk+Q3JpdGljYWwgUmlzayBEZXRlY3RlZCDigJQgUHJvYmFiaWxpdHkgU2NvcmU6IDEuMDAgKEF0\r\nIHJpc2spPC9saT48bGk+Q3JpdGljYWwgUmlzayBEZXRlY3RlZCDigJQgUHJvYmFiaWxpdHkgU2Nv\r\ncmU6IDEuMDAgKEF0IHJpc2spPC9saT48bGk+Q3JpdGljYWwgUmlzayBEZXRlY3RlZCDigJQgUHJv\r\nYmFiaWxpdHkgU2NvcmU6IDEuMDAgKEF0IHJpc2spPC9saT48bGk+Q3JpdGljYWwgUmlzayBEZXRl\r\nY3RlZCDigJQgUHJvYmFiaWxpdHkgU2NvcmU6IDEuMDAgKEF0IHJpc2spPC9saT48bGk+Q3JpdGlj\r\nYWwgUmlzayBEZXRlY3RlZCDigJQgUHJvYmFiaWxpdHkgU2NvcmU6IDEuMDAgKEF0IHJpc2spPC9s\r\naT48bGk+Q3JpdGljYWwgUmlzayBEZXRlY3RlZCDigJQgUHJvYmFiaWxpdHkgU2NvcmU6IDEuMDAg\r\nKEF0IHJpc2spPC9saT48bGk+Q3JpdGljYWwgUmlzayBEZXRlY3RlZCDigJQgUHJvYmFiaWxpdHkg\r\nU2NvcmU6IDEuMDAgKEF0IHJpc2spPC9saT48bGk+Q3JpdGljYWwgUmlzayBEZXRlY3RlZCDigJQg\r\nUHJvYmFiaWxpdHkgU2NvcmU6IDEuMDAgKEF0IHJpc2spPC9saT48bGk+Q3JpdGljYWwgUmlzayBE\r\nZXRlY3RlZCDigJQgUHJvYmFiaWxpdHkgU2NvcmU6IDEuMDAgKEF0IHJpc2spPC9saT48bGk+Q3Jp\r\ndGljYWwgUmlzayBEZXRlY3RlZCDigJQgUHJvYmFiaWxpdHkgU2NvcmU6IDEuMDAgKEF0IHJpc2sp\r\nPC9saT48bGk+Q3JpdGljYWwgUmlzayBEZXRlY3RlZCDigJQgUHJvYmFiaWxpdHkgU2NvcmU6IDEu\r\nMDAgKEF0IHJpc2spPC9saT48bGk+Q3JpdGljYWwgUmlzayBEZXRlY3RlZCDigJQgUHJvYmFiaWxp\r\ndHkgU2NvcmU6IDEuMDAgKEF0IHJpc2spPC9saT48bGk+Q3JpdGljYWwgUmlzayBEZXRlY3RlZCDi\r\ngJQgUHJvYmFiaWxpdHkgU2NvcmU6IDEuMDAgKEF0IHJpc2spPC9saT48bGk+Q3JpdGljYWwgUmlz\r\nayBEZXRlY3RlZCDigJQgUHJvYmFiaWxpdHkgU2NvcmU6IDEuMDAgKEF0IHJpc2spPC9saT48bGk+\r\nQ3JpdGljYWwgUmlzayBEZXRlY3RlZCDigJQgUHJvYmFiaWxpdHkgU2NvcmU6IDEuMDAgKEF0IHJp\r\nc2spPC9saT48bGk+Q3JpdGljYWwgUmlzayBEZXRlY3RlZCDigJQgUHJvYmFiaWxpdHkgU2NvcmU6\r\nIDEuMDAgKEF0IHJpc2spPC9saT48bGk+Q3JpdGljYWwgUmlzayBEZXRlY3RlZCDigJQgUHJvYmFi\r\naWxpdHkgU2NvcmU6IDEuMDAgKEF0IHJpc2spPC9saT48bGk+Q3JpdGljYWwgUmlzayBEZXRlY3Rl\r\nZCDigJQgUHJvYmFiaWxpdHkgU2NvcmU6IDEuMDAgKEF0IHJpc2spPC9saT48bGk+Q3JpdGljYWwg\r\nUmlzayBEZXRlY3RlZCDigJQgUHJvYmFiaWxpdHkgU2NvcmU6IDEuMDAgKEF0IHJpc2spPC9saT48\r\nbGk+Q3JpdGljYWwgUmlzayBEZXRlY3RlZCDigJQgUHJvYmFiaWxpdHkgU2NvcmU6IDEuMDAgKEF0\r\nIHJpc2spPC9saT48bGk+Q3JpdGljYWwgUmlzayBEZXRlY3RlZCDigJQgUHJvYmFiaWxpdHkgU2Nv\r\ncmU6IDEuMDAgKEF0IHJpc2spPC9saT48bGk+Q3JpdGljYWwgUmlzayBEZXRlY3RlZCDigJQgUHJv\r\nYmFiaWxpdHkgU2NvcmU6IDEuMDAgKEF0IHJpc2spPC9saT48bGk+Q3JpdGljYWwgUmlzayBEZXRl\r\nY3RlZCDigJQgUHJvYmFiaWxpdHkgU2NvcmU6IDEuMDAgKEF0IHJpc2spPC9saT48bGk+Q3JpdGlj\r\nYWwgUmlzayBEZXRlY3RlZCDigJQgUHJvYmFiaWxpdHkgU2NvcmU6IDEuMDAgKEF0IHJpc2spPC9s\r\naT48bGk+Q3JpdGljYWwgUmlzayBEZXRlY3RlZCDigJQgUHJvYmFiaWxpdHkgU2NvcmU6IDEuMDAg\r\nKEF0IHJpc2spPC9saT48bGk+Q3JpdGljYWwgUmlzayBEZXRlY3RlZCDigJQgUHJvYmFiaWxpdHkg\r\nU2NvcmU6IDEuMDAgKEF0IHJpc2spPC9saT48bGk+Q3JpdGljYWwgUmlzayBEZXRlY3RlZCDigJQg\r\nUHJvYmFiaWxpdHkgU2NvcmU6IDEuMDAgKEF0IHJpc2spPC9saT48bGk+Q3JpdGljYWwgUmlzayBE\r\nZXRlY3RlZCDigJQgUHJvYmFiaWxpdHkgU2NvcmU6IDEuMDAgKEF0IHJpc2spPC9saT48bGk+Q3Jp\r\ndGljYWwgUmlzayBEZXRlY3RlZCDigJQgUHJvYmFiaWxpdHkgU2NvcmU6IDEuMDAgKEF0IHJpc2sp\r\nPC9saT48bGk+Q3JpdGljYWwgUmlzayBEZXRlY3RlZCDigJQgUHJvYmFiaWxpdHkgU2NvcmU6IDEu\r\nMDAgKEF0IHJpc2spPC9saT48bGk+Q3JpdGljYWwgUmlzayBEZXRlY3RlZCDigJQgUHJvYmFiaWxp\r\ndHkgU2NvcmU6IDEuMDAgKEF0IHJpc2spPC9saT48bGk+Q3JpdGljYWwgUmlzayBEZXRlY3RlZCDi\r\ngJQgUHJvYmFiaWxpdHkgU2NvcmU6IDEuMDAgKEF0IHJpc2spPC9saT48bGk+Q3JpdGljYWwgUmlz\r\nayBEZXRlY3RlZCDigJQgUHJvYmFiaWxpdHkgU2NvcmU6IDEuMDAgKEF0IHJpc2spPC9saT48bGk+\r\nQ3JpdGljYWwgUmlzayBEZXRlY3RlZCDigJQgUHJvYmFiaWxpdHkgU2NvcmU6IDEuMDAgKEF0IHJp\r\nc2spPC9saT48bGk+Q3JpdGljYWwgUmlzayBEZXRlY3RlZCDigJQgUHJvYmFiaWxpdHkgU2NvcmU6\r\nIDEuMDAgKEF0IHJpc2spPC9saT48bGk+Q3JpdGljYWwgUmlzayBEZXRlY3RlZCDigJQgUHJvYmFi\r\naWxpdHkgU2NvcmU6IDEuMDAgKEF0IHJpc2spPC9saT48bGk+Q3JpdGljYWwgUmlzayBEZXRlY3Rl\r\nZCDigJQgUHJvYmFiaWxpdHkgU2NvcmU6IDEuMDAgKEF0IHJpc2spPC9saT48bGk+Q3JpdGljYWwg\r\nUmlzayBEZXRlY3RlZCDigJQgUHJvYmFiaWxpdHkgU2NvcmU6IDEuMDAgKEF0IHJpc2spPC9saT48\r\nbGk+Q3JpdGljYWwgUmlzayBEZXRlY3RlZCDigJQgUHJvYmFiaWxpdHkgU2NvcmU6IDEuMDAgKEF0\r\nIHJpc2spPC9saT48bGk+Q3JpdGljYWwgUmlzayBEZXRlY3RlZCDigJQgUHJvYmFiaWxpdHkgU2Nv\r\ncmU6IDEuMDAgKEF0IHJpc2spPC9saT48bGk+Q3JpdGljYWwgUmlzayBEZXRlY3RlZCDigJQgUHJv\r\nYmFiaWxpdHkgU2NvcmU6IDEuMDAgKEF0IHJpc2spPC9saT48bGk+Q3JpdGljYWwgUmlzayBEZXRl\r\nY3RlZCDigJQgUHJvYmFiaWxpdHkgU2NvcmU6IDEuMDAgKEF0IHJpc2spPC9saT48bGk+Q3JpdGlj\r\nYWwgUmlzayBEZXRlY3RlZCDigJQgUHJvYmFiaWxpdHkgU2NvcmU6IDEuMDAgKEF0IHJpc2spPC9s\r\naT48bGk+Q3JpdGljYWwgUmlzayBEZXRlY3RlZCDigJQgUHJvYmFiaWxpdHkgU2NvcmU6IDEuMDAg\r\nKEF0IHJpc2spPC9saT48bGk+Q3JpdGljYWwgUmlzayBEZXRlY3RlZCDigJQgUHJvYmFiaWxpdHkg\r\nU2NvcmU6IDEuMDAgKEF0IHJpc2spPC9saT48bGk+Q3JpdGljYWwgUmlzayBEZXRlY3RlZCDigJQg\r\nUHJvYmFiaWxpdHkgU2NvcmU6IDEuMDAgKEF0IHJpc2spPC9saT48bGk+Q3JpdGljYWwgUmlzayBE\r\nZXRlY3RlZCDigJQgUHJvYmFiaWxpdHkgU2NvcmU6IDEuMDAgKEF0IHJpc2spPC9saT48bGk+Q3Jp\r\ndGljYWwgUmlzayBEZXRlY3RlZCDigJQgUHJvYmFiaWxpdHkgU2NvcmU6IDEuMDAgKEF0IHJpc2sp\r\nPC9saT48bGk+Q3JpdGljYWwgUmlzayBEZXRlY3RlZCDigJQgUHJvYmFiaWxpdHkgU2NvcmU6IDEu\r\nMDAgKEF0IHJpc2spPC9saT48bGk+Q3JpdGljYWwgUmlzayBEZXRlY3RlZCDigJQgUHJvYmFiaWxp\r\ndHkgU2NvcmU6IDEuMDAgKEF0IHJpc2spPC9saT48bGk+Q3JpdGljYWwgUmlzayBEZXRlY3RlZCDi\r\ngJQgUHJvYmFiaWxpdHkgU2NvcmU6IDEuMDAgKEF0IHJpc2spPC9saT48bGk+Q3JpdGljYWwgUmlz\r\nayBEZXRlY3RlZCDigJQgUHJvYmFiaWxpdHkgU2NvcmU6IDEuMDAgKEF0IHJpc2spPC9saT48bGk+\r\nQ3JpdGljYWwgUmlzayBEZXRlY3RlZCDigJQgUHJvYmFiaWxpdHkgU2NvcmU6IDEuMDAgKEF0IHJp\r\nc2spPC9saT48bGk+Q3JpdGljYWwgUmlzayBEZXRlY3RlZCDigJQgUHJvYmFiaWxpdHkgU2NvcmU6\r\nIDEuMDAgKEF0IHJpc2spPC9saT48bGk+Q3JpdGljYWwgUmlzayBEZXRlY3RlZCDigJQgUHJvYmFi\r\naWxpdHkgU2NvcmU6IDEuMDAgKEF0IHJpc2spPC9saT48bGk+Q3JpdGljYWwgUmlzayBEZXRlY3Rl\r\nZCDigJQgUHJvYmFiaWxpdHkgU2NvcmU6IDEuMDAgKEF0IHJpc2spPC9saT48bGk+Q3JpdGljYWwg\r\nUmlzayBEZXRlY3RlZCDigJQgUHJvYmFiaWxpdHkgU2NvcmU6IDEuMDAgKEF0IHJpc2spPC9saT48\r\nbGk+Q3JpdGljYWwgUmlzayBEZXRlY3RlZCDigJQgUHJvYmFiaWxpdHkgU2NvcmU6IDEuMDAgKEF0\r\nIHJpc2spPC9saT48bGk+Q3JpdGljYWwgUmlzayBEZXRlY3RlZCDigJQgUHJvYmFiaWxpdHkgU2Nv\r\ncmU6IDEuMDAgKEF0IHJpc2spPC9saT48bGk+Q3JpdGljYWwgUmlzayBEZXRlY3RlZCDigJQgUHJv\r\nYmFiaWxpdHkgU2NvcmU6IDEuMDAgKEF0IHJpc2spPC9saT48bGk+Q3JpdGljYWwgUmlzayBEZXRl\r\nY3RlZCDigJQgUHJvYmFiaWxpdHkgU2NvcmU6IDEuMDAgKEF0IHJpc2spPC9saT48bGk+Q3JpdGlj\r\nYWwgUmlzayBEZXRlY3RlZCDigJQgUHJvYmFiaWxpdHkgU2NvcmU6IDEuMDAgKEF0IHJpc2spPC9s\r\naT48bGk+Q3JpdGljYWwgUmlzayBEZXRlY3RlZCDigJQgUHJvYmFiaWxpdHkgU2NvcmU6IDEuMDAg\r\nKEF0IHJpc2spPC9saT48bGk+Q3JpdGljYWwgUmlzayBEZXRlY3RlZCDigJQgUHJvYmFiaWxpdHkg\r\nU2NvcmU6IDEuMDAgKEF0IHJpc2spPC9saT48bGk+Q3JpdGljYWwgUmlzayBEZXRlY3RlZCDigJQg\r\nUHJvYmFiaWxpdHkgU2NvcmU6IDEuMDAgKEF0IHJpc2spPC9saT48bGk+Q3JpdGljYWwgUmlzayBE\r\nZXRlY3RlZCDigJQgUHJvYmFiaWxpdHkgU2NvcmU6IDEuMDAgKEF0IHJpc2spPC9saT48bGk+Q3Jp\r\ndGljYWwgUmlzayBEZXRlY3RlZCDigJQgUHJvYmFiaWxpdHkgU2NvcmU6IDEuMDAgKEF0IHJpc2sp\r\nPC9saT48bGk+Q3JpdGljYWwgUmlzayBEZXRlY3RlZCDigJQgUHJvYmFiaWxpdHkgU2NvcmU6IDEu\r\nMDAgKEF0IHJpc2spPC9saT48bGk+Q3JpdGljYWwgUmlzayBEZXRlY3RlZCDigJQgUHJvYmFiaWxp\r\ndHkgU2NvcmU6IDEuMDAgKEF0IHJpc2spPC9saT48bGk+Q3JpdGljYWwgUmlzayBEZXRlY3RlZCDi\r\ngJQgUHJvYmFiaWxpdHkgU2NvcmU6IDEuMDAgKEF0IHJpc2spPC9saT48bGk+Q3JpdGljYWwgUmlz\r\nayBEZXRlY3RlZCDigJQgUHJvYmFiaWxpdHkgU2NvcmU6IDEuMDAgKEF0IHJpc2spPC9saT48bGk+\r\nQ3JpdGljYWwgUmlzayBEZXRlY3RlZCDigJQgUHJvYmFiaWxpdHkgU2NvcmU6IDEuMDAgKEF0IHJp\r\nc2spPC9saT48bGk+Q3JpdGljYWwgUmlzayBEZXRlY3RlZCDigJQgUHJvYmFiaWxpdHkgU2NvcmU6\r\nIDEuMDAgKEF0IHJpc2spPC9saT48bGk+Q3JpdGljYWwgUmlzayBEZXRlY3RlZCDigJQgUHJvYmFi\r\naWxpdHkgU2NvcmU6IDEuMDAgKEF0IHJpc2spPC9saT48bGk+Q3JpdGljYWwgUmlzayBEZXRlY3Rl\r\nZCDigJQgUHJvYmFiaWxpdHkgU2NvcmU6IDEuMDAgKEF0IHJpc2spPC9saT48bGk+Q3JpdGljYWwg\r\nUmlzayBEZXRlY3RlZCDigJQgUHJvYmFiaWxpdHkgU2NvcmU6IDEuMDAgKEF0IHJpc2spPC9saT48\r\nbGk+Q3JpdGljYWwgUmlzayBEZXRlY3RlZCDigJQgUHJvYmFiaWxpdHkgU2NvcmU6IDEuMDAgKEF0\r\nIHJpc2spPC9saT48bGk+Q3JpdGljYWwgUmlzayBEZXRlY3RlZCDigJQgUHJvYmFiaWxpdHkgU2Nv\r\ncmU6IDEuMDAgKEF0IHJpc2spPC9saT48bGk+Q3JpdGljYWwgUmlzayBEZXRlY3RlZCDigJQgUHJv\r\nYmFiaWxpdHkgU2NvcmU6IDEuMDAgKEF0IHJpc2spPC9saT48bGk+Q3JpdGljYWwgUmlzayBEZXRl\r\nY3RlZCDigJQgUHJvYmFiaWxpdHkgU2NvcmU6IDEuMDAgKEF0IHJpc2spPC9saT48bGk+Q3JpdGlj\r\nYWwgUmlzayBEZXRlY3RlZCDigJQgUHJvYmFiaWxpdHkgU2NvcmU6IDEuMDAgKEF0IHJpc2spPC9s\r\naT48bGk+Q3JpdGljYWwgUmlzayBEZXRlY3RlZCDigJQgUHJvYmFiaWxpdHkgU2NvcmU6IDEuMDAg\r\nKEF0IHJpc2spPC9saT48bGk+Q3JpdGljYWwgUmlzayBEZXRlY3RlZCDigJQgUHJvYmFiaWxpdHkg\r\nU2NvcmU6IDEuMDAgKEF0IHJpc2spPC9saT48bGk+Q3JpdGljYWwgUmlzayBEZXRlY3RlZCDigJQg\r\nUHJvYmFiaWxpdHkgU2NvcmU6IDEuMDAgKEF0IHJpc2spPC9saT48bGk+Q3JpdGljYWwgUmlzayBE\r\nZXRlY3RlZCDigJQgUHJvYmFiaWxpdHkgU2NvcmU6IDEuMDAgKEF0IHJpc2spPC9saT48bGk+Q3Jp\r\ndGljYWwgUmlzayBEZXRlY3RlZCDigJQgUHJvYmFiaWxpdHkgU2NvcmU6IDEuMDAgKEF0IHJpc2sp\r\nPC9saT48bGk+Q3JpdGljYWwgUmlzayBEZXRlY3RlZCDigJQgUHJvYmFiaWxpdHkgU2NvcmU6IDEu\r\nMDAgKEF0IHJpc2spPC9saT48bGk+Q3JpdGljYWwgUmlzayBEZXRlY3RlZCDigJQgUHJvYmFiaWxp\r\ndHkgU2NvcmU6IDEuMDAgKEF0IHJpc2spPC9saT48bGk+Q3JpdGljYWwgUmlzayBEZXRlY3RlZCDi\r\ngJQgUHJvYmFiaWxpdHkgU2NvcmU6IDEuMDAgKEF0IHJpc2spPC9saT48bGk+Q3JpdGljYWwgUmlz\r\nayBEZXRlY3RlZCDigJQgUHJvYmFiaWxpdHkgU2NvcmU6IDEuMDAgKEF0IHJpc2spPC9saT48bGk+\r\nQ3JpdGljYWwgUmlzayBEZXRlY3RlZCDigJQgUHJvYmFiaWxpdHkgU2NvcmU6IDEuMDAgKEF0IHJp\r\nc2spPC9saT48bGk+Q3JpdGljYWwgUmlzayBEZXRlY3RlZCDigJQgUHJvYmFiaWxpdHkgU2NvcmU6\r\nIDEuMDAgKEF0IHJpc2spPC9saT48bGk+Q3JpdGljYWwgUmlzayBEZXRlY3RlZCDigJQgUHJvYmFi\r\naWxpdHkgU2NvcmU6IDEuMDAgKEF0IHJpc2spPC9saT48bGk+Q3JpdGljYWwgUmlzayBEZXRlY3Rl\r\nZCDigJQgUHJvYmFiaWxpdHkgU2NvcmU6IDEuMDAgKEF0IHJpc2spPC9saT48bGk+Q3JpdGljYWwg\r\nUmlzayBEZXRlY3RlZCDigJQgUHJvYmFiaWxpdHkgU2NvcmU6IDEuMDAgKEF0IHJpc2spPC9saT48\r\nbGk+Q3JpdGljYWwgUmlzayBEZXRlY3RlZCDigJQgUHJvYmFiaWxpdHkgU2NvcmU6IDEuMDAgKEF0\r\nIHJpc2spPC9saT48bGk+Q3JpdGljYWwgUmlzayBEZXRlY3RlZCDigJQgUHJvYmFiaWxpdHkgU2Nv\r\ncmU6IDEuMDAgKEF0IHJpc2spPC9saT48bGk+Q3JpdGljYWwgUmlzayBEZXRlY3RlZCDigJQgUHJv\r\nYmFiaWxpdHkgU2NvcmU6IDEuMDAgKEF0IHJpc2spPC9saT48bGk+Q3JpdGljYWwgUmlzayBEZXRl\r\nY3RlZCDigJQgUHJvYmFiaWxpdHkgU2NvcmU6IDEuMDAgKEF0IHJpc2spPC9saT48bGk+Q3JpdGlj\r\nYWwgUmlzayBEZXRlY3RlZCDigJQgUHJvYmFiaWxpdHkgU2NvcmU6IDEuMDAgKEF0IHJpc2spPC9s\r\naT48bGk+Q3JpdGljYWwgUmlzayBEZXRlY3RlZCDigJQgUHJvYmFiaWxpdHkgU2NvcmU6IDEuMDAg\r\nKEF0IHJpc2spPC9saT48bGk+Q3JpdGljYWwgUmlzayBEZXRlY3RlZCDigJQgUHJvYmFiaWxpdHkg\r\nU2NvcmU6IDEuMDAgKEF0IHJpc2spPC9saT48bGk+Q3JpdGljYWwgUmlzayBEZXRlY3RlZCDigJQg\r\nUHJvYmFiaWxpdHkgU2NvcmU6IDEuMDAgKEF0IHJpc2spPC9saT48bGk+Q3JpdGljYWwgUmlzayBE\r\nZXRlY3RlZCDigJQgUHJvYmFiaWxpdHkgU2NvcmU6IDEuMDAgKEF0IHJpc2spPC9saT48bGk+Q3Jp\r\ndGljYWwgUmlzayBEZXRlY3RlZCDigJQgUHJvYmFiaWxpdHkgU2NvcmU6IDEuMDAgKEF0IHJpc2sp\r\nPC9saT48bGk+Q3JpdGljYWwgUmlzayBEZXRlY3RlZCDigJQgUHJvYmFiaWxpdHkgU2NvcmU6IDEu\r\nMDAgKEF0IHJpc2spPC9saT48bGk+Q3JpdGljYWwgUmlzayBEZXRlY3RlZCDigJQgUHJvYmFiaWxp\r\ndHkgU2NvcmU6IDEuMDAgKEF0IHJpc2spPC9saT48bGk+Q3JpdGljYWwgUmlzayBEZXRlY3RlZCDi\r\ngJQgUHJvYmFiaWxpdHkgU2NvcmU6IDEuMDAgKEF0IHJpc2spPC9saT48bGk+Q3JpdGljYWwgUmlz\r\nayBEZXRlY3RlZCDigJQgUHJvYmFiaWxpdHkgU2NvcmU6IDEuMDAgKEF0IHJpc2spPC9saT48bGk+\r\nQ3JpdGljYWwgUmlzayBEZXRlY3RlZCDigJQgUHJvYmFiaWxpdHkgU2NvcmU6IDEuMDAgKEF0IHJp\r\nc2spPC9saT48bGk+Q3JpdGljYWwgUmlzayBEZXRlY3RlZCDigJQgUHJvYmFiaWxpdHkgU2NvcmU6\r\nIDEuMDAgKEF0IHJpc2spPC9saT48bGk+Q3JpdGljYWwgUmlzayBEZXRlY3RlZCDigJQgUHJvYmFi\r\naWxpdHkgU2NvcmU6IDEuMDAgKEF0IHJpc2spPC9saT48bGk+Q3JpdGljYWwgUmlzayBEZXRlY3Rl\r\nZCDigJQgUHJvYmFiaWxpdHkgU2NvcmU6IDEuMDAgKEF0IHJpc2spPC9saT48bGk+Q3JpdGljYWwg\r\nUmlzayBEZXRlY3RlZCDigJQgUHJvYmFiaWxpdHkgU2NvcmU6IDEuMDAgKEF0IHJpc2spPC9saT48\r\nbGk+Q3JpdGljYWwgUmlzayBEZXRlY3RlZCDigJQgUHJvYmFiaWxpdHkgU2NvcmU6IDEuMDAgKEF0\r\nIHJpc2spPC9saT48bGk+Q3JpdGljYWwgUmlzayBEZXRlY3RlZCDigJQgUHJvYmFiaWxpdHkgU2Nv\r\ncmU6IDEuMDAgKEF0IHJpc2spPC9saT48bGk+Q3JpdGljYWwgUmlzayBEZXRlY3RlZCDigJQgUHJv\r\nYmFiaWxpdHkgU2NvcmU6IDEuMDAgKEF0IHJpc2spPC9saT48bGk+Q3JpdGljYWwgUmlzayBEZXRl\r\nY3RlZCDigJQgUHJvYmFiaWxpdHkgU2NvcmU6IDEuMDAgKEF0IHJpc2spPC9saT48bGk+Q3JpdGlj\r\nYWwgUmlzayBEZXRlY3RlZCDigJQgUHJvYmFiaWxpdHkgU2NvcmU6IDEuMDAgKEF0IHJpc2spPC9s\r\naT48bGk+Q3JpdGljYWwgUmlzayBEZXRlY3RlZCDigJQgUHJvYmFiaWxpdHkgU2NvcmU6IDEuMDAg\r\nKEF0IHJpc2spPC9saT48bGk+Q3JpdGljYWwgUmlzayBEZXRlY3RlZCDigJQgUHJvYmFiaWxpdHkg\r\nU2NvcmU6IDEuMDAgKEF0IHJpc2spPC9saT48bGk+Q3JpdGljYWwgUmlzayBEZXRlY3RlZCDigJQg\r\nUHJvYmFiaWxpdHkgU2NvcmU6IDEuMDAgKEF0IHJpc2spPC9saT48bGk+Q3JpdGljYWwgUmlzayBE\r\nZXRlY3RlZCDigJQgUHJvYmFiaWxpdHkgU2NvcmU6IDEuMDAgKEF0IHJpc2spPC9saT48bGk+Q3Jp\r\ndGljYWwgUmlzayBEZXRlY3RlZCDigJQgUHJvYmFiaWxpdHkgU2NvcmU6IDEuMDAgKEF0IHJpc2sp\r\nPC9saT48bGk+Q3JpdGljYWwgUmlzayBEZXRlY3RlZCDigJQgUHJvYmFiaWxpdHkgU2NvcmU6IDEu\r\nMDAgKEF0IHJpc2spPC9saT48bGk+Q3JpdGljYWwgUmlzayBEZXRlY3RlZCDigJQgUHJvYmFiaWxp\r\ndHkgU2NvcmU6IDEuMDAgKEF0IHJpc2spPC9saT48bGk+Q3JpdGljYWwgUmlzayBEZXRlY3RlZCDi\r\ngJQgUHJvYmFiaWxpdHkgU2NvcmU6IDEuMDAgKEF0IHJpc2spPC9saT48bGk+Q3JpdGljYWwgUmlz\r\nayBEZXRlY3RlZCDigJQgUHJvYmFiaWxpdHkgU2NvcmU6IDEuMDAgKEF0IHJpc2spPC9saT48bGk+\r\nQ3JpdGljYWwgUmlzayBEZXRlY3RlZCDigJQgUHJvYmFiaWxpdHkgU2NvcmU6IDEuMDAgKEF0IHJp\r\nc2spPC9saT48bGk+Q3JpdGljYWwgUmlzayBEZXRlY3RlZCDigJQgUHJvYmFiaWxpdHkgU2NvcmU6\r\nIDEuMDAgKEF0IHJpc2spPC9saT48bGk+Q3JpdGljYWwgUmlzayBEZXRlY3RlZCDigJQgUHJvYmFi\r\naWxpdHkgU2NvcmU6IDEuMDAgKEF0IHJpc2spPC9saT48bGk+Q3JpdGljYWwgUmlzayBEZXRlY3Rl\r\nZCDigJQgUHJvYmFiaWxpdHkgU2NvcmU6IDEuMDAgKEF0IHJpc2spPC9saT48bGk+Q3JpdGljYWwg\r\nUmlzayBEZXRlY3RlZCDigJQgUHJvYmFiaWxpdHkgU2NvcmU6IDEuMDAgKEF0IHJpc2spPC9saT48\r\nbGk+Q3JpdGljYWwgUmlzayBEZXRlY3RlZCDigJQgUHJvYmFiaWxpdHkgU2NvcmU6IDEuMDAgKEF0\r\nIHJpc2spPC9saT48bGk+Q3JpdGljYWwgUmlzayBEZXRlY3RlZCDigJQgUHJvYmFiaWxpdHkgU2Nv\r\ncmU6IDEuMDAgKEF0IHJpc2spPC9saT48bGk+Q3JpdGljYWwgUmlzayBEZXRlY3RlZCDigJQgUHJv\r\nYmFiaWxpdHkgU2NvcmU6IDEuMDAgKEF0IHJpc2spPC9saT48bGk+Q3JpdGljYWwgUmlzayBEZXRl\r\nY3RlZCDigJQgUHJvYmFiaWxpdHkgU2NvcmU6IDEuMDAgKEF0IHJpc2spPC9saT48bGk+Q3JpdGlj\r\nYWwgUmlzayBEZXRlY3RlZCDigJQgUHJvYmFiaWxpdHkgU2NvcmU6IDEuMDAgKEF0IHJpc2spPC9s\r\naT48bGk+Q3JpdGljYWwgUmlzayBEZXRlY3RlZCDigJQgUHJvYmFiaWxpdHkgU2NvcmU6IDEuMDAg\r\nKEF0IHJpc2spPC9saT48bGk+Q3JpdGljYWwgUmlzayBEZXRlY3RlZCDigJQgUHJvYmFiaWxpdHkg\r\nU2NvcmU6IDEuMDAgKEF0IHJpc2spPC9saT48bGk+Q3JpdGljYWwgUmlzayBEZXRlY3RlZCDigJQg\r\nUHJvYmFiaWxpdHkgU2NvcmU6IDEuMDAgKEF0IHJpc2spPC9saT48bGk+Q3JpdGljYWwgUmlzayBE\r\nZXRlY3RlZCDigJQgUHJvYmFiaWxpdHkgU2NvcmU6IDEuMDAgKEF0IHJpc2spPC9saT48bGk+Q3Jp\r\ndGljYWwgUmlzayBEZXRlY3RlZCDigJQgUHJvYmFiaWxpdHkgU2NvcmU6IDEuMDAgKEF0IHJpc2sp\r\nPC9saT48bGk+Q3JpdGljYWwgUmlzayBEZXRlY3RlZCDigJQgUHJvYmFiaWxpdHkgU2NvcmU6IDEu\r\nMDAgKEF0IHJpc2spPC9saT48bGk+Q3JpdGljYWwgUmlzayBEZXRlY3RlZCDigJQgUHJvYmFiaWxp\r\ndHkgU2NvcmU6IDEuMDAgKEF0IHJpc2spPC9saT48bGk+Q3JpdGljYWwgUmlzayBEZXRlY3RlZCDi\r\ngJQgUHJvYmFiaWxpdHkgU2NvcmU6IDEuMDAgKEF0IHJpc2spPC9saT48bGk+Q3JpdGljYWwgUmlz\r\nayBEZXRlY3RlZCDigJQgUHJvYmFiaWxpdHkgU2NvcmU6IDEuMDAgKEF0IHJpc2spPC9saT48bGk+\r\nQ3JpdGljYWwgUmlzayBEZXRlY3RlZCDigJQgUHJvYmFiaWxpdHkgU2NvcmU6IDEuMDAgKEF0IHJp\r\nc2spPC9saT48bGk+Q3JpdGljYWwgUmlzayBEZXRlY3RlZCDigJQgUHJvYmFiaWxpdHkgU2NvcmU6\r\nIDEuMDAgKEF0IHJpc2spPC9saT48bGk+Q3JpdGljYWwgUmlzayBEZXRlY3RlZCDigJQgUHJvYmFi\r\naWxpdHkgU2NvcmU6IDEuMDAgKEF0IHJpc2spPC9saT48bGk+Q3JpdGljYWwgUmlzayBEZXRlY3Rl\r\nZCDigJQgUHJvYmFiaWxpdHkgU2NvcmU6IDEuMDAgKEF0IHJpc2spPC9saT48bGk+Q3JpdGljYWwg\r\nUmlzayBEZXRlY3RlZCDigJQgUHJvYmFiaWxpdHkgU2NvcmU6IDEuMDAgKEF0IHJpc2spPC9saT48\r\nbGk+Q3JpdGljYWwgUmlzayBEZXRlY3RlZCDigJQgUHJvYmFiaWxpdHkgU2NvcmU6IDEuMDAgKEF0\r\nIHJpc2spPC9saT48bGk+Q3JpdGljYWwgUmlzayBEZXRlY3RlZCDigJQgUHJvYmFiaWxpdHkgU2Nv\r\ncmU6IDEuMDAgKEF0IHJpc2spPC9saT48bGk+Q3JpdGljYWwgUmlzayBEZXRlY3RlZCDigJQgUHJv\r\nYmFiaWxpdHkgU2NvcmU6IDEuMDAgKEF0IHJpc2spPC9saT48bGk+Q3JpdGljYWwgUmlzayBEZXRl\r\nY3RlZCDigJQgUHJvYmFiaWxpdHkgU2NvcmU6IDEuMDAgKEF0IHJpc2spPC9saT48bGk+Q3JpdGlj\r\nYWwgUmlzayBEZXRlY3RlZCDigJQgUHJvYmFiaWxpdHkgU2NvcmU6IDEuMDAgKEF0IHJpc2spPC9s\r\naT48bGk+Q3JpdGljYWwgUmlzayBEZXRlY3RlZCDigJQgUHJvYmFiaWxpdHkgU2NvcmU6IDEuMDAg\r\nKEF0IHJpc2spPC9saT48bGk+Q3JpdGljYWwgUmlzayBEZXRlY3RlZCDigJQgUHJvYmFiaWxpdHkg\r\nU2NvcmU6IDEuMDAgKEF0IHJpc2spPC9saT48bGk+Q3JpdGljYWwgUmlzayBEZXRlY3RlZCDigJQg\r\nUHJvYmFiaWxpdHkgU2NvcmU6IDEuMDAgKEF0IHJpc2spPC9saT48bGk+Q3JpdGljYWwgUmlzayBE\r\nZXRlY3RlZCDigJQgUHJvYmFiaWxpdHkgU2NvcmU6IDEuMDAgKEF0IHJpc2spPC9saT48bGk+Q3Jp\r\ndGljYWwgUmlzayBEZXRlY3RlZCDigJQgUHJvYmFiaWxpdHkgU2NvcmU6IDEuMDAgKEF0IHJpc2sp\r\nPC9saT48bGk+Q3JpdGljYWwgUmlzayBEZXRlY3RlZCDigJQgUHJvYmFiaWxpdHkgU2NvcmU6IDEu\r\nMDAgKEF0IHJpc2spPC9saT48bGk+Q3JpdGljYWwgUmlzayBEZXRlY3RlZCDigJQgUHJvYmFiaWxp\r\ndHkgU2NvcmU6IDEuMDAgKEF0IHJpc2spPC9saT48bGk+Q3JpdGljYWwgUmlzayBEZXRlY3RlZCDi\r\ngJQgUHJvYmFiaWxpdHkgU2NvcmU6IDEuMDAgKEF0IHJpc2spPC9saT48bGk+Q3JpdGljYWwgUmlz\r\nayBEZXRlY3RlZCDigJQgUHJvYmFiaWxpdHkgU2NvcmU6IDEuMDAgKEF0IHJpc2spPC9saT48bGk+\r\nQ3JpdGljYWwgUmlzayBEZXRlY3RlZCDigJQgUHJvYmFiaWxpdHkgU2NvcmU6IDEuMDAgKEF0IHJp\r\nc2spPC9saT48bGk+Q3JpdGljYWwgUmlzayBEZXRlY3RlZCDigJQgUHJvYmFiaWxpdHkgU2NvcmU6\r\nIDEuMDAgKEF0IHJpc2spPC9saT48bGk+Q3JpdGljYWwgUmlzayBEZXRlY3RlZCDigJQgUHJvYmFi\r\naWxpdHkgU2NvcmU6IDEuMDAgKEF0IHJpc2spPC9saT48bGk+Q3JpdGljYWwgUmlzayBEZXRlY3Rl\r\nZCDigJQgUHJvYmFiaWxpdHkgU2NvcmU6IDEuMDAgKEF0IHJpc2spPC9saT48bGk+Q3JpdGljYWwg\r\nUmlzayBEZXRlY3RlZCDigJQgUHJvYmFiaWxpdHkgU2NvcmU6IDEuMDAgKEF0IHJpc2spPC9saT48\r\nbGk+Q3JpdGljYWwgUmlzayBEZXRlY3RlZCDigJQgUHJvYmFiaWxpdHkgU2NvcmU6IDEuMDAgKEF0\r\nIHJpc2spPC9saT48bGk+Q3JpdGljYWwgUmlzayBEZXRlY3RlZCDigJQgUHJvYmFiaWxpdHkgU2Nv\r\ncmU6IDEuMDAgKEF0IHJpc2spPC9saT48bGk+Q3JpdGljYWwgUmlzayBEZXRlY3RlZCDigJQgUHJv\r\nYmFiaWxpdHkgU2NvcmU6IDEuMDAgKEF0IHJpc2spPC9saT48bGk+Q3JpdGljYWwgUmlzayBEZXRl\r\nY3RlZCDigJQgUHJvYmFiaWxpdHkgU2NvcmU6IDEuMDAgKEF0IHJpc2spPC9saT48bGk+Q3JpdGlj\r\nYWwgUmlzayBEZXRlY3RlZCDigJQgUHJvYmFiaWxpdHkgU2NvcmU6IDEuMDAgKEF0IHJpc2spPC9s\r\naT48bGk+Q3JpdGljYWwgUmlzayBEZXRlY3RlZCDigJQgUHJvYmFiaWxpdHkgU2NvcmU6IDEuMDAg\r\nKEF0IHJpc2spPC9saT48bGk+Q3JpdGljYWwgUmlzayBEZXRlY3RlZCDigJQgUHJvYmFiaWxpdHkg\r\nU2NvcmU6IDEuMDAgKEF0IHJpc2spPC9saT48bGk+Q3JpdGljYWwgUmlzayBEZXRlY3RlZCDigJQg\r\nUHJvYmFiaWxpdHkgU2NvcmU6IDEuMDAgKEF0IHJpc2spPC9saT48bGk+Q3JpdGljYWwgUmlzayBE\r\nZXRlY3RlZCDigJQgUHJvYmFiaWxpdHkgU2NvcmU6IDEuMDAgKEF0IHJpc2spPC9saT48bGk+Q3Jp\r\ndGljYWwgUmlzayBEZXRlY3RlZCDigJQgUHJvYmFiaWxpdHkgU2NvcmU6IDEuMDAgKEF0IHJpc2sp\r\nPC9saT48bGk+Q3JpdGljYWwgUmlzayBEZXRlY3RlZCDigJQgUHJvYmFiaWxpdHkgU2NvcmU6IDEu\r\nMDAgKEF0IHJpc2spPC9saT48bGk+Q3JpdGljYWwgUmlzayBEZXRlY3RlZCDigJQgUHJvYmFiaWxp\r\ndHkgU2NvcmU6IDEuMDAgKEF0IHJpc2spPC9saT48bGk+Q3JpdGljYWwgUmlzayBEZXRlY3RlZCDi\r\ngJQgUHJvYmFiaWxpdHkgU2NvcmU6IDEuMDAgKEF0IHJpc2spPC9saT48bGk+Q3JpdGljYWwgUmlz\r\nayBEZXRlY3RlZCDigJQgUHJvYmFiaWxpdHkgU2NvcmU6IDEuMDAgKEF0IHJpc2spPC9saT48bGk+\r\nQ3JpdGljYWwgUmlzayBEZXRlY3RlZCDigJQgUHJvYmFiaWxpdHkgU2NvcmU6IDEuMDAgKEF0IHJp\r\nc2spPC9saT48bGk+Q3JpdGljYWwgUmlzayBEZXRlY3RlZCDigJQgUHJvYmFiaWxpdHkgU2NvcmU6\r\nIDEuMDAgKEF0IHJpc2spPC9saT48bGk+Q3JpdGljYWwgUmlzayBEZXRlY3RlZCDigJQgUHJvYmFi\r\naWxpdHkgU2NvcmU6IDEuMDAgKEF0IHJpc2spPC9saT48bGk+Q3JpdGljYWwgUmlzayBEZXRlY3Rl\r\nZCDigJQgUHJvYmFiaWxpdHkgU2NvcmU6IDEuMDAgKEF0IHJpc2spPC9saT48bGk+Q3JpdGljYWwg\r\nUmlzayBEZXRlY3RlZCDigJQgUHJvYmFiaWxpdHkgU2NvcmU6IDEuMDAgKEF0IHJpc2spPC9saT48\r\nbGk+Q3JpdGljYWwgUmlzayBEZXRlY3RlZCDigJQgUHJvYmFiaWxpdHkgU2NvcmU6IDEuMDAgKEF0\r\nIHJpc2spPC9saT48bGk+Q3JpdGljYWwgUmlzayBEZXRlY3RlZCDigJQgUHJvYmFiaWxpdHkgU2Nv\r\ncmU6IDEuMDAgKEF0IHJpc2spPC9saT48bGk+Q3JpdGljYWwgUmlzayBEZXRlY3RlZCDigJQgUHJv\r\nYmFiaWxpdHkgU2NvcmU6IDEuMDAgKEF0IHJpc2spPC9saT48bGk+Q3JpdGljYWwgUmlzayBEZXRl\r\nY3RlZCDigJQgUHJvYmFiaWxpdHkgU2NvcmU6IDEuMDAgKEF0IHJpc2spPC9saT48bGk+Q3JpdGlj\r\nYWwgUmlzayBEZXRlY3RlZCDigJQgUHJvYmFiaWxpdHkgU2NvcmU6IDEuMDAgKEF0IHJpc2spPC9s\r\naT48bGk+Q3JpdGljYWwgUmlzayBEZXRlY3RlZCDigJQgUHJvYmFiaWxpdHkgU2NvcmU6IDEuMDAg\r\nKEF0IHJpc2spPC9saT48bGk+Q3JpdGljYWwgUmlzayBEZXRlY3RlZCDigJQgUHJvYmFiaWxpdHkg\r\nU2NvcmU6IDEuMDAgKEF0IHJpc2spPC9saT48bGk+Q3JpdGljYWwgUmlzayBEZXRlY3RlZCDigJQg\r\nUHJvYmFiaWxpdHkgU2NvcmU6IDEuMDAgKEF0IHJpc2spPC9saT48bGk+Q3JpdGljYWwgUmlzayBE\r\nZXRlY3RlZCDigJQgUHJvYmFiaWxpdHkgU2NvcmU6IDEuMDAgKEF0IHJpc2spPC9saT48bGk+Q3Jp\r\ndGljYWwgUmlzayBEZXRlY3RlZCDigJQgUHJvYmFiaWxpdHkgU2NvcmU6IDEuMDAgKEF0IHJpc2sp\r\nPC9saT48bGk+Q3JpdGljYWwgUmlzayBEZXRlY3RlZCDigJQgUHJvYmFiaWxpdHkgU2NvcmU6IDEu\r\nMDAgKEF0IHJpc2spPC9saT48bGk+Q3JpdGljYWwgUmlzayBEZXRlY3RlZCDigJQgUHJvYmFiaWxp\r\ndHkgU2NvcmU6IDEuMDAgKEF0IHJpc2spPC9saT48bGk+Q3JpdGljYWwgUmlzayBEZXRlY3RlZCDi\r\ngJQgUHJvYmFiaWxpdHkgU2NvcmU6IDEuMDAgKEF0IHJpc2spPC9saT48bGk+Q3JpdGljYWwgUmlz\r\nayBEZXRlY3RlZCDigJQgUHJvYmFiaWxpdHkgU2NvcmU6IDEuMDAgKEF0IHJpc2spPC9saT48bGk+\r\nQ3JpdGljYWwgUmlzayBEZXRlY3RlZCDigJQgUHJvYmFiaWxpdHkgU2NvcmU6IDEuMDAgKEF0IHJp\r\nc2spPC9saT48bGk+Q3JpdGljYWwgUmlzayBEZXRlY3RlZCDigJQgUHJvYmFiaWxpdHkgU2NvcmU6\r\nIDEuMDAgKEF0IHJpc2spPC9saT48bGk+Q3JpdGljYWwgUmlzayBEZXRlY3RlZCDigJQgUHJvYmFi\r\naWxpdHkgU2NvcmU6IDEuMDAgKEF0IHJpc2spPC9saT48bGk+Q3JpdGljYWwgUmlzayBEZXRlY3Rl\r\nZCDigJQgUHJvYmFiaWxpdHkgU2NvcmU6IDEuMDAgKEF0IHJpc2spPC9saT48bGk+Q3JpdGljYWwg\r\nUmlzayBEZXRlY3RlZCDigJQgUHJvYmFiaWxpdHkgU2NvcmU6IDEuMDAgKEF0IHJpc2spPC9saT48\r\nbGk+Q3JpdGljYWwgUmlzayBEZXRlY3RlZCDigJQgUHJvYmFiaWxpdHkgU2NvcmU6IDEuMDAgKEF0\r\nIHJpc2spPC9saT48bGk+Q3JpdGljYWwgUmlzayBEZXRlY3RlZCDigJQgUHJvYmFiaWxpdHkgU2Nv\r\ncmU6IDEuMDAgKEF0IHJpc2spPC9saT48bGk+Q3JpdGljYWwgUmlzayBEZXRlY3RlZCDigJQgUHJv\r\nYmFiaWxpdHkgU2NvcmU6IDEuMDAgKEF0IHJpc2spPC9saT48bGk+Q3JpdGljYWwgUmlzayBEZXRl\r\nY3RlZCDigJQgUHJvYmFiaWxpdHkgU2NvcmU6IDEuMDAgKEF0IHJpc2spPC9saT48bGk+Q3JpdGlj\r\nYWwgUmlzayBEZXRlY3RlZCDigJQgUHJvYmFiaWxpdHkgU2NvcmU6IDEuMDAgKEF0IHJpc2spPC9s\r\naT48bGk+Q3JpdGljYWwgUmlzayBEZXRlY3RlZCDigJQgUHJvYmFiaWxpdHkgU2NvcmU6IDEuMDAg\r\nKEF0IHJpc2spPC9saT48bGk+Q3JpdGljYWwgUmlzayBEZXRlY3RlZCDigJQgUHJvYmFiaWxpdHkg\r\nU2NvcmU6IDEuMDAgKEF0IHJpc2spPC9saT48bGk+Q3JpdGljYWwgUmlzayBEZXRlY3RlZCDigJQg\r\nUHJvYmFiaWxpdHkgU2NvcmU6IDEuMDAgKEF0IHJpc2spPC9saT48bGk+Q3JpdGljYWwgUmlzayBE\r\nZXRlY3RlZCDigJQgUHJvYmFiaWxpdHkgU2NvcmU6IDEuMDAgKEF0IHJpc2spPC9saT48bGk+Q3Jp\r\ndGljYWwgUmlzayBEZXRlY3RlZCDigJQgUHJvYmFiaWxpdHkgU2NvcmU6IDEuMDAgKEF0IHJpc2sp\r\nPC9saT48bGk+Q3JpdGljYWwgUmlzayBEZXRlY3RlZCDigJQgUHJvYmFiaWxpdHkgU2NvcmU6IDEu\r\nMDAgKEF0IHJpc2spPC9saT48bGk+Q3JpdGljYWwgUmlzayBEZXRlY3RlZCDigJQgUHJvYmFiaWxp\r\ndHkgU2NvcmU6IDEuMDAgKEF0IHJpc2spPC9saT48bGk+Q3JpdGljYWwgUmlzayBEZXRlY3RlZCDi\r\ngJQgUHJvYmFiaWxpdHkgU2NvcmU6IDEuMDAgKEF0IHJpc2spPC9saT48bGk+Q3JpdGljYWwgUmlz\r\nayBEZXRlY3RlZCDigJQgUHJvYmFiaWxpdHkgU2NvcmU6IDEuMDAgKEF0IHJpc2spPC9saT48bGk+\r\nQ3JpdGljYWwgUmlzayBEZXRlY3RlZCDigJQgUHJvYmFiaWxpdHkgU2NvcmU6IDEuMDAgKEF0IHJp\r\nc2spPC9saT48bGk+Q3JpdGljYWwgUmlzayBEZXRlY3RlZCDigJQgUHJvYmFiaWxpdHkgU2NvcmU6\r\nIDEuMDAgKEF0IHJpc2spPC9saT48bGk+Q3JpdGljYWwgUmlzayBEZXRlY3RlZCDigJQgUHJvYmFi\r\naWxpdHkgU2NvcmU6IDEuMDAgKEF0IHJpc2spPC9saT48bGk+Q3JpdGljYWwgUmlzayBEZXRlY3Rl\r\nZCDigJQgUHJvYmFiaWxpdHkgU2NvcmU6IDEuMDAgKEF0IHJpc2spPC9saT48bGk+Q3JpdGljYWwg\r\nUmlzayBEZXRlY3RlZCDigJQgUHJvYmFiaWxpdHkgU2NvcmU6IDEuMDAgKEF0IHJpc2spPC9saT48\r\nbGk+Q3JpdGljYWwgUmlzayBEZXRlY3RlZCDigJQgUHJvYmFiaWxpdHkgU2NvcmU6IDEuMDAgKEF0\r\nIHJpc2spPC9saT48bGk+Q3JpdGljYWwgUmlzayBEZXRlY3RlZCDigJQgUHJvYmFiaWxpdHkgU2Nv\r\ncmU6IDEuMDAgKEF0IHJpc2spPC9saT48bGk+Q3JpdGljYWwgUmlzayBEZXRlY3RlZCDigJQgUHJv\r\nYmFiaWxpdHkgU2NvcmU6IDEuMDAgKEF0IHJpc2spPC9saT48bGk+Q3JpdGljYWwgUmlzayBEZXRl\r\nY3RlZCDigJQgUHJvYmFiaWxpdHkgU2NvcmU6IDEuMDAgKEF0IHJpc2spPC9saT48bGk+Q3JpdGlj\r\nYWwgUmlzayBEZXRlY3RlZCDigJQgUHJvYmFiaWxpdHkgU2NvcmU6IDEuMDAgKEF0IHJpc2spPC9s\r\naT48bGk+Q3JpdGljYWwgUmlzayBEZXRlY3RlZCDigJQgUHJvYmFiaWxpdHkgU2NvcmU6IDEuMDAg\r\nKEF0IHJpc2spPC9saT48bGk+Q3JpdGljYWwgUmlzayBEZXRlY3RlZCDigJQgUHJvYmFiaWxpdHkg\r\nU2NvcmU6IDEuMDAgKEF0IHJpc2spPC9saT48bGk+Q3JpdGljYWwgUmlzayBEZXRlY3RlZCDigJQg\r\nUHJvYmFiaWxpdHkgU2NvcmU6IDEuMDAgKEF0IHJpc2spPC9saT48bGk+Q3JpdGljYWwgUmlzayBE\r\nZXRlY3RlZCDigJQgUHJvYmFiaWxpdHkgU2NvcmU6IDEuMDAgKEF0IHJpc2spPC9saT48bGk+Q3Jp\r\ndGljYWwgUmlzayBEZXRlY3RlZCDigJQgUHJvYmFiaWxpdHkgU2NvcmU6IDEuMDAgKEF0IHJpc2sp\r\nPC9saT48bGk+Q3JpdGljYWwgUmlzayBEZXRlY3RlZCDigJQgUHJvYmFiaWxpdHkgU2NvcmU6IDEu\r\nMDAgKEF0IHJpc2spPC9saT48bGk+Q3JpdGljYWwgUmlzayBEZXRlY3RlZCDigJQgUHJvYmFiaWxp\r\ndHkgU2NvcmU6IDEuMDAgKEF0IHJpc2spPC9saT48bGk+Q3JpdGljYWwgUmlzayBEZXRlY3RlZCDi\r\ngJQgUHJvYmFiaWxpdHkgU2NvcmU6IDEuMDAgKEF0IHJpc2spPC9saT48bGk+Q3JpdGljYWwgUmlz\r\nayBEZXRlY3RlZCDigJQgUHJvYmFiaWxpdHkgU2NvcmU6IDEuMDAgKEF0IHJpc2spPC9saT48bGk+\r\nQ3JpdGljYWwgUmlzayBEZXRlY3RlZCDigJQgUHJvYmFiaWxpdHkgU2NvcmU6IDEuMDAgKEF0IHJp\r\nc2spPC9saT48bGk+Q3JpdGljYWwgUmlzayBEZXRlY3RlZCDigJQgUHJvYmFiaWxpdHkgU2NvcmU6\r\nIDEuMDAgKEF0IHJpc2spPC9saT48bGk+Q3JpdGljYWwgUmlzayBEZXRlY3RlZCDigJQgUHJvYmFi\r\naWxpdHkgU2NvcmU6IDEuMDAgKEF0IHJpc2spPC9saT48bGk+Q3JpdGljYWwgUmlzayBEZXRlY3Rl\r\nZCDigJQgUHJvYmFiaWxpdHkgU2NvcmU6IDEuMDAgKEF0IHJpc2spPC9saT48bGk+Q3JpdGljYWwg\r\nUmlzayBEZXRlY3RlZCDigJQgUHJvYmFiaWxpdHkgU2NvcmU6IDEuMDAgKEF0IHJpc2spPC9saT48\r\nbGk+Q3JpdGljYWwgUmlzayBEZXRlY3RlZCDigJQgUHJvYmFiaWxpdHkgU2NvcmU6IDEuMDAgKEF0\r\nIHJpc2spPC9saT48bGk+Q3JpdGljYWwgUmlzayBEZXRlY3RlZCDigJQgUHJvYmFiaWxpdHkgU2Nv\r\ncmU6IDEuMDAgKEF0IHJpc2spPC9saT48bGk+Q3JpdGljYWwgUmlzayBEZXRlY3RlZCDigJQgUHJv\r\nYmFiaWxpdHkgU2NvcmU6IDEuMDAgKEF0IHJpc2spPC9saT48bGk+Q3JpdGljYWwgUmlzayBEZXRl\r\nY3RlZCDigJQgUHJvYmFiaWxpdHkgU2NvcmU6IDEuMDAgKEF0IHJpc2spPC9saT48bGk+Q3JpdGlj\r\nYWwgUmlzayBEZXRlY3RlZCDigJQgUHJvYmFiaWxpdHkgU2NvcmU6IDEuMDAgKEF0IHJpc2spPC9s\r\naT48bGk+Q3JpdGljYWwgUmlzayBEZXRlY3RlZCDigJQgUHJvYmFiaWxpdHkgU2NvcmU6IDEuMDAg\r\nKEF0IHJpc2spPC9saT48bGk+Q3JpdGljYWwgUmlzayBEZXRlY3RlZCDigJQgUHJvYmFiaWxpdHkg\r\nU2NvcmU6IDEuMDAgKEF0IHJpc2spPC9saT48bGk+Q3JpdGljYWwgUmlzayBEZXRlY3RlZCDigJQg\r\nUHJvYmFiaWxpdHkgU2NvcmU6IDEuMDAgKEF0IHJpc2spPC9saT48bGk+Q3JpdGljYWwgUmlzayBE\r\nZXRlY3RlZCDigJQgUHJvYmFiaWxpdHkgU2NvcmU6IDEuMDAgKEF0IHJpc2spPC9saT48bGk+Q3Jp\r\ndGljYWwgUmlzayBEZXRlY3RlZCDigJQgUHJvYmFiaWxpdHkgU2NvcmU6IDEuMDAgKEF0IHJpc2sp\r\nPC9saT48bGk+Q3JpdGljYWwgUmlzayBEZXRlY3RlZCDigJQgUHJvYmFiaWxpdHkgU2NvcmU6IDEu\r\nMDAgKEF0IHJpc2spPC9saT48bGk+Q3JpdGljYWwgUmlzayBEZXRlY3RlZCDigJQgUHJvYmFiaWxp\r\ndHkgU2NvcmU6IDEuMDAgKEF0IHJpc2spPC9saT48bGk+Q3JpdGljYWwgUmlzayBEZXRlY3RlZCDi\r\ngJQgUHJvYmFiaWxpdHkgU2NvcmU6IDEuMDAgKEF0IHJpc2spPC9saT48bGk+Q3JpdGljYWwgUmlz\r\nayBEZXRlY3RlZCDigJQgUHJvYmFiaWxpdHkgU2NvcmU6IDEuMDAgKEF0IHJpc2spPC9saT48bGk+\r\nQ3JpdGljYWwgUmlzayBEZXRlY3RlZCDigJQgUHJvYmFiaWxpdHkgU2NvcmU6IDEuMDAgKEF0IHJp\r\nc2spPC9saT48bGk+Q3JpdGljYWwgUmlzayBEZXRlY3RlZCDigJQgUHJvYmFiaWxpdHkgU2NvcmU6\r\nIDEuMDAgKEF0IHJpc2spPC9saT48bGk+Q3JpdGljYWwgUmlzayBEZXRlY3RlZCDigJQgUHJvYmFi\r\naWxpdHkgU2NvcmU6IDEuMDAgKEF0IHJpc2spPC9saT48bGk+Q3JpdGljYWwgUmlzayBEZXRlY3Rl\r\nZCDigJQgUHJvYmFiaWxpdHkgU2NvcmU6IDEuMDAgKEF0IHJpc2spPC9saT48bGk+Q3JpdGljYWwg\r\nUmlzayBEZXRlY3RlZCDigJQgUHJvYmFiaWxpdHkgU2NvcmU6IDEuMDAgKEF0IHJpc2spPC9saT48\r\nbGk+Q3JpdGljYWwgUmlzayBEZXRlY3RlZCDigJQgUHJvYmFiaWxpdHkgU2NvcmU6IDEuMDAgKEF0\r\nIHJpc2spPC9saT48bGk+Q3JpdGljYWwgUmlzayBEZXRlY3RlZCDigJQgUHJvYmFiaWxpdHkgU2Nv\r\ncmU6IDEuMDAgKEF0IHJpc2spPC9saT48bGk+Q3JpdGljYWwgUmlzayBEZXRlY3RlZCDigJQgUHJv\r\nYmFiaWxpdHkgU2NvcmU6IDEuMDAgKEF0IHJpc2spPC9saT48bGk+Q3JpdGljYWwgUmlzayBEZXRl\r\nY3RlZCDigJQgUHJvYmFiaWxpdHkgU2NvcmU6IDEuMDAgKEF0IHJpc2spPC9saT48bGk+Q3JpdGlj\r\nYWwgUmlzayBEZXRlY3RlZCDigJQgUHJvYmFiaWxpdHkgU2NvcmU6IDEuMDAgKEF0IHJpc2spPC9s\r\naT48bGk+Q3JpdGljYWwgUmlzayBEZXRlY3RlZCDigJQgUHJvYmFiaWxpdHkgU2NvcmU6IDEuMDAg\r\nKEF0IHJpc2spPC9saT48bGk+Q3JpdGljYWwgUmlzayBEZXRlY3RlZCDigJQgUHJvYmFiaWxpdHkg\r\nU2NvcmU6IDEuMDAgKEF0IHJpc2spPC9saT48bGk+Q3JpdGljYWwgUmlzayBEZXRlY3RlZCDigJQg\r\nUHJvYmFiaWxpdHkgU2NvcmU6IDEuMDAgKEF0IHJpc2spPC9saT48bGk+Q3JpdGljYWwgUmlzayBE\r\nZXRlY3RlZCDigJQgUHJvYmFiaWxpdHkgU2NvcmU6IDEuMDAgKEF0IHJpc2spPC9saT48bGk+Q3Jp\r\ndGljYWwgUmlzayBEZXRlY3RlZCDigJQgUHJvYmFiaWxpdHkgU2NvcmU6IDEuMDAgKEF0IHJpc2sp\r\nPC9saT48bGk+Q3JpdGljYWwgUmlzayBEZXRlY3RlZCDigJQgUHJvYmFiaWxpdHkgU2NvcmU6IDEu\r\nMDAgKEF0IHJpc2spPC9saT48bGk+Q3JpdGljYWwgUmlzayBEZXRlY3RlZCDigJQgUHJvYmFiaWxp\r\ndHkgU2NvcmU6IDEuMDAgKEF0IHJpc2spPC9saT48bGk+Q3JpdGljYWwgUmlzayBEZXRlY3RlZCDi\r\ngJQgUHJvYmFiaWxpdHkgU2NvcmU6IDEuMDAgKEF0IHJpc2spPC9saT48bGk+Q3JpdGljYWwgUmlz\r\nayBEZXRlY3RlZCDigJQgUHJvYmFiaWxpdHkgU2NvcmU6IDEuMDAgKEF0IHJpc2spPC9saT48bGk+\r\nQ3JpdGljYWwgUmlzayBEZXRlY3RlZCDigJQgUHJvYmFiaWxpdHkgU2NvcmU6IDEuMDAgKEF0IHJp\r\nc2spPC9saT48bGk+Q3JpdGljYWwgUmlzayBEZXRlY3RlZCDigJQgUHJvYmFiaWxpdHkgU2NvcmU6\r\nIDEuMDAgKEF0IHJpc2spPC9saT48bGk+Q3JpdGljYWwgUmlzayBEZXRlY3RlZCDigJQgUHJvYmFi\r\naWxpdHkgU2NvcmU6IDEuMDAgKEF0IHJpc2spPC9saT48bGk+Q3JpdGljYWwgUmlzayBEZXRlY3Rl\r\nZCDigJQgUHJvYmFiaWxpdHkgU2NvcmU6IDEuMDAgKEF0IHJpc2spPC9saT48bGk+Q3JpdGljYWwg\r\nUmlzayBEZXRlY3RlZCDigJQgUHJvYmFiaWxpdHkgU2NvcmU6IDEuMDAgKEF0IHJpc2spPC9saT48\r\nbGk+Q3JpdGljYWwgUmlzayBEZXRlY3RlZCDigJQgUHJvYmFiaWxpdHkgU2NvcmU6IDEuMDAgKEF0\r\nIHJpc2spPC9saT48bGk+Q3JpdGljYWwgUmlzayBEZXRlY3RlZCDigJQgUHJvYmFiaWxpdHkgU2Nv\r\ncmU6IDEuMDAgKEF0IHJpc2spPC9saT48bGk+Q3JpdGljYWwgUmlzayBEZXRlY3RlZCDigJQgUHJv\r\nYmFiaWxpdHkgU2NvcmU6IDEuMDAgKEF0IHJpc2spPC9saT48bGk+Q3JpdGljYWwgUmlzayBEZXRl\r\nY3RlZCDigJQgUHJvYmFiaWxpdHkgU2NvcmU6IDEuMDAgKEF0IHJpc2spPC9saT48bGk+Q3JpdGlj\r\nYWwgUmlzayBEZXRlY3RlZCDigJQgUHJvYmFiaWxpdHkgU2NvcmU6IDEuMDAgKEF0IHJpc2spPC9s\r\naT48bGk+Q3JpdGljYWwgUmlzayBEZXRlY3RlZCDigJQgUHJvYmFiaWxpdHkgU2NvcmU6IDEuMDAg\r\nKEF0IHJpc2spPC9saT48bGk+Q3JpdGljYWwgUmlzayBEZXRlY3RlZCDigJQgUHJvYmFiaWxpdHkg\r\nU2NvcmU6IDEuMDAgKEF0IHJpc2spPC9saT48bGk+Q3JpdGljYWwgUmlzayBEZXRlY3RlZCDigJQg\r\nUHJvYmFiaWxpdHkgU2NvcmU6IDEuMDAgKEF0IHJpc2spPC9saT48bGk+Q3JpdGljYWwgUmlzayBE\r\nZXRlY3RlZCDigJQgUHJvYmFiaWxpdHkgU2NvcmU6IDEuMDAgKEF0IHJpc2spPC9saT48bGk+Q3Jp\r\ndGljYWwgUmlzayBEZXRlY3RlZCDigJQgUHJvYmFiaWxpdHkgU2NvcmU6IDEuMDAgKEF0IHJpc2sp\r\nPC9saT48bGk+Q3JpdGljYWwgUmlzayBEZXRlY3RlZCDigJQgUHJvYmFiaWxpdHkgU2NvcmU6IDEu\r\nMDAgKEF0IHJpc2spPC9saT48bGk+Q3JpdGljYWwgUmlzayBEZXRlY3RlZCDigJQgUHJvYmFiaWxp\r\ndHkgU2NvcmU6IDEuMDAgKEF0IHJpc2spPC9saT48L3VsPjxoMz5Ub3AgUmlza3kgQ3VzdG9tZXJz\r\nPC9oMz48dGFibGUgYm9yZGVyPScxJyBjZWxscGFkZGluZz0nNCcgY2VsbHNwYWNpbmc9JzAnPjx0\r\ncj48dGg+Q3VzdG9tZXI8L3RoPjx0aD5SaXNrIFNjb3JlPC90aD48dGg+TGFiZWw8L3RoPjwvdHI+\r\nPHRyPjx0ZD5Db3N0Y28gV2hvbGVzYWxlPC90ZD48dGQ+MC45OTk8L3RkPjx0ZD5BdCBSaXNrPC90\r\nZD48L3RyPjx0cj48dGQ+VmlqYXkgU3RvcmVzPC90ZD48dGQ+MC45OTk8L3RkPjx0ZD5BdCBSaXNr\r\nPC90ZD48L3RyPjx0cj48dGQ+VmlqYXkgU3RvcmVzPC90ZD48dGQ+MC45OTk8L3RkPjx0ZD5BdCBS\r\naXNrPC90ZD48L3RyPjx0cj48dGQ+Q29vbGJsdWU8L3RkPjx0ZD4wLjk5OTwvdGQ+PHRkPkF0IFJp\r\nc2s8L3RkPjwvdHI+PHRyPjx0ZD5Db29sYmx1ZTwvdGQ+PHRkPjAuOTk5PC90ZD48dGQ+QXQgUmlz\r\nazwvdGQ+PC90cj48L3RhYmxlPjwvYm9keT48L2h0bWw+\r\n\r\n--===============4961626126783831363==--\r\n\r\n--===============1739036049693072392==--\r\n.\r\n'
[2025-10-06T15:43:21.231+0000] {process_utils.py:191} INFO - reply: b'250 2.0.0 OK  1759765402 d9443c01a7336-28ec57a2dd6sm12013145ad.67 - gsmtp\r\n'
[2025-10-06T15:43:21.233+0000] {process_utils.py:191} INFO - reply: retcode (250); Msg: b'2.0.0 OK  1759765402 d9443c01a7336-28ec57a2dd6sm12013145ad.67 - gsmtp'
[2025-10-06T15:43:21.234+0000] {process_utils.py:191} INFO - data: (250, b'2.0.0 OK  1759765402 d9443c01a7336-28ec57a2dd6sm12013145ad.67 - gsmtp')
[2025-10-06T15:43:21.236+0000] {process_utils.py:191} INFO - send: 'QUIT\r\n'
[2025-10-06T15:43:21.605+0000] {process_utils.py:191} INFO - reply: b'221 2.0.0 closing connection d9443c01a7336-28ec57a2dd6sm12013145ad.67 - gsmtp\r\n'
[2025-10-06T15:43:21.607+0000] {process_utils.py:191} INFO - reply: retcode (221); Msg: b'2.0.0 closing connection d9443c01a7336-28ec57a2dd6sm12013145ad.67 - gsmtp'
[2025-10-06T15:43:21.609+0000] {process_utils.py:191} INFO - INFO - Email sent successfully to peralarajashekhar2004@gmail.com
[2025-10-06T15:43:21.610+0000] {process_utils.py:191} INFO - INFO - Processed 427 alerts.
[2025-10-06T15:43:23.938+0000] {python.py:237} INFO - Done. Returned value was: None
[2025-10-06T15:43:23.940+0000] {taskinstance.py:441} INFO - ::group::Post task execution logs
[2025-10-06T15:43:23.981+0000] {taskinstance.py:1206} INFO - Marking task as SUCCESS. dag_id=supplychain_pipeline_dag, task_id=analytics_alerts_group.alerts, run_id=manual__2025-10-05T18:40:41.855851+00:00, execution_date=20251005T184041, start_date=20251006T153955, end_date=20251006T154323
[2025-10-06T15:43:24.076+0000] {local_task_job_runner.py:240} INFO - Task exited with return code 0
[2025-10-06T15:43:24.128+0000] {taskinstance.py:3503} INFO - 0 downstream tasks scheduled from follow-on schedule check
[2025-10-06T15:43:24.132+0000] {local_task_job_runner.py:222} INFO - ::endgroup::
