[2025-09-25T10:05:38.887+0000] {processor.py:161} INFO - Started process (PID=184) to work on /opt/airflow/dags/supplychain_pipeline_dag.py
[2025-09-25T10:05:38.891+0000] {processor.py:830} INFO - Processing file /opt/airflow/dags/supplychain_pipeline_dag.py for tasks to queue
[2025-09-25T10:05:38.902+0000] {logging_mixin.py:188} INFO - [2025-09-25T10:05:38.901+0000] {dagbag.py:545} INFO - Filling up the DagBag from /opt/airflow/dags/supplychain_pipeline_dag.py
[2025-09-25T10:05:48.558+0000] {logging_mixin.py:188} INFO - [2025-09-25T10:05:48.557+0000] {config.py:75} INFO - Settings loaded (env=default)
[2025-09-25T10:05:48.897+0000] {processor.py:840} INFO - DAG(s) 'supplychain_pipeline_dag' retrieved from /opt/airflow/dags/supplychain_pipeline_dag.py
[2025-09-25T10:05:49.300+0000] {logging_mixin.py:188} INFO - [2025-09-25T10:05:49.299+0000] {dag.py:3096} INFO - Sync 1 DAGs
[2025-09-25T10:05:49.548+0000] {logging_mixin.py:188} INFO - [2025-09-25T10:05:49.548+0000] {dag.py:3954} INFO - Setting next_dagrun for supplychain_pipeline_dag to 2025-09-25 09:30:00+00:00, run_after=2025-09-25 10:00:00+00:00
[2025-09-25T10:05:49.806+0000] {logging_mixin.py:188} INFO - [2025-09-25T10:05:49.788+0000] {dagbag.py:654} ERROR - Failed to write serialized DAG: /opt/airflow/dags/supplychain_pipeline_dag.py
Traceback (most recent call last):
  File "/home/airflow/.local/lib/python3.12/site-packages/airflow/models/dagbag.py", line 642, in _serialize_dag_capturing_errors
    dag_was_updated = SerializedDagModel.write_dag(
                      ^^^^^^^^^^^^^^^^^^^^^^^^^^^^^
  File "/home/airflow/.local/lib/python3.12/site-packages/airflow/utils/session.py", line 76, in wrapper
    return func(*args, **kwargs)
           ^^^^^^^^^^^^^^^^^^^^^
  File "/home/airflow/.local/lib/python3.12/site-packages/airflow/models/serialized_dag.py", line 158, in write_dag
    if session.scalar(
       ^^^^^^^^^^^^^^^
  File "/home/airflow/.local/lib/python3.12/site-packages/sqlalchemy/orm/session.py", line 1747, in scalar
    return self.execute(
           ^^^^^^^^^^^^^
  File "/home/airflow/.local/lib/python3.12/site-packages/sqlalchemy/orm/session.py", line 1716, in execute
    conn = self._connection_for_bind(bind)
           ^^^^^^^^^^^^^^^^^^^^^^^^^^^^^^^
  File "/home/airflow/.local/lib/python3.12/site-packages/sqlalchemy/orm/session.py", line 1555, in _connection_for_bind
    return self._transaction._connection_for_bind(
           ^^^^^^^^^^^^^^^^^^^^^^^^^^^^^^^^^^^^^^^
  File "/home/airflow/.local/lib/python3.12/site-packages/sqlalchemy/orm/session.py", line 724, in _connection_for_bind
    self._assert_active()
  File "/home/airflow/.local/lib/python3.12/site-packages/sqlalchemy/orm/session.py", line 604, in _assert_active
    raise sa_exc.PendingRollbackError(
sqlalchemy.exc.PendingRollbackError: This Session's transaction has been rolled back due to a previous exception during flush. To begin a new transaction with this Session, first issue Session.rollback(). Original exception was: (psycopg2.errors.UniqueViolation) duplicate key value violates unique constraint "dag_tag_pkey"
DETAIL:  Key (name, dag_id)=(dashboard, supplychain_pipeline_dag) already exists.

[SQL: INSERT INTO dag_tag (name, dag_id) VALUES (%(name)s, %(dag_id)s)]
[parameters: {'name': 'dashboard', 'dag_id': 'supplychain_pipeline_dag'}]
(Background on this error at: https://sqlalche.me/e/14/gkpj) (Background on this error at: https://sqlalche.me/e/14/7s2a)
[2025-09-25T10:05:49.809+0000] {logging_mixin.py:188} INFO - [2025-09-25T10:05:49.808+0000] {dag.py:3096} INFO - Sync 1 DAGs
[2025-09-25T10:05:49.811+0000] {processor.py:186} ERROR - Got an exception! Propagating...
Traceback (most recent call last):
  File "/home/airflow/.local/lib/python3.12/site-packages/airflow/dag_processing/processor.py", line 182, in _run_file_processor
    _handle_dag_file_processing()
  File "/home/airflow/.local/lib/python3.12/site-packages/airflow/dag_processing/processor.py", line 163, in _handle_dag_file_processing
    result: tuple[int, int] = dag_file_processor.process_file(
                              ^^^^^^^^^^^^^^^^^^^^^^^^^^^^^^^^
  File "/home/airflow/.local/lib/python3.12/site-packages/airflow/utils/session.py", line 79, in wrapper
    return func(*args, session=session, **kwargs)
           ^^^^^^^^^^^^^^^^^^^^^^^^^^^^^^^^^^^^^^
  File "/home/airflow/.local/lib/python3.12/site-packages/airflow/dag_processing/processor.py", line 859, in process_file
    serialize_errors = DagFileProcessor.save_dag_to_db(
                       ^^^^^^^^^^^^^^^^^^^^^^^^^^^^^^^^
  File "/home/airflow/.local/lib/python3.12/site-packages/airflow/api_internal/internal_api_call.py", line 115, in wrapper
    return func(*args, **kwargs)
           ^^^^^^^^^^^^^^^^^^^^^
  File "/home/airflow/.local/lib/python3.12/site-packages/airflow/utils/session.py", line 79, in wrapper
    return func(*args, session=session, **kwargs)
           ^^^^^^^^^^^^^^^^^^^^^^^^^^^^^^^^^^^^^^
  File "/home/airflow/.local/lib/python3.12/site-packages/airflow/dag_processing/processor.py", line 895, in save_dag_to_db
    import_errors = DagBag._sync_to_db(dags=dags, processor_subdir=dag_directory, session=session)
                    ^^^^^^^^^^^^^^^^^^^^^^^^^^^^^^^^^^^^^^^^^^^^^^^^^^^^^^^^^^^^^^^^^^^^^^^^^^^^^^
  File "/home/airflow/.local/lib/python3.12/site-packages/airflow/utils/session.py", line 76, in wrapper
    return func(*args, **kwargs)
           ^^^^^^^^^^^^^^^^^^^^^
  File "/home/airflow/.local/lib/python3.12/site-packages/airflow/models/dagbag.py", line 664, in _sync_to_db
    for attempt in run_with_db_retries(logger=log):
  File "/home/airflow/.local/lib/python3.12/site-packages/tenacity/__init__.py", line 435, in __iter__
    do = self.iter(retry_state=retry_state)
         ^^^^^^^^^^^^^^^^^^^^^^^^^^^^^^^^^^
  File "/home/airflow/.local/lib/python3.12/site-packages/tenacity/__init__.py", line 368, in iter
    result = action(retry_state)
             ^^^^^^^^^^^^^^^^^^^
  File "/home/airflow/.local/lib/python3.12/site-packages/tenacity/__init__.py", line 390, in <lambda>
    self._add_action_func(lambda rs: rs.outcome.result())
                                     ^^^^^^^^^^^^^^^^^^^
  File "/usr/local/lib/python3.12/concurrent/futures/_base.py", line 449, in result
    return self.__get_result()
           ^^^^^^^^^^^^^^^^^^^
  File "/usr/local/lib/python3.12/concurrent/futures/_base.py", line 401, in __get_result
    raise self._exception
  File "/home/airflow/.local/lib/python3.12/site-packages/airflow/models/dagbag.py", line 680, in _sync_to_db
    DAG.bulk_write_to_db(dags.values(), processor_subdir=processor_subdir, session=session)
  File "/home/airflow/.local/lib/python3.12/site-packages/airflow/utils/session.py", line 76, in wrapper
    return func(*args, **kwargs)
           ^^^^^^^^^^^^^^^^^^^^^
  File "/home/airflow/.local/lib/python3.12/site-packages/airflow/models/dag.py", line 3108, in bulk_write_to_db
    orm_dags: list[DagModel] = session.scalars(query).unique().all()
                               ^^^^^^^^^^^^^^^^^^^^^^
  File "/home/airflow/.local/lib/python3.12/site-packages/sqlalchemy/orm/session.py", line 1778, in scalars
    return self.execute(
           ^^^^^^^^^^^^^
  File "/home/airflow/.local/lib/python3.12/site-packages/sqlalchemy/orm/session.py", line 1716, in execute
    conn = self._connection_for_bind(bind)
           ^^^^^^^^^^^^^^^^^^^^^^^^^^^^^^^
  File "/home/airflow/.local/lib/python3.12/site-packages/sqlalchemy/orm/session.py", line 1555, in _connection_for_bind
    return self._transaction._connection_for_bind(
           ^^^^^^^^^^^^^^^^^^^^^^^^^^^^^^^^^^^^^^^
  File "/home/airflow/.local/lib/python3.12/site-packages/sqlalchemy/orm/session.py", line 724, in _connection_for_bind
    self._assert_active()
  File "/home/airflow/.local/lib/python3.12/site-packages/sqlalchemy/orm/session.py", line 604, in _assert_active
    raise sa_exc.PendingRollbackError(
sqlalchemy.exc.PendingRollbackError: This Session's transaction has been rolled back due to a previous exception during flush. To begin a new transaction with this Session, first issue Session.rollback(). Original exception was: (psycopg2.errors.UniqueViolation) duplicate key value violates unique constraint "dag_tag_pkey"
DETAIL:  Key (name, dag_id)=(dashboard, supplychain_pipeline_dag) already exists.

[SQL: INSERT INTO dag_tag (name, dag_id) VALUES (%(name)s, %(dag_id)s)]
[parameters: {'name': 'dashboard', 'dag_id': 'supplychain_pipeline_dag'}]
(Background on this error at: https://sqlalche.me/e/14/gkpj) (Background on this error at: https://sqlalche.me/e/14/7s2a)
[2025-09-25T10:06:21.097+0000] {processor.py:161} INFO - Started process (PID=206) to work on /opt/airflow/dags/supplychain_pipeline_dag.py
[2025-09-25T10:06:21.101+0000] {processor.py:830} INFO - Processing file /opt/airflow/dags/supplychain_pipeline_dag.py for tasks to queue
[2025-09-25T10:06:21.109+0000] {logging_mixin.py:188} INFO - [2025-09-25T10:06:21.107+0000] {dagbag.py:545} INFO - Filling up the DagBag from /opt/airflow/dags/supplychain_pipeline_dag.py
[2025-09-25T10:06:26.003+0000] {logging_mixin.py:188} INFO - [2025-09-25T10:06:26.003+0000] {config.py:75} INFO - Settings loaded (env=default)
[2025-09-25T10:06:26.274+0000] {processor.py:840} INFO - DAG(s) 'supplychain_pipeline_dag' retrieved from /opt/airflow/dags/supplychain_pipeline_dag.py
[2025-09-25T10:06:26.557+0000] {logging_mixin.py:188} INFO - [2025-09-25T10:06:26.556+0000] {dag.py:3096} INFO - Sync 1 DAGs
[2025-09-25T10:06:26.599+0000] {logging_mixin.py:188} INFO - [2025-09-25T10:06:26.599+0000] {dag.py:3954} INFO - Setting next_dagrun for supplychain_pipeline_dag to 2025-09-25 09:30:00+00:00, run_after=2025-09-25 10:00:00+00:00
[2025-09-25T10:06:26.642+0000] {processor.py:183} INFO - Processing /opt/airflow/dags/supplychain_pipeline_dag.py took 5.568 seconds
[2025-09-25T10:06:57.134+0000] {processor.py:161} INFO - Started process (PID=228) to work on /opt/airflow/dags/supplychain_pipeline_dag.py
[2025-09-25T10:06:57.139+0000] {processor.py:830} INFO - Processing file /opt/airflow/dags/supplychain_pipeline_dag.py for tasks to queue
[2025-09-25T10:06:57.147+0000] {logging_mixin.py:188} INFO - [2025-09-25T10:06:57.145+0000] {dagbag.py:545} INFO - Filling up the DagBag from /opt/airflow/dags/supplychain_pipeline_dag.py
[2025-09-25T10:07:01.968+0000] {logging_mixin.py:188} INFO - [2025-09-25T10:07:01.967+0000] {config.py:75} INFO - Settings loaded (env=default)
[2025-09-25T10:07:02.197+0000] {processor.py:840} INFO - DAG(s) 'supplychain_pipeline_dag' retrieved from /opt/airflow/dags/supplychain_pipeline_dag.py
[2025-09-25T10:07:02.287+0000] {logging_mixin.py:188} INFO - [2025-09-25T10:07:02.286+0000] {dag.py:3096} INFO - Sync 1 DAGs
[2025-09-25T10:07:02.338+0000] {logging_mixin.py:188} INFO - [2025-09-25T10:07:02.338+0000] {dag.py:3954} INFO - Setting next_dagrun for supplychain_pipeline_dag to 2025-09-25 09:30:00+00:00, run_after=2025-09-25 10:00:00+00:00
[2025-09-25T10:07:02.381+0000] {processor.py:183} INFO - Processing /opt/airflow/dags/supplychain_pipeline_dag.py took 5.269 seconds
[2025-09-25T10:07:33.179+0000] {processor.py:161} INFO - Started process (PID=250) to work on /opt/airflow/dags/supplychain_pipeline_dag.py
[2025-09-25T10:07:33.182+0000] {processor.py:830} INFO - Processing file /opt/airflow/dags/supplychain_pipeline_dag.py for tasks to queue
[2025-09-25T10:07:33.187+0000] {logging_mixin.py:188} INFO - [2025-09-25T10:07:33.186+0000] {dagbag.py:545} INFO - Filling up the DagBag from /opt/airflow/dags/supplychain_pipeline_dag.py
[2025-09-25T10:07:37.461+0000] {logging_mixin.py:188} INFO - [2025-09-25T10:07:37.461+0000] {config.py:75} INFO - Settings loaded (env=default)
[2025-09-25T10:07:37.694+0000] {processor.py:840} INFO - DAG(s) 'supplychain_pipeline_dag' retrieved from /opt/airflow/dags/supplychain_pipeline_dag.py
[2025-09-25T10:07:37.780+0000] {logging_mixin.py:188} INFO - [2025-09-25T10:07:37.779+0000] {dag.py:3096} INFO - Sync 1 DAGs
[2025-09-25T10:07:37.825+0000] {logging_mixin.py:188} INFO - [2025-09-25T10:07:37.825+0000] {dag.py:3954} INFO - Setting next_dagrun for supplychain_pipeline_dag to 2025-09-25 09:30:00+00:00, run_after=2025-09-25 10:00:00+00:00
[2025-09-25T10:07:37.876+0000] {processor.py:183} INFO - Processing /opt/airflow/dags/supplychain_pipeline_dag.py took 4.712 seconds
[2025-09-25T10:08:08.267+0000] {processor.py:161} INFO - Started process (PID=272) to work on /opt/airflow/dags/supplychain_pipeline_dag.py
[2025-09-25T10:08:08.270+0000] {processor.py:830} INFO - Processing file /opt/airflow/dags/supplychain_pipeline_dag.py for tasks to queue
[2025-09-25T10:08:08.276+0000] {logging_mixin.py:188} INFO - [2025-09-25T10:08:08.275+0000] {dagbag.py:545} INFO - Filling up the DagBag from /opt/airflow/dags/supplychain_pipeline_dag.py
[2025-09-25T10:08:12.742+0000] {logging_mixin.py:188} INFO - [2025-09-25T10:08:12.742+0000] {config.py:75} INFO - Settings loaded (env=default)
[2025-09-25T10:08:13.007+0000] {processor.py:840} INFO - DAG(s) 'supplychain_pipeline_dag' retrieved from /opt/airflow/dags/supplychain_pipeline_dag.py
[2025-09-25T10:08:13.094+0000] {logging_mixin.py:188} INFO - [2025-09-25T10:08:13.093+0000] {dag.py:3096} INFO - Sync 1 DAGs
[2025-09-25T10:08:13.143+0000] {logging_mixin.py:188} INFO - [2025-09-25T10:08:13.142+0000] {dag.py:3954} INFO - Setting next_dagrun for supplychain_pipeline_dag to 2025-09-25 09:30:00+00:00, run_after=2025-09-25 10:00:00+00:00
[2025-09-25T10:08:13.196+0000] {processor.py:183} INFO - Processing /opt/airflow/dags/supplychain_pipeline_dag.py took 4.945 seconds
[2025-09-25T18:14:06.703+0000] {processor.py:161} INFO - Started process (PID=173) to work on /opt/airflow/dags/supplychain_pipeline_dag.py
[2025-09-25T18:14:06.707+0000] {processor.py:830} INFO - Processing file /opt/airflow/dags/supplychain_pipeline_dag.py for tasks to queue
[2025-09-25T18:14:06.712+0000] {logging_mixin.py:188} INFO - [2025-09-25T18:14:06.712+0000] {dagbag.py:545} INFO - Filling up the DagBag from /opt/airflow/dags/supplychain_pipeline_dag.py
[2025-09-25T18:14:10.992+0000] {logging_mixin.py:188} INFO - [2025-09-25T18:14:10.991+0000] {font_manager.py:1639} INFO - generated new fontManager
[2025-09-25T18:14:15.251+0000] {logging_mixin.py:188} INFO - [2025-09-25T18:14:15.250+0000] {config.py:75} INFO - Settings loaded (env=default)
[2025-09-25T18:14:16.048+0000] {processor.py:840} INFO - DAG(s) 'supplychain_pipeline_dag' retrieved from /opt/airflow/dags/supplychain_pipeline_dag.py
[2025-09-25T18:14:16.748+0000] {logging_mixin.py:188} INFO - [2025-09-25T18:14:16.745+0000] {override.py:1829} INFO - Created Permission View: can edit on DAG:supplychain_pipeline_dag
[2025-09-25T18:14:16.776+0000] {logging_mixin.py:188} INFO - [2025-09-25T18:14:16.775+0000] {override.py:1829} INFO - Created Permission View: can read on DAG:supplychain_pipeline_dag
[2025-09-25T18:14:16.791+0000] {logging_mixin.py:188} INFO - [2025-09-25T18:14:16.791+0000] {override.py:1829} INFO - Created Permission View: can delete on DAG:supplychain_pipeline_dag
[2025-09-25T18:14:16.793+0000] {logging_mixin.py:188} INFO - [2025-09-25T18:14:16.793+0000] {dag.py:3096} INFO - Sync 1 DAGs
[2025-09-25T18:14:16.815+0000] {logging_mixin.py:188} INFO - [2025-09-25T18:14:16.814+0000] {dag.py:3118} INFO - Creating ORM DAG for supplychain_pipeline_dag
[2025-09-25T18:14:16.838+0000] {logging_mixin.py:188} INFO - [2025-09-25T18:14:16.838+0000] {dag.py:3954} INFO - Setting next_dagrun for supplychain_pipeline_dag to 2025-09-25 17:30:00+00:00, run_after=2025-09-25 18:00:00+00:00
[2025-09-25T18:14:16.891+0000] {processor.py:183} INFO - Processing /opt/airflow/dags/supplychain_pipeline_dag.py took 10.203 seconds
[2025-09-25T18:14:47.968+0000] {processor.py:161} INFO - Started process (PID=197) to work on /opt/airflow/dags/supplychain_pipeline_dag.py
[2025-09-25T18:14:47.971+0000] {processor.py:830} INFO - Processing file /opt/airflow/dags/supplychain_pipeline_dag.py for tasks to queue
[2025-09-25T18:14:47.978+0000] {logging_mixin.py:188} INFO - [2025-09-25T18:14:47.977+0000] {dagbag.py:545} INFO - Filling up the DagBag from /opt/airflow/dags/supplychain_pipeline_dag.py
[2025-09-25T18:14:52.806+0000] {logging_mixin.py:188} INFO - [2025-09-25T18:14:52.805+0000] {config.py:75} INFO - Settings loaded (env=default)
[2025-09-25T18:14:53.056+0000] {processor.py:840} INFO - DAG(s) 'supplychain_pipeline_dag' retrieved from /opt/airflow/dags/supplychain_pipeline_dag.py
[2025-09-25T18:14:53.148+0000] {logging_mixin.py:188} INFO - [2025-09-25T18:14:53.147+0000] {dag.py:3096} INFO - Sync 1 DAGs
[2025-09-25T18:14:53.192+0000] {logging_mixin.py:188} INFO - [2025-09-25T18:14:53.192+0000] {dag.py:3954} INFO - Setting next_dagrun for supplychain_pipeline_dag to 2025-09-25 17:30:00+00:00, run_after=2025-09-25 18:00:00+00:00
[2025-09-25T18:14:53.241+0000] {processor.py:183} INFO - Processing /opt/airflow/dags/supplychain_pipeline_dag.py took 5.294 seconds
[2025-09-25T18:15:23.607+0000] {processor.py:161} INFO - Started process (PID=219) to work on /opt/airflow/dags/supplychain_pipeline_dag.py
[2025-09-25T18:15:23.611+0000] {processor.py:830} INFO - Processing file /opt/airflow/dags/supplychain_pipeline_dag.py for tasks to queue
[2025-09-25T18:15:23.621+0000] {logging_mixin.py:188} INFO - [2025-09-25T18:15:23.619+0000] {dagbag.py:545} INFO - Filling up the DagBag from /opt/airflow/dags/supplychain_pipeline_dag.py
[2025-09-25T18:15:28.345+0000] {logging_mixin.py:188} INFO - [2025-09-25T18:15:28.345+0000] {config.py:75} INFO - Settings loaded (env=default)
[2025-09-25T18:15:28.562+0000] {processor.py:840} INFO - DAG(s) 'supplychain_pipeline_dag' retrieved from /opt/airflow/dags/supplychain_pipeline_dag.py
[2025-09-25T18:15:28.644+0000] {logging_mixin.py:188} INFO - [2025-09-25T18:15:28.643+0000] {dag.py:3096} INFO - Sync 1 DAGs
[2025-09-25T18:15:28.687+0000] {logging_mixin.py:188} INFO - [2025-09-25T18:15:28.687+0000] {dag.py:3954} INFO - Setting next_dagrun for supplychain_pipeline_dag to 2025-09-25 17:30:00+00:00, run_after=2025-09-25 18:00:00+00:00
[2025-09-25T18:15:28.746+0000] {processor.py:183} INFO - Processing /opt/airflow/dags/supplychain_pipeline_dag.py took 5.165 seconds
[2025-09-25T18:15:59.593+0000] {processor.py:161} INFO - Started process (PID=241) to work on /opt/airflow/dags/supplychain_pipeline_dag.py
[2025-09-25T18:15:59.596+0000] {processor.py:830} INFO - Processing file /opt/airflow/dags/supplychain_pipeline_dag.py for tasks to queue
[2025-09-25T18:15:59.603+0000] {logging_mixin.py:188} INFO - [2025-09-25T18:15:59.602+0000] {dagbag.py:545} INFO - Filling up the DagBag from /opt/airflow/dags/supplychain_pipeline_dag.py
[2025-09-25T18:16:03.812+0000] {logging_mixin.py:188} INFO - [2025-09-25T18:16:03.812+0000] {config.py:75} INFO - Settings loaded (env=default)
[2025-09-25T18:16:04.022+0000] {processor.py:840} INFO - DAG(s) 'supplychain_pipeline_dag' retrieved from /opt/airflow/dags/supplychain_pipeline_dag.py
[2025-09-25T18:16:04.102+0000] {logging_mixin.py:188} INFO - [2025-09-25T18:16:04.101+0000] {dag.py:3096} INFO - Sync 1 DAGs
[2025-09-25T18:16:04.162+0000] {logging_mixin.py:188} INFO - [2025-09-25T18:16:04.161+0000] {dag.py:3954} INFO - Setting next_dagrun for supplychain_pipeline_dag to 2025-09-25 17:30:00+00:00, run_after=2025-09-25 18:00:00+00:00
[2025-09-25T18:16:04.217+0000] {processor.py:183} INFO - Processing /opt/airflow/dags/supplychain_pipeline_dag.py took 4.643 seconds
[2025-09-25T18:16:32.948+0000] {processor.py:161} INFO - Started process (PID=263) to work on /opt/airflow/dags/supplychain_pipeline_dag.py
[2025-09-25T18:16:32.950+0000] {processor.py:830} INFO - Processing file /opt/airflow/dags/supplychain_pipeline_dag.py for tasks to queue
[2025-09-25T18:16:32.955+0000] {logging_mixin.py:188} INFO - [2025-09-25T18:16:32.954+0000] {dagbag.py:545} INFO - Filling up the DagBag from /opt/airflow/dags/supplychain_pipeline_dag.py
[2025-09-25T18:16:37.573+0000] {logging_mixin.py:188} INFO - [2025-09-25T18:16:37.572+0000] {config.py:75} INFO - Settings loaded (env=default)
[2025-09-25T18:16:37.786+0000] {processor.py:840} INFO - DAG(s) 'supplychain_pipeline_dag' retrieved from /opt/airflow/dags/supplychain_pipeline_dag.py
[2025-09-25T18:16:38.027+0000] {logging_mixin.py:188} INFO - [2025-09-25T18:16:38.026+0000] {dag.py:3096} INFO - Sync 1 DAGs
[2025-09-25T18:16:38.065+0000] {logging_mixin.py:188} INFO - [2025-09-25T18:16:38.064+0000] {dag.py:3954} INFO - Setting next_dagrun for supplychain_pipeline_dag to 2025-09-25 17:30:00+00:00, run_after=2025-09-25 18:00:00+00:00
[2025-09-25T18:16:38.118+0000] {processor.py:183} INFO - Processing /opt/airflow/dags/supplychain_pipeline_dag.py took 5.187 seconds
[2025-09-25T18:17:42.788+0000] {processor.py:161} INFO - Started process (PID=172) to work on /opt/airflow/dags/supplychain_pipeline_dag.py
[2025-09-25T18:17:42.791+0000] {processor.py:830} INFO - Processing file /opt/airflow/dags/supplychain_pipeline_dag.py for tasks to queue
[2025-09-25T18:17:42.796+0000] {logging_mixin.py:188} INFO - [2025-09-25T18:17:42.795+0000] {dagbag.py:545} INFO - Filling up the DagBag from /opt/airflow/dags/supplychain_pipeline_dag.py
[2025-09-25T18:17:45.795+0000] {logging_mixin.py:188} INFO - [2025-09-25T18:17:45.794+0000] {font_manager.py:1639} INFO - generated new fontManager
[2025-09-25T18:17:52.148+0000] {logging_mixin.py:188} INFO - [2025-09-25T18:17:52.147+0000] {config.py:75} INFO - Settings loaded (env=default)
[2025-09-25T18:17:52.725+0000] {processor.py:840} INFO - DAG(s) 'supplychain_pipeline_dag' retrieved from /opt/airflow/dags/supplychain_pipeline_dag.py
[2025-09-25T18:17:52.767+0000] {logging_mixin.py:188} INFO - [2025-09-25T18:17:52.766+0000] {dag.py:3096} INFO - Sync 1 DAGs
[2025-09-25T18:17:52.817+0000] {logging_mixin.py:188} INFO - [2025-09-25T18:17:52.816+0000] {dag.py:3954} INFO - Setting next_dagrun for supplychain_pipeline_dag to 2025-09-25 17:30:00+00:00, run_after=2025-09-25 18:00:00+00:00
[2025-09-25T18:17:52.865+0000] {processor.py:183} INFO - Processing /opt/airflow/dags/supplychain_pipeline_dag.py took 7.446 seconds
[2025-09-25T18:18:24.164+0000] {processor.py:161} INFO - Started process (PID=196) to work on /opt/airflow/dags/supplychain_pipeline_dag.py
[2025-09-25T18:18:24.167+0000] {processor.py:830} INFO - Processing file /opt/airflow/dags/supplychain_pipeline_dag.py for tasks to queue
[2025-09-25T18:18:24.179+0000] {logging_mixin.py:188} INFO - [2025-09-25T18:18:24.178+0000] {dagbag.py:545} INFO - Filling up the DagBag from /opt/airflow/dags/supplychain_pipeline_dag.py
[2025-09-25T18:18:28.430+0000] {logging_mixin.py:188} INFO - [2025-09-25T18:18:28.430+0000] {config.py:75} INFO - Settings loaded (env=default)
[2025-09-25T18:18:28.695+0000] {processor.py:840} INFO - DAG(s) 'supplychain_pipeline_dag' retrieved from /opt/airflow/dags/supplychain_pipeline_dag.py
[2025-09-25T18:18:29.337+0000] {logging_mixin.py:188} INFO - [2025-09-25T18:18:29.336+0000] {dag.py:3096} INFO - Sync 1 DAGs
[2025-09-25T18:18:29.383+0000] {logging_mixin.py:188} INFO - [2025-09-25T18:18:29.382+0000] {dag.py:3954} INFO - Setting next_dagrun for supplychain_pipeline_dag to 2025-09-25 17:30:00+00:00, run_after=2025-09-25 18:00:00+00:00
[2025-09-25T18:18:29.441+0000] {processor.py:183} INFO - Processing /opt/airflow/dags/supplychain_pipeline_dag.py took 5.305 seconds
[2025-09-25T18:18:59.727+0000] {processor.py:161} INFO - Started process (PID=218) to work on /opt/airflow/dags/supplychain_pipeline_dag.py
[2025-09-25T18:18:59.730+0000] {processor.py:830} INFO - Processing file /opt/airflow/dags/supplychain_pipeline_dag.py for tasks to queue
[2025-09-25T18:18:59.740+0000] {logging_mixin.py:188} INFO - [2025-09-25T18:18:59.737+0000] {dagbag.py:545} INFO - Filling up the DagBag from /opt/airflow/dags/supplychain_pipeline_dag.py
[2025-09-25T18:19:04.267+0000] {logging_mixin.py:188} INFO - [2025-09-25T18:19:04.267+0000] {config.py:75} INFO - Settings loaded (env=default)
[2025-09-25T18:19:04.479+0000] {processor.py:840} INFO - DAG(s) 'supplychain_pipeline_dag' retrieved from /opt/airflow/dags/supplychain_pipeline_dag.py
[2025-09-25T18:19:04.562+0000] {logging_mixin.py:188} INFO - [2025-09-25T18:19:04.561+0000] {dag.py:3096} INFO - Sync 1 DAGs
[2025-09-25T18:19:04.632+0000] {logging_mixin.py:188} INFO - [2025-09-25T18:19:04.631+0000] {dag.py:3954} INFO - Setting next_dagrun for supplychain_pipeline_dag to 2025-09-25 17:30:00+00:00, run_after=2025-09-25 18:00:00+00:00
[2025-09-25T18:19:04.694+0000] {processor.py:183} INFO - Processing /opt/airflow/dags/supplychain_pipeline_dag.py took 4.996 seconds
[2025-09-25T18:19:35.064+0000] {processor.py:161} INFO - Started process (PID=240) to work on /opt/airflow/dags/supplychain_pipeline_dag.py
[2025-09-25T18:19:35.068+0000] {processor.py:830} INFO - Processing file /opt/airflow/dags/supplychain_pipeline_dag.py for tasks to queue
[2025-09-25T18:19:35.074+0000] {logging_mixin.py:188} INFO - [2025-09-25T18:19:35.073+0000] {dagbag.py:545} INFO - Filling up the DagBag from /opt/airflow/dags/supplychain_pipeline_dag.py
[2025-09-25T18:19:39.626+0000] {logging_mixin.py:188} INFO - [2025-09-25T18:19:39.625+0000] {config.py:75} INFO - Settings loaded (env=default)
[2025-09-25T18:19:39.872+0000] {processor.py:840} INFO - DAG(s) 'supplychain_pipeline_dag' retrieved from /opt/airflow/dags/supplychain_pipeline_dag.py
[2025-09-25T18:19:39.950+0000] {logging_mixin.py:188} INFO - [2025-09-25T18:19:39.949+0000] {dag.py:3096} INFO - Sync 1 DAGs
[2025-09-25T18:19:39.997+0000] {logging_mixin.py:188} INFO - [2025-09-25T18:19:39.996+0000] {dag.py:3954} INFO - Setting next_dagrun for supplychain_pipeline_dag to 2025-09-25 17:30:00+00:00, run_after=2025-09-25 18:00:00+00:00
[2025-09-25T18:19:40.046+0000] {processor.py:183} INFO - Processing /opt/airflow/dags/supplychain_pipeline_dag.py took 4.997 seconds
[2025-09-25T18:20:11.057+0000] {processor.py:161} INFO - Started process (PID=262) to work on /opt/airflow/dags/supplychain_pipeline_dag.py
[2025-09-25T18:20:11.059+0000] {processor.py:830} INFO - Processing file /opt/airflow/dags/supplychain_pipeline_dag.py for tasks to queue
[2025-09-25T18:20:11.065+0000] {logging_mixin.py:188} INFO - [2025-09-25T18:20:11.064+0000] {dagbag.py:545} INFO - Filling up the DagBag from /opt/airflow/dags/supplychain_pipeline_dag.py
[2025-09-25T18:20:14.956+0000] {logging_mixin.py:188} INFO - [2025-09-25T18:20:14.955+0000] {config.py:75} INFO - Settings loaded (env=default)
[2025-09-25T18:20:15.151+0000] {processor.py:840} INFO - DAG(s) 'supplychain_pipeline_dag' retrieved from /opt/airflow/dags/supplychain_pipeline_dag.py
[2025-09-25T18:20:15.222+0000] {logging_mixin.py:188} INFO - [2025-09-25T18:20:15.222+0000] {dag.py:3096} INFO - Sync 1 DAGs
[2025-09-25T18:20:15.263+0000] {logging_mixin.py:188} INFO - [2025-09-25T18:20:15.263+0000] {dag.py:3954} INFO - Setting next_dagrun for supplychain_pipeline_dag to 2025-09-25 17:30:00+00:00, run_after=2025-09-25 18:00:00+00:00
[2025-09-25T18:20:15.320+0000] {processor.py:183} INFO - Processing /opt/airflow/dags/supplychain_pipeline_dag.py took 4.276 seconds
[2025-09-25T18:20:45.552+0000] {processor.py:161} INFO - Started process (PID=284) to work on /opt/airflow/dags/supplychain_pipeline_dag.py
[2025-09-25T18:20:45.555+0000] {processor.py:830} INFO - Processing file /opt/airflow/dags/supplychain_pipeline_dag.py for tasks to queue
[2025-09-25T18:20:45.560+0000] {logging_mixin.py:188} INFO - [2025-09-25T18:20:45.559+0000] {dagbag.py:545} INFO - Filling up the DagBag from /opt/airflow/dags/supplychain_pipeline_dag.py
[2025-09-25T18:20:49.778+0000] {logging_mixin.py:188} INFO - [2025-09-25T18:20:49.778+0000] {config.py:75} INFO - Settings loaded (env=default)
[2025-09-25T18:20:50.023+0000] {processor.py:840} INFO - DAG(s) 'supplychain_pipeline_dag' retrieved from /opt/airflow/dags/supplychain_pipeline_dag.py
[2025-09-25T18:20:50.107+0000] {logging_mixin.py:188} INFO - [2025-09-25T18:20:50.106+0000] {dag.py:3096} INFO - Sync 1 DAGs
[2025-09-25T18:20:50.152+0000] {logging_mixin.py:188} INFO - [2025-09-25T18:20:50.152+0000] {dag.py:3954} INFO - Setting next_dagrun for supplychain_pipeline_dag to 2025-09-25 17:30:00+00:00, run_after=2025-09-25 18:00:00+00:00
[2025-09-25T18:20:50.202+0000] {processor.py:183} INFO - Processing /opt/airflow/dags/supplychain_pipeline_dag.py took 4.664 seconds
[2025-09-25T18:21:20.477+0000] {processor.py:161} INFO - Started process (PID=306) to work on /opt/airflow/dags/supplychain_pipeline_dag.py
[2025-09-25T18:21:20.480+0000] {processor.py:830} INFO - Processing file /opt/airflow/dags/supplychain_pipeline_dag.py for tasks to queue
[2025-09-25T18:21:20.487+0000] {logging_mixin.py:188} INFO - [2025-09-25T18:21:20.485+0000] {dagbag.py:545} INFO - Filling up the DagBag from /opt/airflow/dags/supplychain_pipeline_dag.py
[2025-09-25T18:21:24.586+0000] {logging_mixin.py:188} INFO - [2025-09-25T18:21:24.586+0000] {config.py:75} INFO - Settings loaded (env=default)
[2025-09-25T18:21:24.782+0000] {processor.py:840} INFO - DAG(s) 'supplychain_pipeline_dag' retrieved from /opt/airflow/dags/supplychain_pipeline_dag.py
[2025-09-25T18:21:24.858+0000] {logging_mixin.py:188} INFO - [2025-09-25T18:21:24.857+0000] {dag.py:3096} INFO - Sync 1 DAGs
[2025-09-25T18:21:24.897+0000] {logging_mixin.py:188} INFO - [2025-09-25T18:21:24.897+0000] {dag.py:3954} INFO - Setting next_dagrun for supplychain_pipeline_dag to 2025-09-25 17:30:00+00:00, run_after=2025-09-25 18:00:00+00:00
[2025-09-25T18:21:24.938+0000] {processor.py:183} INFO - Processing /opt/airflow/dags/supplychain_pipeline_dag.py took 4.477 seconds
[2025-09-25T18:21:55.183+0000] {processor.py:161} INFO - Started process (PID=328) to work on /opt/airflow/dags/supplychain_pipeline_dag.py
[2025-09-25T18:21:55.186+0000] {processor.py:830} INFO - Processing file /opt/airflow/dags/supplychain_pipeline_dag.py for tasks to queue
[2025-09-25T18:21:55.193+0000] {logging_mixin.py:188} INFO - [2025-09-25T18:21:55.192+0000] {dagbag.py:545} INFO - Filling up the DagBag from /opt/airflow/dags/supplychain_pipeline_dag.py
[2025-09-25T18:21:59.736+0000] {logging_mixin.py:188} INFO - [2025-09-25T18:21:59.735+0000] {config.py:75} INFO - Settings loaded (env=default)
[2025-09-25T18:21:59.943+0000] {processor.py:840} INFO - DAG(s) 'supplychain_pipeline_dag' retrieved from /opt/airflow/dags/supplychain_pipeline_dag.py
[2025-09-25T18:22:00.032+0000] {logging_mixin.py:188} INFO - [2025-09-25T18:22:00.031+0000] {dag.py:3096} INFO - Sync 1 DAGs
[2025-09-25T18:22:00.074+0000] {logging_mixin.py:188} INFO - [2025-09-25T18:22:00.073+0000] {dag.py:3954} INFO - Setting next_dagrun for supplychain_pipeline_dag to 2025-09-25 17:30:00+00:00, run_after=2025-09-25 18:00:00+00:00
[2025-09-25T18:22:00.122+0000] {processor.py:183} INFO - Processing /opt/airflow/dags/supplychain_pipeline_dag.py took 4.958 seconds
[2025-09-25T18:22:31.265+0000] {processor.py:161} INFO - Started process (PID=350) to work on /opt/airflow/dags/supplychain_pipeline_dag.py
[2025-09-25T18:22:31.269+0000] {processor.py:830} INFO - Processing file /opt/airflow/dags/supplychain_pipeline_dag.py for tasks to queue
[2025-09-25T18:22:31.277+0000] {logging_mixin.py:188} INFO - [2025-09-25T18:22:31.275+0000] {dagbag.py:545} INFO - Filling up the DagBag from /opt/airflow/dags/supplychain_pipeline_dag.py
[2025-09-25T18:22:35.854+0000] {logging_mixin.py:188} INFO - [2025-09-25T18:22:35.854+0000] {config.py:75} INFO - Settings loaded (env=default)
[2025-09-25T18:22:36.064+0000] {processor.py:840} INFO - DAG(s) 'supplychain_pipeline_dag' retrieved from /opt/airflow/dags/supplychain_pipeline_dag.py
[2025-09-25T18:22:36.144+0000] {logging_mixin.py:188} INFO - [2025-09-25T18:22:36.143+0000] {dag.py:3096} INFO - Sync 1 DAGs
[2025-09-25T18:22:36.186+0000] {logging_mixin.py:188} INFO - [2025-09-25T18:22:36.185+0000] {dag.py:3954} INFO - Setting next_dagrun for supplychain_pipeline_dag to 2025-09-25 17:30:00+00:00, run_after=2025-09-25 18:00:00+00:00
[2025-09-25T18:22:36.235+0000] {processor.py:183} INFO - Processing /opt/airflow/dags/supplychain_pipeline_dag.py took 4.987 seconds
[2025-09-25T18:23:06.483+0000] {processor.py:161} INFO - Started process (PID=372) to work on /opt/airflow/dags/supplychain_pipeline_dag.py
[2025-09-25T18:23:06.488+0000] {processor.py:830} INFO - Processing file /opt/airflow/dags/supplychain_pipeline_dag.py for tasks to queue
[2025-09-25T18:23:06.498+0000] {logging_mixin.py:188} INFO - [2025-09-25T18:23:06.495+0000] {dagbag.py:545} INFO - Filling up the DagBag from /opt/airflow/dags/supplychain_pipeline_dag.py
[2025-09-25T18:23:11.185+0000] {logging_mixin.py:188} INFO - [2025-09-25T18:23:11.185+0000] {config.py:75} INFO - Settings loaded (env=default)
[2025-09-25T18:23:11.393+0000] {processor.py:840} INFO - DAG(s) 'supplychain_pipeline_dag' retrieved from /opt/airflow/dags/supplychain_pipeline_dag.py
[2025-09-25T18:23:11.467+0000] {logging_mixin.py:188} INFO - [2025-09-25T18:23:11.466+0000] {dag.py:3096} INFO - Sync 1 DAGs
[2025-09-25T18:23:11.513+0000] {logging_mixin.py:188} INFO - [2025-09-25T18:23:11.513+0000] {dag.py:3954} INFO - Setting next_dagrun for supplychain_pipeline_dag to 2025-09-25 17:30:00+00:00, run_after=2025-09-25 18:00:00+00:00
[2025-09-25T18:23:11.554+0000] {processor.py:183} INFO - Processing /opt/airflow/dags/supplychain_pipeline_dag.py took 5.092 seconds
[2025-09-25T18:23:41.794+0000] {processor.py:161} INFO - Started process (PID=394) to work on /opt/airflow/dags/supplychain_pipeline_dag.py
[2025-09-25T18:23:41.797+0000] {processor.py:830} INFO - Processing file /opt/airflow/dags/supplychain_pipeline_dag.py for tasks to queue
[2025-09-25T18:23:41.806+0000] {logging_mixin.py:188} INFO - [2025-09-25T18:23:41.805+0000] {dagbag.py:545} INFO - Filling up the DagBag from /opt/airflow/dags/supplychain_pipeline_dag.py
[2025-09-25T18:23:46.849+0000] {logging_mixin.py:188} INFO - [2025-09-25T18:23:46.848+0000] {config.py:75} INFO - Settings loaded (env=default)
[2025-09-25T18:23:47.161+0000] {processor.py:840} INFO - DAG(s) 'supplychain_pipeline_dag' retrieved from /opt/airflow/dags/supplychain_pipeline_dag.py
[2025-09-25T18:23:47.258+0000] {logging_mixin.py:188} INFO - [2025-09-25T18:23:47.257+0000] {dag.py:3096} INFO - Sync 1 DAGs
[2025-09-25T18:23:47.306+0000] {logging_mixin.py:188} INFO - [2025-09-25T18:23:47.306+0000] {dag.py:3954} INFO - Setting next_dagrun for supplychain_pipeline_dag to 2025-09-25 17:30:00+00:00, run_after=2025-09-25 18:00:00+00:00
[2025-09-25T18:23:47.351+0000] {processor.py:183} INFO - Processing /opt/airflow/dags/supplychain_pipeline_dag.py took 5.575 seconds
[2025-09-25T18:24:17.616+0000] {processor.py:161} INFO - Started process (PID=435) to work on /opt/airflow/dags/supplychain_pipeline_dag.py
[2025-09-25T18:24:17.619+0000] {processor.py:830} INFO - Processing file /opt/airflow/dags/supplychain_pipeline_dag.py for tasks to queue
[2025-09-25T18:24:17.629+0000] {logging_mixin.py:188} INFO - [2025-09-25T18:24:17.627+0000] {dagbag.py:545} INFO - Filling up the DagBag from /opt/airflow/dags/supplychain_pipeline_dag.py
[2025-09-25T18:24:25.153+0000] {logging_mixin.py:188} INFO - [2025-09-25T18:24:25.152+0000] {config.py:75} INFO - Settings loaded (env=default)
[2025-09-25T18:24:25.393+0000] {processor.py:840} INFO - DAG(s) 'supplychain_pipeline_dag' retrieved from /opt/airflow/dags/supplychain_pipeline_dag.py
[2025-09-25T18:24:25.478+0000] {logging_mixin.py:188} INFO - [2025-09-25T18:24:25.476+0000] {dag.py:3096} INFO - Sync 1 DAGs
[2025-09-25T18:24:25.525+0000] {logging_mixin.py:188} INFO - [2025-09-25T18:24:25.525+0000] {dag.py:3954} INFO - Setting next_dagrun for supplychain_pipeline_dag to 2025-09-25 18:00:00+00:00, run_after=2025-09-25 18:30:00+00:00
[2025-09-25T18:24:25.576+0000] {processor.py:183} INFO - Processing /opt/airflow/dags/supplychain_pipeline_dag.py took 5.183 seconds
[2025-09-25T18:24:57.822+0000] {processor.py:161} INFO - Started process (PID=520) to work on /opt/airflow/dags/supplychain_pipeline_dag.py
[2025-09-25T18:24:57.826+0000] {processor.py:830} INFO - Processing file /opt/airflow/dags/supplychain_pipeline_dag.py for tasks to queue
[2025-09-25T18:24:57.835+0000] {logging_mixin.py:188} INFO - [2025-09-25T18:24:57.833+0000] {dagbag.py:545} INFO - Filling up the DagBag from /opt/airflow/dags/supplychain_pipeline_dag.py
[2025-09-25T18:25:03.191+0000] {logging_mixin.py:188} INFO - [2025-09-25T18:25:03.190+0000] {config.py:75} INFO - Settings loaded (env=default)
[2025-09-25T18:25:03.426+0000] {processor.py:840} INFO - DAG(s) 'supplychain_pipeline_dag' retrieved from /opt/airflow/dags/supplychain_pipeline_dag.py
[2025-09-25T18:25:03.510+0000] {logging_mixin.py:188} INFO - [2025-09-25T18:25:03.508+0000] {dag.py:3096} INFO - Sync 1 DAGs
[2025-09-25T18:25:03.557+0000] {logging_mixin.py:188} INFO - [2025-09-25T18:25:03.557+0000] {dag.py:3954} INFO - Setting next_dagrun for supplychain_pipeline_dag to 2025-09-25 18:00:00+00:00, run_after=2025-09-25 18:30:00+00:00
[2025-09-25T18:25:03.597+0000] {processor.py:183} INFO - Processing /opt/airflow/dags/supplychain_pipeline_dag.py took 5.797 seconds
[2025-09-25T18:25:33.857+0000] {processor.py:161} INFO - Started process (PID=585) to work on /opt/airflow/dags/supplychain_pipeline_dag.py
[2025-09-25T18:25:33.861+0000] {processor.py:830} INFO - Processing file /opt/airflow/dags/supplychain_pipeline_dag.py for tasks to queue
[2025-09-25T18:25:33.871+0000] {logging_mixin.py:188} INFO - [2025-09-25T18:25:33.869+0000] {dagbag.py:545} INFO - Filling up the DagBag from /opt/airflow/dags/supplychain_pipeline_dag.py
[2025-09-25T18:25:38.757+0000] {logging_mixin.py:188} INFO - [2025-09-25T18:25:38.756+0000] {config.py:75} INFO - Settings loaded (env=default)
[2025-09-25T18:25:39.099+0000] {processor.py:840} INFO - DAG(s) 'supplychain_pipeline_dag' retrieved from /opt/airflow/dags/supplychain_pipeline_dag.py
[2025-09-25T18:25:39.218+0000] {logging_mixin.py:188} INFO - [2025-09-25T18:25:39.217+0000] {dag.py:3096} INFO - Sync 1 DAGs
[2025-09-25T18:25:39.288+0000] {logging_mixin.py:188} INFO - [2025-09-25T18:25:39.287+0000] {dag.py:3954} INFO - Setting next_dagrun for supplychain_pipeline_dag to 2025-09-25 18:00:00+00:00, run_after=2025-09-25 18:30:00+00:00
[2025-09-25T18:25:39.342+0000] {processor.py:183} INFO - Processing /opt/airflow/dags/supplychain_pipeline_dag.py took 5.505 seconds
[2025-09-25T18:26:09.631+0000] {processor.py:161} INFO - Started process (PID=623) to work on /opt/airflow/dags/supplychain_pipeline_dag.py
[2025-09-25T18:26:09.634+0000] {processor.py:830} INFO - Processing file /opt/airflow/dags/supplychain_pipeline_dag.py for tasks to queue
[2025-09-25T18:26:09.639+0000] {logging_mixin.py:188} INFO - [2025-09-25T18:26:09.638+0000] {dagbag.py:545} INFO - Filling up the DagBag from /opt/airflow/dags/supplychain_pipeline_dag.py
[2025-09-25T18:26:14.167+0000] {logging_mixin.py:188} INFO - [2025-09-25T18:26:14.166+0000] {config.py:75} INFO - Settings loaded (env=default)
[2025-09-25T18:26:14.397+0000] {processor.py:840} INFO - DAG(s) 'supplychain_pipeline_dag' retrieved from /opt/airflow/dags/supplychain_pipeline_dag.py
[2025-09-25T18:26:14.476+0000] {logging_mixin.py:188} INFO - [2025-09-25T18:26:14.474+0000] {dag.py:3096} INFO - Sync 1 DAGs
[2025-09-25T18:26:14.538+0000] {logging_mixin.py:188} INFO - [2025-09-25T18:26:14.538+0000] {dag.py:3954} INFO - Setting next_dagrun for supplychain_pipeline_dag to 2025-09-25 18:00:00+00:00, run_after=2025-09-25 18:30:00+00:00
[2025-09-25T18:26:14.600+0000] {processor.py:183} INFO - Processing /opt/airflow/dags/supplychain_pipeline_dag.py took 4.986 seconds
[2025-09-25T18:26:44.888+0000] {processor.py:161} INFO - Started process (PID=645) to work on /opt/airflow/dags/supplychain_pipeline_dag.py
[2025-09-25T18:26:44.890+0000] {processor.py:830} INFO - Processing file /opt/airflow/dags/supplychain_pipeline_dag.py for tasks to queue
[2025-09-25T18:26:44.896+0000] {logging_mixin.py:188} INFO - [2025-09-25T18:26:44.894+0000] {dagbag.py:545} INFO - Filling up the DagBag from /opt/airflow/dags/supplychain_pipeline_dag.py
[2025-09-25T18:26:49.383+0000] {logging_mixin.py:188} INFO - [2025-09-25T18:26:49.383+0000] {config.py:75} INFO - Settings loaded (env=default)
[2025-09-25T18:26:49.591+0000] {processor.py:840} INFO - DAG(s) 'supplychain_pipeline_dag' retrieved from /opt/airflow/dags/supplychain_pipeline_dag.py
[2025-09-25T18:26:49.667+0000] {logging_mixin.py:188} INFO - [2025-09-25T18:26:49.666+0000] {dag.py:3096} INFO - Sync 1 DAGs
[2025-09-25T18:26:49.712+0000] {logging_mixin.py:188} INFO - [2025-09-25T18:26:49.711+0000] {dag.py:3954} INFO - Setting next_dagrun for supplychain_pipeline_dag to 2025-09-25 18:00:00+00:00, run_after=2025-09-25 18:30:00+00:00
[2025-09-25T18:26:49.754+0000] {processor.py:183} INFO - Processing /opt/airflow/dags/supplychain_pipeline_dag.py took 4.881 seconds
[2025-09-25T18:27:20.034+0000] {processor.py:161} INFO - Started process (PID=667) to work on /opt/airflow/dags/supplychain_pipeline_dag.py
[2025-09-25T18:27:20.036+0000] {processor.py:830} INFO - Processing file /opt/airflow/dags/supplychain_pipeline_dag.py for tasks to queue
[2025-09-25T18:27:20.041+0000] {logging_mixin.py:188} INFO - [2025-09-25T18:27:20.040+0000] {dagbag.py:545} INFO - Filling up the DagBag from /opt/airflow/dags/supplychain_pipeline_dag.py
[2025-09-25T18:27:24.272+0000] {logging_mixin.py:188} INFO - [2025-09-25T18:27:24.272+0000] {config.py:75} INFO - Settings loaded (env=default)
[2025-09-25T18:27:24.496+0000] {processor.py:840} INFO - DAG(s) 'supplychain_pipeline_dag' retrieved from /opt/airflow/dags/supplychain_pipeline_dag.py
[2025-09-25T18:27:24.582+0000] {logging_mixin.py:188} INFO - [2025-09-25T18:27:24.581+0000] {dag.py:3096} INFO - Sync 1 DAGs
[2025-09-25T18:27:24.629+0000] {logging_mixin.py:188} INFO - [2025-09-25T18:27:24.628+0000] {dag.py:3954} INFO - Setting next_dagrun for supplychain_pipeline_dag to 2025-09-25 18:00:00+00:00, run_after=2025-09-25 18:30:00+00:00
[2025-09-25T18:27:24.682+0000] {processor.py:183} INFO - Processing /opt/airflow/dags/supplychain_pipeline_dag.py took 4.660 seconds
[2025-09-25T18:27:54.994+0000] {processor.py:161} INFO - Started process (PID=689) to work on /opt/airflow/dags/supplychain_pipeline_dag.py
[2025-09-25T18:27:54.997+0000] {processor.py:830} INFO - Processing file /opt/airflow/dags/supplychain_pipeline_dag.py for tasks to queue
[2025-09-25T18:27:55.003+0000] {logging_mixin.py:188} INFO - [2025-09-25T18:27:55.002+0000] {dagbag.py:545} INFO - Filling up the DagBag from /opt/airflow/dags/supplychain_pipeline_dag.py
[2025-09-25T18:27:59.629+0000] {logging_mixin.py:188} INFO - [2025-09-25T18:27:59.628+0000] {config.py:75} INFO - Settings loaded (env=default)
[2025-09-25T18:27:59.875+0000] {processor.py:840} INFO - DAG(s) 'supplychain_pipeline_dag' retrieved from /opt/airflow/dags/supplychain_pipeline_dag.py
[2025-09-25T18:27:59.959+0000] {logging_mixin.py:188} INFO - [2025-09-25T18:27:59.958+0000] {dag.py:3096} INFO - Sync 1 DAGs
[2025-09-25T18:28:00.012+0000] {logging_mixin.py:188} INFO - [2025-09-25T18:28:00.011+0000] {dag.py:3954} INFO - Setting next_dagrun for supplychain_pipeline_dag to 2025-09-25 18:00:00+00:00, run_after=2025-09-25 18:30:00+00:00
[2025-09-25T18:28:00.065+0000] {processor.py:183} INFO - Processing /opt/airflow/dags/supplychain_pipeline_dag.py took 5.092 seconds
[2025-09-25T18:28:30.449+0000] {processor.py:161} INFO - Started process (PID=711) to work on /opt/airflow/dags/supplychain_pipeline_dag.py
[2025-09-25T18:28:30.452+0000] {processor.py:830} INFO - Processing file /opt/airflow/dags/supplychain_pipeline_dag.py for tasks to queue
[2025-09-25T18:28:30.458+0000] {logging_mixin.py:188} INFO - [2025-09-25T18:28:30.457+0000] {dagbag.py:545} INFO - Filling up the DagBag from /opt/airflow/dags/supplychain_pipeline_dag.py
[2025-09-25T18:28:34.669+0000] {logging_mixin.py:188} INFO - [2025-09-25T18:28:34.669+0000] {config.py:75} INFO - Settings loaded (env=default)
[2025-09-25T18:28:34.874+0000] {processor.py:840} INFO - DAG(s) 'supplychain_pipeline_dag' retrieved from /opt/airflow/dags/supplychain_pipeline_dag.py
[2025-09-25T18:28:34.948+0000] {logging_mixin.py:188} INFO - [2025-09-25T18:28:34.947+0000] {dag.py:3096} INFO - Sync 1 DAGs
[2025-09-25T18:28:34.992+0000] {logging_mixin.py:188} INFO - [2025-09-25T18:28:34.991+0000] {dag.py:3954} INFO - Setting next_dagrun for supplychain_pipeline_dag to 2025-09-25 18:00:00+00:00, run_after=2025-09-25 18:30:00+00:00
[2025-09-25T18:28:35.038+0000] {processor.py:183} INFO - Processing /opt/airflow/dags/supplychain_pipeline_dag.py took 4.614 seconds
[2025-09-25T18:29:05.386+0000] {processor.py:161} INFO - Started process (PID=733) to work on /opt/airflow/dags/supplychain_pipeline_dag.py
[2025-09-25T18:29:05.389+0000] {processor.py:830} INFO - Processing file /opt/airflow/dags/supplychain_pipeline_dag.py for tasks to queue
[2025-09-25T18:29:05.396+0000] {logging_mixin.py:188} INFO - [2025-09-25T18:29:05.395+0000] {dagbag.py:545} INFO - Filling up the DagBag from /opt/airflow/dags/supplychain_pipeline_dag.py
[2025-09-25T18:29:10.338+0000] {logging_mixin.py:188} INFO - [2025-09-25T18:29:10.337+0000] {config.py:75} INFO - Settings loaded (env=default)
[2025-09-25T18:29:10.591+0000] {processor.py:840} INFO - DAG(s) 'supplychain_pipeline_dag' retrieved from /opt/airflow/dags/supplychain_pipeline_dag.py
[2025-09-25T18:29:10.673+0000] {logging_mixin.py:188} INFO - [2025-09-25T18:29:10.672+0000] {dag.py:3096} INFO - Sync 1 DAGs
[2025-09-25T18:29:10.720+0000] {logging_mixin.py:188} INFO - [2025-09-25T18:29:10.720+0000] {dag.py:3954} INFO - Setting next_dagrun for supplychain_pipeline_dag to 2025-09-25 18:00:00+00:00, run_after=2025-09-25 18:30:00+00:00
[2025-09-25T18:29:10.767+0000] {processor.py:183} INFO - Processing /opt/airflow/dags/supplychain_pipeline_dag.py took 5.397 seconds
[2025-09-25T18:29:41.074+0000] {processor.py:161} INFO - Started process (PID=755) to work on /opt/airflow/dags/supplychain_pipeline_dag.py
[2025-09-25T18:29:41.076+0000] {processor.py:830} INFO - Processing file /opt/airflow/dags/supplychain_pipeline_dag.py for tasks to queue
[2025-09-25T18:29:41.081+0000] {logging_mixin.py:188} INFO - [2025-09-25T18:29:41.080+0000] {dagbag.py:545} INFO - Filling up the DagBag from /opt/airflow/dags/supplychain_pipeline_dag.py
[2025-09-25T18:29:46.287+0000] {logging_mixin.py:188} INFO - [2025-09-25T18:29:46.286+0000] {config.py:75} INFO - Settings loaded (env=default)
[2025-09-25T18:29:46.559+0000] {processor.py:840} INFO - DAG(s) 'supplychain_pipeline_dag' retrieved from /opt/airflow/dags/supplychain_pipeline_dag.py
[2025-09-25T18:29:46.647+0000] {logging_mixin.py:188} INFO - [2025-09-25T18:29:46.646+0000] {dag.py:3096} INFO - Sync 1 DAGs
[2025-09-25T18:29:46.700+0000] {logging_mixin.py:188} INFO - [2025-09-25T18:29:46.700+0000] {dag.py:3954} INFO - Setting next_dagrun for supplychain_pipeline_dag to 2025-09-25 18:00:00+00:00, run_after=2025-09-25 18:30:00+00:00
[2025-09-25T18:29:46.749+0000] {processor.py:183} INFO - Processing /opt/airflow/dags/supplychain_pipeline_dag.py took 5.691 seconds
[2025-09-25T18:30:17.842+0000] {processor.py:161} INFO - Started process (PID=777) to work on /opt/airflow/dags/supplychain_pipeline_dag.py
[2025-09-25T18:30:17.845+0000] {processor.py:830} INFO - Processing file /opt/airflow/dags/supplychain_pipeline_dag.py for tasks to queue
[2025-09-25T18:30:17.851+0000] {logging_mixin.py:188} INFO - [2025-09-25T18:30:17.850+0000] {dagbag.py:545} INFO - Filling up the DagBag from /opt/airflow/dags/supplychain_pipeline_dag.py
[2025-09-25T18:30:23.601+0000] {logging_mixin.py:188} INFO - [2025-09-25T18:30:23.601+0000] {config.py:75} INFO - Settings loaded (env=default)
[2025-09-25T18:30:25.466+0000] {processor.py:840} INFO - DAG(s) 'supplychain_pipeline_dag' retrieved from /opt/airflow/dags/supplychain_pipeline_dag.py
[2025-09-25T18:30:25.550+0000] {logging_mixin.py:188} INFO - [2025-09-25T18:30:25.548+0000] {dag.py:3096} INFO - Sync 1 DAGs
[2025-09-25T18:30:25.598+0000] {logging_mixin.py:188} INFO - [2025-09-25T18:30:25.597+0000] {dag.py:3954} INFO - Setting next_dagrun for supplychain_pipeline_dag to 2025-09-25 18:00:00+00:00, run_after=2025-09-25 18:30:00+00:00
[2025-09-25T18:30:25.660+0000] {processor.py:183} INFO - Processing /opt/airflow/dags/supplychain_pipeline_dag.py took 5.042 seconds
[2025-09-25T18:30:58.945+0000] {processor.py:161} INFO - Started process (PID=799) to work on /opt/airflow/dags/supplychain_pipeline_dag.py
[2025-09-25T18:30:58.948+0000] {processor.py:830} INFO - Processing file /opt/airflow/dags/supplychain_pipeline_dag.py for tasks to queue
[2025-09-25T18:30:58.955+0000] {logging_mixin.py:188} INFO - [2025-09-25T18:30:58.953+0000] {dagbag.py:545} INFO - Filling up the DagBag from /opt/airflow/dags/supplychain_pipeline_dag.py
[2025-09-25T18:31:03.256+0000] {logging_mixin.py:188} INFO - [2025-09-25T18:31:03.255+0000] {config.py:75} INFO - Settings loaded (env=default)
[2025-09-25T18:31:03.462+0000] {processor.py:840} INFO - DAG(s) 'supplychain_pipeline_dag' retrieved from /opt/airflow/dags/supplychain_pipeline_dag.py
[2025-09-25T18:31:03.542+0000] {logging_mixin.py:188} INFO - [2025-09-25T18:31:03.541+0000] {dag.py:3096} INFO - Sync 1 DAGs
[2025-09-25T18:31:03.587+0000] {logging_mixin.py:188} INFO - [2025-09-25T18:31:03.586+0000] {dag.py:3954} INFO - Setting next_dagrun for supplychain_pipeline_dag to 2025-09-25 18:00:00+00:00, run_after=2025-09-25 18:30:00+00:00
[2025-09-25T18:31:03.627+0000] {processor.py:183} INFO - Processing /opt/airflow/dags/supplychain_pipeline_dag.py took 4.699 seconds
[2025-09-25T18:31:33.925+0000] {processor.py:161} INFO - Started process (PID=821) to work on /opt/airflow/dags/supplychain_pipeline_dag.py
[2025-09-25T18:31:33.928+0000] {processor.py:830} INFO - Processing file /opt/airflow/dags/supplychain_pipeline_dag.py for tasks to queue
[2025-09-25T18:31:33.935+0000] {logging_mixin.py:188} INFO - [2025-09-25T18:31:33.933+0000] {dagbag.py:545} INFO - Filling up the DagBag from /opt/airflow/dags/supplychain_pipeline_dag.py
[2025-09-25T18:31:38.289+0000] {logging_mixin.py:188} INFO - [2025-09-25T18:31:38.288+0000] {config.py:75} INFO - Settings loaded (env=default)
[2025-09-25T18:31:38.502+0000] {processor.py:840} INFO - DAG(s) 'supplychain_pipeline_dag' retrieved from /opt/airflow/dags/supplychain_pipeline_dag.py
[2025-09-25T18:31:38.578+0000] {logging_mixin.py:188} INFO - [2025-09-25T18:31:38.577+0000] {dag.py:3096} INFO - Sync 1 DAGs
[2025-09-25T18:31:38.622+0000] {logging_mixin.py:188} INFO - [2025-09-25T18:31:38.622+0000] {dag.py:3954} INFO - Setting next_dagrun for supplychain_pipeline_dag to 2025-09-25 18:00:00+00:00, run_after=2025-09-25 18:30:00+00:00
[2025-09-25T18:31:38.671+0000] {processor.py:183} INFO - Processing /opt/airflow/dags/supplychain_pipeline_dag.py took 4.762 seconds
[2025-09-25T18:32:09.064+0000] {processor.py:161} INFO - Started process (PID=843) to work on /opt/airflow/dags/supplychain_pipeline_dag.py
[2025-09-25T18:32:09.067+0000] {processor.py:830} INFO - Processing file /opt/airflow/dags/supplychain_pipeline_dag.py for tasks to queue
[2025-09-25T18:32:09.073+0000] {logging_mixin.py:188} INFO - [2025-09-25T18:32:09.072+0000] {dagbag.py:545} INFO - Filling up the DagBag from /opt/airflow/dags/supplychain_pipeline_dag.py
[2025-09-25T18:32:13.474+0000] {logging_mixin.py:188} INFO - [2025-09-25T18:32:13.474+0000] {config.py:75} INFO - Settings loaded (env=default)
[2025-09-25T18:32:13.719+0000] {processor.py:840} INFO - DAG(s) 'supplychain_pipeline_dag' retrieved from /opt/airflow/dags/supplychain_pipeline_dag.py
[2025-09-25T18:32:13.832+0000] {logging_mixin.py:188} INFO - [2025-09-25T18:32:13.830+0000] {dag.py:3096} INFO - Sync 1 DAGs
[2025-09-25T18:32:13.886+0000] {logging_mixin.py:188} INFO - [2025-09-25T18:32:13.885+0000] {dag.py:3954} INFO - Setting next_dagrun for supplychain_pipeline_dag to 2025-09-25 18:00:00+00:00, run_after=2025-09-25 18:30:00+00:00
[2025-09-25T18:32:13.939+0000] {processor.py:183} INFO - Processing /opt/airflow/dags/supplychain_pipeline_dag.py took 4.890 seconds
[2025-09-25T18:32:44.226+0000] {processor.py:161} INFO - Started process (PID=865) to work on /opt/airflow/dags/supplychain_pipeline_dag.py
[2025-09-25T18:32:44.229+0000] {processor.py:830} INFO - Processing file /opt/airflow/dags/supplychain_pipeline_dag.py for tasks to queue
[2025-09-25T18:32:44.236+0000] {logging_mixin.py:188} INFO - [2025-09-25T18:32:44.234+0000] {dagbag.py:545} INFO - Filling up the DagBag from /opt/airflow/dags/supplychain_pipeline_dag.py
[2025-09-25T18:32:48.640+0000] {logging_mixin.py:188} INFO - [2025-09-25T18:32:48.640+0000] {config.py:75} INFO - Settings loaded (env=default)
[2025-09-25T18:32:48.857+0000] {processor.py:840} INFO - DAG(s) 'supplychain_pipeline_dag' retrieved from /opt/airflow/dags/supplychain_pipeline_dag.py
[2025-09-25T18:32:48.941+0000] {logging_mixin.py:188} INFO - [2025-09-25T18:32:48.940+0000] {dag.py:3096} INFO - Sync 1 DAGs
[2025-09-25T18:32:48.995+0000] {logging_mixin.py:188} INFO - [2025-09-25T18:32:48.995+0000] {dag.py:3954} INFO - Setting next_dagrun for supplychain_pipeline_dag to 2025-09-25 18:00:00+00:00, run_after=2025-09-25 18:30:00+00:00
[2025-09-25T18:32:49.044+0000] {processor.py:183} INFO - Processing /opt/airflow/dags/supplychain_pipeline_dag.py took 4.837 seconds
[2025-09-25T18:33:19.268+0000] {processor.py:161} INFO - Started process (PID=887) to work on /opt/airflow/dags/supplychain_pipeline_dag.py
[2025-09-25T18:33:19.271+0000] {processor.py:830} INFO - Processing file /opt/airflow/dags/supplychain_pipeline_dag.py for tasks to queue
[2025-09-25T18:33:19.278+0000] {logging_mixin.py:188} INFO - [2025-09-25T18:33:19.277+0000] {dagbag.py:545} INFO - Filling up the DagBag from /opt/airflow/dags/supplychain_pipeline_dag.py
[2025-09-25T18:33:23.548+0000] {logging_mixin.py:188} INFO - [2025-09-25T18:33:23.546+0000] {config.py:75} INFO - Settings loaded (env=default)
[2025-09-25T18:33:23.826+0000] {processor.py:840} INFO - DAG(s) 'supplychain_pipeline_dag' retrieved from /opt/airflow/dags/supplychain_pipeline_dag.py
[2025-09-25T18:33:23.900+0000] {logging_mixin.py:188} INFO - [2025-09-25T18:33:23.899+0000] {dag.py:3096} INFO - Sync 1 DAGs
[2025-09-25T18:33:23.943+0000] {logging_mixin.py:188} INFO - [2025-09-25T18:33:23.942+0000] {dag.py:3954} INFO - Setting next_dagrun for supplychain_pipeline_dag to 2025-09-25 18:00:00+00:00, run_after=2025-09-25 18:30:00+00:00
[2025-09-25T18:33:23.990+0000] {processor.py:183} INFO - Processing /opt/airflow/dags/supplychain_pipeline_dag.py took 4.741 seconds
[2025-09-25T18:33:54.237+0000] {processor.py:161} INFO - Started process (PID=909) to work on /opt/airflow/dags/supplychain_pipeline_dag.py
[2025-09-25T18:33:54.240+0000] {processor.py:830} INFO - Processing file /opt/airflow/dags/supplychain_pipeline_dag.py for tasks to queue
[2025-09-25T18:33:54.247+0000] {logging_mixin.py:188} INFO - [2025-09-25T18:33:54.246+0000] {dagbag.py:545} INFO - Filling up the DagBag from /opt/airflow/dags/supplychain_pipeline_dag.py
[2025-09-25T18:33:58.293+0000] {logging_mixin.py:188} INFO - [2025-09-25T18:33:58.293+0000] {config.py:75} INFO - Settings loaded (env=default)
[2025-09-25T18:33:58.492+0000] {processor.py:840} INFO - DAG(s) 'supplychain_pipeline_dag' retrieved from /opt/airflow/dags/supplychain_pipeline_dag.py
[2025-09-25T18:33:58.566+0000] {logging_mixin.py:188} INFO - [2025-09-25T18:33:58.565+0000] {dag.py:3096} INFO - Sync 1 DAGs
[2025-09-25T18:33:58.607+0000] {logging_mixin.py:188} INFO - [2025-09-25T18:33:58.606+0000] {dag.py:3954} INFO - Setting next_dagrun for supplychain_pipeline_dag to 2025-09-25 18:00:00+00:00, run_after=2025-09-25 18:30:00+00:00
[2025-09-25T18:33:58.653+0000] {processor.py:183} INFO - Processing /opt/airflow/dags/supplychain_pipeline_dag.py took 4.433 seconds
[2025-09-25T18:34:29.326+0000] {processor.py:161} INFO - Started process (PID=931) to work on /opt/airflow/dags/supplychain_pipeline_dag.py
[2025-09-25T18:34:29.330+0000] {processor.py:830} INFO - Processing file /opt/airflow/dags/supplychain_pipeline_dag.py for tasks to queue
[2025-09-25T18:34:29.337+0000] {logging_mixin.py:188} INFO - [2025-09-25T18:34:29.336+0000] {dagbag.py:545} INFO - Filling up the DagBag from /opt/airflow/dags/supplychain_pipeline_dag.py
[2025-09-25T18:34:33.742+0000] {logging_mixin.py:188} INFO - [2025-09-25T18:34:33.742+0000] {config.py:75} INFO - Settings loaded (env=default)
[2025-09-25T18:34:33.952+0000] {processor.py:840} INFO - DAG(s) 'supplychain_pipeline_dag' retrieved from /opt/airflow/dags/supplychain_pipeline_dag.py
[2025-09-25T18:34:34.036+0000] {logging_mixin.py:188} INFO - [2025-09-25T18:34:34.035+0000] {dag.py:3096} INFO - Sync 1 DAGs
[2025-09-25T18:34:34.080+0000] {logging_mixin.py:188} INFO - [2025-09-25T18:34:34.079+0000] {dag.py:3954} INFO - Setting next_dagrun for supplychain_pipeline_dag to 2025-09-25 18:00:00+00:00, run_after=2025-09-25 18:30:00+00:00
[2025-09-25T18:34:34.119+0000] {processor.py:183} INFO - Processing /opt/airflow/dags/supplychain_pipeline_dag.py took 4.812 seconds
[2025-09-25T18:35:04.855+0000] {processor.py:161} INFO - Started process (PID=953) to work on /opt/airflow/dags/supplychain_pipeline_dag.py
[2025-09-25T18:35:04.857+0000] {processor.py:830} INFO - Processing file /opt/airflow/dags/supplychain_pipeline_dag.py for tasks to queue
[2025-09-25T18:35:04.863+0000] {logging_mixin.py:188} INFO - [2025-09-25T18:35:04.862+0000] {dagbag.py:545} INFO - Filling up the DagBag from /opt/airflow/dags/supplychain_pipeline_dag.py
[2025-09-25T18:35:09.211+0000] {logging_mixin.py:188} INFO - [2025-09-25T18:35:09.211+0000] {config.py:75} INFO - Settings loaded (env=default)
[2025-09-25T18:35:09.419+0000] {processor.py:840} INFO - DAG(s) 'supplychain_pipeline_dag' retrieved from /opt/airflow/dags/supplychain_pipeline_dag.py
[2025-09-25T18:35:09.491+0000] {logging_mixin.py:188} INFO - [2025-09-25T18:35:09.490+0000] {dag.py:3096} INFO - Sync 1 DAGs
[2025-09-25T18:35:09.533+0000] {logging_mixin.py:188} INFO - [2025-09-25T18:35:09.533+0000] {dag.py:3954} INFO - Setting next_dagrun for supplychain_pipeline_dag to 2025-09-25 18:00:00+00:00, run_after=2025-09-25 18:30:00+00:00
[2025-09-25T18:35:09.582+0000] {processor.py:183} INFO - Processing /opt/airflow/dags/supplychain_pipeline_dag.py took 4.742 seconds
[2025-09-25T18:35:39.872+0000] {processor.py:161} INFO - Started process (PID=975) to work on /opt/airflow/dags/supplychain_pipeline_dag.py
[2025-09-25T18:35:39.874+0000] {processor.py:830} INFO - Processing file /opt/airflow/dags/supplychain_pipeline_dag.py for tasks to queue
[2025-09-25T18:35:39.880+0000] {logging_mixin.py:188} INFO - [2025-09-25T18:35:39.879+0000] {dagbag.py:545} INFO - Filling up the DagBag from /opt/airflow/dags/supplychain_pipeline_dag.py
[2025-09-25T18:35:44.304+0000] {logging_mixin.py:188} INFO - [2025-09-25T18:35:44.303+0000] {config.py:75} INFO - Settings loaded (env=default)
[2025-09-25T18:35:44.542+0000] {processor.py:840} INFO - DAG(s) 'supplychain_pipeline_dag' retrieved from /opt/airflow/dags/supplychain_pipeline_dag.py
[2025-09-25T18:35:44.627+0000] {logging_mixin.py:188} INFO - [2025-09-25T18:35:44.626+0000] {dag.py:3096} INFO - Sync 1 DAGs
[2025-09-25T18:35:44.673+0000] {logging_mixin.py:188} INFO - [2025-09-25T18:35:44.672+0000] {dag.py:3954} INFO - Setting next_dagrun for supplychain_pipeline_dag to 2025-09-25 18:00:00+00:00, run_after=2025-09-25 18:30:00+00:00
[2025-09-25T18:35:44.726+0000] {processor.py:183} INFO - Processing /opt/airflow/dags/supplychain_pipeline_dag.py took 4.872 seconds
[2025-09-25T18:36:14.993+0000] {processor.py:161} INFO - Started process (PID=997) to work on /opt/airflow/dags/supplychain_pipeline_dag.py
[2025-09-25T18:36:14.996+0000] {processor.py:830} INFO - Processing file /opt/airflow/dags/supplychain_pipeline_dag.py for tasks to queue
[2025-09-25T18:36:15.000+0000] {logging_mixin.py:188} INFO - [2025-09-25T18:36:15.000+0000] {dagbag.py:545} INFO - Filling up the DagBag from /opt/airflow/dags/supplychain_pipeline_dag.py
[2025-09-25T18:36:19.283+0000] {logging_mixin.py:188} INFO - [2025-09-25T18:36:19.283+0000] {config.py:75} INFO - Settings loaded (env=default)
[2025-09-25T18:36:19.513+0000] {processor.py:840} INFO - DAG(s) 'supplychain_pipeline_dag' retrieved from /opt/airflow/dags/supplychain_pipeline_dag.py
[2025-09-25T18:36:19.592+0000] {logging_mixin.py:188} INFO - [2025-09-25T18:36:19.591+0000] {dag.py:3096} INFO - Sync 1 DAGs
[2025-09-25T18:36:19.645+0000] {logging_mixin.py:188} INFO - [2025-09-25T18:36:19.645+0000] {dag.py:3954} INFO - Setting next_dagrun for supplychain_pipeline_dag to 2025-09-25 18:00:00+00:00, run_after=2025-09-25 18:30:00+00:00
[2025-09-25T18:36:19.686+0000] {processor.py:183} INFO - Processing /opt/airflow/dags/supplychain_pipeline_dag.py took 4.707 seconds
[2025-09-25T18:36:49.989+0000] {processor.py:161} INFO - Started process (PID=1019) to work on /opt/airflow/dags/supplychain_pipeline_dag.py
[2025-09-25T18:36:49.993+0000] {processor.py:830} INFO - Processing file /opt/airflow/dags/supplychain_pipeline_dag.py for tasks to queue
[2025-09-25T18:36:50.000+0000] {logging_mixin.py:188} INFO - [2025-09-25T18:36:49.998+0000] {dagbag.py:545} INFO - Filling up the DagBag from /opt/airflow/dags/supplychain_pipeline_dag.py
[2025-09-25T18:36:54.236+0000] {logging_mixin.py:188} INFO - [2025-09-25T18:36:54.236+0000] {config.py:75} INFO - Settings loaded (env=default)
[2025-09-25T18:36:54.430+0000] {processor.py:840} INFO - DAG(s) 'supplychain_pipeline_dag' retrieved from /opt/airflow/dags/supplychain_pipeline_dag.py
[2025-09-25T18:36:54.504+0000] {logging_mixin.py:188} INFO - [2025-09-25T18:36:54.503+0000] {dag.py:3096} INFO - Sync 1 DAGs
[2025-09-25T18:36:54.546+0000] {logging_mixin.py:188} INFO - [2025-09-25T18:36:54.545+0000] {dag.py:3954} INFO - Setting next_dagrun for supplychain_pipeline_dag to 2025-09-25 18:00:00+00:00, run_after=2025-09-25 18:30:00+00:00
[2025-09-25T18:36:54.601+0000] {processor.py:183} INFO - Processing /opt/airflow/dags/supplychain_pipeline_dag.py took 4.636 seconds
[2025-09-25T18:37:24.855+0000] {processor.py:161} INFO - Started process (PID=1041) to work on /opt/airflow/dags/supplychain_pipeline_dag.py
[2025-09-25T18:37:24.858+0000] {processor.py:830} INFO - Processing file /opt/airflow/dags/supplychain_pipeline_dag.py for tasks to queue
[2025-09-25T18:37:24.864+0000] {logging_mixin.py:188} INFO - [2025-09-25T18:37:24.863+0000] {dagbag.py:545} INFO - Filling up the DagBag from /opt/airflow/dags/supplychain_pipeline_dag.py
[2025-09-25T18:37:32.282+0000] {logging_mixin.py:188} INFO - [2025-09-25T18:37:32.282+0000] {config.py:75} INFO - Settings loaded (env=default)
[2025-09-25T18:37:32.489+0000] {processor.py:840} INFO - DAG(s) 'supplychain_pipeline_dag' retrieved from /opt/airflow/dags/supplychain_pipeline_dag.py
[2025-09-25T18:37:32.567+0000] {logging_mixin.py:188} INFO - [2025-09-25T18:37:32.566+0000] {dag.py:3096} INFO - Sync 1 DAGs
[2025-09-25T18:37:32.608+0000] {logging_mixin.py:188} INFO - [2025-09-25T18:37:32.608+0000] {dag.py:3954} INFO - Setting next_dagrun for supplychain_pipeline_dag to 2025-09-25 18:00:00+00:00, run_after=2025-09-25 18:30:00+00:00
[2025-09-25T18:37:32.659+0000] {processor.py:183} INFO - Processing /opt/airflow/dags/supplychain_pipeline_dag.py took 5.030 seconds
