[2025-10-08T18:47:48.755+0000] {local_task_job_runner.py:120} INFO - ::group::Pre task execution logs
[2025-10-08T18:47:48.797+0000] {taskinstance.py:2076} INFO - Dependencies all met for dep_context=non-requeueable deps ti=<TaskInstance: supplychain_pipeline_dag.ingestion scheduled__2025-10-08T18:00:00+00:00 [queued]>
[2025-10-08T18:47:48.815+0000] {taskinstance.py:2076} INFO - Dependencies all met for dep_context=requeueable deps ti=<TaskInstance: supplychain_pipeline_dag.ingestion scheduled__2025-10-08T18:00:00+00:00 [queued]>
[2025-10-08T18:47:48.817+0000] {taskinstance.py:2306} INFO - Starting attempt 1 of 4
[2025-10-08T18:47:48.849+0000] {taskinstance.py:2330} INFO - Executing <Task(PythonOperator): ingestion> on 2025-10-08 18:00:00+00:00
[2025-10-08T18:47:48.905+0000] {standard_task_runner.py:90} INFO - Running: ['***', 'tasks', 'run', 'supplychain_pipeline_dag', 'ingestion', 'scheduled__2025-10-08T18:00:00+00:00', '--job-id', '61', '--raw', '--subdir', 'DAGS_FOLDER/supplychain_pipeline_dag.py', '--cfg-path', '/tmp/tmpt_knr43l']
[2025-10-08T18:47:48.912+0000] {standard_task_runner.py:91} INFO - Job 61: Subtask ingestion
[2025-10-08T18:47:48.917+0000] {logging_mixin.py:188} WARNING - /home/***/.local/lib/python3.12/site-packages/***/task/task_runner/standard_task_runner.py:61 DeprecationWarning: This process (pid=222) is multi-threaded, use of fork() may lead to deadlocks in the child.
[2025-10-08T18:47:48.920+0000] {standard_task_runner.py:63} INFO - Started process 260 to run task
[2025-10-08T18:47:49.067+0000] {task_command.py:426} INFO - Running <TaskInstance: supplychain_pipeline_dag.ingestion scheduled__2025-10-08T18:00:00+00:00 [running]> on host e4177d60949e
[2025-10-08T18:47:49.337+0000] {taskinstance.py:2648} INFO - Exporting env vars: AIRFLOW_CTX_DAG_OWNER='***' AIRFLOW_CTX_DAG_ID='supplychain_pipeline_dag' AIRFLOW_CTX_TASK_ID='ingestion' AIRFLOW_CTX_EXECUTION_DATE='2025-10-08T18:00:00+00:00' AIRFLOW_CTX_TRY_NUMBER='1' AIRFLOW_CTX_DAG_RUN_ID='scheduled__2025-10-08T18:00:00+00:00'
[2025-10-08T18:47:49.347+0000] {taskinstance.py:430} INFO - ::endgroup::
[2025-10-08T18:47:49.485+0000] {main.py:52} INFO - Ingestion pipeline started
[2025-10-08T18:47:49.487+0000] {config.py:75} INFO - Settings loaded (env=default)
[2025-10-08T18:47:49.488+0000] {db_handler.py:12} INFO - Initializing Supabase client
[2025-10-08T18:47:49.561+0000] {mail_handler.py:8} INFO - Connecting to imap.gmail.com...
[2025-10-08T18:47:52.422+0000] {mail_handler.py:17} INFO - Fetching emails started...
[2025-10-08T18:47:52.801+0000] {main.py:59} INFO - Matched 3 emails with allowed subjects
[2025-10-08T18:47:53.286+0000] {mail_handler.py:52} WARNING - Skipping Naukri Alerts <eventnc@naukri.com> for email b'220'
[2025-10-08T18:47:53.825+0000] {mail_handler.py:52} WARNING - Skipping student@iamneomail.com for email b'221'
[2025-10-08T18:47:54.213+0000] {mail_handler.py:52} WARNING - Skipping student@iamneomail.com for email b'222'
[2025-10-08T18:47:54.215+0000] {main.py:66} INFO - Processed 0 attachments this run
[2025-10-08T18:47:54.941+0000] {python.py:237} INFO - Done. Returned value was: None
[2025-10-08T18:47:54.943+0000] {taskinstance.py:441} INFO - ::group::Post task execution logs
[2025-10-08T18:47:54.985+0000] {taskinstance.py:1206} INFO - Marking task as SUCCESS. dag_id=supplychain_pipeline_dag, task_id=ingestion, run_id=scheduled__2025-10-08T18:00:00+00:00, execution_date=20251008T180000, start_date=20251008T184748, end_date=20251008T184754
[2025-10-08T18:47:55.078+0000] {local_task_job_runner.py:240} INFO - Task exited with return code 0
[2025-10-08T18:47:55.136+0000] {taskinstance.py:3503} INFO - 1 downstream tasks scheduled from follow-on schedule check
[2025-10-08T18:47:55.150+0000] {local_task_job_runner.py:222} INFO - ::endgroup::
