[2025-10-06T15:49:16.358+0000] {local_task_job_runner.py:120} INFO - ::group::Pre task execution logs
[2025-10-06T15:49:16.405+0000] {taskinstance.py:2076} INFO - Dependencies all met for dep_context=non-requeueable deps ti=<TaskInstance: supplychain_pipeline_dag.ingestion manual__2025-10-06T15:49:10.116265+00:00 [queued]>
[2025-10-06T15:49:16.424+0000] {taskinstance.py:2076} INFO - Dependencies all met for dep_context=requeueable deps ti=<TaskInstance: supplychain_pipeline_dag.ingestion manual__2025-10-06T15:49:10.116265+00:00 [queued]>
[2025-10-06T15:49:16.426+0000] {taskinstance.py:2306} INFO - Starting attempt 1 of 4
[2025-10-06T15:49:16.461+0000] {taskinstance.py:2330} INFO - Executing <Task(PythonOperator): ingestion> on 2025-10-06 15:49:10.116265+00:00
[2025-10-06T15:49:16.493+0000] {standard_task_runner.py:90} INFO - Running: ['***', 'tasks', 'run', 'supplychain_pipeline_dag', 'ingestion', 'manual__2025-10-06T15:49:10.116265+00:00', '--job-id', '54', '--raw', '--subdir', 'DAGS_FOLDER/supplychain_pipeline_dag.py', '--cfg-path', '/tmp/tmpivvlydyl']
[2025-10-06T15:49:16.501+0000] {standard_task_runner.py:91} INFO - Job 54: Subtask ingestion
[2025-10-06T15:49:16.503+0000] {logging_mixin.py:188} WARNING - /home/***/.local/lib/python3.12/site-packages/***/task/task_runner/standard_task_runner.py:61 DeprecationWarning: This process (pid=921) is multi-threaded, use of fork() may lead to deadlocks in the child.
[2025-10-06T15:49:16.505+0000] {standard_task_runner.py:63} INFO - Started process 941 to run task
[2025-10-06T15:49:16.633+0000] {task_command.py:426} INFO - Running <TaskInstance: supplychain_pipeline_dag.ingestion manual__2025-10-06T15:49:10.116265+00:00 [running]> on host 843049cc59c8
[2025-10-06T15:49:16.850+0000] {taskinstance.py:2648} INFO - Exporting env vars: AIRFLOW_CTX_DAG_OWNER='***' AIRFLOW_CTX_DAG_ID='supplychain_pipeline_dag' AIRFLOW_CTX_TASK_ID='ingestion' AIRFLOW_CTX_EXECUTION_DATE='2025-10-06T15:49:10.116265+00:00' AIRFLOW_CTX_TRY_NUMBER='1' AIRFLOW_CTX_DAG_RUN_ID='manual__2025-10-06T15:49:10.116265+00:00'
[2025-10-06T15:49:16.854+0000] {taskinstance.py:430} INFO - ::endgroup::
[2025-10-06T15:49:16.890+0000] {main.py:52} INFO - Ingestion pipeline started
[2025-10-06T15:49:16.892+0000] {config.py:75} INFO - Settings loaded (env=default)
[2025-10-06T15:49:16.893+0000] {db_handler.py:12} INFO - Initializing Supabase client
[2025-10-06T15:49:16.967+0000] {mail_handler.py:8} INFO - Connecting to imap.gmail.com...
[2025-10-06T15:49:19.498+0000] {mail_handler.py:17} INFO - Fetching emails started...
[2025-10-06T15:49:19.972+0000] {main.py:59} INFO - Matched 0 emails with allowed subjects
[2025-10-06T15:49:19.973+0000] {main.py:66} INFO - Processed 0 attachments this run
[2025-10-06T15:49:20.818+0000] {python.py:237} INFO - Done. Returned value was: None
[2025-10-06T15:49:20.820+0000] {taskinstance.py:441} INFO - ::group::Post task execution logs
[2025-10-06T15:49:20.847+0000] {taskinstance.py:1206} INFO - Marking task as SUCCESS. dag_id=supplychain_pipeline_dag, task_id=ingestion, run_id=manual__2025-10-06T15:49:10.116265+00:00, execution_date=20251006T154910, start_date=20251006T154916, end_date=20251006T154920
[2025-10-06T15:49:20.947+0000] {local_task_job_runner.py:240} INFO - Task exited with return code 0
[2025-10-06T15:49:21.008+0000] {taskinstance.py:3503} INFO - 1 downstream tasks scheduled from follow-on schedule check
[2025-10-06T15:49:21.021+0000] {local_task_job_runner.py:222} INFO - ::endgroup::
